#
# There is insufficient memory for the Java Runtime Environment to continue.
# Native memory allocation (malloc) failed to allocate 1454304 bytes. Error detail: Chunk::new
# Possible reasons:
#   The system is out of physical RAM or swap space
#   This process is running with CompressedOops enabled, and the Java Heap may be blocking the growth of the native heap
# Possible solutions:
#   Reduce memory load on the system
#   Increase physical memory or swap space
#   Check if swap backing store is full
#   Decrease Java heap size (-Xmx/-Xms)
#   Decrease number of Java threads
#   Decrease Java thread stack sizes (-Xss)
#   Set larger code cache with -XX:ReservedCodeCacheSize=
#   JVM is running with Unscaled Compressed Oops mode in which the Java heap is
#     placed in the first 4GB address space. The Java Heap base address is the
#     maximum limit for the native heap growth. Please use -XX:HeapBaseMinAddress
#     to set the Java Heap base and to place the Java Heap above 4GB virtual address.
# This output file may be truncated or incomplete.
#
#  Out of Memory Error (arena.cpp:191), pid=25556, tid=4408
#
# JRE version: OpenJDK Runtime Environment Temurin-17.0.19+10 (17.0.19+10) (build 17.0.19+10)
# Java VM: OpenJDK 64-Bit Server VM Temurin-17.0.19+10 (17.0.19+10, mixed mode, sharing, tiered, compressed oops, compressed class ptrs, g1 gc, windows-amd64)
# No core dump will be written. Minidumps are not enabled by default on client versions of Windows
#

---------------  S U M M A R Y ------------

Command Line: -XX:MaxMetaspaceSize=512m --add-opens=java.base/java.util=ALL-UNNAMED --add-opens=java.base/java.lang=ALL-UNNAMED --add-opens=java.base/java.lang.invoke=ALL-UNNAMED --add-opens=java.prefs/java.util.prefs=ALL-UNNAMED --add-opens=java.base/java.nio.charset=ALL-UNNAMED --add-opens=java.base/java.net=ALL-UNNAMED --add-opens=java.base/java.util.concurrent.atomic=ALL-UNNAMED -Xmx2048m -Dfile.encoding=utf8 -Duser.country=IN -Duser.language=en -Duser.variant -javaagent:C:\Users\Siddhartha\.gradle\wrapper\dists\gradle-8.6-all\3mbtmo166bl6vumsh5k2lkq5h\gradle-8.6\lib\agents\gradle-instrumentation-agent-8.6.jar org.gradle.launcher.daemon.bootstrap.GradleDaemon 8.6

Host: 11th Gen Intel(R) Core(TM) i5-11320H @ 3.20GHz, 8 cores, 7G,  Windows 11 , 64 bit Build 26100 (10.0.26100.9168)
Time: Wed Sep  2 17:29:40 2026 India Standard Time elapsed time: 104.777458 seconds (0d 0h 1m 44s)

---------------  T H R E A D  ---------------

Current thread (0x0000011a5466cc20):  JavaThread "C2 CompilerThread0" daemon [_thread_in_native, id=4408, stack(0x0000001641b00000,0x0000001641c00000)]


Current CompileTask:
C2:104777 6111       4       java.lang.String::split (327 bytes)

Stack: [0x0000001641b00000,0x0000001641c00000]
Native frames: (J=compiled Java code, j=interpreted, Vv=VM code, C=native code)
V  [jvm.dll+0x684b29]
V  [jvm.dll+0x83a2d5]
V  [jvm.dll+0x83bd4e]
V  [jvm.dll+0x83c3d3]
V  [jvm.dll+0x24905f]
V  [jvm.dll+0xad536]
V  [jvm.dll+0xadbdc]
V  [jvm.dll+0x368d9e]
V  [jvm.dll+0x3331d5]
V  [jvm.dll+0x33263a]
V  [jvm.dll+0x219e69]
V  [jvm.dll+0x2192af]
V  [jvm.dll+0x1a49f0]
V  [jvm.dll+0x2299fa]
V  [jvm.dll+0x227bab]
V  [jvm.dll+0x7f0a88]
V  [jvm.dll+0x7eaf1c]
V  [jvm.dll+0x6839f7]
C  [ucrtbase.dll+0x2cd30]
C  [KERNEL32.DLL+0x2ccb7]
C  [ntdll.dll+0xaad6c]


---------------  P R O C E S S  ---------------

Threads class SMR info:
_java_thread_list=0x0000011a763f99c0, length=46, elements={
0x0000011a3617fdc0, 0x0000011a54652220, 0x0000011a54652bf0, 0x0000011a5466b360,
0x0000011a54668cc0, 0x0000011a54669590, 0x0000011a5466c020, 0x0000011a5466cc20,
0x0000011a54670550, 0x0000011a547f87b0, 0x0000011a5462dae0, 0x0000011a54938190,
0x0000011a74e1d060, 0x0000011a74b3b600, 0x0000011a549743e0, 0x0000011a7542a850,
0x0000011a753fcc60, 0x0000011a747ce060, 0x0000011a747cea80, 0x0000011a747d08e0,
0x0000011a747d03d0, 0x0000011a747d0df0, 0x0000011a747d1300, 0x0000011a747d1810,
0x0000011a747ce570, 0x0000011a747cf4a0, 0x0000011a747cf9b0, 0x0000011a75e72300,
0x0000011a75e709b0, 0x0000011a75e704a0, 0x0000011a75e6ff90, 0x0000011a75e72810,
0x0000011a75e70ec0, 0x0000011a75e713d0, 0x0000011a75e6f060, 0x0000011a75e6f570,
0x0000011a75e6fa80, 0x0000011a75e286a0, 0x0000011a75e27c80, 0x0000011a75e295d0,
0x0000011a75e28190, 0x0000011a75e290c0, 0x0000011a75e2a500, 0x0000011a75e28bb0,
0x0000011a75e29ae0, 0x0000011a75e29ff0
}

Java Threads: ( => current thread )
  0x0000011a3617fdc0 JavaThread "main" [_thread_blocked, id=24816, stack(0x0000001640e00000,0x0000001640f00000)]
  0x0000011a54652220 JavaThread "Reference Handler" daemon [_thread_blocked, id=12996, stack(0x0000001641500000,0x0000001641600000)]
  0x0000011a54652bf0 JavaThread "Finalizer" daemon [_thread_blocked, id=23420, stack(0x0000001641600000,0x0000001641700000)]
  0x0000011a5466b360 JavaThread "Signal Dispatcher" daemon [_thread_blocked, id=18220, stack(0x0000001641700000,0x0000001641800000)]
  0x0000011a54668cc0 JavaThread "Attach Listener" daemon [_thread_blocked, id=12232, stack(0x0000001641800000,0x0000001641900000)]
  0x0000011a54669590 JavaThread "Service Thread" daemon [_thread_blocked, id=7500, stack(0x0000001641900000,0x0000001641a00000)]
  0x0000011a5466c020 JavaThread "Monitor Deflation Thread" daemon [_thread_blocked, id=25116, stack(0x0000001641a00000,0x0000001641b00000)]
=>0x0000011a5466cc20 JavaThread "C2 CompilerThread0" daemon [_thread_in_native, id=4408, stack(0x0000001641b00000,0x0000001641c00000)]
  0x0000011a54670550 JavaThread "C1 CompilerThread0" daemon [_thread_blocked, id=25984, stack(0x0000001641c00000,0x0000001641d00000)]
  0x0000011a547f87b0 JavaThread "Sweeper thread" daemon [_thread_blocked, id=22544, stack(0x0000001641d00000,0x0000001641e00000)]
  0x0000011a5462dae0 JavaThread "Common-Cleaner" daemon [_thread_blocked, id=26668, stack(0x0000001641e00000,0x0000001641f00000)]
  0x0000011a54938190 JavaThread "Notification Thread" daemon [_thread_blocked, id=26752, stack(0x0000001641f00000,0x0000001642000000)]
  0x0000011a74e1d060 JavaThread "Daemon health stats" [_thread_blocked, id=25376, stack(0x0000001642500000,0x0000001642600000)]
  0x0000011a74b3b600 JavaThread "Incoming local TCP Connector on port 42837" [_thread_in_native, id=23348, stack(0x0000001642600000,0x0000001642700000)]
  0x0000011a549743e0 JavaThread "Daemon periodic checks" [_thread_blocked, id=18532, stack(0x0000001642700000,0x0000001642800000)]
  0x0000011a7542a850 JavaThread "Daemon" [_thread_blocked, id=19404, stack(0x0000001642800000,0x0000001642900000)]
  0x0000011a753fcc60 JavaThread "Handler for socket connection from /127.0.0.1:42837 to /127.0.0.1:23677" [_thread_in_native, id=24588, stack(0x0000001642900000,0x0000001642a00000)]
  0x0000011a747ce060 JavaThread "Cancel handler" [_thread_blocked, id=8368, stack(0x0000001642a00000,0x0000001642b00000)]
  0x0000011a747cea80 JavaThread "Daemon worker" [_thread_in_vm, id=26940, stack(0x0000001642b00000,0x0000001642c00000)]
  0x0000011a747d08e0 JavaThread "Asynchronous log dispatcher for DefaultDaemonConnection: socket connection from /127.0.0.1:42837 to /127.0.0.1:23677" [_thread_blocked, id=19740, stack(0x0000001642c00000,0x0000001642d00000)]
  0x0000011a747d03d0 JavaThread "Daemon client event forwarder" [_thread_blocked, id=896, stack(0x0000001642e00000,0x0000001642f00000)]
  0x0000011a747d0df0 JavaThread "Cache worker for journal cache (C:\Users\Siddhartha\.gradle\caches\journal-1)" [_thread_blocked, id=25216, stack(0x0000001642f00000,0x0000001643000000)]
  0x0000011a747d1300 JavaThread "File lock request listener" [_thread_in_native, id=4248, stack(0x0000001643300000,0x0000001643400000)]
  0x0000011a747d1810 JavaThread "File lock release action executor" [_thread_blocked, id=27688, stack(0x0000001643400000,0x0000001643500000)]
  0x0000011a747ce570 JavaThread "Cache worker for file hash cache (C:\Users\Siddhartha\.gradle\caches\8.6\fileHashes)" [_thread_blocked, id=27756, stack(0x0000001640b00000,0x0000001640c00000)]
  0x0000011a747cf4a0 JavaThread "File watcher server" daemon [_thread_in_native, id=28648, stack(0x0000001643500000,0x0000001643600000)]
  0x0000011a747cf9b0 JavaThread "File watcher consumer" daemon [_thread_blocked, id=27660, stack(0x0000001643600000,0x0000001643700000)]
  0x0000011a75e72300 JavaThread "Cache worker for checksums cache (D:\Sciqus\SCIQUS.TICKETS\Mobile-Frontend\android\.gradle\8.6\checksums)" [_thread_blocked, id=28092, stack(0x0000001643800000,0x0000001643900000)]
  0x0000011a75e709b0 JavaThread "Cache worker for file hash cache (D:\Sciqus\SCIQUS.TICKETS\Mobile-Frontend\android\.gradle\8.6\fileHashes)" [_thread_blocked, id=28096, stack(0x0000001643900000,0x0000001643a00000)]
  0x0000011a75e704a0 JavaThread "Cache worker for cache directory md-supplier (C:\Users\Siddhartha\.gradle\caches\8.6\md-supplier)" [_thread_blocked, id=28088, stack(0x0000001643a00000,0x0000001643b00000)]
  0x0000011a75e6ff90 JavaThread "Cache worker for cache directory md-rule (C:\Users\Siddhartha\.gradle\caches\8.6\md-rule)" [_thread_blocked, id=28420, stack(0x0000001643b00000,0x0000001643c00000)]
  0x0000011a75e72810 JavaThread "Cache worker for file content cache (C:\Users\Siddhartha\.gradle\caches\8.6\fileContent)" [_thread_blocked, id=28424, stack(0x0000001643c00000,0x0000001643d00000)]
  0x0000011a75e70ec0 JavaThread "jar transforms" [_thread_blocked, id=27896, stack(0x0000001643d00000,0x0000001643e00000)]
  0x0000011a75e713d0 JavaThread "jar transforms Thread 2" [_thread_blocked, id=20024, stack(0x0000001643e00000,0x0000001643f00000)]
  0x0000011a75e6f060 JavaThread "jar transforms Thread 3" [_thread_blocked, id=27868, stack(0x0000001644300000,0x0000001644400000)]
  0x0000011a75e6f570 JavaThread "jar transforms Thread 4" [_thread_blocked, id=27840, stack(0x0000001644400000,0x0000001644500000)]
  0x0000011a75e6fa80 JavaThread "jar transforms Thread 5" [_thread_blocked, id=5080, stack(0x0000001644500000,0x0000001644600000)]
  0x0000011a75e286a0 JavaThread "jar transforms Thread 6" [_thread_blocked, id=28292, stack(0x0000001644600000,0x0000001644700000)]
  0x0000011a75e27c80 JavaThread "Exec process" [_thread_blocked, id=27824, stack(0x0000001640c00000,0x0000001640d00000)]
  0x0000011a75e295d0 JavaThread "Exec process Thread 2" [_thread_blocked, id=12028, stack(0x0000001640d00000,0x0000001640e00000)]
  0x0000011a75e28190 JavaThread "Exec process Thread 3" [_thread_blocked, id=28444, stack(0x0000001644700000,0x0000001644800000)]
  0x0000011a75e290c0 JavaThread "jar transforms Thread 7" [_thread_blocked, id=29076, stack(0x0000001644800000,0x0000001644900000)]
  0x0000011a75e2a500 JavaThread "jar transforms Thread 8" [_thread_blocked, id=29084, stack(0x0000001644900000,0x0000001644a00000)]
  0x0000011a75e28bb0 JavaThread "Unconstrained build operations" [_thread_blocked, id=29408, stack(0x0000001644a00000,0x0000001644b00000)]
  0x0000011a75e29ae0 JavaThread "Unconstrained build operations Thread 2" [_thread_blocked, id=29412, stack(0x0000001644b00000,0x0000001644c00000)]
  0x0000011a75e29ff0 JavaThread "Cache worker for Build Output Cleanup Cache (D:\Sciqus\SCIQUS.TICKETS\Mobile-Frontend\node_modules\@react-native\gradle-plugin\.gradle\buildOutputCleanup)" [_thread_blocked, id=29392, stack(0x0000001642d00000,0x0000001642e00000)]

Other Threads:
  0x0000011a54647290 VMThread "VM Thread" [stack: 0x0000001641400000,0x0000001641500000] [id=20720]
  0x0000011a54948180 WatcherThread [stack: 0x0000001642000000,0x0000001642100000] [id=26756]
  0x0000011a361dfe80 GCTaskThread "GC Thread#0" [stack: 0x0000001640f00000,0x0000001641000000] [id=20488]
  0x0000011a74868550 GCTaskThread "GC Thread#1" [stack: 0x0000001642100000,0x0000001642200000] [id=27032]
  0x0000011a748dbc50 GCTaskThread "GC Thread#2" [stack: 0x0000001642200000,0x0000001642300000] [id=27060]
  0x0000011a748dbf10 GCTaskThread "GC Thread#3" [stack: 0x0000001642300000,0x0000001642400000] [id=27064]
  0x0000011a748d2ed0 GCTaskThread "GC Thread#4" [stack: 0x0000001642400000,0x0000001642500000] [id=27612]
  0x0000011a74a50a80 GCTaskThread "GC Thread#5" [stack: 0x0000001643000000,0x0000001643100000] [id=9220]
  0x0000011a74964880 GCTaskThread "GC Thread#6" [stack: 0x0000001643100000,0x0000001643200000] [id=21728]
  0x0000011a74a3ca20 GCTaskThread "GC Thread#7" [stack: 0x0000001643200000,0x0000001643300000] [id=27360]
  0x0000011a361f0ce0 ConcurrentGCThread "G1 Main Marker" [stack: 0x0000001641000000,0x0000001641100000] [id=13776]
  0x0000011a361f1610 ConcurrentGCThread "G1 Conc#0" [stack: 0x0000001641100000,0x0000001641200000] [id=22488]
  0x0000011a7430d2e0 ConcurrentGCThread "G1 Conc#1" [stack: 0x0000001643700000,0x0000001643800000] [id=3620]
  0x0000011a3622e680 ConcurrentGCThread "G1 Refine#0" [stack: 0x0000001641200000,0x0000001641300000] [id=24848]
  0x0000011a751a68f0 ConcurrentGCThread "G1 Refine#1" [stack: 0x0000001644100000,0x0000001644200000] [id=28564]
  0x0000011a75ad6ae0 ConcurrentGCThread "G1 Refine#2" [stack: 0x0000001644200000,0x0000001644300000] [id=28392]
  0x0000011a544f9110 ConcurrentGCThread "G1 Service" [stack: 0x0000001641300000,0x0000001641400000] [id=22976]

Threads with active compile tasks:
C2 CompilerThread0  104858 6111       4       java.lang.String::split (327 bytes)

VM state: not at safepoint (normal execution)

VM Mutex/Monitor currently owned by a thread: None

Heap address: 0x0000000080000000, size: 2048 MB, Compressed Oops mode: 32-bit

CDS archive(s) mapped at: [0x0000011a55000000-0x0000011a55bb0000-0x0000011a55bb0000), size 12255232, SharedBaseAddress: 0x0000011a55000000, ArchiveRelocationMode: 1.
Compressed class space mapped at: 0x0000011a56000000-0x0000011a70000000, reserved size: 436207616
Narrow klass base: 0x0000011a55000000, Narrow klass shift: 0, Narrow klass range: 0x100000000

GC Precious Log:
 CPUs: 8 total, 8 available
 Memory: 7930M
 Large Page Support: Disabled
 NUMA Support: Disabled
 Compressed Oops: Enabled (32-bit)
 Heap Region Size: 1M
 Heap Min Capacity: 8M
 Heap Initial Capacity: 124M
 Heap Max Capacity: 2G
 Pre-touch: Disabled
 Parallel Workers: 8
 Concurrent Workers: 2
 Concurrent Refinement Workers: 8
 Periodic GC: Disabled

Heap:
 garbage-first heap   total 89088K, used 45062K [0x0000000080000000, 0x0000000100000000)
  region size 1024K, 10 young (10240K), 4 survivors (4096K)
 Metaspace       used 48473K, committed 49088K, reserved 491520K
  class space    used 6825K, committed 7104K, reserved 425984K

Heap Regions: E=young(eden), S=young(survivor), O=old, HS=humongous(starts), HC=humongous(continues), CS=collection set, F=free, OA=open archive, CA=closed archive, TAMS=top-at-mark-start (previous, next)
|   0|0x0000000080000000, 0x0000000080100000, 0x0000000080100000|100%|HS|  |TAMS 0x0000000080100000, 0x0000000080000000| Complete 
|   1|0x0000000080100000, 0x0000000080200000, 0x0000000080200000|100%|HC|  |TAMS 0x0000000080200000, 0x0000000080100000| Complete 
|   2|0x0000000080200000, 0x0000000080300000, 0x0000000080300000|100%|HC|  |TAMS 0x0000000080300000, 0x0000000080200000| Complete 
|   3|0x0000000080300000, 0x0000000080400000, 0x0000000080400000|100%|HC|  |TAMS 0x0000000080400000, 0x0000000080300000| Complete 
|   4|0x0000000080400000, 0x0000000080500000, 0x0000000080500000|100%| O|  |TAMS 0x0000000080500000, 0x0000000080400000| Untracked 
|   5|0x0000000080500000, 0x0000000080600000, 0x0000000080600000|100%| O|  |TAMS 0x0000000080600000, 0x0000000080500000| Untracked 
|   6|0x0000000080600000, 0x0000000080700000, 0x0000000080700000|100%| O|  |TAMS 0x0000000080700000, 0x0000000080600000| Untracked 
|   7|0x0000000080700000, 0x0000000080800000, 0x0000000080800000|100%| O|  |TAMS 0x0000000080800000, 0x0000000080700000| Untracked 
|   8|0x0000000080800000, 0x0000000080900000, 0x0000000080900000|100%| O|  |TAMS 0x0000000080900000, 0x0000000080800000| Untracked 
|   9|0x0000000080900000, 0x0000000080a00000, 0x0000000080a00000|100%| O|  |TAMS 0x0000000080a00000, 0x0000000080900000| Untracked 
|  10|0x0000000080a00000, 0x0000000080b00000, 0x0000000080b00000|100%| O|  |TAMS 0x0000000080b00000, 0x0000000080a00000| Untracked 
|  11|0x0000000080b00000, 0x0000000080c00000, 0x0000000080c00000|100%| O|  |TAMS 0x0000000080c00000, 0x0000000080b00000| Untracked 
|  12|0x0000000080c00000, 0x0000000080d00000, 0x0000000080d00000|100%| O|  |TAMS 0x0000000080d00000, 0x0000000080c00000| Untracked 
|  13|0x0000000080d00000, 0x0000000080e00000, 0x0000000080e00000|100%| O|  |TAMS 0x0000000080e00000, 0x0000000080d00000| Untracked 
|  14|0x0000000080e00000, 0x0000000080f00000, 0x0000000080f00000|100%| O|  |TAMS 0x0000000080f00000, 0x0000000080e00000| Untracked 
|  15|0x0000000080f00000, 0x0000000081000000, 0x0000000081000000|100%| O|  |TAMS 0x0000000081000000, 0x0000000080f00000| Untracked 
|  16|0x0000000081000000, 0x0000000081100000, 0x0000000081100000|100%| O|  |TAMS 0x0000000081100000, 0x0000000081000000| Untracked 
|  17|0x0000000081100000, 0x0000000081200000, 0x0000000081200000|100%| O|  |TAMS 0x0000000081200000, 0x0000000081100000| Untracked 
|  18|0x0000000081200000, 0x0000000081300000, 0x0000000081300000|100%| O|  |TAMS 0x0000000081300000, 0x0000000081200000| Untracked 
|  19|0x0000000081300000, 0x0000000081400000, 0x0000000081400000|100%| O|  |TAMS 0x0000000081400000, 0x0000000081300000| Untracked 
|  20|0x0000000081400000, 0x0000000081407600, 0x0000000081500000|  2%| O|  |TAMS 0x0000000081407600, 0x0000000081400000| Untracked 
|  21|0x0000000081500000, 0x0000000081600000, 0x0000000081600000|100%| O|  |TAMS 0x0000000081600000, 0x0000000081500000| Untracked 
|  22|0x0000000081600000, 0x0000000081700000, 0x0000000081700000|100%| O|  |TAMS 0x0000000081700000, 0x0000000081600000| Untracked 
|  23|0x0000000081700000, 0x0000000081800000, 0x0000000081800000|100%| O|  |TAMS 0x0000000081800000, 0x0000000081700000| Untracked 
|  24|0x0000000081800000, 0x0000000081900000, 0x0000000081900000|100%| O|  |TAMS 0x0000000081900000, 0x0000000081800000| Untracked 
|  25|0x0000000081900000, 0x0000000081a00000, 0x0000000081a00000|100%| O|  |TAMS 0x0000000081a00000, 0x0000000081900000| Untracked 
|  26|0x0000000081a00000, 0x0000000081b00000, 0x0000000081b00000|100%| O|  |TAMS 0x0000000081b00000, 0x0000000081a00000| Untracked 
|  27|0x0000000081b00000, 0x0000000081c00000, 0x0000000081c00000|100%| O|  |TAMS 0x0000000081c00000, 0x0000000081b00000| Untracked 
|  28|0x0000000081c00000, 0x0000000081d00000, 0x0000000081d00000|100%| O|  |TAMS 0x0000000081d00000, 0x0000000081c00000| Untracked 
|  29|0x0000000081d00000, 0x0000000081e00000, 0x0000000081e00000|100%| O|  |TAMS 0x0000000081d8d400, 0x0000000081d00000| Untracked 
|  30|0x0000000081e00000, 0x0000000081f00000, 0x0000000081f00000|100%| O|  |TAMS 0x0000000081e00000, 0x0000000081e00000| Untracked 
|  31|0x0000000081f00000, 0x0000000082000000, 0x0000000082000000|100%| O|  |TAMS 0x0000000081f00000, 0x0000000081f00000| Untracked 
|  32|0x0000000082000000, 0x0000000082100000, 0x0000000082100000|100%| O|  |TAMS 0x0000000082000000, 0x0000000082000000| Untracked 
|  33|0x0000000082100000, 0x0000000082200000, 0x0000000082200000|100%| O|  |TAMS 0x0000000082100000, 0x0000000082100000| Untracked 
|  34|0x0000000082200000, 0x0000000082200000, 0x0000000082300000|  0%| F|  |TAMS 0x0000000082200000, 0x0000000082200000| Untracked 
|  35|0x0000000082300000, 0x0000000082400000, 0x0000000082400000|100%| O|  |TAMS 0x0000000082400000, 0x0000000082300000| Untracked 
|  36|0x0000000082400000, 0x0000000082400000, 0x0000000082500000|  0%| F|  |TAMS 0x0000000082400000, 0x0000000082400000| Untracked 
|  37|0x0000000082500000, 0x0000000082600000, 0x0000000082600000|100%| O|  |TAMS 0x0000000082500000, 0x0000000082500000| Untracked 
|  38|0x0000000082600000, 0x000000008267a600, 0x0000000082700000| 47%| O|  |TAMS 0x0000000082600000, 0x0000000082600000| Untracked 
|  39|0x0000000082700000, 0x0000000082700000, 0x0000000082800000|  0%| F|  |TAMS 0x0000000082700000, 0x0000000082700000| Untracked 
|  40|0x0000000082800000, 0x0000000082800000, 0x0000000082900000|  0%| F|  |TAMS 0x0000000082800000, 0x0000000082800000| Untracked 
|  41|0x0000000082900000, 0x0000000082900000, 0x0000000082a00000|  0%| F|  |TAMS 0x0000000082900000, 0x0000000082900000| Untracked 
|  42|0x0000000082a00000, 0x0000000082a00000, 0x0000000082b00000|  0%| F|  |TAMS 0x0000000082a00000, 0x0000000082a00000| Untracked 
|  43|0x0000000082b00000, 0x0000000082b00000, 0x0000000082c00000|  0%| F|  |TAMS 0x0000000082b00000, 0x0000000082b00000| Untracked 
|  44|0x0000000082c00000, 0x0000000082c00000, 0x0000000082d00000|  0%| F|  |TAMS 0x0000000082c00000, 0x0000000082c00000| Untracked 
|  45|0x0000000082d00000, 0x0000000082d00000, 0x0000000082e00000|  0%| F|  |TAMS 0x0000000082d00000, 0x0000000082d00000| Untracked 
|  46|0x0000000082e00000, 0x0000000082e00000, 0x0000000082f00000|  0%| F|  |TAMS 0x0000000082e00000, 0x0000000082e00000| Untracked 
|  47|0x0000000082f00000, 0x0000000082f00000, 0x0000000083000000|  0%| F|  |TAMS 0x0000000082f00000, 0x0000000082f00000| Untracked 
|  48|0x0000000083000000, 0x0000000083000000, 0x0000000083100000|  0%| F|  |TAMS 0x0000000083000000, 0x0000000083000000| Untracked 
|  49|0x0000000083100000, 0x0000000083100000, 0x0000000083200000|  0%| F|  |TAMS 0x0000000083100000, 0x0000000083100000| Untracked 
|  50|0x0000000083200000, 0x0000000083200000, 0x0000000083300000|  0%| F|  |TAMS 0x0000000083200000, 0x0000000083200000| Untracked 
|  51|0x0000000083300000, 0x000000008337fd78, 0x0000000083400000| 49%| S|CS|TAMS 0x0000000083300000, 0x0000000083300000| Complete 
|  52|0x0000000083400000, 0x0000000083500000, 0x0000000083500000|100%| S|CS|TAMS 0x0000000083400000, 0x0000000083400000| Complete 
|  53|0x0000000083500000, 0x0000000083500000, 0x0000000083600000|  0%| F|  |TAMS 0x0000000083500000, 0x0000000083500000| Untracked 
|  54|0x0000000083600000, 0x0000000083600000, 0x0000000083700000|  0%| F|  |TAMS 0x0000000083600000, 0x0000000083600000| Untracked 
|  55|0x0000000083700000, 0x0000000083800000, 0x0000000083800000|100%| S|CS|TAMS 0x0000000083700000, 0x0000000083700000| Complete 
|  56|0x0000000083800000, 0x0000000083900000, 0x0000000083900000|100%| S|CS|TAMS 0x0000000083800000, 0x0000000083800000| Complete 
|  57|0x0000000083900000, 0x0000000083900000, 0x0000000083a00000|  0%| F|  |TAMS 0x0000000083900000, 0x0000000083900000| Untracked 
|  58|0x0000000083a00000, 0x0000000083a00000, 0x0000000083b00000|  0%| F|  |TAMS 0x0000000083a00000, 0x0000000083a00000| Untracked 
|  59|0x0000000083b00000, 0x0000000083b00000, 0x0000000083c00000|  0%| F|  |TAMS 0x0000000083b00000, 0x0000000083b00000| Untracked 
|  60|0x0000000083c00000, 0x0000000083c00000, 0x0000000083d00000|  0%| F|  |TAMS 0x0000000083c00000, 0x0000000083c00000| Untracked 
|  61|0x0000000083d00000, 0x0000000083d00000, 0x0000000083e00000|  0%| F|  |TAMS 0x0000000083d00000, 0x0000000083d00000| Untracked 
|  62|0x0000000083e00000, 0x0000000083e00000, 0x0000000083f00000|  0%| F|  |TAMS 0x0000000083e00000, 0x0000000083e00000| Untracked 
|  63|0x0000000083f00000, 0x0000000083f00000, 0x0000000084000000|  0%| F|  |TAMS 0x0000000083f00000, 0x0000000083f00000| Untracked 
|  64|0x0000000084000000, 0x0000000084000000, 0x0000000084100000|  0%| F|  |TAMS 0x0000000084000000, 0x0000000084000000| Untracked 
|  65|0x0000000084100000, 0x0000000084100000, 0x0000000084200000|  0%| F|  |TAMS 0x0000000084100000, 0x0000000084100000| Untracked 
|  66|0x0000000084200000, 0x0000000084200000, 0x0000000084300000|  0%| F|  |TAMS 0x0000000084200000, 0x0000000084200000| Untracked 
|  67|0x0000000084300000, 0x0000000084300000, 0x0000000084400000|  0%| F|  |TAMS 0x0000000084300000, 0x0000000084300000| Untracked 
|  68|0x0000000084400000, 0x0000000084400000, 0x0000000084500000|  0%| F|  |TAMS 0x0000000084400000, 0x0000000084400000| Untracked 
|  69|0x0000000084500000, 0x0000000084500000, 0x0000000084600000|  0%| F|  |TAMS 0x0000000084500000, 0x0000000084500000| Untracked 
|  70|0x0000000084600000, 0x0000000084600000, 0x0000000084700000|  0%| F|  |TAMS 0x0000000084600000, 0x0000000084600000| Untracked 
|  71|0x0000000084700000, 0x0000000084700000, 0x0000000084800000|  0%| F|  |TAMS 0x0000000084700000, 0x0000000084700000| Untracked 
|  72|0x0000000084800000, 0x0000000084800000, 0x0000000084900000|  0%| F|  |TAMS 0x0000000084800000, 0x0000000084800000| Untracked 
|  73|0x0000000084900000, 0x0000000084900000, 0x0000000084a00000|  0%| F|  |TAMS 0x0000000084900000, 0x0000000084900000| Untracked 
|  74|0x0000000084a00000, 0x0000000084a00000, 0x0000000084b00000|  0%| F|  |TAMS 0x0000000084a00000, 0x0000000084a00000| Untracked 
|  75|0x0000000084b00000, 0x0000000084b00000, 0x0000000084c00000|  0%| F|  |TAMS 0x0000000084b00000, 0x0000000084b00000| Untracked 
|  76|0x0000000084c00000, 0x0000000084c00000, 0x0000000084d00000|  0%| F|  |TAMS 0x0000000084c00000, 0x0000000084c00000| Untracked 
|  77|0x0000000084d00000, 0x0000000084d00000, 0x0000000084e00000|  0%| F|  |TAMS 0x0000000084d00000, 0x0000000084d00000| Untracked 
|  78|0x0000000084e00000, 0x0000000084e00000, 0x0000000084f00000|  0%| F|  |TAMS 0x0000000084e00000, 0x0000000084e00000| Untracked 
|  79|0x0000000084f00000, 0x0000000084f00000, 0x0000000085000000|  0%| F|  |TAMS 0x0000000084f00000, 0x0000000084f00000| Untracked 
|  80|0x0000000085000000, 0x0000000085000000, 0x0000000085100000|  0%| F|  |TAMS 0x0000000085000000, 0x0000000085000000| Untracked 
|  81|0x0000000085100000, 0x0000000085200000, 0x0000000085200000|100%| E|  |TAMS 0x0000000085100000, 0x0000000085100000| Complete 
| 118|0x0000000087600000, 0x0000000087700000, 0x0000000087700000|100%| E|CS|TAMS 0x0000000087600000, 0x0000000087600000| Complete 
| 119|0x0000000087700000, 0x0000000087800000, 0x0000000087800000|100%| E|CS|TAMS 0x0000000087700000, 0x0000000087700000| Complete 
| 120|0x0000000087800000, 0x0000000087900000, 0x0000000087900000|100%| E|CS|TAMS 0x0000000087800000, 0x0000000087800000| Complete 
| 121|0x0000000087900000, 0x0000000087a00000, 0x0000000087a00000|100%| E|CS|TAMS 0x0000000087900000, 0x0000000087900000| Complete 
| 123|0x0000000087b00000, 0x0000000087c00000, 0x0000000087c00000|100%| E|CS|TAMS 0x0000000087b00000, 0x0000000087b00000| Complete 

Card table byte_map: [0x0000011a4d430000,0x0000011a4d830000] _byte_map_base: 0x0000011a4d030000

Marking Bits (Prev, Next): (CMBitMap*) 0x0000011a361e03b0, (CMBitMap*) 0x0000011a361e03f0
 Prev Bits: [0x0000011a4dc30000, 0x0000011a4fc30000)
 Next Bits: [0x0000011a4fc30000, 0x0000011a51c30000)

Polling page: 0x0000011a342a0000

Metaspace:

Usage:
  Non-class:     40.67 MB used.
      Class:      6.67 MB used.
       Both:     47.34 MB used.

Virtual space:
  Non-class space:       64.00 MB reserved,      41.00 MB ( 64%) committed,  1 nodes.
      Class space:      416.00 MB reserved,       6.94 MB (  2%) committed,  1 nodes.
             Both:      480.00 MB reserved,      47.94 MB ( 10%) committed. 

Chunk freelists:
   Non-Class:  6.33 MB
       Class:  8.95 MB
        Both:  15.28 MB

MaxMetaspaceSize: 512.00 MB
CompressedClassSpaceSize: 416.00 MB
Initial GC threshold: 21.00 MB
Current GC threshold: 58.69 MB
CDS: on
MetaspaceReclaimPolicy: balanced
 - commit_granule_bytes: 65536.
 - commit_granule_words: 8192.
 - virtual_space_node_default_size: 8388608.
 - enlarge_chunks_in_place: 1.
 - new_chunks_are_fully_committed: 0.
 - uncommit_free_chunks: 1.
 - use_allocation_guard: 0.
 - handle_deallocations: 1.


Internal statistics:

num_allocs_failed_limit: 6.
num_arena_births: 674.
num_arena_deaths: 0.
num_vsnodes_births: 2.
num_vsnodes_deaths: 0.
num_space_committed: 767.
num_space_uncommitted: 0.
num_chunks_returned_to_freelist: 6.
num_chunks_taken_from_freelist: 2629.
num_chunk_merges: 6.
num_chunk_splits: 1727.
num_chunks_enlarged: 1148.
num_inconsistent_stats: 0.

CodeHeap 'non-profiled nmethods': size=120000Kb used=2979Kb max_used=3006Kb free=117020Kb
 bounds [0x0000011a457d0000, 0x0000011a45ac0000, 0x0000011a4cd00000]
CodeHeap 'profiled nmethods': size=120000Kb used=10639Kb max_used=10639Kb free=109360Kb
 bounds [0x0000011a3dd00000, 0x0000011a3e770000, 0x0000011a45230000]
CodeHeap 'non-nmethods': size=5760Kb used=2334Kb max_used=2375Kb free=3425Kb
 bounds [0x0000011a45230000, 0x0000011a454a0000, 0x0000011a457d0000]
 total_blobs=6259 nmethods=5421 adapters=750
 compilation: enabled
              stopped_count=0, restarted_count=0
 full_count=0

Compilation events (20 events):
Event: 103.678 Thread 0x0000011a54670550 6124   !   3       sun.nio.ch.DatagramChannelImpl::send (364 bytes)
Event: 103.682 Thread 0x0000011a54670550 nmethod 6124 0x0000011a3e749890 code [0x0000011a3e749d40, 0x0000011a3e74c2c8]
Event: 103.682 Thread 0x0000011a54670550 6125   !   3       sun.nio.ch.DatagramChannelImpl::beginWrite (87 bytes)
Event: 103.683 Thread 0x0000011a54670550 nmethod 6125 0x0000011a3e74d410 code [0x0000011a3e74d640, 0x0000011a3e74dd58]
Event: 103.683 Thread 0x0000011a54670550 6126   !   3       sun.nio.ch.DatagramChannelImpl::sendFromNativeBuffer (125 bytes)
Event: 103.684 Thread 0x0000011a54670550 nmethod 6126 0x0000011a3e74e110 code [0x0000011a3e74e320, 0x0000011a3e74ea98]
Event: 103.684 Thread 0x0000011a54670550 6127       3       sun.nio.ch.DatagramChannelImpl::targetSocketAddress (67 bytes)
Event: 103.684 Thread 0x0000011a54670550 nmethod 6127 0x0000011a3e74ee10 code [0x0000011a3e74efc0, 0x0000011a3e74f248]
Event: 103.684 Thread 0x0000011a54670550 6128       3       sun.nio.ch.NativeSocketAddress::encode (106 bytes)
Event: 103.685 Thread 0x0000011a54670550 nmethod 6128 0x0000011a3e74f310 code [0x0000011a3e74f560, 0x0000011a3e74fcc8]
Event: 103.725 Thread 0x0000011a54670550 6132   !   3       org.gradle.cache.internal.locklistener.DefaultFileLockContentionHandler::maybePingOwner (149 bytes)
Event: 103.727 Thread 0x0000011a54670550 nmethod 6132 0x0000011a3e750010 code [0x0000011a3e750360, 0x0000011a3e751b28]
Event: 103.756 Thread 0x0000011a54670550 6133       3       com.google.common.cache.CacheBuilder$1::recordMisses (1 bytes)
Event: 103.756 Thread 0x0000011a54670550 nmethod 6133 0x0000011a3e752390 code [0x0000011a3e752520, 0x0000011a3e752638]
Event: 103.773 Thread 0x0000011a54670550 6135       3       org.gradle.api.internal.artifacts.ivyservice.resolveengine.result.DesugaredAttributeContainerSerializer::read (155 bytes)
Event: 104.765 Thread 0x0000011a54670550 nmethod 6135 0x0000011a3e752710 code [0x0000011a3e752a20, 0x0000011a3e753d98]
Event: 104.765 Thread 0x0000011a54670550 6136       3       com.google.common.collect.ImmutableList::asList (2 bytes)
Event: 104.766 Thread 0x0000011a54670550 nmethod 6136 0x0000011a3e754410 code [0x0000011a3e7545a0, 0x0000011a3e7546b8]
Event: 104.766 Thread 0x0000011a54670550 6138       3       org.gradle.internal.component.external.model.DefaultModuleComponentSelector::assertModuleIdentifier (51 bytes)
Event: 104.766 Thread 0x0000011a54670550 nmethod 6138 0x0000011a3e754790 code [0x0000011a3e754920, 0x0000011a3e754a38]

GC Heap History (20 events):
Event: 40.825 GC heap before
{Heap before GC invocations=3 (full 0):
 garbage-first heap   total 126976K, used 76701K [0x0000000080000000, 0x0000000100000000)
  region size 1024K, 63 young (64512K), 8 survivors (8192K)
 Metaspace       used 21128K, committed 21376K, reserved 491520K
  class space    used 3078K, committed 3200K, reserved 425984K
}
Event: 40.835 GC heap after
{Heap after GC invocations=4 (full 0):
 garbage-first heap   total 126976K, used 23756K [0x0000000080000000, 0x0000000100000000)
  region size 1024K, 4 young (4096K), 4 survivors (4096K)
 Metaspace       used 21128K, committed 21376K, reserved 491520K
  class space    used 3078K, committed 3200K, reserved 425984K
}
Event: 40.955 GC heap before
{Heap before GC invocations=4 (full 0):
 garbage-first heap   total 126976K, used 24780K [0x0000000080000000, 0x0000000100000000)
  region size 1024K, 6 young (6144K), 4 survivors (4096K)
 Metaspace       used 21242K, committed 21504K, reserved 491520K
  class space    used 3100K, committed 3264K, reserved 425984K
}
Event: 40.960 GC heap after
{Heap after GC invocations=5 (full 0):
 garbage-first heap   total 126976K, used 23823K [0x0000000080000000, 0x0000000100000000)
  region size 1024K, 4 young (4096K), 4 survivors (4096K)
 Metaspace       used 21242K, committed 21504K, reserved 491520K
  class space    used 3100K, committed 3264K, reserved 425984K
}
Event: 49.248 GC heap before
{Heap before GC invocations=6 (full 0):
 garbage-first heap   total 89088K, used 72975K [0x0000000080000000, 0x0000000100000000)
  region size 1024K, 52 young (53248K), 4 survivors (4096K)
 Metaspace       used 28172K, committed 28544K, reserved 491520K
  class space    used 4104K, committed 4288K, reserved 425984K
}
Event: 49.255 GC heap after
{Heap after GC invocations=7 (full 0):
 garbage-first heap   total 89088K, used 26300K [0x0000000080000000, 0x0000000100000000)
  region size 1024K, 6 young (6144K), 6 survivors (6144K)
 Metaspace       used 28172K, committed 28544K, reserved 491520K
  class space    used 4104K, committed 4288K, reserved 425984K
}
Event: 56.175 GC heap before
{Heap before GC invocations=7 (full 0):
 garbage-first heap   total 89088K, used 70332K [0x0000000080000000, 0x0000000100000000)
  region size 1024K, 45 young (46080K), 6 survivors (6144K)
 Metaspace       used 33175K, committed 33536K, reserved 491520K
  class space    used 4587K, committed 4736K, reserved 425984K
}
Event: 56.187 GC heap after
{Heap after GC invocations=8 (full 0):
 garbage-first heap   total 89088K, used 30253K [0x0000000080000000, 0x0000000100000000)
  region size 1024K, 6 young (6144K), 6 survivors (6144K)
 Metaspace       used 33175K, committed 33536K, reserved 491520K
  class space    used 4587K, committed 4736K, reserved 425984K
}
Event: 77.365 GC heap before
{Heap before GC invocations=8 (full 0):
 garbage-first heap   total 89088K, used 67117K [0x0000000080000000, 0x0000000100000000)
  region size 1024K, 42 young (43008K), 6 survivors (6144K)
 Metaspace       used 35295K, committed 35776K, reserved 491520K
  class space    used 4873K, committed 5120K, reserved 425984K
}
Event: 77.387 GC heap after
{Heap after GC invocations=9 (full 0):
 garbage-first heap   total 89088K, used 34369K [0x0000000080000000, 0x0000000100000000)
  region size 1024K, 4 young (4096K), 4 survivors (4096K)
 Metaspace       used 35295K, committed 35776K, reserved 491520K
  class space    used 4873K, committed 5120K, reserved 425984K
}
Event: 77.667 GC heap before
{Heap before GC invocations=9 (full 0):
 garbage-first heap   total 89088K, used 42561K [0x0000000080000000, 0x0000000100000000)
  region size 1024K, 13 young (13312K), 4 survivors (4096K)
 Metaspace       used 35577K, committed 35968K, reserved 491520K
  class space    used 4915K, committed 5120K, reserved 425984K
}
Event: 77.677 GC heap after
{Heap after GC invocations=10 (full 0):
 garbage-first heap   total 89088K, used 34801K [0x0000000080000000, 0x0000000100000000)
  region size 1024K, 1 young (1024K), 1 survivors (1024K)
 Metaspace       used 35577K, committed 35968K, reserved 491520K
  class space    used 4915K, committed 5120K, reserved 425984K
}
Event: 80.003 GC heap before
{Heap before GC invocations=11 (full 0):
 garbage-first heap   total 89088K, used 66545K [0x0000000080000000, 0x0000000100000000)
  region size 1024K, 32 young (32768K), 1 survivors (1024K)
 Metaspace       used 37769K, committed 38272K, reserved 491520K
  class space    used 5257K, committed 5504K, reserved 425984K
}
Event: 80.007 GC heap after
{Heap after GC invocations=12 (full 0):
 garbage-first heap   total 89088K, used 35603K [0x0000000080000000, 0x0000000100000000)
  region size 1024K, 2 young (2048K), 2 survivors (2048K)
 Metaspace       used 37769K, committed 38272K, reserved 491520K
  class space    used 5257K, committed 5504K, reserved 425984K
}
Event: 82.929 GC heap before
{Heap before GC invocations=12 (full 0):
 garbage-first heap   total 89088K, used 68371K [0x0000000080000000, 0x0000000100000000)
  region size 1024K, 34 young (34816K), 2 survivors (2048K)
 Metaspace       used 41293K, committed 41792K, reserved 491520K
  class space    used 5802K, committed 6016K, reserved 425984K
}
Event: 82.933 GC heap after
{Heap after GC invocations=13 (full 0):
 garbage-first heap   total 89088K, used 36604K [0x0000000080000000, 0x0000000100000000)
  region size 1024K, 3 young (3072K), 3 survivors (3072K)
 Metaspace       used 41293K, committed 41792K, reserved 491520K
  class space    used 5802K, committed 6016K, reserved 425984K
}
Event: 87.830 GC heap before
{Heap before GC invocations=13 (full 0):
 garbage-first heap   total 89088K, used 69372K [0x0000000080000000, 0x0000000100000000)
  region size 1024K, 35 young (35840K), 3 survivors (3072K)
 Metaspace       used 44482K, committed 44992K, reserved 491520K
  class space    used 6344K, committed 6592K, reserved 425984K
}
Event: 87.842 GC heap after
{Heap after GC invocations=14 (full 0):
 garbage-first heap   total 89088K, used 38998K [0x0000000080000000, 0x0000000100000000)
  region size 1024K, 5 young (5120K), 5 survivors (5120K)
 Metaspace       used 44482K, committed 44992K, reserved 491520K
  class space    used 6344K, committed 6592K, reserved 425984K
}
Event: 102.665 GC heap before
{Heap before GC invocations=14 (full 0):
 garbage-first heap   total 89088K, used 71766K [0x0000000080000000, 0x0000000100000000)
  region size 1024K, 35 young (35840K), 5 survivors (5120K)
 Metaspace       used 47851K, committed 48448K, reserved 491520K
  class space    used 6748K, committed 6976K, reserved 425984K
}
Event: 102.693 GC heap after
{Heap after GC invocations=15 (full 0):
 garbage-first heap   total 89088K, used 39942K [0x0000000080000000, 0x0000000100000000)
  region size 1024K, 4 young (4096K), 4 survivors (4096K)
 Metaspace       used 47851K, committed 48448K, reserved 491520K
  class space    used 6748K, committed 6976K, reserved 425984K
}

Dll operation events (15 events):
Event: 0.026 Loaded shared library C:\Users\Siddhartha\.gradle\jdks\eclipse_adoptium-17-amd64-windows.2\bin\java.dll
Event: 0.156 Loaded shared library C:\Users\Siddhartha\.gradle\jdks\eclipse_adoptium-17-amd64-windows.2\bin\jsvml.dll
Event: 0.505 Loaded shared library C:\Users\Siddhartha\.gradle\jdks\eclipse_adoptium-17-amd64-windows.2\bin\zip.dll
Event: 0.510 Loaded shared library C:\Users\Siddhartha\.gradle\jdks\eclipse_adoptium-17-amd64-windows.2\bin\instrument.dll
Event: 0.584 Loaded shared library C:\Users\Siddhartha\.gradle\jdks\eclipse_adoptium-17-amd64-windows.2\bin\net.dll
Event: 0.590 Loaded shared library C:\Users\Siddhartha\.gradle\jdks\eclipse_adoptium-17-amd64-windows.2\bin\nio.dll
Event: 0.648 Loaded shared library C:\Users\Siddhartha\.gradle\jdks\eclipse_adoptium-17-amd64-windows.2\bin\zip.dll
Event: 2.542 Loaded shared library C:\Users\Siddhartha\.gradle\jdks\eclipse_adoptium-17-amd64-windows.2\bin\jimage.dll
Event: 3.059 Loaded shared library C:\Users\Siddhartha\.gradle\jdks\eclipse_adoptium-17-amd64-windows.2\bin\verify.dll
Event: 3.730 Loaded shared library C:\Users\Siddhartha\.gradle\native\c067742578af261105cb4f569cf0c3c89f3d7b1fecec35dd04571415982c5e48\windows-amd64\native-platform.dll
Event: 3.740 Loaded shared library C:\Users\Siddhartha\.gradle\native\38dada09dfb8b06ba9b0570ebf7e218e3eb74d4ef43ca46872605cf95ebc2f47\windows-amd64\native-platform-file-events.dll
Event: 18.263 Loaded shared library C:\Users\Siddhartha\.gradle\jdks\eclipse_adoptium-17-amd64-windows.2\bin\management.dll
Event: 18.333 Loaded shared library C:\Users\Siddhartha\.gradle\jdks\eclipse_adoptium-17-amd64-windows.2\bin\management_ext.dll
Event: 22.296 Loaded shared library C:\Users\Siddhartha\.gradle\jdks\eclipse_adoptium-17-amd64-windows.2\bin\extnet.dll
Event: 24.114 Loaded shared library C:\Users\Siddhartha\.gradle\jdks\eclipse_adoptium-17-amd64-windows.2\bin\sunmscapi.dll

Deoptimization events (20 events):
Event: 90.903 Thread 0x0000011a747cea80 DEOPT PACKING pc=0x0000011a45852f44 sp=0x0000001642bf3e70
Event: 90.903 Thread 0x0000011a747cea80 DEOPT UNPACKING pc=0x0000011a4528a1a3 sp=0x0000001642bf3e28 mode 2
Event: 90.909 Thread 0x0000011a747cea80 Uncommon trap: trap_request=0xffffffbe fr.pc=0x0000011a45852f44 relative=0x00000000000001a4
Event: 90.909 Thread 0x0000011a747cea80 Uncommon trap: reason=profile_predicate action=maybe_recompile pc=0x0000011a45852f44 method=java.util.LinkedHashMap.keysToArray([Ljava/lang/Object;)[Ljava/lang/Object; @ 12 c2
Event: 90.909 Thread 0x0000011a747cea80 DEOPT PACKING pc=0x0000011a45852f44 sp=0x0000001642bf3e70
Event: 90.909 Thread 0x0000011a747cea80 DEOPT UNPACKING pc=0x0000011a4528a1a3 sp=0x0000001642bf3e28 mode 2
Event: 90.953 Thread 0x0000011a747cea80 Uncommon trap: trap_request=0xffffffbe fr.pc=0x0000011a45852f44 relative=0x00000000000001a4
Event: 90.953 Thread 0x0000011a747cea80 Uncommon trap: reason=profile_predicate action=maybe_recompile pc=0x0000011a45852f44 method=java.util.LinkedHashMap.keysToArray([Ljava/lang/Object;)[Ljava/lang/Object; @ 12 c2
Event: 90.953 Thread 0x0000011a747cea80 DEOPT PACKING pc=0x0000011a45852f44 sp=0x0000001642bf3e70
Event: 90.953 Thread 0x0000011a747cea80 DEOPT UNPACKING pc=0x0000011a4528a1a3 sp=0x0000001642bf3e28 mode 2
Event: 91.007 Thread 0x0000011a747cf9b0 DEOPT PACKING pc=0x0000011a3e1beafc sp=0x00000016436feb30
Event: 91.007 Thread 0x0000011a747cf9b0 DEOPT UNPACKING pc=0x0000011a4528ace3 sp=0x00000016436fe0b0 mode 0
Event: 103.060 Thread 0x0000011a747cea80 Uncommon trap: trap_request=0xffffffc6 fr.pc=0x0000011a45960260 relative=0x0000000000000220
Event: 103.060 Thread 0x0000011a747cea80 Uncommon trap: reason=bimorphic_or_optimized_type_check action=maybe_recompile pc=0x0000011a45960260 method=com.google.common.base.CharMatcher.indexIn(Ljava/lang/CharSequence;I)I @ 31 c2
Event: 103.060 Thread 0x0000011a747cea80 DEOPT PACKING pc=0x0000011a45960260 sp=0x0000001642bf83a0
Event: 103.060 Thread 0x0000011a747cea80 DEOPT UNPACKING pc=0x0000011a4528a1a3 sp=0x0000001642bf8348 mode 2
Event: 103.060 Thread 0x0000011a747cea80 Uncommon trap: trap_request=0xffffffc6 fr.pc=0x0000011a45960260 relative=0x0000000000000220
Event: 103.060 Thread 0x0000011a747cea80 Uncommon trap: reason=bimorphic_or_optimized_type_check action=maybe_recompile pc=0x0000011a45960260 method=com.google.common.base.CharMatcher.indexIn(Ljava/lang/CharSequence;I)I @ 31 c2
Event: 103.060 Thread 0x0000011a747cea80 DEOPT PACKING pc=0x0000011a45960260 sp=0x0000001642bf8410
Event: 103.060 Thread 0x0000011a747cea80 DEOPT UNPACKING pc=0x0000011a4528a1a3 sp=0x0000001642bf83b8 mode 2

Classes loaded (20 events):
Event: 102.943 Loading class jdk/internal/logger/LoggerFinderLoader$TemporaryLoggerFinder
Event: 102.944 Loading class jdk/internal/logger/LoggerFinderLoader$TemporaryLoggerFinder done
Event: 102.946 Loading class sun/util/logging/internal/LoggingProviderImpl$JULWrapper
Event: 102.948 Loading class sun/util/logging/PlatformLogger$ConfigurableBridge$LoggerConfiguration
Event: 102.949 Loading class sun/util/logging/PlatformLogger$ConfigurableBridge$LoggerConfiguration done
Event: 102.949 Loading class sun/util/logging/internal/LoggingProviderImpl$JULWrapper done
Event: 102.951 Loading class java/io/ObjectInputFilter
Event: 102.951 Loading class java/io/ObjectInputFilter done
Event: 102.953 Loading class java/io/ObjectInputFilter$Config$BuiltinFilterFactory
Event: 102.954 Loading class java/io/ObjectInputFilter$Config$BuiltinFilterFactory done
Event: 102.954 Loading class jdk/internal/access/JavaObjectInputFilterAccess
Event: 102.954 Loading class jdk/internal/access/JavaObjectInputFilterAccess done
Event: 102.955 Loading class java/lang/System$Logger$Level
Event: 102.956 Loading class java/lang/System$Logger$Level done
Event: 102.956 Loading class jdk/internal/event/DeserializationEvent
Event: 102.959 Loading class jdk/internal/event/DeserializationEvent done
Event: 102.959 Loading class java/io/ObjectInputStream$FieldValues
Event: 102.960 Loading class java/io/ObjectInputStream$GetField
Event: 102.960 Loading class java/io/ObjectInputStream$GetField done
Event: 102.960 Loading class java/io/ObjectInputStream$FieldValues done

Classes unloaded (0 events):
No events

Classes redefined (0 events):
No events

Internal exceptions (20 events):
Event: 86.988 Thread 0x0000011a747cea80 Exception <a 'java/lang/ClassNotFoundException'{0x0000000083eef538}: org/gradle/configuration/internal/DefaultListenerBuildOperationDecorator$BuildOperationEmittingClosureCustomizer> (0x0000000083eef538) 
thrown [s\src\hotspot\share\classfile\systemDictionary.cpp, line 256]
Event: 87.168 Thread 0x0000011a747cea80 Exception <a 'sun/nio/fs/WindowsException'{0x0000000083c27128}> (0x0000000083c27128) 
thrown [s\src\hotspot\share\prims\jni.cpp, line 516]
Event: 87.169 Thread 0x0000011a747cea80 Exception <a 'sun/nio/fs/WindowsException'{0x0000000083c28b90}> (0x0000000083c28b90) 
thrown [s\src\hotspot\share\prims\jni.cpp, line 516]
Event: 87.175 Thread 0x0000011a747cea80 Exception <a 'sun/nio/fs/WindowsException'{0x0000000083c46430}> (0x0000000083c46430) 
thrown [s\src\hotspot\share\prims\jni.cpp, line 516]
Event: 88.122 Thread 0x0000011a747cea80 Exception <a 'java/lang/NoSuchMethodError'{0x0000000087890bb0}: 'void java.lang.invoke.DirectMethodHandle$Holder.invokeStatic(java.lang.Object, java.lang.Object, java.lang.Object, java.lang.Object, java.lang.Object, java.lang.Object, java.lang.Object)'> (0x0000000087890bb0) 
thrown [s\src\hotspot\share\interpreter\linkResolver.cpp, line 759]
Event: 90.691 Thread 0x0000011a747cea80 Exception <a 'java/lang/NoSuchMethodError'{0x0000000084af9a78}: 'long java.lang.invoke.DirectMethodHandle$Holder.invokeStatic(java.lang.Object, long)'> (0x0000000084af9a78) 
thrown [s\src\hotspot\share\interpreter\linkResolver.cpp, line 759]
Event: 90.736 Thread 0x0000011a747cea80 Implicit null exception at 0x0000011a45817c97 to 0x0000011a45818024
Event: 91.340 Thread 0x0000011a747cea80 Exception <a 'java/lang/NoSuchMethodError'{0x00000000841a2240}: 'java.lang.Object java.lang.invoke.DirectMethodHandle$Holder.invokeSpecial(java.lang.Object, java.lang.Object, java.lang.Object, java.lang.Object, java.lang.Object, java.lang.Object, java.lang.Object, java.lang.Object, java.lang.Object, java.lang.Object, java.lang.Object, java.lang.Object, java.lang.Object, java.lang.Object, java.lang.Object, java.lang.Object, java.lang.Object, java.lang.Object, java.lang.Object, java.lang.Object, java.lang.Ob
Event: 91.341 Thread 0x0000011a747cea80 Exception <a 'java/lang/NoSuchMethodError'{0x00000000841a85f8}: 'java.lang.Object java.lang.invoke.DelegatingMethodHandle$Holder.reinvoke_L(java.lang.Object, java.lang.Object, java.lang.Object, java.lang.Object, java.lang.Object, java.lang.Object, java.lang.Object, java.lang.Object, java.lang.Object, java.lang.Object, java.lang.Object, java.lang.Object, java.lang.Object, java.lang.Object, java.lang.Object, java.lang.Object, java.lang.Object, java.lang.Object, java.lang.Object, java.lang.Object, java.lang.O
Event: 91.342 Thread 0x0000011a747cea80 Exception <a 'java/lang/NoSuchMethodError'{0x00000000841b3fb8}: 'java.lang.Object java.lang.invoke.Invokers$Holder.invoker(java.lang.Object, java.lang.Object, java.lang.Object, java.lang.Object, java.lang.Object, java.lang.Object, java.lang.Object, java.lang.Object, java.lang.Object, java.lang.Object, java.lang.Object, java.lang.Object, java.lang.Object, java.lang.Object, java.lang.Object, java.lang.Object, java.lang.Object, java.lang.Object, java.lang.Object, java.lang.Object, java.lang.Object, java.lang.
Event: 91.342 Thread 0x0000011a747cea80 Exception <a 'java/lang/NoSuchMethodError'{0x00000000841bacc0}: 'java.lang.Object java.lang.invoke.DelegatingMethodHandle$Holder.delegate(java.lang.Object, java.lang.Object, java.lang.Object, java.lang.Object, java.lang.Object, java.lang.Object, java.lang.Object, java.lang.Object, java.lang.Object, java.lang.Object, java.lang.Object, java.lang.Object, java.lang.Object, java.lang.Object, java.lang.Object, java.lang.Object, java.lang.Object, java.lang.Object, java.lang.Object, java.lang.Object, java.lang.Obj
Event: 91.361 Thread 0x0000011a747cea80 Exception <a 'java/lang/NoSuchMethodError'{0x0000000084088ed0}: 'java.lang.Object java.lang.invoke.DirectMethodHandle$Holder.invokeStatic(java.lang.Object, java.lang.Object, java.lang.Object, java.lang.Object, java.lang.Object, java.lang.Object, java.lang.Object, java.lang.Object, java.lang.Object, java.lang.Object, java.lang.Object, java.lang.Object, java.lang.Object, java.lang.Object, java.lang.Object, java.lang.Object, java.lang.Object, java.lang.Object, java.lang.Object, java.lang.Object, java.lang.Obj
Event: 102.757 Thread 0x0000011a747cea80 Exception <a 'java/lang/NoSuchMethodError'{0x0000000087b8edc8}: static Lorg/gradle/api/internal/catalog/DefaultVersionCatalog;.<clinit>()V> (0x0000000087b8edc8) 
thrown [s\src\hotspot\share\prims\jni.cpp, line 1112]
Event: 102.810 Thread 0x0000011a747cea80 Exception <a 'java/lang/NoSuchMethodError'{0x0000000087be34f8}: static [Ljava/lang/Object;.<clinit>()V> (0x0000000087be34f8) 
thrown [s\src\hotspot\share\prims\jni.cpp, line 1112]
Event: 102.818 Thread 0x0000011a747cea80 Exception <a 'java/lang/NoSuchMethodError'{0x0000000087918ed8}: static Lorg/gradle/api/internal/catalog/DependencyModel;.<clinit>()V> (0x0000000087918ed8) 
thrown [s\src\hotspot\share\prims\jni.cpp, line 1112]
Event: 102.819 Thread 0x0000011a747cea80 Exception <a 'java/lang/NoSuchMethodError'{0x000000008791cb00}: static Lorg/gradle/api/internal/catalog/AbstractContextAwareModel;.<clinit>()V> (0x000000008791cb00) 
thrown [s\src\hotspot\share\prims\jni.cpp, line 1112]
Event: 102.820 Thread 0x0000011a747cea80 Exception <a 'java/lang/NoSuchMethodError'{0x0000000087936420}: static Lorg/gradle/api/internal/artifacts/dependencies/AbstractVersionConstraint;.<clinit>()V> (0x0000000087936420) 
thrown [s\src\hotspot\share\prims\jni.cpp, line 1112]
Event: 102.842 Thread 0x0000011a747cea80 Exception <a 'java/lang/NoSuchMethodError'{0x00000000879eeb48}: static Lorg/gradle/api/internal/catalog/PluginModel;.<clinit>()V> (0x00000000879eeb48) 
thrown [s\src\hotspot\share\prims\jni.cpp, line 1112]
Event: 102.906 Thread 0x0000011a747cea80 Exception <a 'java/lang/NoSuchMethodError'{0x0000000087805bb8}: static Lorg/gradle/api/internal/catalog/VersionModel;.<clinit>()V> (0x0000000087805bb8) 
thrown [s\src\hotspot\share\prims\jni.cpp, line 1112]
Event: 102.916 Thread 0x0000011a747cea80 Exception <a 'java/lang/NoSuchMethodError'{0x000000008781db48}: 'void java.lang.invoke.DirectMethodHandle$Holder.invokeSpecial(java.lang.Object, java.lang.Object, java.lang.Object, int)'> (0x000000008781db48) 
thrown [s\src\hotspot\share\interpreter\linkResolver.cpp, line 759]

VM Operations (20 events):
Event: 90.040 Executing VM operation: Cleanup
Event: 90.057 Executing VM operation: Cleanup done
Event: 91.071 Executing VM operation: Cleanup
Event: 91.072 Executing VM operation: Cleanup done
Event: 92.082 Executing VM operation: Cleanup
Event: 92.082 Executing VM operation: Cleanup done
Event: 93.097 Executing VM operation: Cleanup
Event: 93.097 Executing VM operation: Cleanup done
Event: 94.104 Executing VM operation: Cleanup
Event: 94.120 Executing VM operation: Cleanup done
Event: 95.120 Executing VM operation: Cleanup
Event: 95.120 Executing VM operation: Cleanup done
Event: 97.138 Executing VM operation: Cleanup
Event: 97.138 Executing VM operation: Cleanup done
Event: 102.664 Executing VM operation: G1CollectForAllocation
Event: 102.693 Executing VM operation: G1CollectForAllocation done
Event: 102.763 Executing VM operation: HandshakeAllThreads
Event: 102.763 Executing VM operation: HandshakeAllThreads done
Event: 103.772 Executing VM operation: Cleanup
Event: 103.773 Executing VM operation: Cleanup done

Memory protections (0 events):
No events

Nmethod flushes (20 events):
Event: 80.707 Thread 0x0000011a547f87b0 flushing  nmethod 0x0000011a3e455d90
Event: 80.707 Thread 0x0000011a547f87b0 flushing  nmethod 0x0000011a3e459e90
Event: 80.707 Thread 0x0000011a547f87b0 flushing  nmethod 0x0000011a3e46fe10
Event: 80.707 Thread 0x0000011a547f87b0 flushing  nmethod 0x0000011a3e493390
Event: 80.707 Thread 0x0000011a547f87b0 flushing  nmethod 0x0000011a3e49b710
Event: 80.707 Thread 0x0000011a547f87b0 flushing  nmethod 0x0000011a3e49df10
Event: 80.707 Thread 0x0000011a547f87b0 flushing  nmethod 0x0000011a3e49e710
Event: 80.707 Thread 0x0000011a547f87b0 flushing  nmethod 0x0000011a3e49f190
Event: 80.707 Thread 0x0000011a547f87b0 flushing  nmethod 0x0000011a3e49f710
Event: 80.708 Thread 0x0000011a547f87b0 flushing  nmethod 0x0000011a3e4a3490
Event: 80.708 Thread 0x0000011a547f87b0 flushing  nmethod 0x0000011a3e4b4310
Event: 80.708 Thread 0x0000011a547f87b0 flushing  nmethod 0x0000011a3e4d0290
Event: 80.708 Thread 0x0000011a547f87b0 flushing  nmethod 0x0000011a3e4d4790
Event: 80.708 Thread 0x0000011a547f87b0 flushing  nmethod 0x0000011a3e4e6290
Event: 80.708 Thread 0x0000011a547f87b0 flushing  nmethod 0x0000011a3e544b90
Event: 80.708 Thread 0x0000011a547f87b0 flushing  nmethod 0x0000011a3e571710
Event: 80.708 Thread 0x0000011a547f87b0 flushing  nmethod 0x0000011a3e5ae090
Event: 80.709 Thread 0x0000011a547f87b0 flushing  nmethod 0x0000011a3e5d7690
Event: 80.709 Thread 0x0000011a547f87b0 flushing  nmethod 0x0000011a3e613d90
Event: 80.709 Thread 0x0000011a547f87b0 flushing  nmethod 0x0000011a3e641190

Events (20 events):
Event: 41.051 Thread 0x0000011a747cea80 Thread added: 0x0000011a75e72300
Event: 41.346 Thread 0x0000011a747cea80 Thread added: 0x0000011a75e709b0
Event: 41.804 Thread 0x0000011a747cea80 Thread added: 0x0000011a75e704a0
Event: 42.043 Thread 0x0000011a747cea80 Thread added: 0x0000011a75e6ff90
Event: 42.969 Thread 0x0000011a747cea80 Thread added: 0x0000011a75e72810
Event: 46.235 Thread 0x0000011a747cea80 Thread added: 0x0000011a75e70ec0
Event: 47.565 Thread 0x0000011a747cea80 Thread added: 0x0000011a75e713d0
Event: 57.036 Thread 0x0000011a747cea80 Thread added: 0x0000011a75e6f060
Event: 57.476 Thread 0x0000011a747cea80 Thread added: 0x0000011a75e6f570
Event: 58.282 Thread 0x0000011a747cea80 Thread added: 0x0000011a75e6fa80
Event: 59.251 Thread 0x0000011a747cea80 Thread added: 0x0000011a75e286a0
Event: 60.076 Thread 0x0000011a747cea80 Thread added: 0x0000011a75e27c80
Event: 60.149 Thread 0x0000011a75e27c80 Thread added: 0x0000011a75e295d0
Event: 60.149 Thread 0x0000011a75e27c80 Thread added: 0x0000011a75e28190
Event: 79.429 Thread 0x0000011a747cea80 Thread added: 0x0000011a75e290c0
Event: 79.523 Thread 0x0000011a747cea80 Thread added: 0x0000011a75e2a500
Event: 83.379 Thread 0x0000011a747cea80 Thread added: 0x0000011a75e28bb0
Event: 83.379 Thread 0x0000011a747cea80 Thread added: 0x0000011a75e29ae0
Event: 86.630 Thread 0x0000011a747cef90 Thread exited: 0x0000011a747cef90
Event: 91.307 Thread 0x0000011a747cea80 Thread added: 0x0000011a75e29ff0


Dynamic libraries:
0x00007ff6285e0000 - 0x00007ff6285ee000 	C:\Users\Siddhartha\.gradle\jdks\eclipse_adoptium-17-amd64-windows.2\bin\java.exe
0x00007ffef6d00000 - 0x00007ffef6f66000 	C:\WINDOWS\SYSTEM32\ntdll.dll
0x00007ffef5220000 - 0x00007ffef52e9000 	C:\WINDOWS\System32\KERNEL32.DLL
0x00007ffef42d0000 - 0x00007ffef46cf000 	C:\WINDOWS\System32\KERNELBASE.dll
0x00007ffef48d0000 - 0x00007ffef4a1c000 	C:\WINDOWS\System32\ucrtbase.dll
0x00007ffee9ab0000 - 0x00007ffee9ac8000 	C:\Users\Siddhartha\.gradle\jdks\eclipse_adoptium-17-amd64-windows.2\bin\jli.dll
0x00007ffef4b30000 - 0x00007ffef4cf6000 	C:\WINDOWS\System32\USER32.dll
0x00007ffef3fc0000 - 0x00007ffef3fe7000 	C:\WINDOWS\System32\win32u.dll
0x00007ffef60e0000 - 0x00007ffef610b000 	C:\WINDOWS\System32\GDI32.dll
0x00007ffef47a0000 - 0x00007ffef48c9000 	C:\WINDOWS\System32\gdi32full.dll
0x00007ffee9a90000 - 0x00007ffee9aae000 	C:\Users\Siddhartha\.gradle\jdks\eclipse_adoptium-17-amd64-windows.2\bin\VCRUNTIME140.dll
0x00007ffef3f10000 - 0x00007ffef3fb3000 	C:\WINDOWS\System32\msvcp_win.dll
0x00007ffed5b50000 - 0x00007ffed5de1000 	C:\WINDOWS\WinSxS\amd64_microsoft.windows.common-controls_6595b64144ccf1df_6.0.26100.8972_none_3e0da176e32f9d4b\COMCTL32.dll
0x00007ffef6030000 - 0x00007ffef60d9000 	C:\WINDOWS\System32\msvcrt.dll
0x00007ffef5d70000 - 0x00007ffef5da2000 	C:\WINDOWS\System32\IMM32.DLL
0x00007ffed77e0000 - 0x00007ffed77ec000 	C:\Users\Siddhartha\.gradle\jdks\eclipse_adoptium-17-amd64-windows.2\bin\vcruntime140_1.dll
0x00007ffec9480000 - 0x00007ffec950d000 	C:\Users\Siddhartha\.gradle\jdks\eclipse_adoptium-17-amd64-windows.2\bin\msvcp140.dll
0x00007ffe2f720000 - 0x00007ffe3038c000 	C:\Users\Siddhartha\.gradle\jdks\eclipse_adoptium-17-amd64-windows.2\bin\server\jvm.dll
0x00007ffef5430000 - 0x00007ffef54ec000 	C:\WINDOWS\System32\ADVAPI32.dll
0x00007ffef5cc0000 - 0x00007ffef5d6a000 	C:\WINDOWS\System32\sechost.dll
0x00007ffef52f0000 - 0x00007ffef5408000 	C:\WINDOWS\System32\RPCRT4.dll
0x00007ffef5fa0000 - 0x00007ffef6022000 	C:\WINDOWS\System32\WS2_32.dll
0x00007ffef3d70000 - 0x00007ffef3dce000 	C:\WINDOWS\SYSTEM32\POWRPROF.dll
0x00007ffee5e80000 - 0x00007ffee5e8b000 	C:\WINDOWS\SYSTEM32\VERSION.dll
0x00007ffee9160000 - 0x00007ffee9196000 	C:\WINDOWS\SYSTEM32\WINMM.dll
0x00007ffef3d50000 - 0x00007ffef3d65000 	C:\WINDOWS\SYSTEM32\UMPDC.dll
0x00007ffef2c00000 - 0x00007ffef2c1b000 	C:\WINDOWS\SYSTEM32\kernel.appcore.dll
0x00007ffed77d0000 - 0x00007ffed77da000 	C:\Users\Siddhartha\.gradle\jdks\eclipse_adoptium-17-amd64-windows.2\bin\jimage.dll
0x00007ffef13d0000 - 0x00007ffef1612000 	C:\WINDOWS\SYSTEM32\DBGHELP.DLL
0x00007ffef6710000 - 0x00007ffef6a95000 	C:\WINDOWS\System32\combase.dll
0x00007ffef6150000 - 0x00007ffef6229000 	C:\WINDOWS\System32\OLEAUT32.dll
0x00007ffee9120000 - 0x00007ffee915b000 	C:\WINDOWS\SYSTEM32\dbgcore.DLL
0x00007ffef4210000 - 0x00007ffef42bc000 	C:\WINDOWS\System32\bcryptPrimitives.dll
0x00007ffed6960000 - 0x00007ffed696e000 	C:\Users\Siddhartha\.gradle\jdks\eclipse_adoptium-17-amd64-windows.2\bin\instrument.dll
0x00007ffecb330000 - 0x00007ffecb355000 	C:\Users\Siddhartha\.gradle\jdks\eclipse_adoptium-17-amd64-windows.2\bin\java.dll
0x00007ffeac240000 - 0x00007ffeac317000 	C:\Users\Siddhartha\.gradle\jdks\eclipse_adoptium-17-amd64-windows.2\bin\jsvml.dll
0x00007ffef5530000 - 0x00007ffef5cb8000 	C:\WINDOWS\System32\SHELL32.dll
0x00007ffef1990000 - 0x00007ffef222b000 	C:\WINDOWS\SYSTEM32\windows.storage.dll
0x00007ffef4a30000 - 0x00007ffef4b29000 	C:\WINDOWS\System32\SHCORE.dll
0x00007ffef6230000 - 0x00007ffef6296000 	C:\WINDOWS\System32\shlwapi.dll
0x00007ffef3e30000 - 0x00007ffef3e59000 	C:\WINDOWS\SYSTEM32\profapi.dll
0x00007ffed49f0000 - 0x00007ffed4a08000 	C:\Users\Siddhartha\.gradle\jdks\eclipse_adoptium-17-amd64-windows.2\bin\zip.dll
0x00007ffed3040000 - 0x00007ffed305a000 	C:\Users\Siddhartha\.gradle\jdks\eclipse_adoptium-17-amd64-windows.2\bin\net.dll
0x00007ffeea0f0000 - 0x00007ffeea218000 	C:\WINDOWS\SYSTEM32\WINHTTP.dll
0x00007ffef31b0000 - 0x00007ffef321c000 	C:\WINDOWS\system32\mswsock.dll
0x00007ffecb310000 - 0x00007ffecb326000 	C:\Users\Siddhartha\.gradle\jdks\eclipse_adoptium-17-amd64-windows.2\bin\nio.dll
0x00007ffed6950000 - 0x00007ffed6960000 	C:\Users\Siddhartha\.gradle\jdks\eclipse_adoptium-17-amd64-windows.2\bin\verify.dll
0x00007ffeebe90000 - 0x00007ffeebeb7000 	C:\Users\Siddhartha\.gradle\native\c067742578af261105cb4f569cf0c3c89f3d7b1fecec35dd04571415982c5e48\windows-amd64\native-platform.dll
0x00007ffe81a00000 - 0x00007ffe81b44000 	C:\Users\Siddhartha\.gradle\native\38dada09dfb8b06ba9b0570ebf7e218e3eb74d4ef43ca46872605cf95ebc2f47\windows-amd64\native-platform-file-events.dll
0x00007ffed6e50000 - 0x00007ffed6e5a000 	C:\Users\Siddhartha\.gradle\jdks\eclipse_adoptium-17-amd64-windows.2\bin\management.dll
0x00007ffed6e00000 - 0x00007ffed6e0c000 	C:\Users\Siddhartha\.gradle\jdks\eclipse_adoptium-17-amd64-windows.2\bin\management_ext.dll
0x00007ffef6110000 - 0x00007ffef6118000 	C:\WINDOWS\System32\PSAPI.DLL
0x00007ffef34a0000 - 0x00007ffef34bb000 	C:\WINDOWS\SYSTEM32\CRYPTSP.dll
0x00007ffef2b60000 - 0x00007ffef2b99000 	C:\WINDOWS\system32\rsaenh.dll
0x00007ffef3260000 - 0x00007ffef3292000 	C:\WINDOWS\SYSTEM32\USERENV.dll
0x00007ffef3e00000 - 0x00007ffef3e2a000 	C:\WINDOWS\SYSTEM32\bcrypt.dll
0x00007ffef34c0000 - 0x00007ffef34cc000 	C:\WINDOWS\SYSTEM32\CRYPTBASE.dll
0x00007ffef2580000 - 0x00007ffef25b3000 	C:\WINDOWS\SYSTEM32\IPHLPAPI.DLL
0x00007ffef6140000 - 0x00007ffef614a000 	C:\WINDOWS\System32\NSI.dll
0x00007ffeea2b0000 - 0x00007ffeea2cd000 	C:\WINDOWS\SYSTEM32\dhcpcsvc6.DLL
0x00007ffeea220000 - 0x00007ffeea245000 	C:\WINDOWS\SYSTEM32\dhcpcsvc.DLL
0x00007ffef2680000 - 0x00007ffef27d8000 	C:\WINDOWS\SYSTEM32\DNSAPI.dll
0x00007ffef2fb0000 - 0x00007ffef2fbd000 	C:\WINDOWS\SYSTEM32\DSPARSE.dll
0x00007ffecb300000 - 0x00007ffecb309000 	C:\Users\Siddhartha\.gradle\jdks\eclipse_adoptium-17-amd64-windows.2\bin\extnet.dll
0x00007ffe871e0000 - 0x00007ffe871ee000 	C:\Users\Siddhartha\.gradle\jdks\eclipse_adoptium-17-amd64-windows.2\bin\sunmscapi.dll
0x00007ffef4080000 - 0x00007ffef41fe000 	C:\WINDOWS\System32\CRYPT32.dll
0x00007ffef36e0000 - 0x00007ffef3710000 	C:\WINDOWS\SYSTEM32\ncrypt.dll
0x00007ffef3690000 - 0x00007ffef36cf000 	C:\WINDOWS\SYSTEM32\NTASN1.dll
0x00007ffe862e0000 - 0x00007ffe862e8000 	C:\WINDOWS\system32\wshunix.dll

dbghelp: loaded successfully - version: 4.0.5 - missing functions: none
symbol engine: initialized successfully - sym options: 0x614 - pdb path: .;C:\Users\Siddhartha\.gradle\jdks\eclipse_adoptium-17-amd64-windows.2\bin;C:\WINDOWS\SYSTEM32;C:\WINDOWS\WinSxS\amd64_microsoft.windows.common-controls_6595b64144ccf1df_6.0.26100.8972_none_3e0da176e32f9d4b;C:\Users\Siddhartha\.gradle\jdks\eclipse_adoptium-17-amd64-windows.2\bin\server;C:\Users\Siddhartha\.gradle\native\c067742578af261105cb4f569cf0c3c89f3d7b1fecec35dd04571415982c5e48\windows-amd64;C:\Users\Siddhartha\.gradle\native\38dada09dfb8b06ba9b0570ebf7e218e3eb74d4ef43ca46872605cf95ebc2f47\windows-amd64

VM Arguments:
jvm_args: -XX:MaxMetaspaceSize=512m --add-opens=java.base/java.util=ALL-UNNAMED --add-opens=java.base/java.lang=ALL-UNNAMED --add-opens=java.base/java.lang.invoke=ALL-UNNAMED --add-opens=java.prefs/java.util.prefs=ALL-UNNAMED --add-opens=java.base/java.nio.charset=ALL-UNNAMED --add-opens=java.base/java.net=ALL-UNNAMED --add-opens=java.base/java.util.concurrent.atomic=ALL-UNNAMED -Xmx2048m -Dfile.encoding=utf8 -Duser.country=IN -Duser.language=en -Duser.variant -javaagent:C:\Users\Siddhartha\.gradle\wrapper\dists\gradle-8.6-all\3mbtmo166bl6vumsh5k2lkq5h\gradle-8.6\lib\agents\gradle-instrumentation-agent-8.6.jar 
java_command: org.gradle.launcher.daemon.bootstrap.GradleDaemon 8.6
java_class_path (initial): C:\Users\Siddhartha\.gradle\wrapper\dists\gradle-8.6-all\3mbtmo166bl6vumsh5k2lkq5h\gradle-8.6\lib\gradle-launcher-8.6.jar
Launcher Type: SUN_STANDARD

[Global flags]
     intx CICompilerCount                          = 4                                         {product} {ergonomic}
   size_t CompressedClassSpaceSize                 = 436207616                                 {product} {ergonomic}
     uint ConcGCThreads                            = 2                                         {product} {ergonomic}
     uint G1ConcRefinementThreads                  = 8                                         {product} {ergonomic}
   size_t G1HeapRegionSize                         = 1048576                                   {product} {ergonomic}
    uintx GCDrainStackTargetSize                   = 64                                        {product} {ergonomic}
   size_t InitialHeapSize                          = 130023424                                 {product} {ergonomic}
   size_t MarkStackSize                            = 4194304                                   {product} {ergonomic}
   size_t MaxHeapSize                              = 2147483648                                {product} {command line}
   size_t MaxMetaspaceSize                         = 536870912                                 {product} {command line}
   size_t MaxNewSize                               = 1287651328                                {product} {ergonomic}
   size_t MinHeapDeltaBytes                        = 1048576                                   {product} {ergonomic}
   size_t MinHeapSize                              = 8388608                                   {product} {ergonomic}
    uintx NonNMethodCodeHeapSize                   = 5839372                                {pd product} {ergonomic}
    uintx NonProfiledCodeHeapSize                  = 122909434                              {pd product} {ergonomic}
    uintx ProfiledCodeHeapSize                     = 122909434                              {pd product} {ergonomic}
    uintx ReservedCodeCacheSize                    = 251658240                              {pd product} {ergonomic}
     bool SegmentedCodeCache                       = true                                      {product} {ergonomic}
   size_t SoftMaxHeapSize                          = 2147483648                             {manageable} {ergonomic}
     bool UseCompressedClassPointers               = true                           {product lp64_product} {ergonomic}
     bool UseCompressedOops                        = true                           {product lp64_product} {ergonomic}
     bool UseG1GC                                  = true                                      {product} {ergonomic}
     bool UseLargePagesIndividualAllocation        = false                                  {pd product} {ergonomic}

Logging:
Log output configuration:
 #0: stdout all=warning uptime,level,tags
 #1: stderr all=off uptime,level,tags

Environment Variables:
PATH=C:\Program Files\Common Files\Oracle\Java\javapath;C:\Program Files\Python313\Scripts\;C:\Program Files\Python313\;C:\Windows\system32;C:\Windows;C:\Windows\System32\Wbem;C:\Windows\System32\WindowsPowerShell\v1.0\;C:\Windows\System32\OpenSSH\;C:\Program Files\NVIDIA Corporation\NVIDIA NvDLISR;C:\WINDOWS\system32;C:\WINDOWS;C:\WINDOWS\System32\Wbem;C:\WINDOWS\System32\WindowsPowerShell\v1.0\;C:\WINDOWS\System32\OpenSSH\;C:\Program Files\dotnet\;C:\MinGW\bin;C:\Program Files\Java\jdk-24\bin;C:\ProgramData\chocolatey\bin;D:\Git\cmd;C:\Users\Siddhartha\.local\bin;D:\dev\nvm;D:\dev\nodejs;C:\Program Files\Microsoft SQL Server\170\Tools\Binn\;C:\Program Files\Microsoft SQL Server\Client SDK\ODBC\170\Tools\Binn\;C:\Program Files (x86)\Microsoft SQL Server\170\Tools\Binn\;C:\Program Files\Microsoft SQL Server\Client SDK\ODBC\180\Tools\Binn\;C:\Program Files\Microsoft SQL Server\170\DTS\Binn\;C:\Program Files\nodejs\;C:\Program Files\k6\;C:\Program Files\Go\bin;C:\Program Files\Common Files\Oracle\Java\javapath;C:\Program Files\Python313\Scripts\;C:\Program Files\Python313\;C:\Windows\system32;C:\Windows;C:\Windows\System32\Wbem;C:\Windows\System32\WindowsPowerShell\v1.0\;C:\Windows\System32\OpenSSH\;C:\Program Files\NVIDIA Corporation\NVIDIA NvDLISR;C:\WINDOWS\system32;C:\WINDOWS;C:\WINDOWS\System32\Wbem;C:\WINDOWS\System32\WindowsPowerShell\v1.0\;C:\WINDOWS\System32\OpenSSH\;C:\Program Files\dotnet\;C:\MinGW\bin;C:\Program Files\Java\jdk-24\bin;C:\ProgramData\chocolatey\bin;D:\Git\cmd;C:\Users\Siddhartha\.local\bin;C:\Program Files\k6\;D:\dev\nvm;D:\dev\nodejs;C:\Program Files\Microsoft SQL Server\170\Tools\Binn\;C:\Program Files\Microsoft SQL Server\Client SDK\ODBC\170\Tools\Binn\;C:\Program Files (x86)\Microsoft SQL Server\170\Tools\Binn\;C:\Program Files\Microsoft SQL Server\Client SDK\ODBC\180\Tools\Binn\;C:\Program Files\Microsoft SQL Server\170\DTS\Binn\;C:\Users\Siddhartha\AppData\Local\Microsoft\WindowsApps;C:\Users\Siddhartha\AppData\Local\Programs\Microsoft VS Code\bin;C:\Program Files\MongoDB\Server\8.2\bin;C:\Users\Siddhartha\AppData\Local\Programs\mongosh\;D:\cursor\resources\app\bin;D:\Antigravity\bin;C:\Program Files (x86)\Nmap;C:\Users\Siddhartha\AppData\Local\Programs\Antigravity IDE\bin;C:\Users\Siddhartha\.dotnet\tools;C:\Users\Siddhartha\AppData\Local\Microsoft\WinGet\Packages\lostindark.DriverStoreExplorer_Microsoft.Winget.Source_8wekyb3d8bbwe;D:\dev\nvm;D:\dev\nodejs;C:\Program Files\nodejs\;D:\Android\Sdk\platform-tools;D:\Android\Sdk\emulator;;C:\Users\Siddhartha\AppData\Local\Programs\DockerDesktop\resources\bin;C:\Users\Siddhartha\go\bin
USERNAME=Siddhartha
OS=Windows_NT
PROCESSOR_IDENTIFIER=Intel64 Family 6 Model 140 Stepping 2, GenuineIntel
TMP=C:\Users\SIDDHA~1\AppData\Local\Temp
TEMP=C:\Users\SIDDHA~1\AppData\Local\Temp



Periodic native trim disabled


---------------  S Y S T E M  ---------------

OS:
 Windows 11 , 64 bit Build 26100 (10.0.26100.9168)
OS uptime: 0 days 0:56 hours
Hyper-V role detected

CPU: total 8 (initial active 8) (4 cores per cpu, 2 threads per core) family 6 model 140 stepping 2 microcode 0x3c, cx8, cmov, fxsr, ht, mmx, 3dnowpref, sse, sse2, sse3, ssse3, sse4.1, sse4.2, popcnt, lzcnt, tsc, tscinvbit, avx, avx2, aes, erms, clmul, bmi1, bmi2, adx, avx512f, avx512dq, avx512cd, avx512bw, avx512vl, sha, fma, vzeroupper, avx512_vpopcntdq, avx512_vpclmulqdq, avx512_vaes, avx512_vnni, clflush, clflushopt, clwb, avx512_vbmi2, avx512_vbmi, hv
Processor Information for all 8 processors :
  Max Mhz: 2496, Current Mhz: 2496, Mhz Limit: 2496

Memory: 4k page, system-wide physical 7930M (205M free)
TotalPageFile size 32506M (AvailPageFile size 96M)
current process WorkingSet (physical memory assigned to process): 127M, peak: 193M
current process commit charge ("private bytes"): 280M, peak: 285M

vm_info: OpenJDK 64-Bit Server VM (17.0.19+10) for windows-amd64 JRE (17.0.19+10), built on Apr 25 2026 08:04:44 by "admin" with MS VC++ 17.12 (VS2022)

END.
