#
# There is insufficient memory for the Java Runtime Environment to continue.
# Native memory allocation (malloc) failed to allocate 1773296 bytes. Error detail: Chunk::new
# Possible reasons:
#   The system is out of physical RAM or swap space
#   This process is running with CompressedOops enabled, and the Java Heap may be blocking the growth of the native heap
# Possible solutions:
#   Reduce memory load on the system
#   Increase physical memory or swap space
#   Check if swap backing store is full
#   Decrease Java heap size (-Xmx/-Xms)
#   Decrease number of Java threads
#   Decrease Java thread stack sizes (-Xss)
#   Set larger code cache with -XX:ReservedCodeCacheSize=
#   JVM is running with Unscaled Compressed Oops mode in which the Java heap is
#     placed in the first 4GB address space. The Java Heap base address is the
#     maximum limit for the native heap growth. Please use -XX:HeapBaseMinAddress
#     to set the Java Heap base and to place the Java Heap above 4GB virtual address.
# This output file may be truncated or incomplete.
#
#  Out of Memory Error (arena.cpp:191), pid=23008, tid=16476
#
# JRE version: OpenJDK Runtime Environment Temurin-17.0.19+10 (17.0.19+10) (build 17.0.19+10)
# Java VM: OpenJDK 64-Bit Server VM Temurin-17.0.19+10 (17.0.19+10, mixed mode, sharing, tiered, compressed oops, compressed class ptrs, g1 gc, windows-amd64)
# No core dump will be written. Minidumps are not enabled by default on client versions of Windows
#

---------------  S U M M A R Y ------------

Command Line: -XX:MaxMetaspaceSize=512m --add-opens=java.base/java.util=ALL-UNNAMED --add-opens=java.base/java.lang=ALL-UNNAMED --add-opens=java.base/java.lang.invoke=ALL-UNNAMED --add-opens=java.prefs/java.util.prefs=ALL-UNNAMED --add-opens=java.base/java.nio.charset=ALL-UNNAMED --add-opens=java.base/java.net=ALL-UNNAMED --add-opens=java.base/java.util.concurrent.atomic=ALL-UNNAMED -Xmx2048m -Dfile.encoding=utf8 -Duser.country=IN -Duser.language=en -Duser.variant -javaagent:C:\Users\Siddhartha\.gradle\wrapper\dists\gradle-8.6-all\3mbtmo166bl6vumsh5k2lkq5h\gradle-8.6\lib\agents\gradle-instrumentation-agent-8.6.jar org.gradle.launcher.daemon.bootstrap.GradleDaemon 8.6

Host: 11th Gen Intel(R) Core(TM) i5-11320H @ 3.20GHz, 8 cores, 7G,  Windows 11 , 64 bit Build 26100 (10.0.26100.9168)
Time: Wed Sep  2 17:30:16 2026 India Standard Time elapsed time: 140.867758 seconds (0d 0h 2m 20s)

---------------  T H R E A D  ---------------

Current thread (0x00000271d8691820):  JavaThread "C2 CompilerThread0" daemon [_thread_in_native, id=16476, stack(0x000000ba3e200000,0x000000ba3e300000)]


Current CompileTask:
C2:140867 8073 %     4       groovy.lang.MetaClassImpl::inheritInterfaceNewMetaMethods @ 100 (195 bytes)

Stack: [0x000000ba3e200000,0x000000ba3e300000]
Native frames: (J=compiled Java code, j=interpreted, Vv=VM code, C=native code)
V  [jvm.dll+0x684b29]
V  [jvm.dll+0x83a2d5]
V  [jvm.dll+0x83bd4e]
V  [jvm.dll+0x83c3d3]
V  [jvm.dll+0x24905f]
V  [jvm.dll+0xad536]
V  [jvm.dll+0xadbdc]
V  [jvm.dll+0x368d4f]
V  [jvm.dll+0x3331d5]
V  [jvm.dll+0x33263a]
V  [jvm.dll+0x219e69]
V  [jvm.dll+0x2192af]
V  [jvm.dll+0x1a49f0]
V  [jvm.dll+0x2299fa]
V  [jvm.dll+0x227bab]
V  [jvm.dll+0x7f0a88]
V  [jvm.dll+0x7eaf1c]
V  [jvm.dll+0x6839f7]
C  [ucrtbase.dll+0x2cd30]
C  [KERNEL32.DLL+0x2ccb7]
C  [ntdll.dll+0xaad6c]


---------------  P R O C E S S  ---------------

Threads class SMR info:
_java_thread_list=0x00000271fbc57360, length=56, elements={
0x00000271ba19f460, 0x00000271d866ad80, 0x00000271d866c3c0, 0x00000271d8684e00,
0x00000271d86856d0, 0x00000271d868eb20, 0x00000271d8691010, 0x00000271d8691820,
0x00000271d86955b0, 0x00000271d869b780, 0x00000271d864c4c0, 0x00000271d8950820,
0x00000271fa06c010, 0x00000271d89345d0, 0x00000271f94fe060, 0x00000271f94dca60,
0x00000271f8aeee50, 0x00000271f8aec5d0, 0x00000271f8aee430, 0x00000271f8aecae0,
0x00000271f8aef360, 0x00000271f8aefd80, 0x00000271f8aecff0, 0x00000271f8aed500,
0x00000271f8aeda10, 0x00000271f8aee940, 0x00000271fa01fdc0, 0x00000271fa01ee90,
0x00000271fa01e470, 0x00000271fa01df60, 0x00000271fa0202d0, 0x00000271fa01d030,
0x00000271fa0207e0, 0x00000271fa020cf0, 0x00000271fa01e980, 0x00000271fa021200,
0x00000271fa01f3a0, 0x00000271fa01da50, 0x00000271fa021c20, 0x00000271fa0249b0,
0x00000271fa022130, 0x00000271fa021710, 0x00000271fa023060, 0x00000271fa023a80,
0x00000271fa022640, 0x00000271fa022b50, 0x00000271fa023570, 0x00000271fa023f90,
0x00000271fa0244a0, 0x00000271f8aedf20, 0x00000271fb5fdc10, 0x00000271fb5fe630,
0x00000271fb5fcce0, 0x00000271fb5fb8a0, 0x00000271fb5fe120, 0x00000271fb5feb40
}

Java Threads: ( => current thread )
  0x00000271ba19f460 JavaThread "main" [_thread_blocked, id=14476, stack(0x000000ba3d500000,0x000000ba3d600000)]
  0x00000271d866ad80 JavaThread "Reference Handler" daemon [_thread_blocked, id=6952, stack(0x000000ba3dc00000,0x000000ba3dd00000)]
  0x00000271d866c3c0 JavaThread "Finalizer" daemon [_thread_blocked, id=25688, stack(0x000000ba3dd00000,0x000000ba3de00000)]
  0x00000271d8684e00 JavaThread "Signal Dispatcher" daemon [_thread_blocked, id=10800, stack(0x000000ba3de00000,0x000000ba3df00000)]
  0x00000271d86856d0 JavaThread "Attach Listener" daemon [_thread_blocked, id=13908, stack(0x000000ba3df00000,0x000000ba3e000000)]
  0x00000271d868eb20 JavaThread "Service Thread" daemon [_thread_blocked, id=18444, stack(0x000000ba3e000000,0x000000ba3e100000)]
  0x00000271d8691010 JavaThread "Monitor Deflation Thread" daemon [_thread_blocked, id=18792, stack(0x000000ba3e100000,0x000000ba3e200000)]
=>0x00000271d8691820 JavaThread "C2 CompilerThread0" daemon [_thread_in_native, id=16476, stack(0x000000ba3e200000,0x000000ba3e300000)]
  0x00000271d86955b0 JavaThread "C1 CompilerThread0" daemon [_thread_blocked, id=9636, stack(0x000000ba3e300000,0x000000ba3e400000)]
  0x00000271d869b780 JavaThread "Sweeper thread" daemon [_thread_blocked, id=17272, stack(0x000000ba3e400000,0x000000ba3e500000)]
  0x00000271d864c4c0 JavaThread "Common-Cleaner" daemon [_thread_blocked, id=15356, stack(0x000000ba3e500000,0x000000ba3e600000)]
  0x00000271d8950820 JavaThread "Notification Thread" daemon [_thread_blocked, id=25240, stack(0x000000ba3e600000,0x000000ba3e700000)]
  0x00000271fa06c010 JavaThread "Daemon health stats" [_thread_blocked, id=23216, stack(0x000000ba3ec00000,0x000000ba3ed00000)]
  0x00000271d89345d0 JavaThread "Incoming local TCP Connector on port 42836" [_thread_in_native, id=27608, stack(0x000000ba3ed00000,0x000000ba3ee00000)]
  0x00000271f94fe060 JavaThread "Daemon periodic checks" [_thread_blocked, id=14484, stack(0x000000ba3ee00000,0x000000ba3ef00000)]
  0x00000271f94dca60 JavaThread "Daemon" [_thread_blocked, id=25644, stack(0x000000ba3ef00000,0x000000ba3f000000)]
  0x00000271f8aeee50 JavaThread "Handler for socket connection from /127.0.0.1:42836 to /127.0.0.1:42838" [_thread_in_native, id=22984, stack(0x000000ba3f000000,0x000000ba3f100000)]
  0x00000271f8aec5d0 JavaThread "Cancel handler" [_thread_blocked, id=20996, stack(0x000000ba3f100000,0x000000ba3f200000)]
  0x00000271f8aee430 JavaThread "Daemon worker" [_thread_in_native, id=4588, stack(0x000000ba3f200000,0x000000ba3f300000)]
  0x00000271f8aecae0 JavaThread "Asynchronous log dispatcher for DefaultDaemonConnection: socket connection from /127.0.0.1:42836 to /127.0.0.1:42838" [_thread_blocked, id=20216, stack(0x000000ba3f300000,0x000000ba3f400000)]
  0x00000271f8aef360 JavaThread "Daemon client event forwarder" [_thread_blocked, id=25004, stack(0x000000ba3f500000,0x000000ba3f600000)]
  0x00000271f8aefd80 JavaThread "Cache worker for journal cache (C:\Users\Siddhartha\.gradle\caches\journal-1)" [_thread_blocked, id=27684, stack(0x000000ba3d300000,0x000000ba3d400000)]
  0x00000271f8aecff0 JavaThread "File lock request listener" [_thread_in_native, id=27708, stack(0x000000ba3f900000,0x000000ba3fa00000)]
  0x00000271f8aed500 JavaThread "File lock release action executor" [_thread_blocked, id=27740, stack(0x000000ba3fa00000,0x000000ba3fb00000)]
  0x00000271f8aeda10 JavaThread "Cache worker for file hash cache (C:\Users\Siddhartha\.gradle\caches\8.6\fileHashes)" [_thread_blocked, id=27752, stack(0x000000ba3fb00000,0x000000ba3fc00000)]
  0x00000271f8aee940 JavaThread "File watcher server" daemon [_thread_in_native, id=15904, stack(0x000000ba3fc00000,0x000000ba3fd00000)]
  0x00000271fa01fdc0 JavaThread "File watcher consumer" daemon [_thread_blocked, id=26904, stack(0x000000ba3fd00000,0x000000ba3fe00000)]
  0x00000271fa01ee90 JavaThread "Cache worker for checksums cache (D:\Sciqus\SCIQUS.TICKETS\Mobile-Frontend\android\.gradle\8.6\checksums)" [_thread_blocked, id=28296, stack(0x000000ba3ff00000,0x000000ba40000000)]
  0x00000271fa01e470 JavaThread "Cache worker for file hash cache (D:\Sciqus\SCIQUS.TICKETS\Mobile-Frontend\android\.gradle\8.6\fileHashes)" [_thread_blocked, id=9488, stack(0x000000ba40000000,0x000000ba40100000)]
  0x00000271fa01df60 JavaThread "Cache worker for cache directory md-supplier (C:\Users\Siddhartha\.gradle\caches\8.6\md-supplier)" [_thread_blocked, id=28356, stack(0x000000ba40100000,0x000000ba40200000)]
  0x00000271fa0202d0 JavaThread "Cache worker for cache directory md-rule (C:\Users\Siddhartha\.gradle\caches\8.6\md-rule)" [_thread_blocked, id=26204, stack(0x000000ba40200000,0x000000ba40300000)]
  0x00000271fa01d030 JavaThread "Cache worker for file content cache (C:\Users\Siddhartha\.gradle\caches\8.6\fileContent)" [_thread_blocked, id=27656, stack(0x000000ba40300000,0x000000ba40400000)]
  0x00000271fa0207e0 JavaThread "jar transforms" [_thread_blocked, id=3204, stack(0x000000ba40400000,0x000000ba40500000)]
  0x00000271fa020cf0 JavaThread "jar transforms Thread 2" [_thread_blocked, id=4784, stack(0x000000ba40500000,0x000000ba40600000)]
  0x00000271fa01e980 JavaThread "jar transforms Thread 3" [_thread_blocked, id=25456, stack(0x000000ba40800000,0x000000ba40900000)]
  0x00000271fa021200 JavaThread "jar transforms Thread 4" [_thread_blocked, id=27888, stack(0x000000ba3d200000,0x000000ba3d300000)]
  0x00000271fa01f3a0 JavaThread "jar transforms Thread 5" [_thread_blocked, id=17168, stack(0x000000ba3d400000,0x000000ba3d500000)]
  0x00000271fa01da50 JavaThread "jar transforms Thread 6" [_thread_blocked, id=19704, stack(0x000000ba40900000,0x000000ba40a00000)]
  0x00000271fa021c20 JavaThread "Exec process" [_thread_blocked, id=23152, stack(0x000000ba40a00000,0x000000ba40b00000)]
  0x00000271fa0249b0 JavaThread "Exec process Thread 2" [_thread_blocked, id=22540, stack(0x000000ba40b00000,0x000000ba40c00000)]
  0x00000271fa022130 JavaThread "Exec process Thread 3" [_thread_blocked, id=24100, stack(0x000000ba40c00000,0x000000ba40d00000)]
  0x00000271fa021710 JavaThread "jar transforms Thread 7" [_thread_blocked, id=28668, stack(0x000000ba3f400000,0x000000ba3f500000)]
  0x00000271fa023060 JavaThread "jar transforms Thread 8" [_thread_blocked, id=28868, stack(0x000000ba40d00000,0x000000ba40e00000)]
  0x00000271fa023a80 JavaThread "Unconstrained build operations" [_thread_blocked, id=22280, stack(0x000000ba40e00000,0x000000ba40f00000)]
  0x00000271fa022640 JavaThread "Unconstrained build operations Thread 2" [_thread_blocked, id=29400, stack(0x000000ba40f00000,0x000000ba41000000)]
  0x00000271fa022b50 JavaThread "Cache worker for Build Output Cleanup Cache (D:\Sciqus\SCIQUS.TICKETS\Mobile-Frontend\node_modules\@react-native\gradle-plugin\.gradle\buildOutputCleanup)" [_thread_blocked, id=24072, stack(0x000000ba41000000,0x000000ba41100000)]
  0x00000271fa023570 JavaThread "Unconstrained build operations Thread 3" [_thread_blocked, id=26024, stack(0x000000ba41100000,0x000000ba41200000)]
  0x00000271fa023f90 JavaThread "Unconstrained build operations Thread 4" [_thread_blocked, id=21472, stack(0x000000ba41200000,0x000000ba41300000)]
  0x00000271fa0244a0 JavaThread "Unconstrained build operations Thread 5" [_thread_blocked, id=22636, stack(0x000000ba41300000,0x000000ba41400000)]
  0x00000271f8aedf20 JavaThread "Unconstrained build operations Thread 6" [_thread_blocked, id=28808, stack(0x000000ba41400000,0x000000ba41500000)]
  0x00000271fb5fdc10 JavaThread "Unconstrained build operations Thread 7" [_thread_blocked, id=20052, stack(0x000000ba41500000,0x000000ba41600000)]
  0x00000271fb5fe630 JavaThread "Unconstrained build operations Thread 8" [_thread_blocked, id=29236, stack(0x000000ba41600000,0x000000ba41700000)]
  0x00000271fb5fcce0 JavaThread "Unconstrained build operations Thread 9" [_thread_blocked, id=18840, stack(0x000000ba41700000,0x000000ba41800000)]
  0x00000271fb5fb8a0 JavaThread "Memory manager" [_thread_blocked, id=20024, stack(0x000000ba41800000,0x000000ba41900000)]
  0x00000271fb5fe120 JavaThread "build event listener" [_thread_blocked, id=28812, stack(0x000000ba41900000,0x000000ba41a00000)]
  0x00000271fb5feb40 JavaThread "Cache worker for Build Output Cleanup Cache (D:\Sciqus\SCIQUS.TICKETS\Mobile-Frontend\android\.gradle\buildOutputCleanup)" [_thread_blocked, id=20664, stack(0x000000ba40600000,0x000000ba40700000)]

Other Threads:
  0x00000271d865ef50 VMThread "VM Thread" [stack: 0x000000ba3db00000,0x000000ba3dc00000] [id=23684]
  0x00000271d8938c00 WatcherThread [stack: 0x000000ba3e700000,0x000000ba3e800000] [id=7944]
  0x00000271ba1fe510 GCTaskThread "GC Thread#0" [stack: 0x000000ba3d600000,0x000000ba3d700000] [id=20712]
  0x00000271f80f61a0 GCTaskThread "GC Thread#1" [stack: 0x000000ba3e800000,0x000000ba3e900000] [id=27004]
  0x00000271f887b600 GCTaskThread "GC Thread#2" [stack: 0x000000ba3e900000,0x000000ba3ea00000] [id=27016]
  0x00000271f887b8c0 GCTaskThread "GC Thread#3" [stack: 0x000000ba3ea00000,0x000000ba3eb00000] [id=27020]
  0x00000271d88cd430 GCTaskThread "GC Thread#4" [stack: 0x000000ba3eb00000,0x000000ba3ec00000] [id=27452]
  0x00000271f940dcc0 GCTaskThread "GC Thread#5" [stack: 0x000000ba3f600000,0x000000ba3f700000] [id=27692]
  0x00000271d8b40000 GCTaskThread "GC Thread#6" [stack: 0x000000ba3f700000,0x000000ba3f800000] [id=27696]
  0x00000271f95f16a0 GCTaskThread "GC Thread#7" [stack: 0x000000ba3f800000,0x000000ba3f900000] [id=27700]
  0x00000271ba20f370 ConcurrentGCThread "G1 Main Marker" [stack: 0x000000ba3d700000,0x000000ba3d800000] [id=25236]
  0x00000271ba20fca0 ConcurrentGCThread "G1 Conc#0" [stack: 0x000000ba3d800000,0x000000ba3d900000] [id=23916]
  0x00000271f826e810 ConcurrentGCThread "G1 Conc#1" [stack: 0x000000ba3fe00000,0x000000ba3ff00000] [id=13872]
  0x00000271ba24d780 ConcurrentGCThread "G1 Refine#0" [stack: 0x000000ba3d900000,0x000000ba3da00000] [id=18864]
  0x00000271ba24e0c0 ConcurrentGCThread "G1 Service" [stack: 0x000000ba3da00000,0x000000ba3db00000] [id=21208]

Threads with active compile tasks:
C2 CompilerThread0  140911 8073 %     4       groovy.lang.MetaClassImpl::inheritInterfaceNewMetaMethods @ 100 (195 bytes)

VM state: not at safepoint (normal execution)

VM Mutex/Monitor currently owned by a thread: None

Heap address: 0x0000000080000000, size: 2048 MB, Compressed Oops mode: 32-bit

CDS archive(s) mapped at: [0x00000271d9000000-0x00000271d9bb0000-0x00000271d9bb0000), size 12255232, SharedBaseAddress: 0x00000271d9000000, ArchiveRelocationMode: 1.
Compressed class space mapped at: 0x00000271da000000-0x00000271f4000000, reserved size: 436207616
Narrow klass base: 0x00000271d9000000, Narrow klass shift: 0, Narrow klass range: 0x100000000

GC Precious Log:
 CPUs: 8 total, 8 available
 Memory: 7930M
 Large Page Support: Disabled
 NUMA Support: Disabled
 Compressed Oops: Enabled (32-bit)
 Heap Region Size: 1M
 Heap Min Capacity: 8M
 Heap Initial Capacity: 124M
 Heap Max Capacity: 2G
 Pre-touch: Disabled
 Parallel Workers: 8
 Concurrent Workers: 2
 Concurrent Refinement Workers: 8
 Periodic GC: Disabled

Heap:
 garbage-first heap   total 184320K, used 79288K [0x0000000080000000, 0x0000000100000000)
  region size 1024K, 17 young (17408K), 2 survivors (2048K)
 Metaspace       used 63784K, committed 64448K, reserved 491520K
  class space    used 8996K, committed 9280K, reserved 425984K

Heap Regions: E=young(eden), S=young(survivor), O=old, HS=humongous(starts), HC=humongous(continues), CS=collection set, F=free, OA=open archive, CA=closed archive, TAMS=top-at-mark-start (previous, next)
|   0|0x0000000080000000, 0x0000000080100000, 0x0000000080100000|100%|HS|  |TAMS 0x0000000080100000, 0x0000000080000000| Complete 
|   1|0x0000000080100000, 0x0000000080200000, 0x0000000080200000|100%|HC|  |TAMS 0x0000000080200000, 0x0000000080100000| Complete 
|   2|0x0000000080200000, 0x0000000080300000, 0x0000000080300000|100%|HC|  |TAMS 0x0000000080300000, 0x0000000080200000| Complete 
|   3|0x0000000080300000, 0x0000000080400000, 0x0000000080400000|100%|HC|  |TAMS 0x0000000080400000, 0x0000000080300000| Complete 
|   4|0x0000000080400000, 0x0000000080500000, 0x0000000080500000|100%| O|  |TAMS 0x0000000080500000, 0x0000000080400000| Untracked 
|   5|0x0000000080500000, 0x0000000080600000, 0x0000000080600000|100%| O|  |TAMS 0x0000000080600000, 0x0000000080500000| Untracked 
|   6|0x0000000080600000, 0x0000000080700000, 0x0000000080700000|100%| O|  |TAMS 0x0000000080700000, 0x0000000080600000| Untracked 
|   7|0x0000000080700000, 0x0000000080800000, 0x0000000080800000|100%| O|  |TAMS 0x0000000080800000, 0x0000000080700000| Untracked 
|   8|0x0000000080800000, 0x0000000080900000, 0x0000000080900000|100%| O|  |TAMS 0x0000000080900000, 0x0000000080800000| Untracked 
|   9|0x0000000080900000, 0x0000000080a00000, 0x0000000080a00000|100%| O|  |TAMS 0x0000000080a00000, 0x0000000080900000| Untracked 
|  10|0x0000000080a00000, 0x0000000080b00000, 0x0000000080b00000|100%| O|  |TAMS 0x0000000080b00000, 0x0000000080a00000| Untracked 
|  11|0x0000000080b00000, 0x0000000080c00000, 0x0000000080c00000|100%| O|  |TAMS 0x0000000080c00000, 0x0000000080b00000| Untracked 
|  12|0x0000000080c00000, 0x0000000080d00000, 0x0000000080d00000|100%| O|  |TAMS 0x0000000080d00000, 0x0000000080c00000| Untracked 
|  13|0x0000000080d00000, 0x0000000080e00000, 0x0000000080e00000|100%| O|  |TAMS 0x0000000080e00000, 0x0000000080d00000| Untracked 
|  14|0x0000000080e00000, 0x0000000080f00000, 0x0000000080f00000|100%| O|  |TAMS 0x0000000080f00000, 0x0000000080e00000| Untracked 
|  15|0x0000000080f00000, 0x0000000081000000, 0x0000000081000000|100%| O|  |TAMS 0x0000000081000000, 0x0000000080f00000| Untracked 
|  16|0x0000000081000000, 0x0000000081100000, 0x0000000081100000|100%| O|  |TAMS 0x0000000081100000, 0x0000000081000000| Untracked 
|  17|0x0000000081100000, 0x0000000081200000, 0x0000000081200000|100%| O|  |TAMS 0x0000000081200000, 0x0000000081100000| Untracked 
|  18|0x0000000081200000, 0x0000000081300000, 0x0000000081300000|100%| O|  |TAMS 0x0000000081300000, 0x0000000081200000| Untracked 
|  19|0x0000000081300000, 0x00000000813dae00, 0x0000000081400000| 85%| O|  |TAMS 0x00000000813dae00, 0x0000000081300000| Untracked 
|  20|0x0000000081400000, 0x0000000081500000, 0x0000000081500000|100%| O|  |TAMS 0x0000000081500000, 0x0000000081400000| Untracked 
|  21|0x0000000081500000, 0x0000000081600000, 0x0000000081600000|100%| O|  |TAMS 0x0000000081600000, 0x0000000081500000| Untracked 
|  22|0x0000000081600000, 0x0000000081700000, 0x0000000081700000|100%| O|  |TAMS 0x0000000081700000, 0x0000000081600000| Untracked 
|  23|0x0000000081700000, 0x0000000081800000, 0x0000000081800000|100%| O|  |TAMS 0x0000000081800000, 0x0000000081700000| Untracked 
|  24|0x0000000081800000, 0x0000000081900000, 0x0000000081900000|100%| O|  |TAMS 0x0000000081900000, 0x0000000081800000| Untracked 
|  25|0x0000000081900000, 0x0000000081a00000, 0x0000000081a00000|100%| O|  |TAMS 0x0000000081a00000, 0x0000000081900000| Untracked 
|  26|0x0000000081a00000, 0x0000000081b00000, 0x0000000081b00000|100%| O|  |TAMS 0x0000000081b00000, 0x0000000081a00000| Untracked 
|  27|0x0000000081b00000, 0x0000000081c00000, 0x0000000081c00000|100%| O|  |TAMS 0x0000000081c00000, 0x0000000081b00000| Untracked 
|  28|0x0000000081c00000, 0x0000000081d00000, 0x0000000081d00000|100%| O|  |TAMS 0x0000000081d00000, 0x0000000081c00000| Untracked 
|  29|0x0000000081d00000, 0x0000000081e00000, 0x0000000081e00000|100%| O|  |TAMS 0x0000000081e00000, 0x0000000081d00000| Untracked 
|  30|0x0000000081e00000, 0x0000000081f00000, 0x0000000081f00000|100%| O|  |TAMS 0x0000000081f00000, 0x0000000081e00000| Untracked 
|  31|0x0000000081f00000, 0x0000000081f00000, 0x0000000082000000|  0%| F|  |TAMS 0x0000000081f00000, 0x0000000081f00000| Untracked 
|  32|0x0000000082000000, 0x0000000082100000, 0x0000000082100000|100%| O|  |TAMS 0x0000000082100000, 0x0000000082000000| Untracked 
|  33|0x0000000082100000, 0x0000000082200000, 0x0000000082200000|100%| O|  |TAMS 0x0000000082200000, 0x0000000082100000| Untracked 
|  34|0x0000000082200000, 0x0000000082300000, 0x0000000082300000|100%| O|  |TAMS 0x0000000082300000, 0x0000000082200000| Untracked 
|  35|0x0000000082300000, 0x0000000082400000, 0x0000000082400000|100%| O|  |TAMS 0x0000000082400000, 0x0000000082300000| Untracked 
|  36|0x0000000082400000, 0x0000000082500000, 0x0000000082500000|100%| O|  |TAMS 0x0000000082500000, 0x0000000082400000| Untracked 
|  37|0x0000000082500000, 0x0000000082600000, 0x0000000082600000|100%| O|  |TAMS 0x0000000082600000, 0x0000000082500000| Untracked 
|  38|0x0000000082600000, 0x0000000082700000, 0x0000000082700000|100%| O|  |TAMS 0x0000000082700000, 0x0000000082600000| Untracked 
|  39|0x0000000082700000, 0x0000000082800000, 0x0000000082800000|100%|HS|  |TAMS 0x0000000082800000, 0x0000000082700000| Complete 
|  40|0x0000000082800000, 0x0000000082900000, 0x0000000082900000|100%|HC|  |TAMS 0x0000000082900000, 0x0000000082800000| Complete 
|  41|0x0000000082900000, 0x0000000082a00000, 0x0000000082a00000|100%|HS|  |TAMS 0x0000000082a00000, 0x0000000082900000| Complete 
|  42|0x0000000082a00000, 0x0000000082b00000, 0x0000000082b00000|100%|HC|  |TAMS 0x0000000082b00000, 0x0000000082a00000| Complete 
|  43|0x0000000082b00000, 0x0000000082c00000, 0x0000000082c00000|100%| O|  |TAMS 0x0000000082c00000, 0x0000000082b00000| Untracked 
|  44|0x0000000082c00000, 0x0000000082d00000, 0x0000000082d00000|100%| O|  |TAMS 0x0000000082d00000, 0x0000000082c00000| Untracked 
|  45|0x0000000082d00000, 0x0000000082e00000, 0x0000000082e00000|100%| O|  |TAMS 0x0000000082e00000, 0x0000000082d00000| Untracked 
|  46|0x0000000082e00000, 0x0000000082f00000, 0x0000000082f00000|100%| O|  |TAMS 0x0000000082f00000, 0x0000000082e00000| Untracked 
|  47|0x0000000082f00000, 0x0000000083000000, 0x0000000083000000|100%|HS|  |TAMS 0x0000000083000000, 0x0000000082f00000| Complete 
|  48|0x0000000083000000, 0x0000000083100000, 0x0000000083100000|100%|HC|  |TAMS 0x0000000083100000, 0x0000000083000000| Complete 
|  49|0x0000000083100000, 0x0000000083200000, 0x0000000083200000|100%|HC|  |TAMS 0x0000000083200000, 0x0000000083100000| Complete 
|  50|0x0000000083200000, 0x0000000083300000, 0x0000000083300000|100%|HC|  |TAMS 0x0000000083300000, 0x0000000083200000| Complete 
|  51|0x0000000083300000, 0x0000000083400000, 0x0000000083400000|100%|HS|  |TAMS 0x0000000083400000, 0x0000000083300000| Complete 
|  52|0x0000000083400000, 0x0000000083500000, 0x0000000083500000|100%|HC|  |TAMS 0x0000000083500000, 0x0000000083400000| Complete 
|  53|0x0000000083500000, 0x0000000083600000, 0x0000000083600000|100%|HC|  |TAMS 0x0000000083600000, 0x0000000083500000| Complete 
|  54|0x0000000083600000, 0x0000000083700000, 0x0000000083700000|100%|HC|  |TAMS 0x0000000083700000, 0x0000000083600000| Complete 
|  55|0x0000000083700000, 0x0000000083800000, 0x0000000083800000|100%| O|  |TAMS 0x0000000083800000, 0x0000000083700000| Untracked 
|  56|0x0000000083800000, 0x0000000083900000, 0x0000000083900000|100%| O|  |TAMS 0x0000000083900000, 0x0000000083800000| Untracked 
|  57|0x0000000083900000, 0x0000000083a00000, 0x0000000083a00000|100%| O|  |TAMS 0x0000000083a00000, 0x0000000083900000| Untracked 
|  58|0x0000000083a00000, 0x0000000083b00000, 0x0000000083b00000|100%| O|  |TAMS 0x0000000083b00000, 0x0000000083a00000| Untracked 
|  59|0x0000000083b00000, 0x0000000083c00000, 0x0000000083c00000|100%| O|  |TAMS 0x0000000083c00000, 0x0000000083b00000| Untracked 
|  60|0x0000000083c00000, 0x0000000083d00000, 0x0000000083d00000|100%| O|  |TAMS 0x0000000083d00000, 0x0000000083c00000| Untracked 
|  61|0x0000000083d00000, 0x0000000083e00000, 0x0000000083e00000|100%| O|  |TAMS 0x0000000083e00000, 0x0000000083d00000| Untracked 
|  62|0x0000000083e00000, 0x0000000083f00000, 0x0000000083f00000|100%| O|  |TAMS 0x0000000083f00000, 0x0000000083e00000| Complete 
|  63|0x0000000083f00000, 0x0000000083f00000, 0x0000000084000000|  0%| F|  |TAMS 0x0000000083f00000, 0x0000000083f00000| Untracked 
|  64|0x0000000084000000, 0x0000000084000000, 0x0000000084100000|  0%| F|  |TAMS 0x0000000084000000, 0x0000000084000000| Untracked 
|  65|0x0000000084100000, 0x0000000084100000, 0x0000000084200000|  0%| F|  |TAMS 0x0000000084100000, 0x0000000084100000| Untracked 
|  66|0x0000000084200000, 0x0000000084200000, 0x0000000084300000|  0%| F|  |TAMS 0x0000000084200000, 0x0000000084200000| Untracked 
|  67|0x0000000084300000, 0x0000000084300000, 0x0000000084400000|  0%| F|  |TAMS 0x0000000084300000, 0x0000000084300000| Untracked 
|  68|0x0000000084400000, 0x0000000084400000, 0x0000000084500000|  0%| F|  |TAMS 0x0000000084400000, 0x0000000084400000| Untracked 
|  69|0x0000000084500000, 0x0000000084500000, 0x0000000084600000|  0%| F|  |TAMS 0x0000000084500000, 0x0000000084500000| Untracked 
|  70|0x0000000084600000, 0x0000000084600000, 0x0000000084700000|  0%| F|  |TAMS 0x0000000084600000, 0x0000000084600000| Untracked 
|  71|0x0000000084700000, 0x0000000084700000, 0x0000000084800000|  0%| F|  |TAMS 0x0000000084700000, 0x0000000084700000| Untracked 
|  72|0x0000000084800000, 0x0000000084800000, 0x0000000084900000|  0%| F|  |TAMS 0x0000000084800000, 0x0000000084800000| Untracked 
|  73|0x0000000084900000, 0x0000000084900000, 0x0000000084a00000|  0%| F|  |TAMS 0x0000000084900000, 0x0000000084900000| Untracked 
|  74|0x0000000084a00000, 0x0000000084a00000, 0x0000000084b00000|  0%| F|  |TAMS 0x0000000084a00000, 0x0000000084a00000| Untracked 
|  75|0x0000000084b00000, 0x0000000084b00000, 0x0000000084c00000|  0%| F|  |TAMS 0x0000000084b00000, 0x0000000084b00000| Untracked 
|  76|0x0000000084c00000, 0x0000000084c00000, 0x0000000084d00000|  0%| F|  |TAMS 0x0000000084c00000, 0x0000000084c00000| Untracked 
|  77|0x0000000084d00000, 0x0000000084d00000, 0x0000000084e00000|  0%| F|  |TAMS 0x0000000084d00000, 0x0000000084d00000| Untracked 
|  78|0x0000000084e00000, 0x0000000084e00000, 0x0000000084f00000|  0%| F|  |TAMS 0x0000000084e00000, 0x0000000084e00000| Untracked 
|  79|0x0000000084f00000, 0x0000000084f93570, 0x0000000085000000| 57%| S|CS|TAMS 0x0000000084f00000, 0x0000000084f00000| Complete 
|  80|0x0000000085000000, 0x0000000085100000, 0x0000000085100000|100%| S|CS|TAMS 0x0000000085000000, 0x0000000085000000| Complete 
|  81|0x0000000085100000, 0x0000000085100000, 0x0000000085200000|  0%| F|  |TAMS 0x0000000085100000, 0x0000000085100000| Untracked 
|  82|0x0000000085200000, 0x0000000085200000, 0x0000000085300000|  0%| F|  |TAMS 0x0000000085200000, 0x0000000085200000| Untracked 
|  83|0x0000000085300000, 0x0000000085300000, 0x0000000085400000|  0%| F|  |TAMS 0x0000000085300000, 0x0000000085300000| Untracked 
|  84|0x0000000085400000, 0x0000000085400000, 0x0000000085500000|  0%| F|  |TAMS 0x0000000085400000, 0x0000000085400000| Untracked 
|  85|0x0000000085500000, 0x0000000085500000, 0x0000000085600000|  0%| F|  |TAMS 0x0000000085500000, 0x0000000085500000| Untracked 
|  86|0x0000000085600000, 0x0000000085600000, 0x0000000085700000|  0%| F|  |TAMS 0x0000000085600000, 0x0000000085600000| Untracked 
|  87|0x0000000085700000, 0x0000000085700000, 0x0000000085800000|  0%| F|  |TAMS 0x0000000085700000, 0x0000000085700000| Untracked 
|  88|0x0000000085800000, 0x0000000085800000, 0x0000000085900000|  0%| F|  |TAMS 0x0000000085800000, 0x0000000085800000| Untracked 
|  89|0x0000000085900000, 0x0000000085900000, 0x0000000085a00000|  0%| F|  |TAMS 0x0000000085900000, 0x0000000085900000| Untracked 
|  90|0x0000000085a00000, 0x0000000085a00000, 0x0000000085b00000|  0%| F|  |TAMS 0x0000000085a00000, 0x0000000085a00000| Untracked 
|  91|0x0000000085b00000, 0x0000000085b00000, 0x0000000085c00000|  0%| F|  |TAMS 0x0000000085b00000, 0x0000000085b00000| Untracked 
|  92|0x0000000085c00000, 0x0000000085c00000, 0x0000000085d00000|  0%| F|  |TAMS 0x0000000085c00000, 0x0000000085c00000| Untracked 
|  93|0x0000000085d00000, 0x0000000085d00000, 0x0000000085e00000|  0%| F|  |TAMS 0x0000000085d00000, 0x0000000085d00000| Untracked 
|  94|0x0000000085e00000, 0x0000000085e00000, 0x0000000085f00000|  0%| F|  |TAMS 0x0000000085e00000, 0x0000000085e00000| Untracked 
|  95|0x0000000085f00000, 0x0000000085f00000, 0x0000000086000000|  0%| F|  |TAMS 0x0000000085f00000, 0x0000000085f00000| Untracked 
|  96|0x0000000086000000, 0x0000000086000000, 0x0000000086100000|  0%| F|  |TAMS 0x0000000086000000, 0x0000000086000000| Untracked 
|  97|0x0000000086100000, 0x0000000086100000, 0x0000000086200000|  0%| F|  |TAMS 0x0000000086100000, 0x0000000086100000| Untracked 
|  98|0x0000000086200000, 0x0000000086200000, 0x0000000086300000|  0%| F|  |TAMS 0x0000000086200000, 0x0000000086200000| Untracked 
|  99|0x0000000086300000, 0x0000000086300000, 0x0000000086400000|  0%| F|  |TAMS 0x0000000086300000, 0x0000000086300000| Untracked 
| 100|0x0000000086400000, 0x0000000086400000, 0x0000000086500000|  0%| F|  |TAMS 0x0000000086400000, 0x0000000086400000| Untracked 
| 101|0x0000000086500000, 0x0000000086500000, 0x0000000086600000|  0%| F|  |TAMS 0x0000000086500000, 0x0000000086500000| Untracked 
| 102|0x0000000086600000, 0x0000000086600000, 0x0000000086700000|  0%| F|  |TAMS 0x0000000086600000, 0x0000000086600000| Untracked 
| 103|0x0000000086700000, 0x0000000086700000, 0x0000000086800000|  0%| F|  |TAMS 0x0000000086700000, 0x0000000086700000| Untracked 
| 104|0x0000000086800000, 0x0000000086800000, 0x0000000086900000|  0%| F|  |TAMS 0x0000000086800000, 0x0000000086800000| Untracked 
| 105|0x0000000086900000, 0x0000000086900000, 0x0000000086a00000|  0%| F|  |TAMS 0x0000000086900000, 0x0000000086900000| Untracked 
| 106|0x0000000086a00000, 0x0000000086a00000, 0x0000000086b00000|  0%| F|  |TAMS 0x0000000086a00000, 0x0000000086a00000| Untracked 
| 107|0x0000000086b00000, 0x0000000086b00000, 0x0000000086c00000|  0%| F|  |TAMS 0x0000000086b00000, 0x0000000086b00000| Untracked 
| 108|0x0000000086c00000, 0x0000000086c00000, 0x0000000086d00000|  0%| F|  |TAMS 0x0000000086c00000, 0x0000000086c00000| Untracked 
| 109|0x0000000086d00000, 0x0000000086d00000, 0x0000000086e00000|  0%| F|  |TAMS 0x0000000086d00000, 0x0000000086d00000| Untracked 
| 110|0x0000000086e00000, 0x0000000086e00000, 0x0000000086f00000|  0%| F|  |TAMS 0x0000000086e00000, 0x0000000086e00000| Untracked 
| 111|0x0000000086f00000, 0x0000000086f00000, 0x0000000087000000|  0%| F|  |TAMS 0x0000000086f00000, 0x0000000086f00000| Untracked 
| 112|0x0000000087000000, 0x0000000087000000, 0x0000000087100000|  0%| F|  |TAMS 0x0000000087000000, 0x0000000087000000| Untracked 
| 113|0x0000000087100000, 0x0000000087100000, 0x0000000087200000|  0%| F|  |TAMS 0x0000000087100000, 0x0000000087100000| Untracked 
| 114|0x0000000087200000, 0x0000000087200000, 0x0000000087300000|  0%| F|  |TAMS 0x0000000087200000, 0x0000000087200000| Untracked 
| 115|0x0000000087300000, 0x0000000087300000, 0x0000000087400000|  0%| F|  |TAMS 0x0000000087300000, 0x0000000087300000| Untracked 
| 116|0x0000000087400000, 0x0000000087400000, 0x0000000087500000|  0%| F|  |TAMS 0x0000000087400000, 0x0000000087400000| Untracked 
| 117|0x0000000087500000, 0x0000000087500000, 0x0000000087600000|  0%| F|  |TAMS 0x0000000087500000, 0x0000000087500000| Untracked 
| 118|0x0000000087600000, 0x0000000087600000, 0x0000000087700000|  0%| F|  |TAMS 0x0000000087600000, 0x0000000087600000| Untracked 
| 119|0x0000000087700000, 0x0000000087700000, 0x0000000087800000|  0%| F|  |TAMS 0x0000000087700000, 0x0000000087700000| Untracked 
| 120|0x0000000087800000, 0x0000000087800000, 0x0000000087900000|  0%| F|  |TAMS 0x0000000087800000, 0x0000000087800000| Untracked 
| 121|0x0000000087900000, 0x0000000087900000, 0x0000000087a00000|  0%| F|  |TAMS 0x0000000087900000, 0x0000000087900000| Untracked 
| 122|0x0000000087a00000, 0x0000000087a00000, 0x0000000087b00000|  0%| F|  |TAMS 0x0000000087a00000, 0x0000000087a00000| Untracked 
| 123|0x0000000087b00000, 0x0000000087b00000, 0x0000000087c00000|  0%| F|  |TAMS 0x0000000087b00000, 0x0000000087b00000| Untracked 
| 124|0x0000000087c00000, 0x0000000087c00000, 0x0000000087d00000|  0%| F|  |TAMS 0x0000000087c00000, 0x0000000087c00000| Untracked 
| 125|0x0000000087d00000, 0x0000000087d00000, 0x0000000087e00000|  0%| F|  |TAMS 0x0000000087d00000, 0x0000000087d00000| Untracked 
| 126|0x0000000087e00000, 0x0000000087e00000, 0x0000000087f00000|  0%| F|  |TAMS 0x0000000087e00000, 0x0000000087e00000| Untracked 
| 127|0x0000000087f00000, 0x0000000087f00000, 0x0000000088000000|  0%| F|  |TAMS 0x0000000087f00000, 0x0000000087f00000| Untracked 
| 128|0x0000000088000000, 0x0000000088000000, 0x0000000088100000|  0%| F|  |TAMS 0x0000000088000000, 0x0000000088000000| Untracked 
| 129|0x0000000088100000, 0x0000000088100000, 0x0000000088200000|  0%| F|  |TAMS 0x0000000088100000, 0x0000000088100000| Untracked 
| 130|0x0000000088200000, 0x0000000088200000, 0x0000000088300000|  0%| F|  |TAMS 0x0000000088200000, 0x0000000088200000| Untracked 
| 131|0x0000000088300000, 0x0000000088300000, 0x0000000088400000|  0%| F|  |TAMS 0x0000000088300000, 0x0000000088300000| Untracked 
| 132|0x0000000088400000, 0x0000000088400000, 0x0000000088500000|  0%| F|  |TAMS 0x0000000088400000, 0x0000000088400000| Untracked 
| 133|0x0000000088500000, 0x0000000088500000, 0x0000000088600000|  0%| F|  |TAMS 0x0000000088500000, 0x0000000088500000| Untracked 
| 134|0x0000000088600000, 0x0000000088600000, 0x0000000088700000|  0%| F|  |TAMS 0x0000000088600000, 0x0000000088600000| Untracked 
| 135|0x0000000088700000, 0x0000000088700000, 0x0000000088800000|  0%| F|  |TAMS 0x0000000088700000, 0x0000000088700000| Untracked 
| 136|0x0000000088800000, 0x0000000088800000, 0x0000000088900000|  0%| F|  |TAMS 0x0000000088800000, 0x0000000088800000| Untracked 
| 137|0x0000000088900000, 0x0000000088900000, 0x0000000088a00000|  0%| F|  |TAMS 0x0000000088900000, 0x0000000088900000| Untracked 
| 138|0x0000000088a00000, 0x0000000088a00000, 0x0000000088b00000|  0%| F|  |TAMS 0x0000000088a00000, 0x0000000088a00000| Untracked 
| 139|0x0000000088b00000, 0x0000000088b00000, 0x0000000088c00000|  0%| F|  |TAMS 0x0000000088b00000, 0x0000000088b00000| Untracked 
| 140|0x0000000088c00000, 0x0000000088c00000, 0x0000000088d00000|  0%| F|  |TAMS 0x0000000088c00000, 0x0000000088c00000| Untracked 
| 141|0x0000000088d00000, 0x0000000088d00000, 0x0000000088e00000|  0%| F|  |TAMS 0x0000000088d00000, 0x0000000088d00000| Untracked 
| 142|0x0000000088e00000, 0x0000000088e00000, 0x0000000088f00000|  0%| F|  |TAMS 0x0000000088e00000, 0x0000000088e00000| Untracked 
| 143|0x0000000088f00000, 0x0000000088f00000, 0x0000000089000000|  0%| F|  |TAMS 0x0000000088f00000, 0x0000000088f00000| Untracked 
| 144|0x0000000089000000, 0x0000000089000000, 0x0000000089100000|  0%| F|  |TAMS 0x0000000089000000, 0x0000000089000000| Untracked 
| 145|0x0000000089100000, 0x0000000089100000, 0x0000000089200000|  0%| F|  |TAMS 0x0000000089100000, 0x0000000089100000| Untracked 
| 146|0x0000000089200000, 0x0000000089200000, 0x0000000089300000|  0%| F|  |TAMS 0x0000000089200000, 0x0000000089200000| Untracked 
| 147|0x0000000089300000, 0x0000000089300000, 0x0000000089400000|  0%| F|  |TAMS 0x0000000089300000, 0x0000000089300000| Untracked 
| 148|0x0000000089400000, 0x0000000089400000, 0x0000000089500000|  0%| F|  |TAMS 0x0000000089400000, 0x0000000089400000| Untracked 
| 149|0x0000000089500000, 0x0000000089500000, 0x0000000089600000|  0%| F|  |TAMS 0x0000000089500000, 0x0000000089500000| Untracked 
| 150|0x0000000089600000, 0x0000000089600000, 0x0000000089700000|  0%| F|  |TAMS 0x0000000089600000, 0x0000000089600000| Untracked 
| 151|0x0000000089700000, 0x0000000089700000, 0x0000000089800000|  0%| F|  |TAMS 0x0000000089700000, 0x0000000089700000| Untracked 
| 152|0x0000000089800000, 0x0000000089800000, 0x0000000089900000|  0%| F|  |TAMS 0x0000000089800000, 0x0000000089800000| Untracked 
| 153|0x0000000089900000, 0x0000000089900000, 0x0000000089a00000|  0%| F|  |TAMS 0x0000000089900000, 0x0000000089900000| Untracked 
| 154|0x0000000089a00000, 0x0000000089a00000, 0x0000000089b00000|  0%| F|  |TAMS 0x0000000089a00000, 0x0000000089a00000| Untracked 
| 155|0x0000000089b00000, 0x0000000089b00000, 0x0000000089c00000|  0%| F|  |TAMS 0x0000000089b00000, 0x0000000089b00000| Untracked 
| 156|0x0000000089c00000, 0x0000000089c00000, 0x0000000089d00000|  0%| F|  |TAMS 0x0000000089c00000, 0x0000000089c00000| Untracked 
| 157|0x0000000089d00000, 0x0000000089d00000, 0x0000000089e00000|  0%| F|  |TAMS 0x0000000089d00000, 0x0000000089d00000| Untracked 
| 158|0x0000000089e00000, 0x0000000089e00000, 0x0000000089f00000|  0%| F|  |TAMS 0x0000000089e00000, 0x0000000089e00000| Untracked 
| 159|0x0000000089f00000, 0x0000000089f00000, 0x000000008a000000|  0%| F|  |TAMS 0x0000000089f00000, 0x0000000089f00000| Untracked 
| 160|0x000000008a000000, 0x000000008a000000, 0x000000008a100000|  0%| F|  |TAMS 0x000000008a000000, 0x000000008a000000| Untracked 
| 161|0x000000008a100000, 0x000000008a100000, 0x000000008a200000|  0%| F|  |TAMS 0x000000008a100000, 0x000000008a100000| Untracked 
| 162|0x000000008a200000, 0x000000008a200000, 0x000000008a300000|  0%| F|  |TAMS 0x000000008a200000, 0x000000008a200000| Untracked 
| 163|0x000000008a300000, 0x000000008a300000, 0x000000008a400000|  0%| F|  |TAMS 0x000000008a300000, 0x000000008a300000| Untracked 
| 164|0x000000008a400000, 0x000000008a400000, 0x000000008a500000|  0%| F|  |TAMS 0x000000008a400000, 0x000000008a400000| Untracked 
| 165|0x000000008a500000, 0x000000008a58b718, 0x000000008a600000| 54%| E|  |TAMS 0x000000008a500000, 0x000000008a500000| Complete 
| 166|0x000000008a600000, 0x000000008a700000, 0x000000008a700000|100%| E|CS|TAMS 0x000000008a600000, 0x000000008a600000| Complete 
| 167|0x000000008a700000, 0x000000008a800000, 0x000000008a800000|100%| E|CS|TAMS 0x000000008a700000, 0x000000008a700000| Complete 
| 168|0x000000008a800000, 0x000000008a900000, 0x000000008a900000|100%| E|CS|TAMS 0x000000008a800000, 0x000000008a800000| Complete 
| 169|0x000000008a900000, 0x000000008aa00000, 0x000000008aa00000|100%| E|CS|TAMS 0x000000008a900000, 0x000000008a900000| Complete 
| 170|0x000000008aa00000, 0x000000008ab00000, 0x000000008ab00000|100%| E|CS|TAMS 0x000000008aa00000, 0x000000008aa00000| Complete 
| 171|0x000000008ab00000, 0x000000008ac00000, 0x000000008ac00000|100%| E|CS|TAMS 0x000000008ab00000, 0x000000008ab00000| Complete 
| 172|0x000000008ac00000, 0x000000008ad00000, 0x000000008ad00000|100%| E|CS|TAMS 0x000000008ac00000, 0x000000008ac00000| Complete 
| 173|0x000000008ad00000, 0x000000008ae00000, 0x000000008ae00000|100%| E|CS|TAMS 0x000000008ad00000, 0x000000008ad00000| Complete 
| 174|0x000000008ae00000, 0x000000008af00000, 0x000000008af00000|100%| E|CS|TAMS 0x000000008ae00000, 0x000000008ae00000| Complete 
| 175|0x000000008af00000, 0x000000008b000000, 0x000000008b000000|100%| E|CS|TAMS 0x000000008af00000, 0x000000008af00000| Complete 
| 176|0x000000008b000000, 0x000000008b100000, 0x000000008b100000|100%| E|CS|TAMS 0x000000008b000000, 0x000000008b000000| Complete 
| 177|0x000000008b100000, 0x000000008b200000, 0x000000008b200000|100%| E|CS|TAMS 0x000000008b100000, 0x000000008b100000| Complete 
| 178|0x000000008b200000, 0x000000008b300000, 0x000000008b300000|100%| E|CS|TAMS 0x000000008b200000, 0x000000008b200000| Complete 
| 179|0x000000008b300000, 0x000000008b400000, 0x000000008b400000|100%| E|CS|TAMS 0x000000008b300000, 0x000000008b300000| Complete 

Card table byte_map: [0x00000271d1450000,0x00000271d1850000] _byte_map_base: 0x00000271d1050000

Marking Bits (Prev, Next): (CMBitMap*) 0x00000271ba1fea80, (CMBitMap*) 0x00000271ba1fea40
 Prev Bits: [0x00000271d3c50000, 0x00000271d5c50000)
 Next Bits: [0x00000271d1c50000, 0x00000271d3c50000)

Polling page: 0x00000271b82d0000

Metaspace:

Usage:
  Non-class:     53.50 MB used.
      Class:      8.79 MB used.
       Both:     62.29 MB used.

Virtual space:
  Non-class space:       64.00 MB reserved,      53.88 MB ( 84%) committed,  1 nodes.
      Class space:      416.00 MB reserved,       9.06 MB (  2%) committed,  1 nodes.
             Both:      480.00 MB reserved,      62.94 MB ( 13%) committed. 

Chunk freelists:
   Non-Class:  10.05 MB
       Class:  6.94 MB
        Both:  16.99 MB

MaxMetaspaceSize: 512.00 MB
CompressedClassSpaceSize: 416.00 MB
Initial GC threshold: 21.00 MB
Current GC threshold: 104.06 MB
CDS: on
MetaspaceReclaimPolicy: balanced
 - commit_granule_bytes: 65536.
 - commit_granule_words: 8192.
 - virtual_space_node_default_size: 8388608.
 - enlarge_chunks_in_place: 1.
 - new_chunks_are_fully_committed: 0.
 - uncommit_free_chunks: 1.
 - use_allocation_guard: 0.
 - handle_deallocations: 1.


Internal statistics:

num_allocs_failed_limit: 6.
num_arena_births: 908.
num_arena_deaths: 0.
num_vsnodes_births: 2.
num_vsnodes_deaths: 0.
num_space_committed: 1007.
num_space_uncommitted: 0.
num_chunks_returned_to_freelist: 6.
num_chunks_taken_from_freelist: 3589.
num_chunk_merges: 6.
num_chunk_splits: 2329.
num_chunks_enlarged: 1494.
num_inconsistent_stats: 0.

CodeHeap 'non-profiled nmethods': size=120000Kb used=4319Kb max_used=4319Kb free=115680Kb
 bounds [0x00000271c97f0000, 0x00000271c9c30000, 0x00000271d0d20000]
CodeHeap 'profiled nmethods': size=120000Kb used=14516Kb max_used=14516Kb free=105483Kb
 bounds [0x00000271c1d20000, 0x00000271c2b50000, 0x00000271c9250000]
CodeHeap 'non-nmethods': size=5760Kb used=2371Kb max_used=2409Kb free=3388Kb
 bounds [0x00000271c9250000, 0x00000271c94c0000, 0x00000271c97f0000]
 total_blobs=8219 nmethods=7332 adapters=799
 compilation: enabled
              stopped_count=0, restarted_count=0
 full_count=0

Compilation events (20 events):
Event: 139.812 Thread 0x00000271d86955b0 8110       3       org.gradle.api.internal.model.DefaultObjectFactory::property (181 bytes)
Event: 139.815 Thread 0x00000271d86955b0 nmethod 8110 0x00000271c2b45290 code [0x00000271c2b45980, 0x00000271c2b488e8]
Event: 139.815 Thread 0x00000271d86955b0 8111       3       org.gradle.api.internal.DefaultCollectionCallbackActionDecorator$Operation::description (20 bytes)
Event: 139.816 Thread 0x00000271d86955b0 nmethod 8111 0x00000271c2b49a90 code [0x00000271c2b49c80, 0x00000271c2b4a2f8]
Event: 139.816 Thread 0x00000271d86955b0 8112       3       org.gradle.api.internal.DefaultCollectionCallbackActionDecorator$OperationDetails::<init> (10 bytes)
Event: 139.816 Thread 0x00000271d86955b0 nmethod 8112 0x00000271c2b4a510 code [0x00000271c2b4a6c0, 0x00000271c2b4a878]
Event: 139.816 Thread 0x00000271d86955b0 8113       3       org.gradle.api.internal.DefaultCollectionCallbackActionDecorator$BuildOperationEmittingAction$1::run (26 bytes)
Event: 139.816 Thread 0x00000271d86955b0 nmethod 8113 0x00000271c2b4a910 code [0x00000271c2b4aae0, 0x00000271c2b4ada8]
Event: 139.817 Thread 0x00000271d86955b0 8114       3       org.gradle.internal.model.CalculatedValueContainer::getValue (35 bytes)
Event: 139.818 Thread 0x00000271d86955b0 nmethod 8114 0x00000271c2b4af10 code [0x00000271c2b4b180, 0x00000271c2b4bcd8]
Event: 139.821 Thread 0x00000271d86955b0 8115       1       org.gradle.api.internal.artifacts.ivyservice.resolveengine.graph.builder.DependencyState::hashCode (5 bytes)
Event: 139.821 Thread 0x00000271d86955b0 nmethod 8115 0x00000271c9c27710 code [0x00000271c9c278a0, 0x00000271c9c27978]
Event: 139.821 Thread 0x00000271d86955b0 8116       3       org.gradle.api.internal.artifacts.ivyservice.resolveengine.graph.builder.ComponentState::alreadyResolved (20 bytes)
Event: 139.822 Thread 0x00000271d86955b0 nmethod 8116 0x00000271c2b4c090 code [0x00000271c2b4c220, 0x00000271c2b4c3b8]
Event: 139.822 Thread 0x00000271d86955b0 8117       1       org.gradle.api.internal.artifacts.ivyservice.resolveengine.graph.builder.ModuleResolveState::getId (5 bytes)
Event: 139.822 Thread 0x00000271d86955b0 nmethod 8117 0x00000271c9c27a10 code [0x00000271c9c27ba0, 0x00000271c9c27c78]
Event: 139.841 Thread 0x00000271d86955b0 8118       3       sun.nio.ch.NativeSocketAddress::putAddress (84 bytes)
Event: 139.842 Thread 0x00000271d86955b0 nmethod 8118 0x00000271c2b4c490 code [0x00000271c2b4c660, 0x00000271c2b4caf8]
Event: 139.948 Thread 0x00000271d86955b0 8119       3       java.util.concurrent.ThreadPoolExecutor::afterExecute (1 bytes)
Event: 139.948 Thread 0x00000271d86955b0 nmethod 8119 0x00000271c2b4cd10 code [0x00000271c2b4cea0, 0x00000271c2b4cfb8]

GC Heap History (20 events):
Event: 122.903 GC heap before
{Heap before GC invocations=18 (full 0):
 garbage-first heap   total 86016K, used 70342K [0x0000000080000000, 0x0000000100000000)
  region size 1024K, 27 young (27648K), 4 survivors (4096K)
 Metaspace       used 54049K, committed 54720K, reserved 491520K
  class space    used 7696K, committed 8000K, reserved 425984K
}
Event: 122.917 GC heap after
{Heap after GC invocations=19 (full 0):
 garbage-first heap   total 86016K, used 49379K [0x0000000080000000, 0x0000000100000000)
  region size 1024K, 2 young (2048K), 2 survivors (2048K)
 Metaspace       used 54049K, committed 54720K, reserved 491520K
  class space    used 7696K, committed 8000K, reserved 425984K
}
Event: 126.561 GC heap before
{Heap before GC invocations=20 (full 0):
 garbage-first heap   total 99328K, used 79075K [0x0000000080000000, 0x0000000100000000)
  region size 1024K, 23 young (23552K), 2 survivors (2048K)
 Metaspace       used 55280K, committed 55872K, reserved 491520K
  class space    used 7863K, committed 8128K, reserved 425984K
}
Event: 126.566 GC heap after
{Heap after GC invocations=21 (full 0):
 garbage-first heap   total 99328K, used 58957K [0x0000000080000000, 0x0000000100000000)
  region size 1024K, 2 young (2048K), 2 survivors (2048K)
 Metaspace       used 55280K, committed 55872K, reserved 491520K
  class space    used 7863K, committed 8128K, reserved 425984K
}
Event: 126.672 GC heap before
{Heap before GC invocations=21 (full 0):
 garbage-first heap   total 99328K, used 61005K [0x0000000080000000, 0x0000000100000000)
  region size 1024K, 4 young (4096K), 2 survivors (2048K)
 Metaspace       used 55486K, committed 56128K, reserved 491520K
  class space    used 7896K, committed 8192K, reserved 425984K
}
Event: 126.684 GC heap after
{Heap after GC invocations=22 (full 0):
 garbage-first heap   total 99328K, used 58931K [0x0000000080000000, 0x0000000100000000)
  region size 1024K, 1 young (1024K), 1 survivors (1024K)
 Metaspace       used 55486K, committed 56128K, reserved 491520K
  class space    used 7896K, committed 8192K, reserved 425984K
}
Event: 128.035 GC heap before
{Heap before GC invocations=22 (full 0):
 garbage-first heap   total 99328K, used 80435K [0x0000000080000000, 0x0000000100000000)
  region size 1024K, 22 young (22528K), 1 survivors (1024K)
 Metaspace       used 57984K, committed 58624K, reserved 491520K
  class space    used 8207K, committed 8512K, reserved 425984K
}
Event: 128.039 GC heap after
{Heap after GC invocations=23 (full 0):
 garbage-first heap   total 99328K, used 59671K [0x0000000080000000, 0x0000000100000000)
  region size 1024K, 1 young (1024K), 1 survivors (1024K)
 Metaspace       used 57984K, committed 58624K, reserved 491520K
  class space    used 8207K, committed 8512K, reserved 425984K
}
Event: 129.323 GC heap before
{Heap before GC invocations=24 (full 0):
 garbage-first heap   total 104448K, used 80151K [0x0000000080000000, 0x0000000100000000)
  region size 1024K, 22 young (22528K), 1 survivors (1024K)
 Metaspace       used 59635K, committed 60224K, reserved 491520K
  class space    used 8435K, committed 8704K, reserved 425984K
}
Event: 129.326 GC heap after
{Heap after GC invocations=25 (full 0):
 garbage-first heap   total 104448K, used 61120K [0x0000000080000000, 0x0000000100000000)
  region size 1024K, 3 young (3072K), 3 survivors (3072K)
 Metaspace       used 59635K, committed 60224K, reserved 491520K
  class space    used 8435K, committed 8704K, reserved 425984K
}
Event: 129.380 GC heap before
{Heap before GC invocations=25 (full 0):
 garbage-first heap   total 104448K, used 63168K [0x0000000080000000, 0x0000000100000000)
  region size 1024K, 5 young (5120K), 3 survivors (3072K)
 Metaspace       used 59758K, committed 60416K, reserved 491520K
  class space    used 8454K, committed 8768K, reserved 425984K
}
Event: 129.384 GC heap after
{Heap after GC invocations=26 (full 0):
 garbage-first heap   total 104448K, used 60994K [0x0000000080000000, 0x0000000100000000)
  region size 1024K, 1 young (1024K), 1 survivors (1024K)
 Metaspace       used 59758K, committed 60416K, reserved 491520K
  class space    used 8454K, committed 8768K, reserved 425984K
}
Event: 131.149 GC heap before
{Heap before GC invocations=26 (full 0):
 garbage-first heap   total 104448K, used 83522K [0x0000000080000000, 0x0000000100000000)
  region size 1024K, 24 young (24576K), 1 survivors (1024K)
 Metaspace       used 61317K, committed 62016K, reserved 491520K
  class space    used 8646K, committed 8960K, reserved 425984K
}
Event: 131.152 GC heap after
{Heap after GC invocations=27 (full 0):
 garbage-first heap   total 104448K, used 61302K [0x0000000080000000, 0x0000000100000000)
  region size 1024K, 1 young (1024K), 1 survivors (1024K)
 Metaspace       used 61317K, committed 62016K, reserved 491520K
  class space    used 8646K, committed 8960K, reserved 425984K
}
Event: 135.018 GC heap before
{Heap before GC invocations=28 (full 0):
 garbage-first heap   total 106496K, used 84854K [0x0000000080000000, 0x0000000100000000)
  region size 1024K, 25 young (25600K), 1 survivors (1024K)
 Metaspace       used 62269K, committed 62912K, reserved 491520K
  class space    used 8778K, committed 9088K, reserved 425984K
}
Event: 135.026 GC heap after
{Heap after GC invocations=29 (full 0):
 garbage-first heap   total 106496K, used 64704K [0x0000000080000000, 0x0000000100000000)
  region size 1024K, 4 young (4096K), 4 survivors (4096K)
 Metaspace       used 62269K, committed 62912K, reserved 491520K
  class space    used 8778K, committed 9088K, reserved 425984K
}
Event: 135.102 GC heap before
{Heap before GC invocations=29 (full 0):
 garbage-first heap   total 106496K, used 65728K [0x0000000080000000, 0x0000000100000000)
  region size 1024K, 5 young (5120K), 4 survivors (4096K)
 Metaspace       used 62274K, committed 62976K, reserved 491520K
  class space    used 8778K, committed 9088K, reserved 425984K
}
Event: 135.107 GC heap after
{Heap after GC invocations=30 (full 0):
 garbage-first heap   total 106496K, used 64969K [0x0000000080000000, 0x0000000100000000)
  region size 1024K, 1 young (1024K), 1 survivors (1024K)
 Metaspace       used 62274K, committed 62976K, reserved 491520K
  class space    used 8778K, committed 9088K, reserved 425984K
}
Event: 138.781 GC heap before
{Heap before GC invocations=30 (full 0):
 garbage-first heap   total 106496K, used 87497K [0x0000000080000000, 0x0000000100000000)
  region size 1024K, 23 young (23552K), 1 survivors (1024K)
 Metaspace       used 63273K, committed 63936K, reserved 491520K
  class space    used 8920K, committed 9216K, reserved 425984K
}
Event: 138.786 GC heap after
{Heap after GC invocations=31 (full 0):
 garbage-first heap   total 184320K, used 65965K [0x0000000080000000, 0x0000000100000000)
  region size 1024K, 2 young (2048K), 2 survivors (2048K)
 Metaspace       used 63273K, committed 63936K, reserved 491520K
  class space    used 8920K, committed 9216K, reserved 425984K
}

Dll operation events (15 events):
Event: 0.035 Loaded shared library C:\Users\Siddhartha\.gradle\jdks\eclipse_adoptium-17-amd64-windows.2\bin\java.dll
Event: 0.125 Loaded shared library C:\Users\Siddhartha\.gradle\jdks\eclipse_adoptium-17-amd64-windows.2\bin\jsvml.dll
Event: 0.600 Loaded shared library C:\Users\Siddhartha\.gradle\jdks\eclipse_adoptium-17-amd64-windows.2\bin\zip.dll
Event: 0.605 Loaded shared library C:\Users\Siddhartha\.gradle\jdks\eclipse_adoptium-17-amd64-windows.2\bin\instrument.dll
Event: 0.615 Loaded shared library C:\Users\Siddhartha\.gradle\jdks\eclipse_adoptium-17-amd64-windows.2\bin\net.dll
Event: 0.618 Loaded shared library C:\Users\Siddhartha\.gradle\jdks\eclipse_adoptium-17-amd64-windows.2\bin\nio.dll
Event: 0.623 Loaded shared library C:\Users\Siddhartha\.gradle\jdks\eclipse_adoptium-17-amd64-windows.2\bin\zip.dll
Event: 1.518 Loaded shared library C:\Users\Siddhartha\.gradle\jdks\eclipse_adoptium-17-amd64-windows.2\bin\jimage.dll
Event: 1.961 Loaded shared library C:\Users\Siddhartha\.gradle\jdks\eclipse_adoptium-17-amd64-windows.2\bin\verify.dll
Event: 3.572 Loaded shared library C:\Users\Siddhartha\.gradle\native\c067742578af261105cb4f569cf0c3c89f3d7b1fecec35dd04571415982c5e48\windows-amd64\native-platform.dll
Event: 3.605 Loaded shared library C:\Users\Siddhartha\.gradle\native\38dada09dfb8b06ba9b0570ebf7e218e3eb74d4ef43ca46872605cf95ebc2f47\windows-amd64\native-platform-file-events.dll
Event: 18.663 Loaded shared library C:\Users\Siddhartha\.gradle\jdks\eclipse_adoptium-17-amd64-windows.2\bin\management.dll
Event: 18.835 Loaded shared library C:\Users\Siddhartha\.gradle\jdks\eclipse_adoptium-17-amd64-windows.2\bin\management_ext.dll
Event: 22.531 Loaded shared library C:\Users\Siddhartha\.gradle\jdks\eclipse_adoptium-17-amd64-windows.2\bin\extnet.dll
Event: 24.617 Loaded shared library C:\Users\Siddhartha\.gradle\jdks\eclipse_adoptium-17-amd64-windows.2\bin\sunmscapi.dll

Deoptimization events (20 events):
Event: 128.206 Thread 0x00000271f8aee430 Uncommon trap: trap_request=0xffffffde fr.pc=0x00000271c9bc224c relative=0x000000000000056c
Event: 128.206 Thread 0x00000271f8aee430 Uncommon trap: reason=class_check action=maybe_recompile pc=0x00000271c9bc224c method=kotlin.reflect.jvm.internal.impl.protobuf.CodedInputStream.tryRefillBuffer(I)Z @ 175 c2
Event: 128.206 Thread 0x00000271f8aee430 DEOPT PACKING pc=0x00000271c9bc224c sp=0x000000ba3f2f5a80
Event: 128.206 Thread 0x00000271f8aee430 DEOPT UNPACKING pc=0x00000271c92aa1a3 sp=0x000000ba3f2f5968 mode 2
Event: 129.331 Thread 0x00000271f8aee430 Uncommon trap: trap_request=0xffffff45 fr.pc=0x00000271c9ba1dc8 relative=0x00000000000009c8
Event: 129.331 Thread 0x00000271f8aee430 Uncommon trap: reason=unstable_if action=reinterpret pc=0x00000271c9ba1dc8 method=java.util.regex.Pattern.escape(ZZZ)I @ 8 c2
Event: 129.331 Thread 0x00000271f8aee430 DEOPT PACKING pc=0x00000271c9ba1dc8 sp=0x000000ba3f2f5bd0
Event: 129.331 Thread 0x00000271f8aee430 DEOPT UNPACKING pc=0x00000271c92aa1a3 sp=0x000000ba3f2f5b70 mode 2
Event: 130.474 Thread 0x00000271f8aee430 Uncommon trap: trap_request=0xffffff45 fr.pc=0x00000271c9b9ff20 relative=0x0000000000001340
Event: 130.474 Thread 0x00000271f8aee430 Uncommon trap: reason=unstable_if action=reinterpret pc=0x00000271c9b9ff20 method=java.util.regex.Pattern.atom()Ljava/util/regex/Pattern$Node; @ 14 c2
Event: 130.474 Thread 0x00000271f8aee430 DEOPT PACKING pc=0x00000271c9b9ff20 sp=0x000000ba3f2f5d60
Event: 130.474 Thread 0x00000271f8aee430 DEOPT UNPACKING pc=0x00000271c92aa1a3 sp=0x000000ba3f2f5d28 mode 2
Event: 131.443 Thread 0x00000271f8aee430 DEOPT PACKING pc=0x00000271c2425a11 sp=0x000000ba3f2f5760
Event: 131.443 Thread 0x00000271f8aee430 DEOPT UNPACKING pc=0x00000271c92aace3 sp=0x000000ba3f2f4c50 mode 0
Event: 131.444 Thread 0x00000271f8aee430 DEOPT PACKING pc=0x00000271c207a0de sp=0x000000ba3f2f5790
Event: 131.444 Thread 0x00000271f8aee430 DEOPT UNPACKING pc=0x00000271c92aace3 sp=0x000000ba3f2f4c58 mode 0
Event: 134.604 Thread 0x00000271f8aeda10 DEOPT PACKING pc=0x00000271c27345f1 sp=0x000000ba3fbfea70
Event: 134.604 Thread 0x00000271f8aeda10 DEOPT UNPACKING pc=0x00000271c92aace3 sp=0x000000ba3fbfdf10 mode 0
Event: 134.703 Thread 0x00000271f8aeda10 DEOPT PACKING pc=0x00000271c258fdd9 sp=0x000000ba3fbfe9a0
Event: 134.703 Thread 0x00000271f8aeda10 DEOPT UNPACKING pc=0x00000271c92aace3 sp=0x000000ba3fbfde28 mode 0

Classes loaded (20 events):
Event: 123.126 Loading class sun/reflect/misc/MethodUtil
Event: 123.127 Loading class sun/reflect/misc/MethodUtil done
Event: 123.127 Loading class sun/reflect/misc/MethodUtil$1
Event: 123.127 Loading class sun/reflect/misc/MethodUtil$1 done
Event: 125.488 Loading class java/time/temporal/WeekFields
Event: 125.489 Loading class java/time/temporal/WeekFields done
Event: 125.494 Loading class java/time/temporal/WeekFields$ComputedDayOfField
Event: 125.499 Loading class java/time/temporal/WeekFields$ComputedDayOfField done
Event: 125.530 Loading class java/time/Month$1
Event: 125.531 Loading class java/time/Month$1 done
Event: 125.539 Loading class java/nio/channels/Channels$1
Event: 125.540 Loading class java/nio/channels/Channels$1 done
Event: 128.184 Loading class java/lang/Override
Event: 128.184 Loading class java/lang/Override done
Event: 128.858 Loading class java/util/regex/Pattern$Pos
Event: 128.858 Loading class java/util/regex/Pattern$Pos done
Event: 130.475 Loading class java/util/regex/Pattern$1
Event: 130.475 Loading class java/util/regex/Pattern$1 done
Event: 138.925 Loading class java/lang/AbstractMethodError
Event: 138.926 Loading class java/lang/AbstractMethodError done

Classes unloaded (0 events):
No events

Classes redefined (0 events):
No events

Internal exceptions (20 events):
Event: 139.494 Thread 0x00000271f8aee430 Exception <a 'java/lang/ClassNotFoundException'{0x000000008b0762e0}: build_430qu0wz509gxey9qxtqxemezBeanInfo> (0x000000008b0762e0) 
thrown [s\src\hotspot\share\classfile\systemDictionary.cpp, line 256]
Event: 139.495 Thread 0x00000271f8aee430 Exception <a 'java/lang/ClassNotFoundException'{0x000000008b080a40}: org/gradle/api/internal/project/ProjectScriptBeanInfo> (0x000000008b080a40) 
thrown [s\src\hotspot\share\classfile\systemDictionary.cpp, line 256]
Event: 139.496 Thread 0x00000271f8aee430 Exception <a 'java/lang/ClassNotFoundException'{0x000000008b0b19f0}: org/gradle/api/internal/project/ProjectScriptCustomizer> (0x000000008b0b19f0) 
thrown [s\src\hotspot\share\classfile\systemDictionary.cpp, line 256]
Event: 139.497 Thread 0x00000271f8aee430 Exception <a 'java/lang/ClassNotFoundException'{0x000000008b0c8e50}: build_430qu0wz509gxey9qxtqxemezCustomizer> (0x000000008b0c8e50) 
thrown [s\src\hotspot\share\classfile\systemDictionary.cpp, line 256]
Event: 139.529 Thread 0x00000271f8aee430 Exception <a 'java/lang/ClassNotFoundException'{0x000000008af2d360}: org/gradle/api/internal/initialization/DefaultScriptHandler_DecoratedBeanInfo> (0x000000008af2d360) 
thrown [s\src\hotspot\share\classfile\systemDictionary.cpp, line 256]
Event: 139.530 Thread 0x00000271f8aee430 Exception <a 'java/lang/ClassNotFoundException'{0x000000008af3efd8}: org/gradle/api/internal/initialization/DefaultScriptHandlerBeanInfo> (0x000000008af3efd8) 
thrown [s\src\hotspot\share\classfile\systemDictionary.cpp, line 256]
Event: 139.535 Thread 0x00000271f8aee430 Exception <a 'java/lang/ClassNotFoundException'{0x000000008af50970}: org/gradle/api/internal/initialization/DefaultScriptHandlerCustomizer> (0x000000008af50970) 
thrown [s\src\hotspot\share\classfile\systemDictionary.cpp, line 256]
Event: 139.541 Thread 0x00000271f8aee430 Exception <a 'java/lang/ClassNotFoundException'{0x000000008af6f080}: org/gradle/api/internal/initialization/DefaultScriptHandler_DecoratedCustomizer> (0x000000008af6f080) 
thrown [s\src\hotspot\share\classfile\systemDictionary.cpp, line 256]
Event: 139.565 Thread 0x00000271f8aee430 Exception <a 'java/lang/ClassNotFoundException'{0x000000008ab4bed0}: org/gradle/api/internal/artifacts/dsl/DefaultRepositoryHandler_DecoratedBeanInfo> (0x000000008ab4bed0) 
thrown [s\src\hotspot\share\classfile\systemDictionary.cpp, line 256]
Event: 139.567 Thread 0x00000271f8aee430 Exception <a 'java/lang/ClassNotFoundException'{0x000000008ab62c10}: org/gradle/api/internal/artifacts/dsl/DefaultRepositoryHandlerBeanInfo> (0x000000008ab62c10) 
thrown [s\src\hotspot\share\classfile\systemDictionary.cpp, line 256]
Event: 139.568 Thread 0x00000271f8aee430 Exception <a 'java/lang/ClassNotFoundException'{0x000000008ab79d90}: org/gradle/api/internal/artifacts/DefaultArtifactRepositoryContainerBeanInfo> (0x000000008ab79d90) 
thrown [s\src\hotspot\share\classfile\systemDictionary.cpp, line 256]
Event: 139.570 Thread 0x00000271f8aee430 Exception <a 'java/lang/ClassNotFoundException'{0x000000008ab8def0}: org/gradle/api/internal/DefaultNamedDomainObjectListBeanInfo> (0x000000008ab8def0) 
thrown [s\src\hotspot\share\classfile\systemDictionary.cpp, line 256]
Event: 139.572 Thread 0x00000271f8aee430 Exception <a 'java/lang/ClassNotFoundException'{0x000000008aba1e18}: org/gradle/api/internal/DefaultNamedDomainObjectListCustomizer> (0x000000008aba1e18) 
thrown [s\src\hotspot\share\classfile\systemDictionary.cpp, line 256]
Event: 139.580 Thread 0x00000271f8aee430 Exception <a 'java/lang/ClassNotFoundException'{0x000000008aa1f5e8}: org/gradle/api/internal/artifacts/DefaultArtifactRepositoryContainerCustomizer> (0x000000008aa1f5e8) 
thrown [s\src\hotspot\share\classfile\systemDictionary.cpp, line 256]
Event: 139.592 Thread 0x00000271f8aee430 Exception <a 'java/lang/ClassNotFoundException'{0x000000008aaa5230}: org/gradle/api/internal/artifacts/dsl/DefaultRepositoryHandlerCustomizer> (0x000000008aaa5230) 
thrown [s\src\hotspot\share\classfile\systemDictionary.cpp, line 256]
Event: 139.601 Thread 0x00000271f8aee430 Exception <a 'java/lang/ClassNotFoundException'{0x000000008a94ebb0}: org/gradle/api/internal/artifacts/dsl/DefaultRepositoryHandler_DecoratedCustomizer> (0x000000008a94ebb0) 
thrown [s\src\hotspot\share\classfile\systemDictionary.cpp, line 256]
Event: 139.622 Thread 0x00000271f8aee430 Exception <a 'java/lang/ClassNotFoundException'{0x000000008a9f2a98}: org/gradle/api/internal/artifacts/dsl/dependencies/DefaultDependencyHandler_DecoratedBeanInfo> (0x000000008a9f2a98) 
thrown [s\src\hotspot\share\classfile\systemDictionary.cpp, line 256]
Event: 139.624 Thread 0x00000271f8aee430 Exception <a 'java/lang/ClassNotFoundException'{0x000000008a80a298}: org/gradle/api/internal/artifacts/dsl/dependencies/DefaultDependencyHandlerBeanInfo> (0x000000008a80a298) 
thrown [s\src\hotspot\share\classfile\systemDictionary.cpp, line 256]
Event: 139.626 Thread 0x00000271f8aee430 Exception <a 'java/lang/ClassNotFoundException'{0x000000008a820ab8}: org/gradle/api/internal/artifacts/dsl/dependencies/DefaultDependencyHandlerCustomizer> (0x000000008a820ab8) 
thrown [s\src\hotspot\share\classfile\systemDictionary.cpp, line 256]
Event: 139.630 Thread 0x00000271f8aee430 Exception <a 'java/lang/ClassNotFoundException'{0x000000008a879ad0}: org/gradle/api/internal/artifacts/dsl/dependencies/DefaultDependencyHandler_DecoratedCustomizer> (0x000000008a879ad0) 
thrown [s\src\hotspot\share\classfile\systemDictionary.cpp, line 256]

VM Operations (20 events):
Event: 135.018 Executing VM operation: G1CollectForAllocation
Event: 135.026 Executing VM operation: G1CollectForAllocation done
Event: 135.102 Executing VM operation: G1CollectForAllocation
Event: 135.107 Executing VM operation: G1CollectForAllocation done
Event: 136.110 Executing VM operation: Cleanup
Event: 136.110 Executing VM operation: Cleanup done
Event: 137.118 Executing VM operation: Cleanup
Event: 137.118 Executing VM operation: Cleanup done
Event: 138.127 Executing VM operation: Cleanup
Event: 138.127 Executing VM operation: Cleanup done
Event: 138.291 Executing VM operation: HandshakeAllThreads
Event: 138.300 Executing VM operation: HandshakeAllThreads done
Event: 138.781 Executing VM operation: G1CollectForAllocation
Event: 138.786 Executing VM operation: G1CollectForAllocation done
Event: 138.850 Executing VM operation: G1PauseRemark
Event: 138.855 Executing VM operation: G1PauseRemark done
Event: 138.884 Executing VM operation: G1PauseCleanup
Event: 138.884 Executing VM operation: G1PauseCleanup done
Event: 139.885 Executing VM operation: Cleanup
Event: 139.886 Executing VM operation: Cleanup done

Memory protections (0 events):
No events

Nmethod flushes (20 events):
Event: 93.211 Thread 0x00000271d869b780 flushing  nmethod 0x00000271c2488b10
Event: 93.211 Thread 0x00000271d869b780 flushing  nmethod 0x00000271c2489310
Event: 93.211 Thread 0x00000271d869b780 flushing  nmethod 0x00000271c2489d90
Event: 93.211 Thread 0x00000271d869b780 flushing  nmethod 0x00000271c248b290
Event: 93.211 Thread 0x00000271d869b780 flushing  nmethod 0x00000271c2493010
Event: 93.211 Thread 0x00000271d869b780 flushing  nmethod 0x00000271c24a6310
Event: 93.211 Thread 0x00000271d869b780 flushing  nmethod 0x00000271c24c4a10
Event: 93.211 Thread 0x00000271d869b780 flushing  nmethod 0x00000271c24de590
Event: 93.211 Thread 0x00000271d869b780 flushing  nmethod 0x00000271c2537690
Event: 93.212 Thread 0x00000271d869b780 flushing  nmethod 0x00000271c256e390
Event: 93.212 Thread 0x00000271d869b780 flushing  nmethod 0x00000271c2578690
Event: 93.212 Thread 0x00000271d869b780 flushing  nmethod 0x00000271c25aba90
Event: 93.212 Thread 0x00000271d869b780 flushing  nmethod 0x00000271c25c7f90
Event: 93.212 Thread 0x00000271d869b780 flushing  nmethod 0x00000271c25dab10
Event: 93.212 Thread 0x00000271d869b780 flushing  nmethod 0x00000271c260bc90
Event: 93.212 Thread 0x00000271d869b780 flushing  nmethod 0x00000271c2638a90
Event: 93.212 Thread 0x00000271d869b780 flushing  nmethod 0x00000271c2638e10
Event: 138.302 Thread 0x00000271d869b780 flushing  nmethod 0x00000271c98f0810
Event: 138.303 Thread 0x00000271d869b780 flushing  nmethod 0x00000271c998f890
Event: 138.310 Thread 0x00000271d869b780 flushing  nmethod 0x00000271c2302590

Events (20 events):
Event: 86.526 Thread 0x00000271f8aedf20 Thread exited: 0x00000271f8aedf20
Event: 87.345 Thread 0x00000271f8aee430 Thread added: 0x00000271fa021710
Event: 87.411 Thread 0x00000271f8aee430 Thread added: 0x00000271fa023060
Event: 91.791 Thread 0x00000271f8aee430 Thread added: 0x00000271fa023a80
Event: 91.792 Thread 0x00000271f8aee430 Thread added: 0x00000271fa022640
Event: 108.114 Thread 0x00000271f8aee430 Thread added: 0x00000271fa022b50
Event: 112.995 Thread 0x00000271f8aee430 Thread added: 0x00000271fa023570
Event: 112.996 Thread 0x00000271f8aee430 Thread added: 0x00000271fa023f90
Event: 112.996 Thread 0x00000271f8aee430 Thread added: 0x00000271fa0244a0
Event: 112.996 Thread 0x00000271f8aee430 Thread added: 0x00000271f8aedf20
Event: 112.997 Thread 0x00000271f8aee430 Thread added: 0x00000271fb5fdc10
Event: 112.997 Thread 0x00000271f8aee430 Thread added: 0x00000271fb5fe630
Event: 112.997 Thread 0x00000271f8aee430 Thread added: 0x00000271fb5fcce0
Event: 114.851 Thread 0x00000271f8aee430 Thread added: 0x00000271fb5fb8a0
Event: 117.282 Thread 0x00000271d8691820 Thread added: 0x00000271fbdb5930
Event: 117.639 Thread 0x00000271fbdb5930 Thread exited: 0x00000271fbdb5930
Event: 118.234 Thread 0x00000271d86955b0 Thread added: 0x00000271fa5d8820
Event: 119.058 Thread 0x00000271fa5d8820 Thread exited: 0x00000271fa5d8820
Event: 122.497 Thread 0x00000271f8aee430 Thread added: 0x00000271fb5fe120
Event: 139.678 Thread 0x00000271f8aee430 Thread added: 0x00000271fb5feb40


Dynamic libraries:
0x00007ff6285e0000 - 0x00007ff6285ee000 	C:\Users\Siddhartha\.gradle\jdks\eclipse_adoptium-17-amd64-windows.2\bin\java.exe
0x00007ffef6d00000 - 0x00007ffef6f66000 	C:\WINDOWS\SYSTEM32\ntdll.dll
0x00007ffef5220000 - 0x00007ffef52e9000 	C:\WINDOWS\System32\KERNEL32.DLL
0x00007ffef42d0000 - 0x00007ffef46cf000 	C:\WINDOWS\System32\KERNELBASE.dll
0x00007ffee9a90000 - 0x00007ffee9aae000 	C:\Users\Siddhartha\.gradle\jdks\eclipse_adoptium-17-amd64-windows.2\bin\VCRUNTIME140.dll
0x00007ffee9ab0000 - 0x00007ffee9ac8000 	C:\Users\Siddhartha\.gradle\jdks\eclipse_adoptium-17-amd64-windows.2\bin\jli.dll
0x00007ffed5b50000 - 0x00007ffed5de1000 	C:\WINDOWS\WinSxS\amd64_microsoft.windows.common-controls_6595b64144ccf1df_6.0.26100.8972_none_3e0da176e32f9d4b\COMCTL32.dll
0x00007ffef48d0000 - 0x00007ffef4a1c000 	C:\WINDOWS\System32\ucrtbase.dll
0x00007ffef6030000 - 0x00007ffef60d9000 	C:\WINDOWS\System32\msvcrt.dll
0x00007ffef60e0000 - 0x00007ffef610b000 	C:\WINDOWS\System32\GDI32.dll
0x00007ffef3fc0000 - 0x00007ffef3fe7000 	C:\WINDOWS\System32\win32u.dll
0x00007ffef47a0000 - 0x00007ffef48c9000 	C:\WINDOWS\System32\gdi32full.dll
0x00007ffef3f10000 - 0x00007ffef3fb3000 	C:\WINDOWS\System32\msvcp_win.dll
0x00007ffef4b30000 - 0x00007ffef4cf6000 	C:\WINDOWS\System32\USER32.dll
0x00007ffef5d70000 - 0x00007ffef5da2000 	C:\WINDOWS\System32\IMM32.DLL
0x00007ffed77e0000 - 0x00007ffed77ec000 	C:\Users\Siddhartha\.gradle\jdks\eclipse_adoptium-17-amd64-windows.2\bin\vcruntime140_1.dll
0x00007ffec9480000 - 0x00007ffec950d000 	C:\Users\Siddhartha\.gradle\jdks\eclipse_adoptium-17-amd64-windows.2\bin\msvcp140.dll
0x00007ffe2f720000 - 0x00007ffe3038c000 	C:\Users\Siddhartha\.gradle\jdks\eclipse_adoptium-17-amd64-windows.2\bin\server\jvm.dll
0x00007ffef5430000 - 0x00007ffef54ec000 	C:\WINDOWS\System32\ADVAPI32.dll
0x00007ffef5cc0000 - 0x00007ffef5d6a000 	C:\WINDOWS\System32\sechost.dll
0x00007ffef52f0000 - 0x00007ffef5408000 	C:\WINDOWS\System32\RPCRT4.dll
0x00007ffef5fa0000 - 0x00007ffef6022000 	C:\WINDOWS\System32\WS2_32.dll
0x00007ffee5e80000 - 0x00007ffee5e8b000 	C:\WINDOWS\SYSTEM32\VERSION.dll
0x00007ffee9160000 - 0x00007ffee9196000 	C:\WINDOWS\SYSTEM32\WINMM.dll
0x00007ffef3d70000 - 0x00007ffef3dce000 	C:\WINDOWS\SYSTEM32\POWRPROF.dll
0x00007ffef3d50000 - 0x00007ffef3d65000 	C:\WINDOWS\SYSTEM32\UMPDC.dll
0x00007ffef2c00000 - 0x00007ffef2c1b000 	C:\WINDOWS\SYSTEM32\kernel.appcore.dll
0x00007ffed77d0000 - 0x00007ffed77da000 	C:\Users\Siddhartha\.gradle\jdks\eclipse_adoptium-17-amd64-windows.2\bin\jimage.dll
0x00007ffef13d0000 - 0x00007ffef1612000 	C:\WINDOWS\SYSTEM32\DBGHELP.DLL
0x00007ffef6710000 - 0x00007ffef6a95000 	C:\WINDOWS\System32\combase.dll
0x00007ffef6150000 - 0x00007ffef6229000 	C:\WINDOWS\System32\OLEAUT32.dll
0x00007ffee9120000 - 0x00007ffee915b000 	C:\WINDOWS\SYSTEM32\dbgcore.DLL
0x00007ffef4210000 - 0x00007ffef42bc000 	C:\WINDOWS\System32\bcryptPrimitives.dll
0x00007ffed6960000 - 0x00007ffed696e000 	C:\Users\Siddhartha\.gradle\jdks\eclipse_adoptium-17-amd64-windows.2\bin\instrument.dll
0x00007ffecb330000 - 0x00007ffecb355000 	C:\Users\Siddhartha\.gradle\jdks\eclipse_adoptium-17-amd64-windows.2\bin\java.dll
0x00007ffeac240000 - 0x00007ffeac317000 	C:\Users\Siddhartha\.gradle\jdks\eclipse_adoptium-17-amd64-windows.2\bin\jsvml.dll
0x00007ffef5530000 - 0x00007ffef5cb8000 	C:\WINDOWS\System32\SHELL32.dll
0x00007ffef1990000 - 0x00007ffef222b000 	C:\WINDOWS\SYSTEM32\windows.storage.dll
0x00007ffef4a30000 - 0x00007ffef4b29000 	C:\WINDOWS\System32\SHCORE.dll
0x00007ffef6230000 - 0x00007ffef6296000 	C:\WINDOWS\System32\shlwapi.dll
0x00007ffef3e30000 - 0x00007ffef3e59000 	C:\WINDOWS\SYSTEM32\profapi.dll
0x00007ffed49f0000 - 0x00007ffed4a08000 	C:\Users\Siddhartha\.gradle\jdks\eclipse_adoptium-17-amd64-windows.2\bin\zip.dll
0x00007ffed3040000 - 0x00007ffed305a000 	C:\Users\Siddhartha\.gradle\jdks\eclipse_adoptium-17-amd64-windows.2\bin\net.dll
0x00007ffeea0f0000 - 0x00007ffeea218000 	C:\WINDOWS\SYSTEM32\WINHTTP.dll
0x00007ffef31b0000 - 0x00007ffef321c000 	C:\WINDOWS\system32\mswsock.dll
0x00007ffecb310000 - 0x00007ffecb326000 	C:\Users\Siddhartha\.gradle\jdks\eclipse_adoptium-17-amd64-windows.2\bin\nio.dll
0x00007ffed6950000 - 0x00007ffed6960000 	C:\Users\Siddhartha\.gradle\jdks\eclipse_adoptium-17-amd64-windows.2\bin\verify.dll
0x00007ffeebe90000 - 0x00007ffeebeb7000 	C:\Users\Siddhartha\.gradle\native\c067742578af261105cb4f569cf0c3c89f3d7b1fecec35dd04571415982c5e48\windows-amd64\native-platform.dll
0x00007ffe81a00000 - 0x00007ffe81b44000 	C:\Users\Siddhartha\.gradle\native\38dada09dfb8b06ba9b0570ebf7e218e3eb74d4ef43ca46872605cf95ebc2f47\windows-amd64\native-platform-file-events.dll
0x00007ffed6e50000 - 0x00007ffed6e5a000 	C:\Users\Siddhartha\.gradle\jdks\eclipse_adoptium-17-amd64-windows.2\bin\management.dll
0x00007ffed6e00000 - 0x00007ffed6e0c000 	C:\Users\Siddhartha\.gradle\jdks\eclipse_adoptium-17-amd64-windows.2\bin\management_ext.dll
0x00007ffef6110000 - 0x00007ffef6118000 	C:\WINDOWS\System32\PSAPI.DLL
0x00007ffef34a0000 - 0x00007ffef34bb000 	C:\WINDOWS\SYSTEM32\CRYPTSP.dll
0x00007ffef2b60000 - 0x00007ffef2b99000 	C:\WINDOWS\system32\rsaenh.dll
0x00007ffef3260000 - 0x00007ffef3292000 	C:\WINDOWS\SYSTEM32\USERENV.dll
0x00007ffef3e00000 - 0x00007ffef3e2a000 	C:\WINDOWS\SYSTEM32\bcrypt.dll
0x00007ffef34c0000 - 0x00007ffef34cc000 	C:\WINDOWS\SYSTEM32\CRYPTBASE.dll
0x00007ffef2580000 - 0x00007ffef25b3000 	C:\WINDOWS\SYSTEM32\IPHLPAPI.DLL
0x00007ffef6140000 - 0x00007ffef614a000 	C:\WINDOWS\System32\NSI.dll
0x00007ffeea2b0000 - 0x00007ffeea2cd000 	C:\WINDOWS\SYSTEM32\dhcpcsvc6.DLL
0x00007ffeea220000 - 0x00007ffeea245000 	C:\WINDOWS\SYSTEM32\dhcpcsvc.DLL
0x00007ffef2680000 - 0x00007ffef27d8000 	C:\WINDOWS\SYSTEM32\DNSAPI.dll
0x00007ffef2fb0000 - 0x00007ffef2fbd000 	C:\WINDOWS\SYSTEM32\DSPARSE.dll
0x00007ffecb300000 - 0x00007ffecb309000 	C:\Users\Siddhartha\.gradle\jdks\eclipse_adoptium-17-amd64-windows.2\bin\extnet.dll
0x00007ffe871e0000 - 0x00007ffe871ee000 	C:\Users\Siddhartha\.gradle\jdks\eclipse_adoptium-17-amd64-windows.2\bin\sunmscapi.dll
0x00007ffef4080000 - 0x00007ffef41fe000 	C:\WINDOWS\System32\CRYPT32.dll
0x00007ffef36e0000 - 0x00007ffef3710000 	C:\WINDOWS\SYSTEM32\ncrypt.dll
0x00007ffef3690000 - 0x00007ffef36cf000 	C:\WINDOWS\SYSTEM32\NTASN1.dll
0x00007ffe862e0000 - 0x00007ffe862e8000 	C:\WINDOWS\system32\wshunix.dll

dbghelp: loaded successfully - version: 4.0.5 - missing functions: none
symbol engine: initialized successfully - sym options: 0x614 - pdb path: .;C:\Users\Siddhartha\.gradle\jdks\eclipse_adoptium-17-amd64-windows.2\bin;C:\WINDOWS\SYSTEM32;C:\WINDOWS\WinSxS\amd64_microsoft.windows.common-controls_6595b64144ccf1df_6.0.26100.8972_none_3e0da176e32f9d4b;C:\Users\Siddhartha\.gradle\jdks\eclipse_adoptium-17-amd64-windows.2\bin\server;C:\Users\Siddhartha\.gradle\native\c067742578af261105cb4f569cf0c3c89f3d7b1fecec35dd04571415982c5e48\windows-amd64;C:\Users\Siddhartha\.gradle\native\38dada09dfb8b06ba9b0570ebf7e218e3eb74d4ef43ca46872605cf95ebc2f47\windows-amd64

VM Arguments:
jvm_args: -XX:MaxMetaspaceSize=512m --add-opens=java.base/java.util=ALL-UNNAMED --add-opens=java.base/java.lang=ALL-UNNAMED --add-opens=java.base/java.lang.invoke=ALL-UNNAMED --add-opens=java.prefs/java.util.prefs=ALL-UNNAMED --add-opens=java.base/java.nio.charset=ALL-UNNAMED --add-opens=java.base/java.net=ALL-UNNAMED --add-opens=java.base/java.util.concurrent.atomic=ALL-UNNAMED -Xmx2048m -Dfile.encoding=utf8 -Duser.country=IN -Duser.language=en -Duser.variant -javaagent:C:\Users\Siddhartha\.gradle\wrapper\dists\gradle-8.6-all\3mbtmo166bl6vumsh5k2lkq5h\gradle-8.6\lib\agents\gradle-instrumentation-agent-8.6.jar 
java_command: org.gradle.launcher.daemon.bootstrap.GradleDaemon 8.6
java_class_path (initial): C:\Users\Siddhartha\.gradle\wrapper\dists\gradle-8.6-all\3mbtmo166bl6vumsh5k2lkq5h\gradle-8.6\lib\gradle-launcher-8.6.jar
Launcher Type: SUN_STANDARD

[Global flags]
     intx CICompilerCount                          = 4                                         {product} {ergonomic}
   size_t CompressedClassSpaceSize                 = 436207616                                 {product} {ergonomic}
     uint ConcGCThreads                            = 2                                         {product} {ergonomic}
     uint G1ConcRefinementThreads                  = 8                                         {product} {ergonomic}
   size_t G1HeapRegionSize                         = 1048576                                   {product} {ergonomic}
    uintx GCDrainStackTargetSize                   = 64                                        {product} {ergonomic}
   size_t InitialHeapSize                          = 130023424                                 {product} {ergonomic}
   size_t MarkStackSize                            = 4194304                                   {product} {ergonomic}
   size_t MaxHeapSize                              = 2147483648                                {product} {command line}
   size_t MaxMetaspaceSize                         = 536870912                                 {product} {command line}
   size_t MaxNewSize                               = 1287651328                                {product} {ergonomic}
   size_t MinHeapDeltaBytes                        = 1048576                                   {product} {ergonomic}
   size_t MinHeapSize                              = 8388608                                   {product} {ergonomic}
    uintx NonNMethodCodeHeapSize                   = 5839372                                {pd product} {ergonomic}
    uintx NonProfiledCodeHeapSize                  = 122909434                              {pd product} {ergonomic}
    uintx ProfiledCodeHeapSize                     = 122909434                              {pd product} {ergonomic}
    uintx ReservedCodeCacheSize                    = 251658240                              {pd product} {ergonomic}
     bool SegmentedCodeCache                       = true                                      {product} {ergonomic}
   size_t SoftMaxHeapSize                          = 2147483648                             {manageable} {ergonomic}
     bool UseCompressedClassPointers               = true                           {product lp64_product} {ergonomic}
     bool UseCompressedOops                        = true                           {product lp64_product} {ergonomic}
     bool UseG1GC                                  = true                                      {product} {ergonomic}
     bool UseLargePagesIndividualAllocation        = false                                  {pd product} {ergonomic}

Logging:
Log output configuration:
 #0: stdout all=warning uptime,level,tags
 #1: stderr all=off uptime,level,tags

Environment Variables:
PATH=C:\Program Files\Common Files\Oracle\Java\javapath;C:\Program Files\Python313\Scripts\;C:\Program Files\Python313\;C:\Windows\system32;C:\Windows;C:\Windows\System32\Wbem;C:\Windows\System32\WindowsPowerShell\v1.0\;C:\Windows\System32\OpenSSH\;C:\Program Files\NVIDIA Corporation\NVIDIA NvDLISR;C:\WINDOWS\system32;C:\WINDOWS;C:\WINDOWS\System32\Wbem;C:\WINDOWS\System32\WindowsPowerShell\v1.0\;C:\WINDOWS\System32\OpenSSH\;C:\Program Files\dotnet\;C:\MinGW\bin;C:\Program Files\Java\jdk-24\bin;C:\ProgramData\chocolatey\bin;D:\Git\cmd;C:\Users\Siddhartha\.local\bin;D:\dev\nvm;D:\dev\nodejs;C:\Program Files\Microsoft SQL Server\170\Tools\Binn\;C:\Program Files\Microsoft SQL Server\Client SDK\ODBC\170\Tools\Binn\;C:\Program Files (x86)\Microsoft SQL Server\170\Tools\Binn\;C:\Program Files\Microsoft SQL Server\Client SDK\ODBC\180\Tools\Binn\;C:\Program Files\Microsoft SQL Server\170\DTS\Binn\;C:\Program Files\nodejs\;C:\Program Files\k6\;C:\Program Files\Go\bin;C:\Program Files\Common Files\Oracle\Java\javapath;C:\Program Files\Python313\Scripts\;C:\Program Files\Python313\;C:\Windows\system32;C:\Windows;C:\Windows\System32\Wbem;C:\Windows\System32\WindowsPowerShell\v1.0\;C:\Windows\System32\OpenSSH\;C:\Program Files\NVIDIA Corporation\NVIDIA NvDLISR;C:\WINDOWS\system32;C:\WINDOWS;C:\WINDOWS\System32\Wbem;C:\WINDOWS\System32\WindowsPowerShell\v1.0\;C:\WINDOWS\System32\OpenSSH\;C:\Program Files\dotnet\;C:\MinGW\bin;C:\Program Files\Java\jdk-24\bin;C:\ProgramData\chocolatey\bin;D:\Git\cmd;C:\Users\Siddhartha\.local\bin;C:\Program Files\k6\;D:\dev\nvm;D:\dev\nodejs;C:\Program Files\Microsoft SQL Server\170\Tools\Binn\;C:\Program Files\Microsoft SQL Server\Client SDK\ODBC\170\Tools\Binn\;C:\Program Files (x86)\Microsoft SQL Server\170\Tools\Binn\;C:\Program Files\Microsoft SQL Server\Client SDK\ODBC\180\Tools\Binn\;C:\Program Files\Microsoft SQL Server\170\DTS\Binn\;C:\Users\Siddhartha\AppData\Local\Microsoft\WindowsApps;C:\Users\Siddhartha\AppData\Local\Programs\Microsoft VS Code\bin;C:\Program Files\MongoDB\Server\8.2\bin;C:\Users\Siddhartha\AppData\Local\Programs\mongosh\;D:\cursor\resources\app\bin;D:\Antigravity\bin;C:\Program Files (x86)\Nmap;C:\Users\Siddhartha\AppData\Local\Programs\Antigravity IDE\bin;C:\Users\Siddhartha\.dotnet\tools;C:\Users\Siddhartha\AppData\Local\Microsoft\WinGet\Packages\lostindark.DriverStoreExplorer_Microsoft.Winget.Source_8wekyb3d8bbwe;D:\dev\nvm;D:\dev\nodejs;C:\Program Files\nodejs\;D:\Android\Sdk\platform-tools;D:\Android\Sdk\emulator;;C:\Users\Siddhartha\AppData\Local\Programs\DockerDesktop\resources\bin;C:\Users\Siddhartha\go\bin
USERNAME=Siddhartha
OS=Windows_NT
PROCESSOR_IDENTIFIER=Intel64 Family 6 Model 140 Stepping 2, GenuineIntel
TMP=C:\Users\SIDDHA~1\AppData\Local\Temp
TEMP=C:\Users\SIDDHA~1\AppData\Local\Temp



Periodic native trim disabled


---------------  S Y S T E M  ---------------

OS:
 Windows 11 , 64 bit Build 26100 (10.0.26100.9168)
OS uptime: 0 days 0:56 hours
Hyper-V role detected

CPU: total 8 (initial active 8) (4 cores per cpu, 2 threads per core) family 6 model 140 stepping 2 microcode 0x3c, cx8, cmov, fxsr, ht, mmx, 3dnowpref, sse, sse2, sse3, ssse3, sse4.1, sse4.2, popcnt, lzcnt, tsc, tscinvbit, avx, avx2, aes, erms, clmul, bmi1, bmi2, adx, avx512f, avx512dq, avx512cd, avx512bw, avx512vl, sha, fma, vzeroupper, avx512_vpopcntdq, avx512_vpclmulqdq, avx512_vaes, avx512_vnni, clflush, clflushopt, clwb, avx512_vbmi2, avx512_vbmi, hv
Processor Information for all 8 processors :
  Max Mhz: 2496, Current Mhz: 2496, Mhz Limit: 2496

Memory: 4k page, system-wide physical 7930M (180M free)
TotalPageFile size 32506M (AvailPageFile size 50M)
current process WorkingSet (physical memory assigned to process): 230M, peak: 230M
current process commit charge ("private bytes"): 406M, peak: 408M

vm_info: OpenJDK 64-Bit Server VM (17.0.19+10) for windows-amd64 JRE (17.0.19+10), built on Apr 25 2026 08:04:44 by "admin" with MS VC++ 17.12 (VS2022)

END.
