#
# There is insufficient memory for the Java Runtime Environment to continue.
# Native memory allocation (malloc) failed to allocate 1069936 bytes. Error detail: Chunk::new
# Possible reasons:
#   The system is out of physical RAM or swap space
#   This process is running with CompressedOops enabled, and the Java Heap may be blocking the growth of the native heap
# Possible solutions:
#   Reduce memory load on the system
#   Increase physical memory or swap space
#   Check if swap backing store is full
#   Decrease Java heap size (-Xmx/-Xms)
#   Decrease number of Java threads
#   Decrease Java thread stack sizes (-Xss)
#   Set larger code cache with -XX:ReservedCodeCacheSize=
#   JVM is running with Unscaled Compressed Oops mode in which the Java heap is
#     placed in the first 4GB address space. The Java Heap base address is the
#     maximum limit for the native heap growth. Please use -XX:HeapBaseMinAddress
#     to set the Java Heap base and to place the Java Heap above 4GB virtual address.
# This output file may be truncated or incomplete.
#
#  Out of Memory Error (arena.cpp:191), pid=11732, tid=26688
#
# JRE version: OpenJDK Runtime Environment Temurin-17.0.19+10 (17.0.19+10) (build 17.0.19+10)
# Java VM: OpenJDK 64-Bit Server VM Temurin-17.0.19+10 (17.0.19+10, mixed mode, sharing, tiered, compressed oops, compressed class ptrs, g1 gc, windows-amd64)
# No core dump will be written. Minidumps are not enabled by default on client versions of Windows
#

---------------  S U M M A R Y ------------

Command Line: -XX:MaxMetaspaceSize=512m --add-opens=java.base/java.util=ALL-UNNAMED --add-opens=java.base/java.lang=ALL-UNNAMED --add-opens=java.base/java.lang.invoke=ALL-UNNAMED --add-opens=java.prefs/java.util.prefs=ALL-UNNAMED --add-opens=java.base/java.nio.charset=ALL-UNNAMED --add-opens=java.base/java.net=ALL-UNNAMED --add-opens=java.base/java.util.concurrent.atomic=ALL-UNNAMED -Xmx2048m -Dfile.encoding=utf8 -Duser.country=IN -Duser.language=en -Duser.variant -javaagent:C:\Users\Siddhartha\.gradle\wrapper\dists\gradle-8.6-all\3mbtmo166bl6vumsh5k2lkq5h\gradle-8.6\lib\agents\gradle-instrumentation-agent-8.6.jar org.gradle.launcher.daemon.bootstrap.GradleDaemon 8.6

Host: 11th Gen Intel(R) Core(TM) i5-11320H @ 3.20GHz, 8 cores, 7G,  Windows 11 , 64 bit Build 26100 (10.0.26100.9168)
Time: Wed Sep  2 17:30:22 2026 India Standard Time elapsed time: 146.073983 seconds (0d 0h 2m 26s)

---------------  T H R E A D  ---------------

Current thread (0x0000018bcc8c80c0):  JavaThread "C2 CompilerThread0" daemon [_thread_in_native, id=26688, stack(0x0000008436500000,0x0000008436600000)]


Current CompileTask:
C2:146074 8811 %     4       org.gradle.internal.instantiation.generator.AbstractClassGenerator::inspectType @ 207 (560 bytes)

Stack: [0x0000008436500000,0x0000008436600000]
Native frames: (J=compiled Java code, j=interpreted, Vv=VM code, C=native code)
V  [jvm.dll+0x684b29]
V  [jvm.dll+0x83a2d5]
V  [jvm.dll+0x83bd4e]
V  [jvm.dll+0x83c3d3]
V  [jvm.dll+0x24905f]
V  [jvm.dll+0xad536]
V  [jvm.dll+0xadbdc]
V  [jvm.dll+0x2b073f]
V  [jvm.dll+0x58aea5]
V  [jvm.dll+0x222fe4]
V  [jvm.dll+0x2233dd]
V  [jvm.dll+0x21c08b]
V  [jvm.dll+0x2191a2]
V  [jvm.dll+0x1a49f0]
V  [jvm.dll+0x2299fa]
V  [jvm.dll+0x227bab]
V  [jvm.dll+0x7f0a88]
V  [jvm.dll+0x7eaf1c]
V  [jvm.dll+0x6839f7]
C  [ucrtbase.dll+0x2cd30]
C  [KERNEL32.DLL+0x2ccb7]
C  [ntdll.dll+0xaad6c]


---------------  P R O C E S S  ---------------

Threads class SMR info:
_java_thread_list=0x0000018bee1a6390, length=53, elements={
0x0000018bac63e250, 0x0000018bcc8aada0, 0x0000018bcc8ad3f0, 0x0000018bcc8c5a50,
0x0000018bcc8c6320, 0x0000018bcc8c6bf0, 0x0000018bcc8c74c0, 0x0000018bcc8c80c0,
0x0000018bcc8cc300, 0x0000018bcc90e650, 0x0000018bcc88e410, 0x0000018bccbf5f10,
0x0000018bec7eb040, 0x0000018beca7a670, 0x0000018becb2f810, 0x0000018becb55050,
0x0000018bccacf900, 0x0000018bed5a08e0, 0x0000018bed59d640, 0x0000018bed59ef90,
0x0000018bed59f4a0, 0x0000018bed59d130, 0x0000018bed59f9b0, 0x0000018bed59fec0,
0x0000018bed59e060, 0x0000018bed59e570, 0x0000018bed59ea80, 0x0000018bed04ddb0,
0x0000018bed04fc10, 0x0000018bed050120, 0x0000018bed04e2c0, 0x0000018bed04e7d0,
0x0000018bed050b40, 0x0000018bed04ece0, 0x0000018bed050630, 0x0000018bed04d390,
0x0000018bed051050, 0x0000018bed04d8a0, 0x0000018bed051a70, 0x0000018bed052490,
0x0000018bed0533c0, 0x0000018bed0529a0, 0x0000018bed053de0, 0x0000018bed054d10,
0x0000018bed051560, 0x0000018bed0542f0, 0x0000018bed59db50, 0x0000018bedf41630,
0x0000018bedf42f80, 0x0000018bedf43490, 0x0000018bedf42a70, 0x0000018bedf3fce0,
0x0000018bedf41b40
}

Java Threads: ( => current thread )
  0x0000018bac63e250 JavaThread "main" [_thread_blocked, id=19992, stack(0x0000008435800000,0x0000008435900000)]
  0x0000018bcc8aada0 JavaThread "Reference Handler" daemon [_thread_blocked, id=26660, stack(0x0000008435f00000,0x0000008436000000)]
  0x0000018bcc8ad3f0 JavaThread "Finalizer" daemon [_thread_blocked, id=26664, stack(0x0000008436000000,0x0000008436100000)]
  0x0000018bcc8c5a50 JavaThread "Signal Dispatcher" daemon [_thread_blocked, id=26672, stack(0x0000008436100000,0x0000008436200000)]
  0x0000018bcc8c6320 JavaThread "Attach Listener" daemon [_thread_blocked, id=26676, stack(0x0000008436200000,0x0000008436300000)]
  0x0000018bcc8c6bf0 JavaThread "Service Thread" daemon [_thread_blocked, id=26680, stack(0x0000008436300000,0x0000008436400000)]
  0x0000018bcc8c74c0 JavaThread "Monitor Deflation Thread" daemon [_thread_blocked, id=26684, stack(0x0000008436400000,0x0000008436500000)]
=>0x0000018bcc8c80c0 JavaThread "C2 CompilerThread0" daemon [_thread_in_native, id=26688, stack(0x0000008436500000,0x0000008436600000)]
  0x0000018bcc8cc300 JavaThread "C1 CompilerThread0" daemon [_thread_blocked, id=26692, stack(0x0000008436600000,0x0000008436700000)]
  0x0000018bcc90e650 JavaThread "Sweeper thread" daemon [_thread_blocked, id=26720, stack(0x0000008436700000,0x0000008436800000)]
  0x0000018bcc88e410 JavaThread "Common-Cleaner" daemon [_thread_blocked, id=26728, stack(0x0000008436800000,0x0000008436900000)]
  0x0000018bccbf5f10 JavaThread "Notification Thread" daemon [_thread_blocked, id=26780, stack(0x0000008436900000,0x0000008436a00000)]
  0x0000018bec7eb040 JavaThread "Daemon health stats" [_thread_blocked, id=1924, stack(0x0000008436f00000,0x0000008437000000)]
  0x0000018beca7a670 JavaThread "Incoming local TCP Connector on port 23683" [_thread_in_native, id=25192, stack(0x0000008437000000,0x0000008437100000)]
  0x0000018becb2f810 JavaThread "Daemon periodic checks" [_thread_blocked, id=4064, stack(0x0000008437100000,0x0000008437200000)]
  0x0000018becb55050 JavaThread "Daemon" [_thread_blocked, id=23560, stack(0x0000008437200000,0x0000008437300000)]
  0x0000018bccacf900 JavaThread "Handler for socket connection from /127.0.0.1:23683 to /127.0.0.1:23684" [_thread_in_native, id=23924, stack(0x0000008437300000,0x0000008437400000)]
  0x0000018bed5a08e0 JavaThread "Cancel handler" [_thread_blocked, id=24876, stack(0x0000008437400000,0x0000008437500000)]
  0x0000018bed59d640 JavaThread "Daemon worker" [_thread_in_vm, id=26516, stack(0x0000008437500000,0x0000008437600000)]
  0x0000018bed59ef90 JavaThread "Asynchronous log dispatcher for DefaultDaemonConnection: socket connection from /127.0.0.1:23683 to /127.0.0.1:23684" [_thread_blocked, id=27024, stack(0x0000008437600000,0x0000008437700000)]
  0x0000018bed59f4a0 JavaThread "Daemon client event forwarder" [_thread_blocked, id=11540, stack(0x0000008437800000,0x0000008437900000)]
  0x0000018bed59d130 JavaThread "Cache worker for journal cache (C:\Users\Siddhartha\.gradle\caches\journal-1)" [_thread_blocked, id=27744, stack(0x0000008437c00000,0x0000008437d00000)]
  0x0000018bed59f9b0 JavaThread "File lock request listener" [_thread_in_native, id=27748, stack(0x0000008437d00000,0x0000008437e00000)]
  0x0000018bed59fec0 JavaThread "Cache worker for file hash cache (C:\Users\Siddhartha\.gradle\caches\8.6\fileHashes)" [_thread_blocked, id=27760, stack(0x0000008435500000,0x0000008435600000)]
  0x0000018bed59e060 JavaThread "File lock release action executor" [_thread_blocked, id=27804, stack(0x0000008437e00000,0x0000008437f00000)]
  0x0000018bed59e570 JavaThread "File watcher server" daemon [_thread_in_native, id=28612, stack(0x0000008437f00000,0x0000008438000000)]
  0x0000018bed59ea80 JavaThread "File watcher consumer" daemon [_thread_blocked, id=24180, stack(0x0000008438000000,0x0000008438100000)]
  0x0000018bed04ddb0 JavaThread "Cache worker for checksums cache (D:\Sciqus\SCIQUS.TICKETS\Mobile-Frontend\android\.gradle\8.6\checksums)" [_thread_blocked, id=28432, stack(0x0000008438200000,0x0000008438300000)]
  0x0000018bed04fc10 JavaThread "Cache worker for file hash cache (D:\Sciqus\SCIQUS.TICKETS\Mobile-Frontend\android\.gradle\8.6\fileHashes)" [_thread_blocked, id=25120, stack(0x0000008438300000,0x0000008438400000)]
  0x0000018bed050120 JavaThread "Cache worker for cache directory md-supplier (C:\Users\Siddhartha\.gradle\caches\8.6\md-supplier)" [_thread_blocked, id=28544, stack(0x0000008438400000,0x0000008438500000)]
  0x0000018bed04e2c0 JavaThread "Cache worker for cache directory md-rule (C:\Users\Siddhartha\.gradle\caches\8.6\md-rule)" [_thread_blocked, id=25520, stack(0x0000008438500000,0x0000008438600000)]
  0x0000018bed04e7d0 JavaThread "Cache worker for file content cache (C:\Users\Siddhartha\.gradle\caches\8.6\fileContent)" [_thread_blocked, id=28224, stack(0x0000008438600000,0x0000008438700000)]
  0x0000018bed050b40 JavaThread "jar transforms" [_thread_blocked, id=28572, stack(0x0000008438700000,0x0000008438800000)]
  0x0000018bed04ece0 JavaThread "jar transforms Thread 2" [_thread_blocked, id=19168, stack(0x0000008438800000,0x0000008438900000)]
  0x0000018bed050630 JavaThread "jar transforms Thread 3" [_thread_blocked, id=12624, stack(0x0000008438b00000,0x0000008438c00000)]
  0x0000018bed04d390 JavaThread "jar transforms Thread 4" [_thread_blocked, id=26984, stack(0x0000008435600000,0x0000008435700000)]
  0x0000018bed051050 JavaThread "jar transforms Thread 5" [_thread_blocked, id=19876, stack(0x0000008435700000,0x0000008435800000)]
  0x0000018bed04d8a0 JavaThread "jar transforms Thread 6" [_thread_blocked, id=15620, stack(0x0000008438c00000,0x0000008438d00000)]
  0x0000018bed051a70 JavaThread "jar transforms Thread 7" [_thread_blocked, id=16524, stack(0x0000008437700000,0x0000008437800000)]
  0x0000018bed052490 JavaThread "jar transforms Thread 8" [_thread_blocked, id=10420, stack(0x0000008439000000,0x0000008439100000)]
  0x0000018bed0533c0 JavaThread "Unconstrained build operations" [_thread_blocked, id=29488, stack(0x0000008439100000,0x0000008439200000)]
  0x0000018bed0529a0 JavaThread "Unconstrained build operations Thread 2" [_thread_blocked, id=8728, stack(0x0000008439200000,0x0000008439300000)]
  0x0000018bed053de0 JavaThread "Cache worker for Build Output Cleanup Cache (D:\Sciqus\SCIQUS.TICKETS\Mobile-Frontend\node_modules\@react-native\gradle-plugin\.gradle\buildOutputCleanup)" [_thread_blocked, id=27920, stack(0x0000008439300000,0x0000008439400000)]
  0x0000018bed054d10 JavaThread "Unconstrained build operations Thread 3" [_thread_blocked, id=24848, stack(0x0000008439400000,0x0000008439500000)]
  0x0000018bed051560 JavaThread "Unconstrained build operations Thread 4" [_thread_blocked, id=22976, stack(0x0000008439500000,0x0000008439600000)]
  0x0000018bed0542f0 JavaThread "Unconstrained build operations Thread 5" [_thread_blocked, id=12996, stack(0x0000008439600000,0x0000008439700000)]
  0x0000018bed59db50 JavaThread "Unconstrained build operations Thread 6" [_thread_blocked, id=23420, stack(0x0000008439700000,0x0000008439800000)]
  0x0000018bedf41630 JavaThread "Unconstrained build operations Thread 7" [_thread_blocked, id=18220, stack(0x0000008439800000,0x0000008439900000)]
  0x0000018bedf42f80 JavaThread "Unconstrained build operations Thread 8" [_thread_blocked, id=12232, stack(0x0000008439900000,0x0000008439a00000)]
  0x0000018bedf43490 JavaThread "Unconstrained build operations Thread 9" [_thread_blocked, id=7500, stack(0x0000008439a00000,0x0000008439b00000)]
  0x0000018bedf42a70 JavaThread "Memory manager" [_thread_blocked, id=24652, stack(0x0000008439b00000,0x0000008439c00000)]
  0x0000018bedf3fce0 JavaThread "build event listener" [_thread_blocked, id=28740, stack(0x0000008439c00000,0x0000008439d00000)]
  0x0000018bedf41b40 JavaThread "Cache worker for Build Output Cleanup Cache (D:\Sciqus\SCIQUS.TICKETS\Mobile-Frontend\android\.gradle\buildOutputCleanup)" [_thread_blocked, id=27272, stack(0x0000008438900000,0x0000008438a00000)]

Other Threads:
  0x0000018bcc8a1a80 VMThread "VM Thread" [stack: 0x0000008435e00000,0x0000008435f00000] [id=26652]
  0x0000018bac63efe0 WatcherThread [stack: 0x0000008436a00000,0x0000008436b00000] [id=26784]
  0x0000018bac69f320 GCTaskThread "GC Thread#0" [stack: 0x0000008435900000,0x0000008435a00000] [id=8444]
  0x0000018beca2d790 GCTaskThread "GC Thread#1" [stack: 0x0000008436b00000,0x0000008436c00000] [id=27108]
  0x0000018bec7c1c10 GCTaskThread "GC Thread#2" [stack: 0x0000008436c00000,0x0000008436d00000] [id=27124]
  0x0000018bec7c1ed0 GCTaskThread "GC Thread#3" [stack: 0x0000008436d00000,0x0000008436e00000] [id=27128]
  0x0000018bcca42c30 GCTaskThread "GC Thread#4" [stack: 0x0000008436e00000,0x0000008436f00000] [id=19004]
  0x0000018becb55940 GCTaskThread "GC Thread#5" [stack: 0x0000008437900000,0x0000008437a00000] [id=27724]
  0x0000018bec9e23f0 GCTaskThread "GC Thread#6" [stack: 0x0000008437a00000,0x0000008437b00000] [id=27728]
  0x0000018bccac8670 GCTaskThread "GC Thread#7" [stack: 0x0000008437b00000,0x0000008437c00000] [id=27732]
  0x0000018bac6b0180 ConcurrentGCThread "G1 Main Marker" [stack: 0x0000008435a00000,0x0000008435b00000] [id=26448]
  0x0000018bac6b0ab0 ConcurrentGCThread "G1 Conc#0" [stack: 0x0000008435b00000,0x0000008435c00000] [id=5796]
  0x0000018bee3d0920 ConcurrentGCThread "G1 Conc#1" [stack: 0x0000008438100000,0x0000008438200000] [id=28416]
  0x0000018bac6ed260 ConcurrentGCThread "G1 Refine#0" [stack: 0x0000008435c00000,0x0000008435d00000] [id=5568]
  0x0000018bac6edba0 ConcurrentGCThread "G1 Service" [stack: 0x0000008435d00000,0x0000008435e00000] [id=26056]

Threads with active compile tasks:
C2 CompilerThread0  146111 8811 %     4       org.gradle.internal.instantiation.generator.AbstractClassGenerator::inspectType @ 207 (560 bytes)
C1 CompilerThread0  146111 8844       3       java.util.HashMap$TreeNode::balanceInsertion (245 bytes)

VM state: not at safepoint (normal execution)

VM Mutex/Monitor currently owned by a thread: None

Heap address: 0x0000000080000000, size: 2048 MB, Compressed Oops mode: 32-bit

CDS archive(s) mapped at: [0x0000018bcd000000-0x0000018bcdbb0000-0x0000018bcdbb0000), size 12255232, SharedBaseAddress: 0x0000018bcd000000, ArchiveRelocationMode: 1.
Compressed class space mapped at: 0x0000018bce000000-0x0000018be8000000, reserved size: 436207616
Narrow klass base: 0x0000018bcd000000, Narrow klass shift: 0, Narrow klass range: 0x100000000

GC Precious Log:
 CPUs: 8 total, 8 available
 Memory: 7930M
 Large Page Support: Disabled
 NUMA Support: Disabled
 Compressed Oops: Enabled (32-bit)
 Heap Region Size: 1M
 Heap Min Capacity: 8M
 Heap Initial Capacity: 124M
 Heap Max Capacity: 2G
 Pre-touch: Disabled
 Parallel Workers: 8
 Concurrent Workers: 2
 Concurrent Refinement Workers: 8
 Periodic GC: Disabled

Heap:
 garbage-first heap   total 140288K, used 105002K [0x0000000080000000, 0x0000000100000000)
  region size 1024K, 45 young (46080K), 3 survivors (3072K)
 Metaspace       used 64809K, committed 65536K, reserved 491520K
  class space    used 9124K, committed 9472K, reserved 425984K

Heap Regions: E=young(eden), S=young(survivor), O=old, HS=humongous(starts), HC=humongous(continues), CS=collection set, F=free, OA=open archive, CA=closed archive, TAMS=top-at-mark-start (previous, next)
|   0|0x0000000080000000, 0x0000000080100000, 0x0000000080100000|100%|HS|  |TAMS 0x0000000080100000, 0x0000000080000000| Complete 
|   1|0x0000000080100000, 0x0000000080200000, 0x0000000080200000|100%|HC|  |TAMS 0x0000000080200000, 0x0000000080100000| Complete 
|   2|0x0000000080200000, 0x0000000080300000, 0x0000000080300000|100%|HC|  |TAMS 0x0000000080300000, 0x0000000080200000| Complete 
|   3|0x0000000080300000, 0x0000000080400000, 0x0000000080400000|100%|HC|  |TAMS 0x0000000080400000, 0x0000000080300000| Complete 
|   4|0x0000000080400000, 0x0000000080500000, 0x0000000080500000|100%| O|  |TAMS 0x0000000080500000, 0x0000000080400000| Untracked 
|   5|0x0000000080500000, 0x0000000080600000, 0x0000000080600000|100%| O|  |TAMS 0x0000000080600000, 0x0000000080500000| Untracked 
|   6|0x0000000080600000, 0x0000000080700000, 0x0000000080700000|100%| O|  |TAMS 0x0000000080700000, 0x0000000080600000| Untracked 
|   7|0x0000000080700000, 0x0000000080800000, 0x0000000080800000|100%| O|  |TAMS 0x0000000080800000, 0x0000000080700000| Untracked 
|   8|0x0000000080800000, 0x0000000080900000, 0x0000000080900000|100%| O|  |TAMS 0x0000000080900000, 0x0000000080800000| Untracked 
|   9|0x0000000080900000, 0x0000000080a00000, 0x0000000080a00000|100%| O|  |TAMS 0x0000000080a00000, 0x0000000080900000| Untracked 
|  10|0x0000000080a00000, 0x0000000080b00000, 0x0000000080b00000|100%| O|  |TAMS 0x0000000080b00000, 0x0000000080a00000| Untracked 
|  11|0x0000000080b00000, 0x0000000080c00000, 0x0000000080c00000|100%| O|  |TAMS 0x0000000080c00000, 0x0000000080b00000| Untracked 
|  12|0x0000000080c00000, 0x0000000080d00000, 0x0000000080d00000|100%| O|  |TAMS 0x0000000080d00000, 0x0000000080c00000| Untracked 
|  13|0x0000000080d00000, 0x0000000080e00000, 0x0000000080e00000|100%| O|  |TAMS 0x0000000080e00000, 0x0000000080d00000| Untracked 
|  14|0x0000000080e00000, 0x0000000080f00000, 0x0000000080f00000|100%| O|  |TAMS 0x0000000080f00000, 0x0000000080e00000| Untracked 
|  15|0x0000000080f00000, 0x0000000081000000, 0x0000000081000000|100%| O|  |TAMS 0x0000000081000000, 0x0000000080f00000| Untracked 
|  16|0x0000000081000000, 0x0000000081100000, 0x0000000081100000|100%| O|  |TAMS 0x0000000081100000, 0x0000000081000000| Untracked 
|  17|0x0000000081100000, 0x0000000081200000, 0x0000000081200000|100%| O|  |TAMS 0x0000000081200000, 0x0000000081100000| Untracked 
|  18|0x0000000081200000, 0x0000000081300000, 0x0000000081300000|100%| O|  |TAMS 0x0000000081300000, 0x0000000081200000| Untracked 
|  19|0x0000000081300000, 0x0000000081400000, 0x0000000081400000|100%| O|  |TAMS 0x0000000081400000, 0x0000000081300000| Untracked 
|  20|0x0000000081400000, 0x0000000081500000, 0x0000000081500000|100%| O|  |TAMS 0x0000000081500000, 0x0000000081400000| Untracked 
|  21|0x0000000081500000, 0x0000000081600000, 0x0000000081600000|100%| O|  |TAMS 0x0000000081600000, 0x0000000081500000| Untracked 
|  22|0x0000000081600000, 0x0000000081700000, 0x0000000081700000|100%| O|  |TAMS 0x0000000081700000, 0x0000000081600000| Untracked 
|  23|0x0000000081700000, 0x0000000081800000, 0x0000000081800000|100%| O|  |TAMS 0x0000000081800000, 0x0000000081700000| Untracked 
|  24|0x0000000081800000, 0x0000000081900000, 0x0000000081900000|100%| O|  |TAMS 0x0000000081900000, 0x0000000081800000| Untracked 
|  25|0x0000000081900000, 0x0000000081a00000, 0x0000000081a00000|100%| O|  |TAMS 0x0000000081a00000, 0x0000000081900000| Untracked 
|  26|0x0000000081a00000, 0x0000000081b00000, 0x0000000081b00000|100%| O|  |TAMS 0x0000000081b00000, 0x0000000081a00000| Untracked 
|  27|0x0000000081b00000, 0x0000000081c00000, 0x0000000081c00000|100%| O|  |TAMS 0x0000000081c00000, 0x0000000081b00000| Untracked 
|  28|0x0000000081c00000, 0x0000000081d00000, 0x0000000081d00000|100%| O|  |TAMS 0x0000000081d00000, 0x0000000081c00000| Untracked 
|  29|0x0000000081d00000, 0x0000000081e00000, 0x0000000081e00000|100%| O|  |TAMS 0x0000000081e00000, 0x0000000081d00000| Untracked 
|  30|0x0000000081e00000, 0x0000000081f00000, 0x0000000081f00000|100%| O|  |TAMS 0x0000000081f00000, 0x0000000081e00000| Untracked 
|  31|0x0000000081f00000, 0x0000000082000000, 0x0000000082000000|100%| O|  |TAMS 0x0000000082000000, 0x0000000081f00000| Untracked 
|  32|0x0000000082000000, 0x0000000082100000, 0x0000000082100000|100%| O|  |TAMS 0x0000000082100000, 0x0000000082000000| Untracked 
|  33|0x0000000082100000, 0x0000000082200000, 0x0000000082200000|100%| O|  |TAMS 0x0000000082200000, 0x0000000082100000| Untracked 
|  34|0x0000000082200000, 0x0000000082200000, 0x0000000082300000|  0%| F|  |TAMS 0x0000000082200000, 0x0000000082200000| Untracked 
|  35|0x0000000082300000, 0x0000000082400000, 0x0000000082400000|100%| O|  |TAMS 0x0000000082400000, 0x0000000082300000| Untracked 
|  36|0x0000000082400000, 0x0000000082500000, 0x0000000082500000|100%| O|  |TAMS 0x0000000082500000, 0x0000000082400000| Untracked 
|  37|0x0000000082500000, 0x0000000082600000, 0x0000000082600000|100%| O|  |TAMS 0x0000000082600000, 0x0000000082500000| Untracked 
|  38|0x0000000082600000, 0x0000000082700000, 0x0000000082700000|100%| O|  |TAMS 0x0000000082700000, 0x0000000082600000| Untracked 
|  39|0x0000000082700000, 0x0000000082800000, 0x0000000082800000|100%|HS|  |TAMS 0x0000000082800000, 0x0000000082700000| Complete 
|  40|0x0000000082800000, 0x0000000082900000, 0x0000000082900000|100%|HC|  |TAMS 0x0000000082900000, 0x0000000082800000| Complete 
|  41|0x0000000082900000, 0x0000000082a00000, 0x0000000082a00000|100%| O|  |TAMS 0x0000000082a00000, 0x0000000082900000| Untracked 
|  42|0x0000000082a00000, 0x0000000082b00000, 0x0000000082b00000|100%| O|  |TAMS 0x0000000082b00000, 0x0000000082a00000| Untracked 
|  43|0x0000000082b00000, 0x0000000082c00000, 0x0000000082c00000|100%|HS|  |TAMS 0x0000000082c00000, 0x0000000082b00000| Complete 
|  44|0x0000000082c00000, 0x0000000082d00000, 0x0000000082d00000|100%|HC|  |TAMS 0x0000000082d00000, 0x0000000082c00000| Complete 
|  45|0x0000000082d00000, 0x0000000082e00000, 0x0000000082e00000|100%| O|  |TAMS 0x0000000082e00000, 0x0000000082d00000| Untracked 
|  46|0x0000000082e00000, 0x0000000082f00000, 0x0000000082f00000|100%| O|  |TAMS 0x0000000082f00000, 0x0000000082e00000| Untracked 
|  47|0x0000000082f00000, 0x0000000083000000, 0x0000000083000000|100%|HS|  |TAMS 0x0000000083000000, 0x0000000082f00000| Complete 
|  48|0x0000000083000000, 0x0000000083100000, 0x0000000083100000|100%|HC|  |TAMS 0x0000000083100000, 0x0000000083000000| Complete 
|  49|0x0000000083100000, 0x0000000083200000, 0x0000000083200000|100%|HC|  |TAMS 0x0000000083200000, 0x0000000083100000| Complete 
|  50|0x0000000083200000, 0x0000000083300000, 0x0000000083300000|100%|HC|  |TAMS 0x0000000083300000, 0x0000000083200000| Complete 
|  51|0x0000000083300000, 0x0000000083400000, 0x0000000083400000|100%|HS|  |TAMS 0x0000000083400000, 0x0000000083300000| Complete 
|  52|0x0000000083400000, 0x0000000083500000, 0x0000000083500000|100%|HC|  |TAMS 0x0000000083500000, 0x0000000083400000| Complete 
|  53|0x0000000083500000, 0x0000000083600000, 0x0000000083600000|100%|HC|  |TAMS 0x0000000083600000, 0x0000000083500000| Complete 
|  54|0x0000000083600000, 0x0000000083700000, 0x0000000083700000|100%|HC|  |TAMS 0x0000000083700000, 0x0000000083600000| Complete 
|  55|0x0000000083700000, 0x0000000083800000, 0x0000000083800000|100%| O|  |TAMS 0x0000000083800000, 0x0000000083700000| Untracked 
|  56|0x0000000083800000, 0x0000000083900000, 0x0000000083900000|100%| O|  |TAMS 0x0000000083900000, 0x0000000083800000| Untracked 
|  57|0x0000000083900000, 0x0000000083a00000, 0x0000000083a00000|100%| O|  |TAMS 0x0000000083a00000, 0x0000000083900000| Untracked 
|  58|0x0000000083a00000, 0x0000000083b00000, 0x0000000083b00000|100%| O|  |TAMS 0x0000000083b00000, 0x0000000083a00000| Untracked 
|  59|0x0000000083b00000, 0x0000000083bdf200, 0x0000000083c00000| 87%| O|  |TAMS 0x0000000083bdf200, 0x0000000083b00000| Untracked 
|  60|0x0000000083c00000, 0x0000000083c00000, 0x0000000083d00000|  0%| F|  |TAMS 0x0000000083c00000, 0x0000000083c00000| Untracked 
|  61|0x0000000083d00000, 0x0000000083d00000, 0x0000000083e00000|  0%| F|  |TAMS 0x0000000083d00000, 0x0000000083d00000| Untracked 
|  62|0x0000000083e00000, 0x0000000083e00000, 0x0000000083f00000|  0%| F|  |TAMS 0x0000000083e00000, 0x0000000083e00000| Untracked 
|  63|0x0000000083f00000, 0x0000000083f00000, 0x0000000084000000|  0%| F|  |TAMS 0x0000000083f00000, 0x0000000083f00000| Untracked 
|  64|0x0000000084000000, 0x0000000084000000, 0x0000000084100000|  0%| F|  |TAMS 0x0000000084000000, 0x0000000084000000| Untracked 
|  65|0x0000000084100000, 0x0000000084100000, 0x0000000084200000|  0%| F|  |TAMS 0x0000000084100000, 0x0000000084100000| Untracked 
|  66|0x0000000084200000, 0x0000000084200000, 0x0000000084300000|  0%| F|  |TAMS 0x0000000084200000, 0x0000000084200000| Untracked 
|  67|0x0000000084300000, 0x0000000084300000, 0x0000000084400000|  0%| F|  |TAMS 0x0000000084300000, 0x0000000084300000| Untracked 
|  68|0x0000000084400000, 0x0000000084400000, 0x0000000084500000|  0%| F|  |TAMS 0x0000000084400000, 0x0000000084400000| Untracked 
|  69|0x0000000084500000, 0x0000000084500000, 0x0000000084600000|  0%| F|  |TAMS 0x0000000084500000, 0x0000000084500000| Untracked 
|  70|0x0000000084600000, 0x0000000084600000, 0x0000000084700000|  0%| F|  |TAMS 0x0000000084600000, 0x0000000084600000| Untracked 
|  71|0x0000000084700000, 0x0000000084700000, 0x0000000084800000|  0%| F|  |TAMS 0x0000000084700000, 0x0000000084700000| Untracked 
|  72|0x0000000084800000, 0x0000000084800000, 0x0000000084900000|  0%| F|  |TAMS 0x0000000084800000, 0x0000000084800000| Untracked 
|  73|0x0000000084900000, 0x0000000084900000, 0x0000000084a00000|  0%| F|  |TAMS 0x0000000084900000, 0x0000000084900000| Untracked 
|  74|0x0000000084a00000, 0x0000000084a00000, 0x0000000084b00000|  0%| F|  |TAMS 0x0000000084a00000, 0x0000000084a00000| Untracked 
|  75|0x0000000084b00000, 0x0000000084b00000, 0x0000000084c00000|  0%| F|  |TAMS 0x0000000084b00000, 0x0000000084b00000| Untracked 
|  76|0x0000000084c00000, 0x0000000084c00000, 0x0000000084d00000|  0%| F|  |TAMS 0x0000000084c00000, 0x0000000084c00000| Untracked 
|  77|0x0000000084d00000, 0x0000000084d00000, 0x0000000084e00000|  0%| F|  |TAMS 0x0000000084d00000, 0x0000000084d00000| Untracked 
|  78|0x0000000084e00000, 0x0000000084e00000, 0x0000000084f00000|  0%| F|  |TAMS 0x0000000084e00000, 0x0000000084e00000| Untracked 
|  79|0x0000000084f00000, 0x0000000084f00000, 0x0000000085000000|  0%| F|  |TAMS 0x0000000084f00000, 0x0000000084f00000| Untracked 
|  80|0x0000000085000000, 0x0000000085000000, 0x0000000085100000|  0%| F|  |TAMS 0x0000000085000000, 0x0000000085000000| Untracked 
|  81|0x0000000085100000, 0x0000000085100000, 0x0000000085200000|  0%| F|  |TAMS 0x0000000085100000, 0x0000000085100000| Untracked 
|  82|0x0000000085200000, 0x0000000085200000, 0x0000000085300000|  0%| F|  |TAMS 0x0000000085200000, 0x0000000085200000| Untracked 
|  83|0x0000000085300000, 0x0000000085300000, 0x0000000085400000|  0%| F|  |TAMS 0x0000000085300000, 0x0000000085300000| Untracked 
|  84|0x0000000085400000, 0x0000000085400000, 0x0000000085500000|  0%| F|  |TAMS 0x0000000085400000, 0x0000000085400000| Untracked 
|  85|0x0000000085500000, 0x0000000085500000, 0x0000000085600000|  0%| F|  |TAMS 0x0000000085500000, 0x0000000085500000| Untracked 
|  86|0x0000000085600000, 0x0000000085600000, 0x0000000085700000|  0%| F|  |TAMS 0x0000000085600000, 0x0000000085600000| Untracked 
|  87|0x0000000085700000, 0x0000000085700000, 0x0000000085800000|  0%| F|  |TAMS 0x0000000085700000, 0x0000000085700000| Untracked 
|  88|0x0000000085800000, 0x0000000085800000, 0x0000000085900000|  0%| F|  |TAMS 0x0000000085800000, 0x0000000085800000| Untracked 
|  89|0x0000000085900000, 0x00000000859ab610, 0x0000000085a00000| 66%| S|CS|TAMS 0x0000000085900000, 0x0000000085900000| Complete 
|  90|0x0000000085a00000, 0x0000000085b00000, 0x0000000085b00000|100%| S|CS|TAMS 0x0000000085a00000, 0x0000000085a00000| Complete 
|  91|0x0000000085b00000, 0x0000000085c00000, 0x0000000085c00000|100%| S|CS|TAMS 0x0000000085b00000, 0x0000000085b00000| Complete 
|  92|0x0000000085c00000, 0x0000000085c00000, 0x0000000085d00000|  0%| F|  |TAMS 0x0000000085c00000, 0x0000000085c00000| Untracked 
|  93|0x0000000085d00000, 0x0000000085d00000, 0x0000000085e00000|  0%| F|  |TAMS 0x0000000085d00000, 0x0000000085d00000| Untracked 
|  94|0x0000000085e00000, 0x0000000085e00000, 0x0000000085f00000|  0%| F|  |TAMS 0x0000000085e00000, 0x0000000085e00000| Untracked 
|  95|0x0000000085f00000, 0x0000000085f80000, 0x0000000086000000| 50%| E|  |TAMS 0x0000000085f00000, 0x0000000085f00000| Complete 
|  96|0x0000000086000000, 0x0000000086100000, 0x0000000086100000|100%| E|CS|TAMS 0x0000000086000000, 0x0000000086000000| Complete 
|  97|0x0000000086100000, 0x0000000086200000, 0x0000000086200000|100%| E|CS|TAMS 0x0000000086100000, 0x0000000086100000| Complete 
|  98|0x0000000086200000, 0x0000000086300000, 0x0000000086300000|100%| E|CS|TAMS 0x0000000086200000, 0x0000000086200000| Complete 
|  99|0x0000000086300000, 0x0000000086400000, 0x0000000086400000|100%| E|CS|TAMS 0x0000000086300000, 0x0000000086300000| Complete 
| 100|0x0000000086400000, 0x0000000086500000, 0x0000000086500000|100%| E|CS|TAMS 0x0000000086400000, 0x0000000086400000| Complete 
| 101|0x0000000086500000, 0x0000000086600000, 0x0000000086600000|100%| E|CS|TAMS 0x0000000086500000, 0x0000000086500000| Complete 
| 102|0x0000000086600000, 0x0000000086700000, 0x0000000086700000|100%| E|CS|TAMS 0x0000000086600000, 0x0000000086600000| Complete 
| 103|0x0000000086700000, 0x0000000086800000, 0x0000000086800000|100%| E|CS|TAMS 0x0000000086700000, 0x0000000086700000| Complete 
| 104|0x0000000086800000, 0x0000000086900000, 0x0000000086900000|100%| E|CS|TAMS 0x0000000086800000, 0x0000000086800000| Complete 
| 105|0x0000000086900000, 0x0000000086a00000, 0x0000000086a00000|100%| E|CS|TAMS 0x0000000086900000, 0x0000000086900000| Complete 
| 106|0x0000000086a00000, 0x0000000086b00000, 0x0000000086b00000|100%| E|CS|TAMS 0x0000000086a00000, 0x0000000086a00000| Complete 
| 107|0x0000000086b00000, 0x0000000086c00000, 0x0000000086c00000|100%| E|CS|TAMS 0x0000000086b00000, 0x0000000086b00000| Complete 
| 108|0x0000000086c00000, 0x0000000086d00000, 0x0000000086d00000|100%| E|CS|TAMS 0x0000000086c00000, 0x0000000086c00000| Complete 
| 109|0x0000000086d00000, 0x0000000086e00000, 0x0000000086e00000|100%| E|CS|TAMS 0x0000000086d00000, 0x0000000086d00000| Complete 
| 110|0x0000000086e00000, 0x0000000086f00000, 0x0000000086f00000|100%| E|CS|TAMS 0x0000000086e00000, 0x0000000086e00000| Complete 
| 111|0x0000000086f00000, 0x0000000087000000, 0x0000000087000000|100%| E|CS|TAMS 0x0000000086f00000, 0x0000000086f00000| Complete 
| 112|0x0000000087000000, 0x0000000087100000, 0x0000000087100000|100%| E|CS|TAMS 0x0000000087000000, 0x0000000087000000| Complete 
| 113|0x0000000087100000, 0x0000000087200000, 0x0000000087200000|100%| E|CS|TAMS 0x0000000087100000, 0x0000000087100000| Complete 
| 114|0x0000000087200000, 0x0000000087300000, 0x0000000087300000|100%| E|CS|TAMS 0x0000000087200000, 0x0000000087200000| Complete 
| 115|0x0000000087300000, 0x0000000087400000, 0x0000000087400000|100%| E|CS|TAMS 0x0000000087300000, 0x0000000087300000| Complete 
| 116|0x0000000087400000, 0x0000000087500000, 0x0000000087500000|100%| E|CS|TAMS 0x0000000087400000, 0x0000000087400000| Complete 
| 117|0x0000000087500000, 0x0000000087600000, 0x0000000087600000|100%| E|CS|TAMS 0x0000000087500000, 0x0000000087500000| Complete 
| 118|0x0000000087600000, 0x0000000087700000, 0x0000000087700000|100%| E|CS|TAMS 0x0000000087600000, 0x0000000087600000| Complete 
| 119|0x0000000087700000, 0x0000000087800000, 0x0000000087800000|100%| E|CS|TAMS 0x0000000087700000, 0x0000000087700000| Complete 
| 120|0x0000000087800000, 0x0000000087900000, 0x0000000087900000|100%| E|CS|TAMS 0x0000000087800000, 0x0000000087800000| Complete 
| 121|0x0000000087900000, 0x0000000087a00000, 0x0000000087a00000|100%| E|CS|TAMS 0x0000000087900000, 0x0000000087900000| Complete 
| 122|0x0000000087a00000, 0x0000000087b00000, 0x0000000087b00000|100%| E|CS|TAMS 0x0000000087a00000, 0x0000000087a00000| Complete 
| 123|0x0000000087b00000, 0x0000000087c00000, 0x0000000087c00000|100%| E|CS|TAMS 0x0000000087b00000, 0x0000000087b00000| Complete 
| 124|0x0000000087c00000, 0x0000000087d00000, 0x0000000087d00000|100%| E|CS|TAMS 0x0000000087c00000, 0x0000000087c00000| Complete 
| 125|0x0000000087d00000, 0x0000000087e00000, 0x0000000087e00000|100%| E|CS|TAMS 0x0000000087d00000, 0x0000000087d00000| Complete 
| 126|0x0000000087e00000, 0x0000000087f00000, 0x0000000087f00000|100%| E|CS|TAMS 0x0000000087e00000, 0x0000000087e00000| Complete 
| 127|0x0000000087f00000, 0x0000000088000000, 0x0000000088000000|100%| E|CS|TAMS 0x0000000087f00000, 0x0000000087f00000| Complete 
| 128|0x0000000088000000, 0x0000000088100000, 0x0000000088100000|100%| E|CS|TAMS 0x0000000088000000, 0x0000000088000000| Complete 
| 129|0x0000000088100000, 0x0000000088200000, 0x0000000088200000|100%| E|CS|TAMS 0x0000000088100000, 0x0000000088100000| Complete 
| 130|0x0000000088200000, 0x0000000088300000, 0x0000000088300000|100%| E|CS|TAMS 0x0000000088200000, 0x0000000088200000| Complete 
| 131|0x0000000088300000, 0x0000000088400000, 0x0000000088400000|100%| E|CS|TAMS 0x0000000088300000, 0x0000000088300000| Complete 
| 132|0x0000000088400000, 0x0000000088500000, 0x0000000088500000|100%| E|CS|TAMS 0x0000000088400000, 0x0000000088400000| Complete 
| 133|0x0000000088500000, 0x0000000088600000, 0x0000000088600000|100%| E|CS|TAMS 0x0000000088500000, 0x0000000088500000| Complete 
| 134|0x0000000088600000, 0x0000000088700000, 0x0000000088700000|100%| E|CS|TAMS 0x0000000088600000, 0x0000000088600000| Complete 
| 135|0x0000000088700000, 0x0000000088800000, 0x0000000088800000|100%| E|CS|TAMS 0x0000000088700000, 0x0000000088700000| Complete 
| 136|0x0000000088800000, 0x0000000088900000, 0x0000000088900000|100%| E|CS|TAMS 0x0000000088800000, 0x0000000088800000| Complete 

Card table byte_map: [0x0000018bc5600000,0x0000018bc5a00000] _byte_map_base: 0x0000018bc5200000

Marking Bits (Prev, Next): (CMBitMap*) 0x0000018bac69f890, (CMBitMap*) 0x0000018bac69f850
 Prev Bits: [0x0000018bc7e00000, 0x0000018bc9e00000)
 Next Bits: [0x0000018bc5e00000, 0x0000018bc7e00000)

Polling page: 0x0000018bac6f0000

Metaspace:

Usage:
  Non-class:     54.38 MB used.
      Class:      8.91 MB used.
       Both:     63.29 MB used.

Virtual space:
  Non-class space:       64.00 MB reserved,      54.81 MB ( 86%) committed,  1 nodes.
      Class space:      416.00 MB reserved,       9.25 MB (  2%) committed,  1 nodes.
             Both:      480.00 MB reserved,      64.06 MB ( 13%) committed. 

Chunk freelists:
   Non-Class:  8.73 MB
       Class:  6.78 MB
        Both:  15.52 MB

MaxMetaspaceSize: 512.00 MB
CompressedClassSpaceSize: 416.00 MB
Initial GC threshold: 21.00 MB
Current GC threshold: 100.25 MB
CDS: on
MetaspaceReclaimPolicy: balanced
 - commit_granule_bytes: 65536.
 - commit_granule_words: 8192.
 - virtual_space_node_default_size: 8388608.
 - enlarge_chunks_in_place: 1.
 - new_chunks_are_fully_committed: 0.
 - uncommit_free_chunks: 1.
 - use_allocation_guard: 0.
 - handle_deallocations: 1.


Internal statistics:

num_allocs_failed_limit: 6.
num_arena_births: 916.
num_arena_deaths: 0.
num_vsnodes_births: 2.
num_vsnodes_deaths: 0.
num_space_committed: 1025.
num_space_uncommitted: 0.
num_chunks_returned_to_freelist: 6.
num_chunks_taken_from_freelist: 3660.
num_chunk_merges: 6.
num_chunk_splits: 2376.
num_chunks_enlarged: 1500.
num_inconsistent_stats: 0.

CodeHeap 'non-profiled nmethods': size=120000Kb used=4639Kb max_used=4639Kb free=115360Kb
 bounds [0x0000018bbd260000, 0x0000018bbd6f0000, 0x0000018bc4790000]
CodeHeap 'profiled nmethods': size=120000Kb used=15829Kb max_used=15829Kb free=104170Kb
 bounds [0x0000018bb5790000, 0x0000018bb6710000, 0x0000018bbccc0000]
CodeHeap 'non-nmethods': size=5760Kb used=2372Kb max_used=2411Kb free=3387Kb
 bounds [0x0000018bbccc0000, 0x0000018bbcf30000, 0x0000018bbd260000]
 total_blobs=8948 nmethods=8061 adapters=799
 compilation: enabled
              stopped_count=0, restarted_count=0
 full_count=0

Compilation events (20 events):
Event: 144.927 Thread 0x0000018bcc8cc300 8817       3       java.lang.invoke.MethodHandles$Lookup$ClassFile::newInstanceNoCheck (11 bytes)
Event: 144.928 Thread 0x0000018bcc8cc300 nmethod 8817 0x0000018bb66eed90 code [0x0000018bb66eef40, 0x0000018bb66ef1f8]
Event: 144.928 Thread 0x0000018bcc8cc300 8816       3       java.lang.invoke.InvokerBytecodeGenerator::generateCustomizedCodeBytes (44 bytes)
Event: 144.928 Thread 0x0000018bcc8cc300 nmethod 8816 0x0000018bb66ef310 code [0x0000018bb66ef520, 0x0000018bb66ef958]
Event: 144.928 Thread 0x0000018bcc8cc300 8818       3       java.lang.invoke.InvokerBytecodeGenerator::classDataValues (265 bytes)
Event: 144.933 Thread 0x0000018bcc8cc300 nmethod 8818 0x0000018bb66efb90 code [0x0000018bb66f00a0, 0x0000018bb66f3638]
Event: 144.933 Thread 0x0000018bcc8cc300 8819   !   3       java.lang.invoke.InvokerBytecodeGenerator::resolveInvokerMember (43 bytes)
Event: 144.933 Thread 0x0000018bcc8cc300 nmethod 8819 0x0000018bb66f4190 code [0x0000018bb66f4360, 0x0000018bb66f46a8]
Event: 144.956 Thread 0x0000018bcc8cc300 8820       3       java.util.HashMap$TreeNode::tieBreakOrder (49 bytes)
Event: 144.957 Thread 0x0000018bcc8cc300 nmethod 8820 0x0000018bb66f4810 code [0x0000018bb66f4a20, 0x0000018bb66f4f08]
Event: 144.975 Thread 0x0000018bcc8cc300 8821       3       java.lang.Class::getDeclaredAnnotations (11 bytes)
Event: 144.975 Thread 0x0000018bcc8cc300 nmethod 8821 0x0000018bb66f5110 code [0x0000018bb66f5300, 0x0000018bb66f5748]
Event: 144.985 Thread 0x0000018bcc8cc300 8822       3       org.gradle.api.internal.tasks.DefaultTaskDependency::<init> (16 bytes)
Event: 144.985 Thread 0x0000018bcc8cc300 nmethod 8822 0x0000018bb66f5890 code [0x0000018bb66f5a40, 0x0000018bb66f5d58]
Event: 144.986 Thread 0x0000018bcc8cc300 8823       3       org.gradle.api.internal.tasks.AbstractTaskDependency::<init> (15 bytes)
Event: 144.986 Thread 0x0000018bcc8cc300 nmethod 8823 0x0000018bb66f5e90 code [0x0000018bb66f6040, 0x0000018bb66f6238]
Event: 145.320 Thread 0x0000018bcc8cc300 8825       3       java.util.concurrent.LinkedBlockingDeque$AbstractItr::hasNext (13 bytes)
Event: 145.321 Thread 0x0000018bcc8cc300 nmethod 8825 0x0000018bb66f6310 code [0x0000018bb66f64a0, 0x0000018bb66f65f8]
Event: 145.326 Thread 0x0000018bcc8cc300 8827       1       org.gradle.internal.jvm.Jvm::getJavaHome (5 bytes)
Event: 145.326 Thread 0x0000018bcc8cc300 nmethod 8827 0x0000018bbd6e7c90 code [0x0000018bbd6e7e20, 0x0000018bbd6e7ef8]

GC Heap History (20 events):
Event: 120.353 GC heap before
{Heap before GC invocations=16 (full 0):
 garbage-first heap   total 86016K, used 65696K [0x0000000080000000, 0x0000000100000000)
  region size 1024K, 29 young (29696K), 3 survivors (3072K)
 Metaspace       used 51658K, committed 52288K, reserved 491520K
  class space    used 7345K, committed 7616K, reserved 425984K
}
Event: 120.365 GC heap after
{Heap after GC invocations=17 (full 0):
 garbage-first heap   total 86016K, used 43147K [0x0000000080000000, 0x0000000100000000)
  region size 1024K, 4 young (4096K), 4 survivors (4096K)
 Metaspace       used 51658K, committed 52288K, reserved 491520K
  class space    used 7345K, committed 7616K, reserved 425984K
}
Event: 120.495 GC heap before
{Heap before GC invocations=18 (full 0):
 garbage-first heap   total 86016K, used 45195K [0x0000000080000000, 0x0000000100000000)
  region size 1024K, 5 young (5120K), 4 survivors (4096K)
 Metaspace       used 51660K, committed 52288K, reserved 491520K
  class space    used 7346K, committed 7616K, reserved 425984K
}
Event: 120.504 GC heap after
{Heap after GC invocations=19 (full 0):
 garbage-first heap   total 86016K, used 45686K [0x0000000080000000, 0x0000000100000000)
  region size 1024K, 3 young (3072K), 3 survivors (3072K)
 Metaspace       used 51660K, committed 52288K, reserved 491520K
  class space    used 7346K, committed 7616K, reserved 425984K
}
Event: 123.138 GC heap before
{Heap before GC invocations=20 (full 0):
 garbage-first heap   total 86016K, used 69238K [0x0000000080000000, 0x0000000100000000)
  region size 1024K, 25 young (25600K), 3 survivors (3072K)
 Metaspace       used 54095K, committed 54720K, reserved 491520K
  class space    used 7701K, committed 8000K, reserved 425984K
}
Event: 123.157 GC heap after
{Heap after GC invocations=21 (full 0):
 garbage-first heap   total 86016K, used 49194K [0x0000000080000000, 0x0000000100000000)
  region size 1024K, 2 young (2048K), 2 survivors (2048K)
 Metaspace       used 54095K, committed 54720K, reserved 491520K
  class space    used 7701K, committed 8000K, reserved 425984K
}
Event: 125.815 GC heap before
{Heap before GC invocations=22 (full 0):
 garbage-first heap   total 92160K, used 77866K [0x0000000080000000, 0x0000000100000000)
  region size 1024K, 22 young (22528K), 2 survivors (2048K)
 Metaspace       used 55227K, committed 55872K, reserved 491520K
  class space    used 7851K, committed 8128K, reserved 425984K
}
Event: 125.818 GC heap after
{Heap after GC invocations=23 (full 0):
 garbage-first heap   total 92160K, used 58982K [0x0000000080000000, 0x0000000100000000)
  region size 1024K, 2 young (2048K), 2 survivors (2048K)
 Metaspace       used 55227K, committed 55872K, reserved 491520K
  class space    used 7851K, committed 8128K, reserved 425984K
}
Event: 125.928 GC heap before
{Heap before GC invocations=23 (full 0):
 garbage-first heap   total 92160K, used 60006K [0x0000000080000000, 0x0000000100000000)
  region size 1024K, 4 young (4096K), 2 survivors (2048K)
 Metaspace       used 55422K, committed 56064K, reserved 491520K
  class space    used 7885K, committed 8192K, reserved 425984K
}
Event: 125.939 GC heap after
{Heap after GC invocations=24 (full 0):
 garbage-first heap   total 92160K, used 58822K [0x0000000080000000, 0x0000000100000000)
  region size 1024K, 1 young (1024K), 1 survivors (1024K)
 Metaspace       used 55422K, committed 56064K, reserved 491520K
  class space    used 7885K, committed 8192K, reserved 425984K
}
Event: 126.978 GC heap before
{Heap before GC invocations=24 (full 0):
 garbage-first heap   total 92160K, used 77254K [0x0000000080000000, 0x0000000100000000)
  region size 1024K, 19 young (19456K), 1 survivors (1024K)
 Metaspace       used 57551K, committed 58176K, reserved 491520K
  class space    used 8172K, committed 8448K, reserved 425984K
}
Event: 126.980 GC heap after
{Heap after GC invocations=25 (full 0):
 garbage-first heap   total 92160K, used 59190K [0x0000000080000000, 0x0000000100000000)
  region size 1024K, 1 young (1024K), 1 survivors (1024K)
 Metaspace       used 57551K, committed 58176K, reserved 491520K
  class space    used 8172K, committed 8448K, reserved 425984K
}
Event: 129.037 GC heap before
{Heap before GC invocations=26 (full 0):
 garbage-first heap   total 102400K, used 77622K [0x0000000080000000, 0x0000000100000000)
  region size 1024K, 19 young (19456K), 1 survivors (1024K)
 Metaspace       used 59155K, committed 59776K, reserved 491520K
  class space    used 8369K, committed 8640K, reserved 425984K
}
Event: 129.040 GC heap after
{Heap after GC invocations=27 (full 0):
 garbage-first heap   total 102400K, used 60754K [0x0000000080000000, 0x0000000100000000)
  region size 1024K, 3 young (3072K), 3 survivors (3072K)
 Metaspace       used 59155K, committed 59776K, reserved 491520K
  class space    used 8369K, committed 8640K, reserved 425984K
}
Event: 129.374 GC heap before
{Heap before GC invocations=27 (full 0):
 garbage-first heap   total 102400K, used 62802K [0x0000000080000000, 0x0000000100000000)
  region size 1024K, 5 young (5120K), 3 survivors (3072K)
 Metaspace       used 59305K, committed 59968K, reserved 491520K
  class space    used 8392K, committed 8704K, reserved 425984K
}
Event: 129.381 GC heap after
{Heap after GC invocations=28 (full 0):
 garbage-first heap   total 102400K, used 60638K [0x0000000080000000, 0x0000000100000000)
  region size 1024K, 1 young (1024K), 1 survivors (1024K)
 Metaspace       used 59305K, committed 59968K, reserved 491520K
  class space    used 8392K, committed 8704K, reserved 425984K
}
Event: 132.289 GC heap before
{Heap before GC invocations=28 (full 0):
 garbage-first heap   total 102400K, used 84190K [0x0000000080000000, 0x0000000100000000)
  region size 1024K, 24 young (24576K), 1 survivors (1024K)
 Metaspace       used 60857K, committed 61568K, reserved 491520K
  class space    used 8591K, committed 8896K, reserved 425984K
}
Event: 132.292 GC heap after
{Heap after GC invocations=29 (full 0):
 garbage-first heap   total 140288K, used 61104K [0x0000000080000000, 0x0000000100000000)
  region size 1024K, 1 young (1024K), 1 survivors (1024K)
 Metaspace       used 60857K, committed 61568K, reserved 491520K
  class space    used 8591K, committed 8896K, reserved 425984K
}
Event: 137.321 GC heap before
{Heap before GC invocations=30 (full 0):
 garbage-first heap   total 140288K, used 106160K [0x0000000080000000, 0x0000000100000000)
  region size 1024K, 46 young (47104K), 1 survivors (1024K)
 Metaspace       used 63170K, committed 63808K, reserved 491520K
  class space    used 8914K, committed 9216K, reserved 425984K
}
Event: 137.333 GC heap after
{Heap after GC invocations=31 (full 0):
 garbage-first heap   total 140288K, used 63018K [0x0000000080000000, 0x0000000100000000)
  region size 1024K, 3 young (3072K), 3 survivors (3072K)
 Metaspace       used 63170K, committed 63808K, reserved 491520K
  class space    used 8914K, committed 9216K, reserved 425984K
}

Dll operation events (15 events):
Event: 0.040 Loaded shared library C:\Users\Siddhartha\.gradle\jdks\eclipse_adoptium-17-amd64-windows.2\bin\java.dll
Event: 0.185 Loaded shared library C:\Users\Siddhartha\.gradle\jdks\eclipse_adoptium-17-amd64-windows.2\bin\jsvml.dll
Event: 0.672 Loaded shared library C:\Users\Siddhartha\.gradle\jdks\eclipse_adoptium-17-amd64-windows.2\bin\zip.dll
Event: 0.676 Loaded shared library C:\Users\Siddhartha\.gradle\jdks\eclipse_adoptium-17-amd64-windows.2\bin\instrument.dll
Event: 0.691 Loaded shared library C:\Users\Siddhartha\.gradle\jdks\eclipse_adoptium-17-amd64-windows.2\bin\net.dll
Event: 0.693 Loaded shared library C:\Users\Siddhartha\.gradle\jdks\eclipse_adoptium-17-amd64-windows.2\bin\nio.dll
Event: 0.702 Loaded shared library C:\Users\Siddhartha\.gradle\jdks\eclipse_adoptium-17-amd64-windows.2\bin\zip.dll
Event: 2.917 Loaded shared library C:\Users\Siddhartha\.gradle\jdks\eclipse_adoptium-17-amd64-windows.2\bin\jimage.dll
Event: 3.407 Loaded shared library C:\Users\Siddhartha\.gradle\jdks\eclipse_adoptium-17-amd64-windows.2\bin\verify.dll
Event: 4.072 Loaded shared library C:\Users\Siddhartha\.gradle\native\c067742578af261105cb4f569cf0c3c89f3d7b1fecec35dd04571415982c5e48\windows-amd64\native-platform.dll
Event: 4.081 Loaded shared library C:\Users\Siddhartha\.gradle\native\38dada09dfb8b06ba9b0570ebf7e218e3eb74d4ef43ca46872605cf95ebc2f47\windows-amd64\native-platform-file-events.dll
Event: 17.972 Loaded shared library C:\Users\Siddhartha\.gradle\jdks\eclipse_adoptium-17-amd64-windows.2\bin\management.dll
Event: 18.170 Loaded shared library C:\Users\Siddhartha\.gradle\jdks\eclipse_adoptium-17-amd64-windows.2\bin\management_ext.dll
Event: 22.930 Loaded shared library C:\Users\Siddhartha\.gradle\jdks\eclipse_adoptium-17-amd64-windows.2\bin\extnet.dll
Event: 25.730 Loaded shared library C:\Users\Siddhartha\.gradle\jdks\eclipse_adoptium-17-amd64-windows.2\bin\sunmscapi.dll

Deoptimization events (20 events):
Event: 129.789 Thread 0x0000018bed59d640 DEOPT PACKING pc=0x0000018bbd5fcdc8 sp=0x00000084375f5e60
Event: 129.789 Thread 0x0000018bed59d640 DEOPT UNPACKING pc=0x0000018bbcd1a1a3 sp=0x00000084375f5e00 mode 2
Event: 132.219 Thread 0x0000018bed59d640 Uncommon trap: trap_request=0xffffff45 fr.pc=0x0000018bbd5fe784 relative=0x0000000000001324
Event: 132.219 Thread 0x0000018bed59d640 Uncommon trap: reason=unstable_if action=reinterpret pc=0x0000018bbd5fe784 method=java.util.regex.Pattern.atom()Ljava/util/regex/Pattern$Node; @ 14 c2
Event: 132.219 Thread 0x0000018bed59d640 DEOPT PACKING pc=0x0000018bbd5fe784 sp=0x00000084375f5fe0
Event: 132.219 Thread 0x0000018bed59d640 DEOPT UNPACKING pc=0x0000018bbcd1a1a3 sp=0x00000084375f5fa8 mode 2
Event: 133.318 Thread 0x0000018bed59d640 DEOPT PACKING pc=0x0000018bb5d3615e sp=0x00000084375f59a0
Event: 133.318 Thread 0x0000018bed59d640 DEOPT UNPACKING pc=0x0000018bbcd1ace3 sp=0x00000084375f4e68 mode 0
Event: 134.420 Thread 0x0000018bed59d640 DEOPT PACKING pc=0x0000018bb5bec9fc sp=0x00000084375f6e70
Event: 134.420 Thread 0x0000018bed59d640 DEOPT UNPACKING pc=0x0000018bbcd1ace3 sp=0x00000084375f63f0 mode 0
Event: 135.430 Thread 0x0000018bed59fec0 DEOPT PACKING pc=0x0000018bb61d9871 sp=0x00000084355fe450
Event: 135.430 Thread 0x0000018bed59fec0 DEOPT UNPACKING pc=0x0000018bbcd1ace3 sp=0x00000084355fd8f0 mode 0
Event: 135.452 Thread 0x0000018bed59fec0 DEOPT PACKING pc=0x0000018bb5ff9c59 sp=0x00000084355fe380
Event: 135.452 Thread 0x0000018bed59fec0 DEOPT UNPACKING pc=0x0000018bbcd1ace3 sp=0x00000084355fd808 mode 0
Event: 137.797 Thread 0x0000018bed59d640 DEOPT PACKING pc=0x0000018bb5e7b135 sp=0x00000084375f5e20
Event: 137.797 Thread 0x0000018bed59d640 DEOPT UNPACKING pc=0x0000018bbcd1ace3 sp=0x00000084375f5300 mode 0
Event: 143.623 Thread 0x0000018bed59d640 Uncommon trap: trap_request=0xffffff6e fr.pc=0x0000018bbd27c67c relative=0x000000000000015c
Event: 143.623 Thread 0x0000018bed59d640 Uncommon trap: reason=loop_limit_check action=maybe_recompile pc=0x0000018bbd27c67c method=java.lang.StringLatin1.lastIndexOf([BII)I @ 19 c2
Event: 143.623 Thread 0x0000018bed59d640 DEOPT PACKING pc=0x0000018bbd27c67c sp=0x00000084375f78a0
Event: 143.623 Thread 0x0000018bed59d640 DEOPT UNPACKING pc=0x0000018bbcd1a1a3 sp=0x00000084375f7820 mode 2

Classes loaded (20 events):
Event: 123.445 Loading class sun/reflect/misc/MethodUtil
Event: 123.446 Loading class sun/reflect/misc/MethodUtil done
Event: 123.447 Loading class sun/reflect/misc/MethodUtil$1
Event: 123.447 Loading class sun/reflect/misc/MethodUtil$1 done
Event: 124.863 Loading class java/time/temporal/WeekFields
Event: 124.863 Loading class java/time/temporal/WeekFields done
Event: 124.871 Loading class java/time/temporal/WeekFields$ComputedDayOfField
Event: 124.872 Loading class java/time/temporal/WeekFields$ComputedDayOfField done
Event: 124.880 Loading class java/time/Month$1
Event: 124.881 Loading class java/time/Month$1 done
Event: 124.889 Loading class java/nio/channels/Channels$1
Event: 124.890 Loading class java/nio/channels/Channels$1 done
Event: 127.460 Loading class java/lang/Override
Event: 127.467 Loading class java/lang/Override done
Event: 129.068 Loading class java/util/regex/Pattern$Pos
Event: 129.068 Loading class java/util/regex/Pattern$Pos done
Event: 132.220 Loading class java/util/regex/Pattern$1
Event: 132.220 Loading class java/util/regex/Pattern$1 done
Event: 142.981 Loading class java/lang/AbstractMethodError
Event: 142.982 Loading class java/lang/AbstractMethodError done

Classes unloaded (0 events):
No events

Classes redefined (0 events):
No events

Internal exceptions (20 events):
Event: 143.093 Thread 0x0000018bed59d640 Exception <a 'java/lang/ClassNotFoundException'{0x0000000087c5d460}: build_430qu0wz509gxey9qxtqxemezBeanInfo> (0x0000000087c5d460) 
thrown [s\src\hotspot\share\classfile\systemDictionary.cpp, line 256]
Event: 143.093 Thread 0x0000018bed59d640 Exception <a 'java/lang/ClassNotFoundException'{0x0000000087c67bc0}: org/gradle/api/internal/project/ProjectScriptBeanInfo> (0x0000000087c67bc0) 
thrown [s\src\hotspot\share\classfile\systemDictionary.cpp, line 256]
Event: 143.094 Thread 0x0000018bed59d640 Exception <a 'java/lang/ClassNotFoundException'{0x0000000087c72390}: org/gradle/api/internal/project/ProjectScriptCustomizer> (0x0000000087c72390) 
thrown [s\src\hotspot\share\classfile\systemDictionary.cpp, line 256]
Event: 143.096 Thread 0x0000018bed59d640 Exception <a 'java/lang/ClassNotFoundException'{0x0000000087c897d8}: build_430qu0wz509gxey9qxtqxemezCustomizer> (0x0000000087c897d8) 
thrown [s\src\hotspot\share\classfile\systemDictionary.cpp, line 256]
Event: 143.124 Thread 0x0000018bed59d640 Exception <a 'java/lang/ClassNotFoundException'{0x0000000087ceddd0}: org/gradle/api/internal/initialization/DefaultScriptHandler_DecoratedBeanInfo> (0x0000000087ceddd0) 
thrown [s\src\hotspot\share\classfile\systemDictionary.cpp, line 256]
Event: 143.124 Thread 0x0000018bed59d640 Exception <a 'java/lang/ClassNotFoundException'{0x0000000087cffa30}: org/gradle/api/internal/initialization/DefaultScriptHandlerBeanInfo> (0x0000000087cffa30) 
thrown [s\src\hotspot\share\classfile\systemDictionary.cpp, line 256]
Event: 143.126 Thread 0x0000018bed59d640 Exception <a 'java/lang/ClassNotFoundException'{0x0000000087b11638}: org/gradle/api/internal/initialization/DefaultScriptHandlerCustomizer> (0x0000000087b11638) 
thrown [s\src\hotspot\share\classfile\systemDictionary.cpp, line 256]
Event: 143.130 Thread 0x0000018bed59d640 Exception <a 'java/lang/ClassNotFoundException'{0x0000000087b2fd60}: org/gradle/api/internal/initialization/DefaultScriptHandler_DecoratedCustomizer> (0x0000000087b2fd60) 
thrown [s\src\hotspot\share\classfile\systemDictionary.cpp, line 256]
Event: 143.149 Thread 0x0000018bed59d640 Exception <a 'java/lang/ClassNotFoundException'{0x000000008770c968}: org/gradle/api/internal/artifacts/dsl/DefaultRepositoryHandler_DecoratedBeanInfo> (0x000000008770c968) 
thrown [s\src\hotspot\share\classfile\systemDictionary.cpp, line 256]
Event: 143.151 Thread 0x0000018bed59d640 Exception <a 'java/lang/ClassNotFoundException'{0x0000000087723678}: org/gradle/api/internal/artifacts/dsl/DefaultRepositoryHandlerBeanInfo> (0x0000000087723678) 
thrown [s\src\hotspot\share\classfile\systemDictionary.cpp, line 256]
Event: 143.152 Thread 0x0000018bed59d640 Exception <a 'java/lang/ClassNotFoundException'{0x000000008773a7c8}: org/gradle/api/internal/artifacts/DefaultArtifactRepositoryContainerBeanInfo> (0x000000008773a7c8) 
thrown [s\src\hotspot\share\classfile\systemDictionary.cpp, line 256]
Event: 143.156 Thread 0x0000018bed59d640 Exception <a 'java/lang/ClassNotFoundException'{0x000000008774e6c8}: org/gradle/api/internal/DefaultNamedDomainObjectListBeanInfo> (0x000000008774e6c8) 
thrown [s\src\hotspot\share\classfile\systemDictionary.cpp, line 256]
Event: 143.160 Thread 0x0000018bed59d640 Exception <a 'java/lang/ClassNotFoundException'{0x00000000877625d8}: org/gradle/api/internal/DefaultNamedDomainObjectListCustomizer> (0x00000000877625d8) 
thrown [s\src\hotspot\share\classfile\systemDictionary.cpp, line 256]
Event: 143.166 Thread 0x0000018bed59d640 Exception <a 'java/lang/ClassNotFoundException'{0x00000000877e0918}: org/gradle/api/internal/artifacts/DefaultArtifactRepositoryContainerCustomizer> (0x00000000877e0918) 
thrown [s\src\hotspot\share\classfile\systemDictionary.cpp, line 256]
Event: 143.182 Thread 0x0000018bed59d640 Exception <a 'java/lang/ClassNotFoundException'{0x0000000087666fe8}: org/gradle/api/internal/artifacts/dsl/DefaultRepositoryHandlerCustomizer> (0x0000000087666fe8) 
thrown [s\src\hotspot\share\classfile\systemDictionary.cpp, line 256]
Event: 143.195 Thread 0x0000018bed59d640 Exception <a 'java/lang/ClassNotFoundException'{0x0000000087511b10}: org/gradle/api/internal/artifacts/dsl/DefaultRepositoryHandler_DecoratedCustomizer> (0x0000000087511b10) 
thrown [s\src\hotspot\share\classfile\systemDictionary.cpp, line 256]
Event: 143.212 Thread 0x0000018bed59d640 Exception <a 'java/lang/ClassNotFoundException'{0x00000000875b5860}: org/gradle/api/internal/artifacts/dsl/dependencies/DefaultDependencyHandler_DecoratedBeanInfo> (0x00000000875b5860) 
thrown [s\src\hotspot\share\classfile\systemDictionary.cpp, line 256]
Event: 143.213 Thread 0x0000018bed59d640 Exception <a 'java/lang/ClassNotFoundException'{0x00000000875ccdd8}: org/gradle/api/internal/artifacts/dsl/dependencies/DefaultDependencyHandlerBeanInfo> (0x00000000875ccdd8) 
thrown [s\src\hotspot\share\classfile\systemDictionary.cpp, line 256]
Event: 143.214 Thread 0x0000018bed59d640 Exception <a 'java/lang/ClassNotFoundException'{0x00000000875e35c8}: org/gradle/api/internal/artifacts/dsl/dependencies/DefaultDependencyHandlerCustomizer> (0x00000000875e35c8) 
thrown [s\src\hotspot\share\classfile\systemDictionary.cpp, line 256]
Event: 143.217 Thread 0x0000018bed59d640 Exception <a 'java/lang/ClassNotFoundException'{0x000000008743ccf8}: org/gradle/api/internal/artifacts/dsl/dependencies/DefaultDependencyHandler_DecoratedCustomizer> (0x000000008743ccf8) 
thrown [s\src\hotspot\share\classfile\systemDictionary.cpp, line 256]

VM Operations (20 events):
Event: 135.450 Executing VM operation: Cleanup
Event: 135.450 Executing VM operation: Cleanup done
Event: 136.458 Executing VM operation: Cleanup
Event: 136.458 Executing VM operation: Cleanup done
Event: 137.321 Executing VM operation: G1CollectForAllocation
Event: 137.333 Executing VM operation: G1CollectForAllocation done
Event: 138.339 Executing VM operation: Cleanup
Event: 138.339 Executing VM operation: Cleanup done
Event: 138.396 Executing VM operation: HandshakeAllThreads
Event: 138.402 Executing VM operation: HandshakeAllThreads done
Event: 139.410 Executing VM operation: Cleanup
Event: 139.411 Executing VM operation: Cleanup done
Event: 143.437 Executing VM operation: Cleanup
Event: 143.437 Executing VM operation: Cleanup done
Event: 143.496 Executing VM operation: HandshakeAllThreads
Event: 143.496 Executing VM operation: HandshakeAllThreads done
Event: 144.508 Executing VM operation: Cleanup
Event: 144.508 Executing VM operation: Cleanup done
Event: 145.522 Executing VM operation: Cleanup
Event: 145.522 Executing VM operation: Cleanup done

Memory protections (0 events):
No events

Nmethod flushes (20 events):
Event: 97.641 Thread 0x0000018bcc90e650 flushing  nmethod 0x0000018bb5eda510
Event: 97.641 Thread 0x0000018bcc90e650 flushing  nmethod 0x0000018bb5ee3690
Event: 97.641 Thread 0x0000018bcc90e650 flushing  nmethod 0x0000018bb5ee6a90
Event: 97.641 Thread 0x0000018bcc90e650 flushing  nmethod 0x0000018bb5ee7890
Event: 97.641 Thread 0x0000018bcc90e650 flushing  nmethod 0x0000018bb5ee8090
Event: 97.641 Thread 0x0000018bcc90e650 flushing  nmethod 0x0000018bb5ef0310
Event: 97.641 Thread 0x0000018bcc90e650 flushing  nmethod 0x0000018bb5ef1390
Event: 97.641 Thread 0x0000018bcc90e650 flushing  nmethod 0x0000018bb5f01e90
Event: 97.641 Thread 0x0000018bcc90e650 flushing  nmethod 0x0000018bb5f22510
Event: 97.641 Thread 0x0000018bcc90e650 flushing  nmethod 0x0000018bb5f38610
Event: 97.642 Thread 0x0000018bcc90e650 flushing  nmethod 0x0000018bb5f61510
Event: 97.642 Thread 0x0000018bcc90e650 flushing  nmethod 0x0000018bb5f9f590
Event: 97.642 Thread 0x0000018bcc90e650 flushing  nmethod 0x0000018bb5fd2790
Event: 97.642 Thread 0x0000018bcc90e650 flushing  nmethod 0x0000018bb5fdd710
Event: 97.642 Thread 0x0000018bcc90e650 flushing  nmethod 0x0000018bb6024490
Event: 97.642 Thread 0x0000018bcc90e650 flushing  nmethod 0x0000018bb6047710
Event: 97.643 Thread 0x0000018bcc90e650 flushing  nmethod 0x0000018bb607f410
Event: 97.643 Thread 0x0000018bcc90e650 flushing  nmethod 0x0000018bb60b8590
Event: 97.644 Thread 0x0000018bcc90e650 flushing  nmethod 0x0000018bb61be690
Event: 138.410 Thread 0x0000018bcc90e650 flushing  nmethod 0x0000018bb5c42790

Events (20 events):
Event: 93.112 Thread 0x0000018bed59d640 Thread added: 0x0000018bed051a70
Event: 93.631 Thread 0x0000018bed59d640 Thread added: 0x0000018bed052490
Event: 98.221 Thread 0x0000018bed59d640 Thread added: 0x0000018bed0533c0
Event: 98.221 Thread 0x0000018bed59d640 Thread added: 0x0000018bed0529a0
Event: 109.924 Thread 0x0000018bed59d640 Thread added: 0x0000018bed053de0
Event: 112.773 Thread 0x0000018bed59d640 Thread added: 0x0000018bed054d10
Event: 112.773 Thread 0x0000018bed59d640 Thread added: 0x0000018bed051560
Event: 112.773 Thread 0x0000018bed59d640 Thread added: 0x0000018bed0542f0
Event: 112.774 Thread 0x0000018bed59d640 Thread added: 0x0000018bed59db50
Event: 112.774 Thread 0x0000018bed59d640 Thread added: 0x0000018bedf41630
Event: 112.774 Thread 0x0000018bed59d640 Thread added: 0x0000018bedf42f80
Event: 112.774 Thread 0x0000018bed59d640 Thread added: 0x0000018bedf43490
Event: 116.031 Thread 0x0000018bed59d640 Thread added: 0x0000018bedf42a70
Event: 118.088 Thread 0x0000018bcc8cc300 Thread added: 0x0000018bee259ae0
Event: 119.116 Thread 0x0000018bee259ae0 Thread exited: 0x0000018bee259ae0
Event: 122.888 Thread 0x0000018bed59d640 Thread added: 0x0000018bedf3fce0
Event: 142.863 Thread 0x0000018bed051f80 Thread exited: 0x0000018bed051f80
Event: 142.863 Thread 0x0000018bed054800 Thread exited: 0x0000018bed054800
Event: 143.005 Thread 0x0000018bed052eb0 Thread exited: 0x0000018bed052eb0
Event: 143.280 Thread 0x0000018bed59d640 Thread added: 0x0000018bedf41b40


Dynamic libraries:
0x00007ff6285e0000 - 0x00007ff6285ee000 	C:\Users\Siddhartha\.gradle\jdks\eclipse_adoptium-17-amd64-windows.2\bin\java.exe
0x00007ffef6d00000 - 0x00007ffef6f66000 	C:\WINDOWS\SYSTEM32\ntdll.dll
0x00007ffef5220000 - 0x00007ffef52e9000 	C:\WINDOWS\System32\KERNEL32.DLL
0x00007ffef42d0000 - 0x00007ffef46cf000 	C:\WINDOWS\System32\KERNELBASE.dll
0x00007ffef48d0000 - 0x00007ffef4a1c000 	C:\WINDOWS\System32\ucrtbase.dll
0x00007ffee9a90000 - 0x00007ffee9aae000 	C:\Users\Siddhartha\.gradle\jdks\eclipse_adoptium-17-amd64-windows.2\bin\VCRUNTIME140.dll
0x00007ffee9ab0000 - 0x00007ffee9ac8000 	C:\Users\Siddhartha\.gradle\jdks\eclipse_adoptium-17-amd64-windows.2\bin\jli.dll
0x00007ffef4b30000 - 0x00007ffef4cf6000 	C:\WINDOWS\System32\USER32.dll
0x00007ffef3fc0000 - 0x00007ffef3fe7000 	C:\WINDOWS\System32\win32u.dll
0x00007ffed5b50000 - 0x00007ffed5de1000 	C:\WINDOWS\WinSxS\amd64_microsoft.windows.common-controls_6595b64144ccf1df_6.0.26100.8972_none_3e0da176e32f9d4b\COMCTL32.dll
0x00007ffef6030000 - 0x00007ffef60d9000 	C:\WINDOWS\System32\msvcrt.dll
0x00007ffef60e0000 - 0x00007ffef610b000 	C:\WINDOWS\System32\GDI32.dll
0x00007ffef47a0000 - 0x00007ffef48c9000 	C:\WINDOWS\System32\gdi32full.dll
0x00007ffef3f10000 - 0x00007ffef3fb3000 	C:\WINDOWS\System32\msvcp_win.dll
0x00007ffef5d70000 - 0x00007ffef5da2000 	C:\WINDOWS\System32\IMM32.DLL
0x00007ffed77e0000 - 0x00007ffed77ec000 	C:\Users\Siddhartha\.gradle\jdks\eclipse_adoptium-17-amd64-windows.2\bin\vcruntime140_1.dll
0x00007ffec9480000 - 0x00007ffec950d000 	C:\Users\Siddhartha\.gradle\jdks\eclipse_adoptium-17-amd64-windows.2\bin\msvcp140.dll
0x00007ffe2f720000 - 0x00007ffe3038c000 	C:\Users\Siddhartha\.gradle\jdks\eclipse_adoptium-17-amd64-windows.2\bin\server\jvm.dll
0x00007ffef5430000 - 0x00007ffef54ec000 	C:\WINDOWS\System32\ADVAPI32.dll
0x00007ffef5cc0000 - 0x00007ffef5d6a000 	C:\WINDOWS\System32\sechost.dll
0x00007ffef52f0000 - 0x00007ffef5408000 	C:\WINDOWS\System32\RPCRT4.dll
0x00007ffef5fa0000 - 0x00007ffef6022000 	C:\WINDOWS\System32\WS2_32.dll
0x00007ffef3d70000 - 0x00007ffef3dce000 	C:\WINDOWS\SYSTEM32\POWRPROF.dll
0x00007ffee9160000 - 0x00007ffee9196000 	C:\WINDOWS\SYSTEM32\WINMM.dll
0x00007ffee5e80000 - 0x00007ffee5e8b000 	C:\WINDOWS\SYSTEM32\VERSION.dll
0x00007ffef3d50000 - 0x00007ffef3d65000 	C:\WINDOWS\SYSTEM32\UMPDC.dll
0x00007ffef2c00000 - 0x00007ffef2c1b000 	C:\WINDOWS\SYSTEM32\kernel.appcore.dll
0x00007ffed77d0000 - 0x00007ffed77da000 	C:\Users\Siddhartha\.gradle\jdks\eclipse_adoptium-17-amd64-windows.2\bin\jimage.dll
0x00007ffef13d0000 - 0x00007ffef1612000 	C:\WINDOWS\SYSTEM32\DBGHELP.DLL
0x00007ffef6710000 - 0x00007ffef6a95000 	C:\WINDOWS\System32\combase.dll
0x00007ffef6150000 - 0x00007ffef6229000 	C:\WINDOWS\System32\OLEAUT32.dll
0x00007ffee9120000 - 0x00007ffee915b000 	C:\WINDOWS\SYSTEM32\dbgcore.DLL
0x00007ffef4210000 - 0x00007ffef42bc000 	C:\WINDOWS\System32\bcryptPrimitives.dll
0x00007ffed6960000 - 0x00007ffed696e000 	C:\Users\Siddhartha\.gradle\jdks\eclipse_adoptium-17-amd64-windows.2\bin\instrument.dll
0x00007ffecb330000 - 0x00007ffecb355000 	C:\Users\Siddhartha\.gradle\jdks\eclipse_adoptium-17-amd64-windows.2\bin\java.dll
0x00007ffeac240000 - 0x00007ffeac317000 	C:\Users\Siddhartha\.gradle\jdks\eclipse_adoptium-17-amd64-windows.2\bin\jsvml.dll
0x00007ffef5530000 - 0x00007ffef5cb8000 	C:\WINDOWS\System32\SHELL32.dll
0x00007ffef1990000 - 0x00007ffef222b000 	C:\WINDOWS\SYSTEM32\windows.storage.dll
0x00007ffef4a30000 - 0x00007ffef4b29000 	C:\WINDOWS\System32\SHCORE.dll
0x00007ffef6230000 - 0x00007ffef6296000 	C:\WINDOWS\System32\shlwapi.dll
0x00007ffef3e30000 - 0x00007ffef3e59000 	C:\WINDOWS\SYSTEM32\profapi.dll
0x00007ffed49f0000 - 0x00007ffed4a08000 	C:\Users\Siddhartha\.gradle\jdks\eclipse_adoptium-17-amd64-windows.2\bin\zip.dll
0x00007ffed3040000 - 0x00007ffed305a000 	C:\Users\Siddhartha\.gradle\jdks\eclipse_adoptium-17-amd64-windows.2\bin\net.dll
0x00007ffeea0f0000 - 0x00007ffeea218000 	C:\WINDOWS\SYSTEM32\WINHTTP.dll
0x00007ffef31b0000 - 0x00007ffef321c000 	C:\WINDOWS\system32\mswsock.dll
0x00007ffecb310000 - 0x00007ffecb326000 	C:\Users\Siddhartha\.gradle\jdks\eclipse_adoptium-17-amd64-windows.2\bin\nio.dll
0x00007ffed6950000 - 0x00007ffed6960000 	C:\Users\Siddhartha\.gradle\jdks\eclipse_adoptium-17-amd64-windows.2\bin\verify.dll
0x00007ffeebe90000 - 0x00007ffeebeb7000 	C:\Users\Siddhartha\.gradle\native\c067742578af261105cb4f569cf0c3c89f3d7b1fecec35dd04571415982c5e48\windows-amd64\native-platform.dll
0x00007ffe81a00000 - 0x00007ffe81b44000 	C:\Users\Siddhartha\.gradle\native\38dada09dfb8b06ba9b0570ebf7e218e3eb74d4ef43ca46872605cf95ebc2f47\windows-amd64\native-platform-file-events.dll
0x00007ffed6e50000 - 0x00007ffed6e5a000 	C:\Users\Siddhartha\.gradle\jdks\eclipse_adoptium-17-amd64-windows.2\bin\management.dll
0x00007ffed6e00000 - 0x00007ffed6e0c000 	C:\Users\Siddhartha\.gradle\jdks\eclipse_adoptium-17-amd64-windows.2\bin\management_ext.dll
0x00007ffef6110000 - 0x00007ffef6118000 	C:\WINDOWS\System32\PSAPI.DLL
0x00007ffef34a0000 - 0x00007ffef34bb000 	C:\WINDOWS\SYSTEM32\CRYPTSP.dll
0x00007ffef2b60000 - 0x00007ffef2b99000 	C:\WINDOWS\system32\rsaenh.dll
0x00007ffef3260000 - 0x00007ffef3292000 	C:\WINDOWS\SYSTEM32\USERENV.dll
0x00007ffef3e00000 - 0x00007ffef3e2a000 	C:\WINDOWS\SYSTEM32\bcrypt.dll
0x00007ffef34c0000 - 0x00007ffef34cc000 	C:\WINDOWS\SYSTEM32\CRYPTBASE.dll
0x00007ffef2580000 - 0x00007ffef25b3000 	C:\WINDOWS\SYSTEM32\IPHLPAPI.DLL
0x00007ffef6140000 - 0x00007ffef614a000 	C:\WINDOWS\System32\NSI.dll
0x00007ffeea2b0000 - 0x00007ffeea2cd000 	C:\WINDOWS\SYSTEM32\dhcpcsvc6.DLL
0x00007ffeea220000 - 0x00007ffeea245000 	C:\WINDOWS\SYSTEM32\dhcpcsvc.DLL
0x00007ffef2680000 - 0x00007ffef27d8000 	C:\WINDOWS\SYSTEM32\DNSAPI.dll
0x00007ffef2fb0000 - 0x00007ffef2fbd000 	C:\WINDOWS\SYSTEM32\DSPARSE.dll
0x00007ffecb300000 - 0x00007ffecb309000 	C:\Users\Siddhartha\.gradle\jdks\eclipse_adoptium-17-amd64-windows.2\bin\extnet.dll
0x00007ffe871e0000 - 0x00007ffe871ee000 	C:\Users\Siddhartha\.gradle\jdks\eclipse_adoptium-17-amd64-windows.2\bin\sunmscapi.dll
0x00007ffef4080000 - 0x00007ffef41fe000 	C:\WINDOWS\System32\CRYPT32.dll
0x00007ffef36e0000 - 0x00007ffef3710000 	C:\WINDOWS\SYSTEM32\ncrypt.dll
0x00007ffef3690000 - 0x00007ffef36cf000 	C:\WINDOWS\SYSTEM32\NTASN1.dll
0x00007ffe862e0000 - 0x00007ffe862e8000 	C:\WINDOWS\system32\wshunix.dll

dbghelp: loaded successfully - version: 4.0.5 - missing functions: none
symbol engine: initialized successfully - sym options: 0x614 - pdb path: .;C:\Users\Siddhartha\.gradle\jdks\eclipse_adoptium-17-amd64-windows.2\bin;C:\WINDOWS\SYSTEM32;C:\WINDOWS\WinSxS\amd64_microsoft.windows.common-controls_6595b64144ccf1df_6.0.26100.8972_none_3e0da176e32f9d4b;C:\Users\Siddhartha\.gradle\jdks\eclipse_adoptium-17-amd64-windows.2\bin\server;C:\Users\Siddhartha\.gradle\native\c067742578af261105cb4f569cf0c3c89f3d7b1fecec35dd04571415982c5e48\windows-amd64;C:\Users\Siddhartha\.gradle\native\38dada09dfb8b06ba9b0570ebf7e218e3eb74d4ef43ca46872605cf95ebc2f47\windows-amd64

VM Arguments:
jvm_args: -XX:MaxMetaspaceSize=512m --add-opens=java.base/java.util=ALL-UNNAMED --add-opens=java.base/java.lang=ALL-UNNAMED --add-opens=java.base/java.lang.invoke=ALL-UNNAMED --add-opens=java.prefs/java.util.prefs=ALL-UNNAMED --add-opens=java.base/java.nio.charset=ALL-UNNAMED --add-opens=java.base/java.net=ALL-UNNAMED --add-opens=java.base/java.util.concurrent.atomic=ALL-UNNAMED -Xmx2048m -Dfile.encoding=utf8 -Duser.country=IN -Duser.language=en -Duser.variant -javaagent:C:\Users\Siddhartha\.gradle\wrapper\dists\gradle-8.6-all\3mbtmo166bl6vumsh5k2lkq5h\gradle-8.6\lib\agents\gradle-instrumentation-agent-8.6.jar 
java_command: org.gradle.launcher.daemon.bootstrap.GradleDaemon 8.6
java_class_path (initial): C:\Users\Siddhartha\.gradle\wrapper\dists\gradle-8.6-all\3mbtmo166bl6vumsh5k2lkq5h\gradle-8.6\lib\gradle-launcher-8.6.jar
Launcher Type: SUN_STANDARD

[Global flags]
     intx CICompilerCount                          = 4                                         {product} {ergonomic}
   size_t CompressedClassSpaceSize                 = 436207616                                 {product} {ergonomic}
     uint ConcGCThreads                            = 2                                         {product} {ergonomic}
     uint G1ConcRefinementThreads                  = 8                                         {product} {ergonomic}
   size_t G1HeapRegionSize                         = 1048576                                   {product} {ergonomic}
    uintx GCDrainStackTargetSize                   = 64                                        {product} {ergonomic}
   size_t InitialHeapSize                          = 130023424                                 {product} {ergonomic}
   size_t MarkStackSize                            = 4194304                                   {product} {ergonomic}
   size_t MaxHeapSize                              = 2147483648                                {product} {command line}
   size_t MaxMetaspaceSize                         = 536870912                                 {product} {command line}
   size_t MaxNewSize                               = 1287651328                                {product} {ergonomic}
   size_t MinHeapDeltaBytes                        = 1048576                                   {product} {ergonomic}
   size_t MinHeapSize                              = 8388608                                   {product} {ergonomic}
    uintx NonNMethodCodeHeapSize                   = 5839372                                {pd product} {ergonomic}
    uintx NonProfiledCodeHeapSize                  = 122909434                              {pd product} {ergonomic}
    uintx ProfiledCodeHeapSize                     = 122909434                              {pd product} {ergonomic}
    uintx ReservedCodeCacheSize                    = 251658240                              {pd product} {ergonomic}
     bool SegmentedCodeCache                       = true                                      {product} {ergonomic}
   size_t SoftMaxHeapSize                          = 2147483648                             {manageable} {ergonomic}
     bool UseCompressedClassPointers               = true                           {product lp64_product} {ergonomic}
     bool UseCompressedOops                        = true                           {product lp64_product} {ergonomic}
     bool UseG1GC                                  = true                                      {product} {ergonomic}
     bool UseLargePagesIndividualAllocation        = false                                  {pd product} {ergonomic}

Logging:
Log output configuration:
 #0: stdout all=warning uptime,level,tags
 #1: stderr all=off uptime,level,tags

Environment Variables:
PATH=C:\Program Files\Common Files\Oracle\Java\javapath;C:\Program Files\Python313\Scripts\;C:\Program Files\Python313\;C:\Windows\system32;C:\Windows;C:\Windows\System32\Wbem;C:\Windows\System32\WindowsPowerShell\v1.0\;C:\Windows\System32\OpenSSH\;C:\Program Files\NVIDIA Corporation\NVIDIA NvDLISR;C:\WINDOWS\system32;C:\WINDOWS;C:\WINDOWS\System32\Wbem;C:\WINDOWS\System32\WindowsPowerShell\v1.0\;C:\WINDOWS\System32\OpenSSH\;C:\Program Files\dotnet\;C:\MinGW\bin;C:\Program Files\Java\jdk-24\bin;C:\ProgramData\chocolatey\bin;D:\Git\cmd;C:\Users\Siddhartha\.local\bin;D:\dev\nvm;D:\dev\nodejs;C:\Program Files\Microsoft SQL Server\170\Tools\Binn\;C:\Program Files\Microsoft SQL Server\Client SDK\ODBC\170\Tools\Binn\;C:\Program Files (x86)\Microsoft SQL Server\170\Tools\Binn\;C:\Program Files\Microsoft SQL Server\Client SDK\ODBC\180\Tools\Binn\;C:\Program Files\Microsoft SQL Server\170\DTS\Binn\;C:\Program Files\nodejs\;C:\Program Files\k6\;C:\Program Files\Go\bin;C:\Program Files\Common Files\Oracle\Java\javapath;C:\Program Files\Python313\Scripts\;C:\Program Files\Python313\;C:\Windows\system32;C:\Windows;C:\Windows\System32\Wbem;C:\Windows\System32\WindowsPowerShell\v1.0\;C:\Windows\System32\OpenSSH\;C:\Program Files\NVIDIA Corporation\NVIDIA NvDLISR;C:\WINDOWS\system32;C:\WINDOWS;C:\WINDOWS\System32\Wbem;C:\WINDOWS\System32\WindowsPowerShell\v1.0\;C:\WINDOWS\System32\OpenSSH\;C:\Program Files\dotnet\;C:\MinGW\bin;C:\Program Files\Java\jdk-24\bin;C:\ProgramData\chocolatey\bin;D:\Git\cmd;C:\Users\Siddhartha\.local\bin;C:\Program Files\k6\;D:\dev\nvm;D:\dev\nodejs;C:\Program Files\Microsoft SQL Server\170\Tools\Binn\;C:\Program Files\Microsoft SQL Server\Client SDK\ODBC\170\Tools\Binn\;C:\Program Files (x86)\Microsoft SQL Server\170\Tools\Binn\;C:\Program Files\Microsoft SQL Server\Client SDK\ODBC\180\Tools\Binn\;C:\Program Files\Microsoft SQL Server\170\DTS\Binn\;C:\Users\Siddhartha\AppData\Local\Microsoft\WindowsApps;C:\Users\Siddhartha\AppData\Local\Programs\Microsoft VS Code\bin;C:\Program Files\MongoDB\Server\8.2\bin;C:\Users\Siddhartha\AppData\Local\Programs\mongosh\;D:\cursor\resources\app\bin;D:\Antigravity\bin;C:\Program Files (x86)\Nmap;C:\Users\Siddhartha\AppData\Local\Programs\Antigravity IDE\bin;C:\Users\Siddhartha\.dotnet\tools;C:\Users\Siddhartha\AppData\Local\Microsoft\WinGet\Packages\lostindark.DriverStoreExplorer_Microsoft.Winget.Source_8wekyb3d8bbwe;D:\dev\nvm;D:\dev\nodejs;C:\Program Files\nodejs\;D:\Android\Sdk\platform-tools;D:\Android\Sdk\emulator;;C:\Users\Siddhartha\AppData\Local\Programs\DockerDesktop\resources\bin;C:\Users\Siddhartha\go\bin
USERNAME=Siddhartha
OS=Windows_NT
PROCESSOR_IDENTIFIER=Intel64 Family 6 Model 140 Stepping 2, GenuineIntel
TMP=C:\Users\SIDDHA~1\AppData\Local\Temp
TEMP=C:\Users\SIDDHA~1\AppData\Local\Temp



Periodic native trim disabled


---------------  S Y S T E M  ---------------

OS:
 Windows 11 , 64 bit Build 26100 (10.0.26100.9168)
OS uptime: 0 days 0:57 hours
Hyper-V role detected

CPU: total 8 (initial active 8) (4 cores per cpu, 2 threads per core) family 6 model 140 stepping 2 microcode 0x3c, cx8, cmov, fxsr, ht, mmx, 3dnowpref, sse, sse2, sse3, ssse3, sse4.1, sse4.2, popcnt, lzcnt, tsc, tscinvbit, avx, avx2, aes, erms, clmul, bmi1, bmi2, adx, avx512f, avx512dq, avx512cd, avx512bw, avx512vl, sha, fma, vzeroupper, avx512_vpopcntdq, avx512_vpclmulqdq, avx512_vaes, avx512_vnni, clflush, clflushopt, clwb, avx512_vbmi2, avx512_vbmi, hv
Processor Information for all 8 processors :
  Max Mhz: 2496, Current Mhz: 2496, Mhz Limit: 2496

Memory: 4k page, system-wide physical 7930M (187M free)
TotalPageFile size 32506M (AvailPageFile size 13M)
current process WorkingSet (physical memory assigned to process): 243M, peak: 255M
current process commit charge ("private bytes"): 369M, peak: 370M

vm_info: OpenJDK 64-Bit Server VM (17.0.19+10) for windows-amd64 JRE (17.0.19+10), built on Apr 25 2026 08:04:44 by "admin" with MS VC++ 17.12 (VS2022)

END.
