#
# There is insufficient memory for the Java Runtime Environment to continue.
# Native memory allocation (malloc) failed to allocate 4272336 bytes. Error detail: Chunk::new
# Possible reasons:
#   The system is out of physical RAM or swap space
#   This process is running with CompressedOops enabled, and the Java Heap may be blocking the growth of the native heap
# Possible solutions:
#   Reduce memory load on the system
#   Increase physical memory or swap space
#   Check if swap backing store is full
#   Decrease Java heap size (-Xmx/-Xms)
#   Decrease number of Java threads
#   Decrease Java thread stack sizes (-Xss)
#   Set larger code cache with -XX:ReservedCodeCacheSize=
#   JVM is running with Unscaled Compressed Oops mode in which the Java heap is
#     placed in the first 4GB address space. The Java Heap base address is the
#     maximum limit for the native heap growth. Please use -XX:HeapBaseMinAddress
#     to set the Java Heap base and to place the Java Heap above 4GB virtual address.
# This output file may be truncated or incomplete.
#
#  Out of Memory Error (arena.cpp:162), pid=9580, tid=26820
#
# JRE version: Java(TM) SE Runtime Environment (24.0.2+12) (build 24.0.2+12-54)
# Java VM: Java HotSpot(TM) 64-Bit Server VM (24.0.2+12-54, mixed mode, sharing, tiered, compressed oops, compressed class ptrs, g1 gc, windows-amd64)
# No core dump will be written. Minidumps are not enabled by default on client versions of Windows
#

---------------  S U M M A R Y ------------

Command Line: -XX:MaxMetaspaceSize=512m --add-opens=java.base/java.util=ALL-UNNAMED --add-opens=java.base/java.lang=ALL-UNNAMED --add-opens=java.base/java.lang.invoke=ALL-UNNAMED --add-opens=java.prefs/java.util.prefs=ALL-UNNAMED --add-opens=java.base/java.nio.charset=ALL-UNNAMED --add-opens=java.base/java.net=ALL-UNNAMED --add-opens=java.base/java.util.concurrent.atomic=ALL-UNNAMED -Xmx2048m -Dfile.encoding=utf8 -Duser.country=IN -Duser.language=en -Duser.variant -javaagent:C:\Users\Siddhartha\.gradle\wrapper\dists\gradle-8.6-all\3mbtmo166bl6vumsh5k2lkq5h\gradle-8.6\lib\agents\gradle-instrumentation-agent-8.6.jar org.gradle.launcher.daemon.bootstrap.GradleDaemon 8.6

Host: 11th Gen Intel(R) Core(TM) i5-11320H @ 3.20GHz, 8 cores, 7G,  Windows 11 , 64 bit Build 26100 (10.0.26100.9168)
Time: Wed Sep  2 17:30:16 2026 India Standard Time elapsed time: 139.867170 seconds (0d 0h 2m 19s)

---------------  T H R E A D  ---------------

Current thread (0x0000022b367d1e70):  JavaThread "C2 CompilerThread0" daemon [_thread_in_native, id=26820, stack(0x000000b4fea00000,0x000000b4feb00000) (1024K)]


Current CompileTask:
C2:139867 8795       4       sun.reflect.generics.parser.SignatureParser::parsePackageNameAndSimpleClassTypeSignature (119 bytes)

Stack: [0x000000b4fea00000,0x000000b4feb00000]
Native frames: (J=compiled Java code, j=interpreted, Vv=VM code, C=native code)
V  [jvm.dll+0x730829]  (no source info available)
V  [jvm.dll+0x8d9da3]  (no source info available)
V  [jvm.dll+0x8dc28d]  (no source info available)
V  [jvm.dll+0x8dc903]  (no source info available)
V  [jvm.dll+0x2a9f56]  (no source info available)
V  [jvm.dll+0xced7f]  (no source info available)
V  [jvm.dll+0xcefdf]  (no source info available)
V  [jvm.dll+0x154c83]  (no source info available)
V  [jvm.dll+0x73604f]  (no source info available)
V  [jvm.dll+0x26f8dc]  (no source info available)
V  [jvm.dll+0x26e8ff]  (no source info available)
V  [jvm.dll+0x1e9c90]  (no source info available)
V  [jvm.dll+0x27e0cb]  (no source info available)
V  [jvm.dll+0x27c36a]  (no source info available)
V  [jvm.dll+0x42f396]  (no source info available)
V  [jvm.dll+0x87d9eb]  (no source info available)
V  [jvm.dll+0x72ef45]  (no source info available)
C  [ucrtbase.dll+0x2cd30]  (no source info available)
C  [KERNEL32.DLL+0x2ccb7]  (no source info available)
C  [ntdll.dll+0xaad6c]  (no source info available)

Lock stack of current Java thread (top to bottom):


---------------  P R O C E S S  ---------------

Threads class SMR info:
_java_thread_list=0x0000022b5838c100, length=55, elements={
0x0000022b198193c0, 0x0000022b367c6430, 0x0000022b367c6b70, 0x0000022b367cd7a0,
0x0000022b367ce2d0, 0x0000022b367cee00, 0x0000022b367cf930, 0x0000022b367d1e70,
0x0000022b367d94f0, 0x0000022b36906f50, 0x0000022b369cef30, 0x0000022b56ae0700,
0x0000022b561af760, 0x0000022b5716d890, 0x0000022b36bffc70, 0x0000022b36c003b0,
0x0000022b368baf90, 0x0000022b368b99a0, 0x0000022b368bb6e0, 0x0000022b368bc580,
0x0000022b368ba840, 0x0000022b368ba0f0, 0x0000022b5637adc0, 0x0000022b5637b510,
0x0000022b5637bc60, 0x0000022b56379f20, 0x0000022b5637c3b0, 0x0000022b5637cb00,
0x0000022b5766d940, 0x0000022b5766e7e0, 0x0000022b5766bc00, 0x0000022b5766ef30,
0x0000022b5766e090, 0x0000022b5766f680, 0x0000022b5766c350, 0x0000022b5766fdd0,
0x0000022b57670520, 0x0000022b5766d1f0, 0x0000022b57670c70, 0x0000022b576713c0,
0x0000022b57671b10, 0x0000022b57672260, 0x0000022b576729b0, 0x0000022b57673100,
0x0000022b368b9250, 0x0000022b57e52e80, 0x0000022b57e52730, 0x0000022b57e54bc0,
0x0000022b57e535d0, 0x0000022b57e55310, 0x0000022b57e53d20, 0x0000022b57e54470,
0x0000022b57e51fe0, 0x0000022b57e577a0, 0x0000022b57e56900
}

Java Threads: ( => current thread )
  0x0000022b198193c0 JavaThread "main"                              [_thread_blocked, id=26648, stack(0x000000b4fdc00000,0x000000b4fdd00000) (1024K)]
  0x0000022b367c6430 JavaThread "Reference Handler"          daemon [_thread_blocked, id=26792, stack(0x000000b4fe400000,0x000000b4fe500000) (1024K)]
  0x0000022b367c6b70 JavaThread "Finalizer"                  daemon [_thread_blocked, id=26796, stack(0x000000b4fe500000,0x000000b4fe600000) (1024K)]
  0x0000022b367cd7a0 JavaThread "Signal Dispatcher"          daemon [_thread_blocked, id=26804, stack(0x000000b4fe600000,0x000000b4fe700000) (1024K)]
  0x0000022b367ce2d0 JavaThread "Attach Listener"            daemon [_thread_blocked, id=26808, stack(0x000000b4fe700000,0x000000b4fe800000) (1024K)]
  0x0000022b367cee00 JavaThread "Service Thread"             daemon [_thread_blocked, id=26812, stack(0x000000b4fe800000,0x000000b4fe900000) (1024K)]
  0x0000022b367cf930 JavaThread "Monitor Deflation Thread"   daemon [_thread_blocked, id=26816, stack(0x000000b4fe900000,0x000000b4fea00000) (1024K)]
=>0x0000022b367d1e70 JavaThread "C2 CompilerThread0"         daemon [_thread_in_native, id=26820, stack(0x000000b4fea00000,0x000000b4feb00000) (1024K)]
  0x0000022b367d94f0 JavaThread "C1 CompilerThread0"         daemon [_thread_blocked, id=26836, stack(0x000000b4feb00000,0x000000b4fec00000) (1024K)]
  0x0000022b36906f50 JavaThread "Common-Cleaner"             daemon [_thread_blocked, id=26892, stack(0x000000b4fec00000,0x000000b4fed00000) (1024K)]
  0x0000022b369cef30 JavaThread "Notification Thread"        daemon [_thread_blocked, id=26920, stack(0x000000b4fed00000,0x000000b4fee00000) (1024K)]
  0x0000022b56ae0700 JavaThread "Daemon health stats"               [_thread_blocked, id=5484, stack(0x000000b4ff000000,0x000000b4ff100000) (1024K)]
  0x0000022b561af760 JavaThread "Incoming local TCP Connector on port 23680"        [_thread_in_native, id=27552, stack(0x000000b4ff100000,0x000000b4ff200000) (1024K)]
  0x0000022b5716d890 JavaThread "Daemon periodic checks"            [_thread_blocked, id=25608, stack(0x000000b4ff200000,0x000000b4ff300000) (1024K)]
  0x0000022b36bffc70 JavaThread "Daemon"                            [_thread_blocked, id=24212, stack(0x000000b4ff300000,0x000000b4ff400000) (1024K)]
  0x0000022b36c003b0 JavaThread "Handler for socket connection from /127.0.0.1:23680 to /127.0.0.1:23687"        [_thread_in_native, id=23776, stack(0x000000b4ff400000,0x000000b4ff500000) (1024K)]
  0x0000022b368baf90 JavaThread "Cancel handler"                    [_thread_blocked, id=26280, stack(0x000000b4ff500000,0x000000b4ff600000) (1024K)]
  0x0000022b368b99a0 JavaThread "Daemon worker"                     [_thread_in_vm, id=9656, stack(0x000000b4ff600000,0x000000b4ff700000) (1024K)]
  0x0000022b368bb6e0 JavaThread "Asynchronous log dispatcher for DefaultDaemonConnection: socket connection from /127.0.0.1:23680 to /127.0.0.1:23687"        [_thread_blocked, id=24568, stack(0x000000b4ff700000,0x000000b4ff800000) (1024K)]
  0x0000022b368bc580 JavaThread "Daemon client event forwarder"        [_thread_blocked, id=26140, stack(0x000000b4ff900000,0x000000b4ffa00000) (1024K)]
  0x0000022b368ba840 JavaThread "Cache worker for journal cache (C:\Users\Siddhartha\.gradle\caches\journal-1)"        [_thread_blocked, id=28312, stack(0x000000b4fff00000,0x000000b500000000) (1024K)]
  0x0000022b368ba0f0 JavaThread "File lock request listener"        [_thread_in_native, id=28320, stack(0x000000b480000000,0x000000b480100000) (1024K)]
  0x0000022b5637adc0 JavaThread "Cache worker for file hash cache (C:\Users\Siddhartha\.gradle\caches\8.6\fileHashes)"        [_thread_blocked, id=28364, stack(0x000000b480100000,0x000000b480200000) (1024K)]
  0x0000022b5637b510 JavaThread "File lock release action executor"        [_thread_blocked, id=28404, stack(0x000000b480200000,0x000000b480300000) (1024K)]
  0x0000022b5637bc60 JavaThread "File watcher server"        daemon [_thread_in_native, id=27996, stack(0x000000b480400000,0x000000b480500000) (1024K)]
  0x0000022b56379f20 JavaThread "File watcher consumer"      daemon [_thread_blocked, id=27788, stack(0x000000b480500000,0x000000b480600000) (1024K)]
  0x0000022b5637c3b0 JavaThread "jar transforms"                    [_thread_blocked, id=27972, stack(0x000000b480600000,0x000000b480700000) (1024K)]
  0x0000022b5637cb00 JavaThread "jar transforms Thread 2"           [_thread_blocked, id=28164, stack(0x000000b480700000,0x000000b480800000) (1024K)]
  0x0000022b5766d940 JavaThread "jar transforms Thread 3"           [_thread_blocked, id=28180, stack(0x000000b480800000,0x000000b480900000) (1024K)]
  0x0000022b5766e7e0 JavaThread "Cache worker for checksums cache (D:\Sciqus\SCIQUS.TICKETS\Mobile-Frontend\android\.gradle\8.6\checksums)"        [_thread_blocked, id=17580, stack(0x000000b480900000,0x000000b480a00000) (1024K)]
  0x0000022b5766bc00 JavaThread "Cache worker for file hash cache (D:\Sciqus\SCIQUS.TICKETS\Mobile-Frontend\android\.gradle\8.6\fileHashes)"        [_thread_blocked, id=26972, stack(0x000000b480a00000,0x000000b480b00000) (1024K)]
  0x0000022b5766ef30 JavaThread "Cache worker for cache directory md-supplier (C:\Users\Siddhartha\.gradle\caches\8.6\md-supplier)"        [_thread_blocked, id=8836, stack(0x000000b480b00000,0x000000b480c00000) (1024K)]
  0x0000022b5766e090 JavaThread "Cache worker for cache directory md-rule (C:\Users\Siddhartha\.gradle\caches\8.6\md-rule)"        [_thread_blocked, id=27668, stack(0x000000b480c00000,0x000000b480d00000) (1024K)]
  0x0000022b5766f680 JavaThread "Cache worker for file content cache (C:\Users\Siddhartha\.gradle\caches\8.6\fileContent)"        [_thread_blocked, id=14992, stack(0x000000b480d00000,0x000000b480e00000) (1024K)]
  0x0000022b5766c350 JavaThread "jar transforms Thread 4"           [_thread_blocked, id=24396, stack(0x000000b480e00000,0x000000b480f00000) (1024K)]
  0x0000022b5766fdd0 JavaThread "jar transforms Thread 5"           [_thread_blocked, id=26740, stack(0x000000b480f00000,0x000000b481000000) (1024K)]
  0x0000022b57670520 JavaThread "jar transforms Thread 6"           [_thread_blocked, id=20464, stack(0x000000b481000000,0x000000b481100000) (1024K)]
  0x0000022b5766d1f0 JavaThread "jar transforms Thread 7"           [_thread_blocked, id=14152, stack(0x000000b481100000,0x000000b481200000) (1024K)]
  0x0000022b57670c70 JavaThread "jar transforms Thread 8"           [_thread_blocked, id=27812, stack(0x000000b481200000,0x000000b481300000) (1024K)]
  0x0000022b576713c0 JavaThread "Exec process"                      [_thread_blocked, id=28556, stack(0x000000b481300000,0x000000b481400000) (1024K)]
  0x0000022b57671b10 JavaThread "Exec process Thread 2"             [_thread_blocked, id=28120, stack(0x000000b481400000,0x000000b481500000) (1024K)]
  0x0000022b57672260 JavaThread "Exec process Thread 3"             [_thread_blocked, id=11972, stack(0x000000b481500000,0x000000b481600000) (1024K)]
  0x0000022b576729b0 JavaThread "Unconstrained build operations"        [_thread_blocked, id=24628, stack(0x000000b481600000,0x000000b481700000) (1024K)]
  0x0000022b57673100 JavaThread "Unconstrained build operations Thread 2"        [_thread_blocked, id=16560, stack(0x000000b481700000,0x000000b481800000) (1024K)]
  0x0000022b368b9250 JavaThread "Cache worker for Build Output Cleanup Cache (D:\Sciqus\SCIQUS.TICKETS\Mobile-Frontend\node_modules\@react-native\gradle-plugin\.gradle\buildOutputCleanup)"        [_thread_blocked, id=28732, stack(0x000000b481800000,0x000000b481900000) (1024K)]
  0x0000022b57e52e80 JavaThread "Unconstrained build operations Thread 3"        [_thread_blocked, id=3456, stack(0x000000b481900000,0x000000b481a00000) (1024K)]
  0x0000022b57e52730 JavaThread "Unconstrained build operations Thread 4"        [_thread_blocked, id=29572, stack(0x000000b481a00000,0x000000b481b00000) (1024K)]
  0x0000022b57e54bc0 JavaThread "Unconstrained build operations Thread 5"        [_thread_blocked, id=21636, stack(0x000000b481b00000,0x000000b481c00000) (1024K)]
  0x0000022b57e535d0 JavaThread "Unconstrained build operations Thread 6"        [_thread_blocked, id=5932, stack(0x000000b481c00000,0x000000b481d00000) (1024K)]
  0x0000022b57e55310 JavaThread "Unconstrained build operations Thread 7"        [_thread_blocked, id=25832, stack(0x000000b481d00000,0x000000b481e00000) (1024K)]
  0x0000022b57e53d20 JavaThread "Unconstrained build operations Thread 8"        [_thread_blocked, id=17588, stack(0x000000b481e00000,0x000000b481f00000) (1024K)]
  0x0000022b57e54470 JavaThread "Unconstrained build operations Thread 9"        [_thread_blocked, id=23576, stack(0x000000b481f00000,0x000000b482000000) (1024K)]
  0x0000022b57e51fe0 JavaThread "Memory manager"                    [_thread_blocked, id=24452, stack(0x000000b482000000,0x000000b482100000) (1024K)]
  0x0000022b57e577a0 JavaThread "File lock release action executor Thread 2"        [_thread_blocked, id=24816, stack(0x000000b482100000,0x000000b482200000) (1024K)]
  0x0000022b57e56900 JavaThread "build event listener"              [_thread_blocked, id=27140, stack(0x000000b482200000,0x000000b482300000) (1024K)]
Total: 55

Other Threads:
  0x0000022b367b4f50 VMThread "VM Thread"                           [id=26776, stack(0x000000b4fe300000,0x000000b4fe400000) (1024K)]
  0x0000022b3667ae20 WatcherThread "VM Periodic Task Thread"        [id=26772, stack(0x000000b4fe200000,0x000000b4fe300000) (1024K)]
  0x0000022b175ae000 WorkerThread "GC Thread#0"                     [id=26696, stack(0x000000b4fdd00000,0x000000b4fde00000) (1024K)]
  0x0000022b36bf7020 WorkerThread "GC Thread#1"                     [id=26912, stack(0x000000b4fee00000,0x000000b4fef00000) (1024K)]
  0x0000022b36bf73d0 WorkerThread "GC Thread#2"                     [id=26908, stack(0x000000b4fef00000,0x000000b4ff000000) (1024K)]
  0x0000022b57bca010 WorkerThread "GC Thread#3"                     [id=16008, stack(0x000000b4ffa00000,0x000000b4ffb00000) (1024K)]
  0x0000022b57bca3c0 WorkerThread "GC Thread#4"                     [id=6840, stack(0x000000b4ffb00000,0x000000b4ffc00000) (1024K)]
  0x0000022b5737fdc0 WorkerThread "GC Thread#5"                     [id=22900, stack(0x000000b4ffc00000,0x000000b4ffd00000) (1024K)]
  0x0000022b57380170 WorkerThread "GC Thread#6"                     [id=9752, stack(0x000000b4ffd00000,0x000000b4ffe00000) (1024K)]
  0x0000022b5754bff0 WorkerThread "GC Thread#7"                     [id=23824, stack(0x000000b4ffe00000,0x000000b4fff00000) (1024K)]
  0x0000022b19882f80 ConcurrentGCThread "G1 Main Marker"            [id=26700, stack(0x000000b4fde00000,0x000000b4fdf00000) (1024K)]
  0x0000022b198838a0 WorkerThread "G1 Conc#0"                       [id=26704, stack(0x000000b4fdf00000,0x000000b4fe000000) (1024K)]
  0x0000022b5754b890 WorkerThread "G1 Conc#1"                       [id=24676, stack(0x000000b480300000,0x000000b480400000) (1024K)]
  0x0000022b3666c530 ConcurrentGCThread "G1 Refine#0"               [id=26708, stack(0x000000b4fe000000,0x000000b4fe100000) (1024K)]
  0x0000022b3666cd60 ConcurrentGCThread "G1 Service"                [id=26712, stack(0x000000b4fe100000,0x000000b4fe200000) (1024K)]
Total: 15

Threads with active compile tasks:
C2 CompilerThread0  140093 8795       4       sun.reflect.generics.parser.SignatureParser::parsePackageNameAndSimpleClassTypeSignature (119 bytes)
Total: 1

VM state: not at safepoint (normal execution)

VM Mutex/Monitor currently owned by a thread: None

Heap address: 0x0000000080000000, size: 2048 MB, Compressed Oops mode: 32-bit

CDS archive(s) mapped at: [0x0000022b37000000-0x0000022b37d40000-0x0000022b37d40000), size 13893632, SharedBaseAddress: 0x0000022b37000000, ArchiveRelocationMode: 1.
Compressed class space mapped at: 0x0000022b38000000-0x0000022b52000000, reserved size: 436207616
UseCompressedClassPointers 1, UseCompactObjectHeaders 0
Narrow klass pointer bits 32, Max shift 3
Narrow klass base: 0x0000022b37000000, Narrow klass shift: 0
Encoding Range: [0x0000022b37000000 - 0x0000022c37000000), (4294967296 bytes)
Klass Range:    [0x0000022b37000000 - 0x0000022b52000000), (452984832 bytes)
Klass ID Range:  [8 - 452984825) (452984817)

GC Precious Log:
 CardTable entry size: 512
 Card Set container configuration: InlinePtr #cards 5 size 8 Array Of Cards #cards 10 size 36 Howl #buckets 4 coarsen threshold 1843 Howl Bitmap #cards 512 size 80 coarsen threshold 460 Card regions per heap region 1 cards per card region 2048
 CPUs: 8 total, 8 available
 Memory: 7930M
 Large Page Support: Disabled
 NUMA Support: Disabled
 Compressed Oops: Enabled (32-bit)
 Heap Region Size: 1M
 Heap Min Capacity: 8M
 Heap Initial Capacity: 124M
 Heap Max Capacity: 2G
 Pre-touch: Disabled
 Parallel Workers: 8
 Concurrent Workers: 2
 Concurrent Refinement Workers: 8
 Periodic GC: Disabled

Heap:
 garbage-first heap   total reserved 2097152K, committed 114688K, used 67222K [0x0000000080000000, 0x0000000100000000)
  region size 1024K, 5 young (5120K), 4 survivors (4096K)
 Metaspace       used 66057K, committed 68032K, reserved 491520K
  class space    used 7569K, committed 8512K, reserved 425984K

Heap Regions: E=young(eden), S=young(survivor), O=old, HS=humongous(starts), HC=humongous(continues), CS=collection set, F=free, TAMS=top-at-mark-start, PB=parsable bottom
|   0|0x0000000080000000, 0x0000000080100000, 0x0000000080100000|100%|HS|  |TAMS 0x0000000080000000| PB 0x0000000080000000| Complete |  0
|   1|0x0000000080100000, 0x0000000080200000, 0x0000000080200000|100%|HC|  |TAMS 0x0000000080100000| PB 0x0000000080100000| Complete |  0
|   2|0x0000000080200000, 0x0000000080300000, 0x0000000080300000|100%|HC|  |TAMS 0x0000000080200000| PB 0x0000000080200000| Complete |  0
|   3|0x0000000080300000, 0x0000000080400000, 0x0000000080400000|100%|HC|  |TAMS 0x0000000080300000| PB 0x0000000080300000| Complete |  0
|   4|0x0000000080400000, 0x0000000080500000, 0x0000000080500000|100%| O|  |TAMS 0x0000000080400000| PB 0x0000000080400000| Untracked |  0
|   5|0x0000000080500000, 0x0000000080600000, 0x0000000080600000|100%| O|  |TAMS 0x0000000080500000| PB 0x0000000080500000| Untracked |  0
|   6|0x0000000080600000, 0x0000000080700000, 0x0000000080700000|100%| O|  |TAMS 0x0000000080600000| PB 0x0000000080600000| Untracked |  0
|   7|0x0000000080700000, 0x0000000080800000, 0x0000000080800000|100%| O|  |TAMS 0x0000000080700000| PB 0x0000000080700000| Untracked |  0
|   8|0x0000000080800000, 0x0000000080900000, 0x0000000080900000|100%| O|  |TAMS 0x0000000080800000| PB 0x0000000080800000| Untracked |  0
|   9|0x0000000080900000, 0x0000000080a00000, 0x0000000080a00000|100%| O|  |TAMS 0x0000000080900000| PB 0x0000000080900000| Untracked |  0
|  10|0x0000000080a00000, 0x0000000080b00000, 0x0000000080b00000|100%| O|  |TAMS 0x0000000080a00000| PB 0x0000000080a00000| Untracked |  0
|  11|0x0000000080b00000, 0x0000000080c00000, 0x0000000080c00000|100%| O|  |TAMS 0x0000000080b00000| PB 0x0000000080b00000| Untracked |  0
|  12|0x0000000080c00000, 0x0000000080d00000, 0x0000000080d00000|100%| O|  |TAMS 0x0000000080c00000| PB 0x0000000080c00000| Untracked |  0
|  13|0x0000000080d00000, 0x0000000080e00000, 0x0000000080e00000|100%| O|  |TAMS 0x0000000080d00000| PB 0x0000000080d00000| Untracked |  0
|  14|0x0000000080e00000, 0x0000000080f00000, 0x0000000080f00000|100%| O|  |TAMS 0x0000000080e00000| PB 0x0000000080e00000| Untracked |  0
|  15|0x0000000080f00000, 0x0000000081000000, 0x0000000081000000|100%| O|  |TAMS 0x0000000080f00000| PB 0x0000000080f00000| Untracked |  0
|  16|0x0000000081000000, 0x0000000081100000, 0x0000000081100000|100%| O|  |TAMS 0x0000000081000000| PB 0x0000000081000000| Untracked |  0
|  17|0x0000000081100000, 0x0000000081200000, 0x0000000081200000|100%| O|  |TAMS 0x0000000081100000| PB 0x0000000081100000| Untracked |  0
|  18|0x0000000081200000, 0x0000000081300000, 0x0000000081300000|100%| O|  |TAMS 0x0000000081200000| PB 0x0000000081200000| Untracked |  0
|  19|0x0000000081300000, 0x0000000081400000, 0x0000000081400000|100%| O|  |TAMS 0x0000000081300000| PB 0x0000000081300000| Untracked |  0
|  20|0x0000000081400000, 0x0000000081500000, 0x0000000081500000|100%| O|  |TAMS 0x0000000081400000| PB 0x0000000081400000| Untracked |  0
|  21|0x0000000081500000, 0x0000000081600000, 0x0000000081600000|100%| O|  |TAMS 0x0000000081500000| PB 0x0000000081500000| Untracked |  0
|  22|0x0000000081600000, 0x0000000081700000, 0x0000000081700000|100%| O|  |TAMS 0x0000000081600000| PB 0x0000000081600000| Untracked |  0
|  23|0x0000000081700000, 0x0000000081800000, 0x0000000081800000|100%| O|  |TAMS 0x0000000081700000| PB 0x0000000081700000| Untracked |  0
|  24|0x0000000081800000, 0x0000000081900000, 0x0000000081900000|100%| O|  |TAMS 0x0000000081800000| PB 0x0000000081800000| Untracked |  0
|  25|0x0000000081900000, 0x0000000081a00000, 0x0000000081a00000|100%| O|  |TAMS 0x0000000081900000| PB 0x0000000081900000| Untracked |  0
|  26|0x0000000081a00000, 0x0000000081b00000, 0x0000000081b00000|100%| O|  |TAMS 0x0000000081a00000| PB 0x0000000081a00000| Untracked |  0
|  27|0x0000000081b00000, 0x0000000081c00000, 0x0000000081c00000|100%| O|  |TAMS 0x0000000081b00000| PB 0x0000000081b00000| Untracked |  0
|  28|0x0000000081c00000, 0x0000000081d00000, 0x0000000081d00000|100%| O|  |TAMS 0x0000000081c00000| PB 0x0000000081c00000| Untracked |  0
|  29|0x0000000081d00000, 0x0000000081e00000, 0x0000000081e00000|100%| O|  |TAMS 0x0000000081d00000| PB 0x0000000081d00000| Untracked |  0
|  30|0x0000000081e00000, 0x0000000081f00000, 0x0000000081f00000|100%| O|Cm|TAMS 0x0000000081e00000| PB 0x0000000081e00000| Complete |  0
|  31|0x0000000081f00000, 0x0000000082000000, 0x0000000082000000|100%| O|  |TAMS 0x0000000081f00000| PB 0x0000000081f00000| Untracked |  0
|  32|0x0000000082000000, 0x0000000082100000, 0x0000000082100000|100%| O|  |TAMS 0x0000000082000000| PB 0x0000000082000000| Untracked |  0
|  33|0x0000000082100000, 0x0000000082200000, 0x0000000082200000|100%| O|  |TAMS 0x0000000082100000| PB 0x0000000082100000| Untracked |  0
|  34|0x0000000082200000, 0x0000000082300000, 0x0000000082300000|100%| O|  |TAMS 0x0000000082200000| PB 0x0000000082200000| Untracked |  0
|  35|0x0000000082300000, 0x0000000082400000, 0x0000000082400000|100%| O|  |TAMS 0x0000000082300000| PB 0x0000000082300000| Untracked |  0
|  36|0x0000000082400000, 0x0000000082500000, 0x0000000082500000|100%| O|  |TAMS 0x0000000082400000| PB 0x0000000082400000| Untracked |  0
|  37|0x0000000082500000, 0x0000000082500000, 0x0000000082600000|  0%| F|  |TAMS 0x0000000082500000| PB 0x0000000082500000| Untracked |  0
|  38|0x0000000082600000, 0x0000000082700000, 0x0000000082700000|100%| O|  |TAMS 0x0000000082600000| PB 0x0000000082600000| Untracked |  0
|  39|0x0000000082700000, 0x0000000082800000, 0x0000000082800000|100%| O|  |TAMS 0x0000000082700000| PB 0x0000000082700000| Untracked |  0
|  40|0x0000000082800000, 0x0000000082900000, 0x0000000082900000|100%| O|  |TAMS 0x0000000082800000| PB 0x0000000082800000| Untracked |  0
|  41|0x0000000082900000, 0x0000000082a00000, 0x0000000082a00000|100%| O|  |TAMS 0x0000000082900000| PB 0x0000000082900000| Untracked |  0
|  42|0x0000000082a00000, 0x0000000082b00000, 0x0000000082b00000|100%| O|  |TAMS 0x0000000082a00000| PB 0x0000000082a00000| Untracked |  0
|  43|0x0000000082b00000, 0x0000000082c00000, 0x0000000082c00000|100%| O|  |TAMS 0x0000000082b00000| PB 0x0000000082b00000| Untracked |  0
|  44|0x0000000082c00000, 0x0000000082d00000, 0x0000000082d00000|100%| O|Cm|TAMS 0x0000000082c00000| PB 0x0000000082c00000| Complete |  0
|  45|0x0000000082d00000, 0x0000000082e00000, 0x0000000082e00000|100%|HS|  |TAMS 0x0000000082d00000| PB 0x0000000082d00000| Complete |  0
|  46|0x0000000082e00000, 0x0000000082f00000, 0x0000000082f00000|100%|HC|  |TAMS 0x0000000082e00000| PB 0x0000000082e00000| Complete |  0
|  47|0x0000000082f00000, 0x0000000082f00000, 0x0000000083000000|  0%| F|  |TAMS 0x0000000082f00000| PB 0x0000000082f00000| Untracked |  0
|  48|0x0000000083000000, 0x0000000083100000, 0x0000000083100000|100%|HS|  |TAMS 0x0000000083000000| PB 0x0000000083000000| Complete |  0
|  49|0x0000000083100000, 0x0000000083200000, 0x0000000083200000|100%|HC|  |TAMS 0x0000000083100000| PB 0x0000000083100000| Complete |  0
|  50|0x0000000083200000, 0x0000000083300000, 0x0000000083300000|100%|HS|  |TAMS 0x0000000083200000| PB 0x0000000083200000| Complete |  0
|  51|0x0000000083300000, 0x0000000083400000, 0x0000000083400000|100%|HC|  |TAMS 0x0000000083300000| PB 0x0000000083300000| Complete |  0
|  52|0x0000000083400000, 0x0000000083500000, 0x0000000083500000|100%|HC|  |TAMS 0x0000000083400000| PB 0x0000000083400000| Complete |  0
|  53|0x0000000083500000, 0x0000000083600000, 0x0000000083600000|100%|HC|  |TAMS 0x0000000083500000| PB 0x0000000083500000| Complete |  0
|  54|0x0000000083600000, 0x0000000083700000, 0x0000000083700000|100%| O|  |TAMS 0x0000000083600000| PB 0x0000000083600000| Untracked |  0
|  55|0x0000000083700000, 0x0000000083800000, 0x0000000083800000|100%| O|  |TAMS 0x0000000083700000| PB 0x0000000083700000| Untracked |  0
|  56|0x0000000083800000, 0x0000000083900000, 0x0000000083900000|100%| O|  |TAMS 0x0000000083800000| PB 0x0000000083800000| Untracked |  0
|  57|0x0000000083900000, 0x0000000083a00000, 0x0000000083a00000|100%| O|  |TAMS 0x0000000083900000| PB 0x0000000083900000| Untracked |  0
|  58|0x0000000083a00000, 0x0000000083b00000, 0x0000000083b00000|100%| O|  |TAMS 0x0000000083a00000| PB 0x0000000083a00000| Untracked |  0
|  59|0x0000000083b00000, 0x0000000083b4c920, 0x0000000083c00000| 29%| O|  |TAMS 0x0000000083b00000| PB 0x0000000083b00000| Untracked |  0
|  60|0x0000000083c00000, 0x0000000083c00000, 0x0000000083d00000|  0%| F|  |TAMS 0x0000000083c00000| PB 0x0000000083c00000| Untracked |  0
|  61|0x0000000083d00000, 0x0000000083d00000, 0x0000000083e00000|  0%| F|  |TAMS 0x0000000083d00000| PB 0x0000000083d00000| Untracked |  0
|  62|0x0000000083e00000, 0x0000000083e59100, 0x0000000083f00000| 34%| S|CS|TAMS 0x0000000083e00000| PB 0x0000000083e00000| Complete |  0
|  63|0x0000000083f00000, 0x0000000083f00000, 0x0000000084000000|  0%| F|  |TAMS 0x0000000083f00000| PB 0x0000000083f00000| Untracked |  0
|  64|0x0000000084000000, 0x0000000084000000, 0x0000000084100000|  0%| F|  |TAMS 0x0000000084000000| PB 0x0000000084000000| Untracked |  0
|  65|0x0000000084100000, 0x0000000084200000, 0x0000000084200000|100%| S|CS|TAMS 0x0000000084100000| PB 0x0000000084100000| Complete |  0
|  66|0x0000000084200000, 0x0000000084300000, 0x0000000084300000|100%| S|CS|TAMS 0x0000000084200000| PB 0x0000000084200000| Complete |  0
|  67|0x0000000084300000, 0x0000000084400000, 0x0000000084400000|100%| S|CS|TAMS 0x0000000084300000| PB 0x0000000084300000| Complete |  0
|  68|0x0000000084400000, 0x0000000084400000, 0x0000000084500000|  0%| F|  |TAMS 0x0000000084400000| PB 0x0000000084400000| Untracked |  0
|  69|0x0000000084500000, 0x0000000084500000, 0x0000000084600000|  0%| F|  |TAMS 0x0000000084500000| PB 0x0000000084500000| Untracked |  0
|  70|0x0000000084600000, 0x0000000084600000, 0x0000000084700000|  0%| F|  |TAMS 0x0000000084600000| PB 0x0000000084600000| Untracked |  0
|  71|0x0000000084700000, 0x0000000084700000, 0x0000000084800000|  0%| F|  |TAMS 0x0000000084700000| PB 0x0000000084700000| Untracked |  0
|  72|0x0000000084800000, 0x0000000084800000, 0x0000000084900000|  0%| F|  |TAMS 0x0000000084800000| PB 0x0000000084800000| Untracked |  0
|  73|0x0000000084900000, 0x0000000084900000, 0x0000000084a00000|  0%| F|  |TAMS 0x0000000084900000| PB 0x0000000084900000| Untracked |  0
|  74|0x0000000084a00000, 0x0000000084a00000, 0x0000000084b00000|  0%| F|  |TAMS 0x0000000084a00000| PB 0x0000000084a00000| Untracked |  0
|  75|0x0000000084b00000, 0x0000000084b00000, 0x0000000084c00000|  0%| F|  |TAMS 0x0000000084b00000| PB 0x0000000084b00000| Untracked |  0
|  76|0x0000000084c00000, 0x0000000084c00000, 0x0000000084d00000|  0%| F|  |TAMS 0x0000000084c00000| PB 0x0000000084c00000| Untracked |  0
|  77|0x0000000084d00000, 0x0000000084d00000, 0x0000000084e00000|  0%| F|  |TAMS 0x0000000084d00000| PB 0x0000000084d00000| Untracked |  0
|  78|0x0000000084e00000, 0x0000000084e00000, 0x0000000084f00000|  0%| F|  |TAMS 0x0000000084e00000| PB 0x0000000084e00000| Untracked |  0
|  79|0x0000000084f00000, 0x0000000084f00000, 0x0000000085000000|  0%| F|  |TAMS 0x0000000084f00000| PB 0x0000000084f00000| Untracked |  0
|  80|0x0000000085000000, 0x0000000085000000, 0x0000000085100000|  0%| F|  |TAMS 0x0000000085000000| PB 0x0000000085000000| Untracked |  0
|  81|0x0000000085100000, 0x0000000085100000, 0x0000000085200000|  0%| F|  |TAMS 0x0000000085100000| PB 0x0000000085100000| Untracked |  0
|  82|0x0000000085200000, 0x0000000085200000, 0x0000000085300000|  0%| F|  |TAMS 0x0000000085200000| PB 0x0000000085200000| Untracked |  0
|  83|0x0000000085300000, 0x0000000085300000, 0x0000000085400000|  0%| F|  |TAMS 0x0000000085300000| PB 0x0000000085300000| Untracked |  0
|  84|0x0000000085400000, 0x0000000085500000, 0x0000000085500000|100%|HS|  |TAMS 0x0000000085400000| PB 0x0000000085400000| Complete |  0
|  85|0x0000000085500000, 0x0000000085600000, 0x0000000085600000|100%|HC|  |TAMS 0x0000000085500000| PB 0x0000000085500000| Complete |  0
|  86|0x0000000085600000, 0x0000000085700000, 0x0000000085700000|100%|HC|  |TAMS 0x0000000085600000| PB 0x0000000085600000| Complete |  0
|  87|0x0000000085700000, 0x0000000085800000, 0x0000000085800000|100%|HC|  |TAMS 0x0000000085700000| PB 0x0000000085700000| Complete |  0
|  88|0x0000000085800000, 0x0000000085800000, 0x0000000085900000|  0%| F|  |TAMS 0x0000000085800000| PB 0x0000000085800000| Untracked |  0
|  89|0x0000000085900000, 0x0000000085900000, 0x0000000085a00000|  0%| F|  |TAMS 0x0000000085900000| PB 0x0000000085900000| Untracked |  0
|  90|0x0000000085a00000, 0x0000000085a00000, 0x0000000085b00000|  0%| F|  |TAMS 0x0000000085a00000| PB 0x0000000085a00000| Untracked |  0
|  91|0x0000000085b00000, 0x0000000085b00000, 0x0000000085c00000|  0%| F|  |TAMS 0x0000000085b00000| PB 0x0000000085b00000| Untracked |  0
|  92|0x0000000085c00000, 0x0000000085c00000, 0x0000000085d00000|  0%| F|  |TAMS 0x0000000085c00000| PB 0x0000000085c00000| Untracked |  0
|  93|0x0000000085d00000, 0x0000000085d00000, 0x0000000085e00000|  0%| F|  |TAMS 0x0000000085d00000| PB 0x0000000085d00000| Untracked |  0
|  94|0x0000000085e00000, 0x0000000085e00000, 0x0000000085f00000|  0%| F|  |TAMS 0x0000000085e00000| PB 0x0000000085e00000| Untracked |  0
|  95|0x0000000085f00000, 0x0000000085f00000, 0x0000000086000000|  0%| F|  |TAMS 0x0000000085f00000| PB 0x0000000085f00000| Untracked |  0
|  96|0x0000000086000000, 0x0000000086000000, 0x0000000086100000|  0%| F|  |TAMS 0x0000000086000000| PB 0x0000000086000000| Untracked |  0
|  97|0x0000000086100000, 0x0000000086100000, 0x0000000086200000|  0%| F|  |TAMS 0x0000000086100000| PB 0x0000000086100000| Untracked |  0
|  98|0x0000000086200000, 0x0000000086200000, 0x0000000086300000|  0%| F|  |TAMS 0x0000000086200000| PB 0x0000000086200000| Untracked |  0
|  99|0x0000000086300000, 0x0000000086300000, 0x0000000086400000|  0%| F|  |TAMS 0x0000000086300000| PB 0x0000000086300000| Untracked |  0
| 100|0x0000000086400000, 0x0000000086400000, 0x0000000086500000|  0%| F|  |TAMS 0x0000000086400000| PB 0x0000000086400000| Untracked |  0
| 101|0x0000000086500000, 0x0000000086500000, 0x0000000086600000|  0%| F|  |TAMS 0x0000000086500000| PB 0x0000000086500000| Untracked |  0
| 102|0x0000000086600000, 0x0000000086600000, 0x0000000086700000|  0%| F|  |TAMS 0x0000000086600000| PB 0x0000000086600000| Untracked |  0
| 103|0x0000000086700000, 0x0000000086700000, 0x0000000086800000|  0%| F|  |TAMS 0x0000000086700000| PB 0x0000000086700000| Untracked |  0
| 111|0x0000000086f00000, 0x0000000086f00000, 0x0000000087000000|  0%| F|  |TAMS 0x0000000086f00000| PB 0x0000000086f00000| Untracked |  0
| 112|0x0000000087000000, 0x0000000087000000, 0x0000000087100000|  0%| F|  |TAMS 0x0000000087000000| PB 0x0000000087000000| Untracked |  0
| 113|0x0000000087100000, 0x0000000087100000, 0x0000000087200000|  0%| F|  |TAMS 0x0000000087100000| PB 0x0000000087100000| Untracked |  0
| 114|0x0000000087200000, 0x0000000087200000, 0x0000000087300000|  0%| F|  |TAMS 0x0000000087200000| PB 0x0000000087200000| Untracked |  0
| 122|0x0000000087a00000, 0x0000000087a00000, 0x0000000087b00000|  0%| F|  |TAMS 0x0000000087a00000| PB 0x0000000087a00000| Untracked |  0
| 123|0x0000000087b00000, 0x0000000087b80000, 0x0000000087c00000| 50%| E|  |TAMS 0x0000000087b00000| PB 0x0000000087b00000| Complete |  0
|2046|0x00000000ffe00000, 0x00000000fff00000, 0x00000000fff00000|100%| O|  |TAMS 0x00000000ffe00000| PB 0x00000000ffe00000| Untracked |  0
|2047|0x00000000fff00000, 0x0000000100000000, 0x0000000100000000|100%| E|CS|TAMS 0x00000000fff00000| PB 0x00000000fff00000| Complete |  0

Card table byte_map: [0x0000022b318f0000,0x0000022b31cf0000] _byte_map_base: 0x0000022b314f0000

Marking Bits: (CMBitMap*) 0x0000022b1986e640
 Bits: [0x0000022b31cf0000, 0x0000022b33cf0000)

Polling page: 0x0000022b17650000

Metaspace:

Usage:
  Non-class:     57.12 MB used.
      Class:      7.39 MB used.
       Both:     64.51 MB used.

Virtual space:
  Non-class space:       64.00 MB reserved,      58.12 MB ( 91%) committed,  1 nodes.
      Class space:      416.00 MB reserved,       8.31 MB (  2%) committed,  1 nodes.
             Both:      480.00 MB reserved,      66.44 MB ( 14%) committed. 

Chunk freelists:
   Non-Class:  5.88 MB
       Class:  7.67 MB
        Both:  13.55 MB

MaxMetaspaceSize: 512.00 MB
CompressedClassSpaceSize: 416.00 MB
Initial GC threshold: 21.00 MB
Current GC threshold: 110.62 MB
CDS: on
 - commit_granule_bytes: 65536.
 - commit_granule_words: 8192.
 - virtual_space_node_default_size: 8388608.
 - enlarge_chunks_in_place: 1.
UseCompressedClassPointers 1, UseCompactObjectHeaders 0
Narrow klass pointer bits 32, Max shift 3
Narrow klass base: 0x0000022b37000000, Narrow klass shift: 0
Encoding Range: [0x0000022b37000000 - 0x0000022c37000000), (4294967296 bytes)
Klass Range:    [0x0000022b37000000 - 0x0000022b52000000), (452984832 bytes)
Klass ID Range:  [8 - 452984825) (452984817)


Internal statistics:

num_allocs_failed_limit: 6.
num_arena_births: 3396.
num_arena_deaths: 0.
num_vsnodes_births: 2.
num_vsnodes_deaths: 0.
num_space_committed: 1063.
num_space_uncommitted: 0.
num_chunks_returned_to_freelist: 6.
num_chunks_taken_from_freelist: 6144.
num_chunk_merges: 3.
num_chunk_splits: 4096.
num_chunks_enlarged: 2624.
num_inconsistent_stats: 0.

CodeHeap 'non-profiled nmethods': size=120064Kb used=3517Kb max_used=3850Kb free=116546Kb
 bounds [0x0000022b29b70000, 0x0000022b29f40000, 0x0000022b310b0000]
CodeHeap 'profiled nmethods': size=120000Kb used=12052Kb max_used=13339Kb free=107947Kb
 bounds [0x0000022b220b0000, 0x0000022b22dc0000, 0x0000022b295e0000]
CodeHeap 'non-nmethods': size=5696Kb used=2881Kb max_used=2956Kb free=2814Kb
 bounds [0x0000022b295e0000, 0x0000022b298e0000, 0x0000022b29b70000]
CodeCache: size=245760Kb, used=18450Kb, max_used=20145Kb, free=227307Kb
 total_blobs=8471, nmethods=7527, adapters=848, full_count=0
Compilation: enabled, stopped_count=0, restarted_count=0

Compilation events (20 events):
Event: 138.848 Thread 0x0000022b367d94f0 8825       3       org.gradle.api.reflect.TypeOf::equals (33 bytes)
Event: 138.849 Thread 0x0000022b367d94f0 nmethod 8825 0x0000022b22daa488 code [0x0000022b22daa5e0, 0x0000022b22daac50]
Event: 138.849 Thread 0x0000022b367d94f0 8826       3       org.gradle.model.internal.type.ModelType::equals (33 bytes)
Event: 138.849 Thread 0x0000022b367d94f0 nmethod 8826 0x0000022b22daac88 code [0x0000022b22daadc0, 0x0000022b22dab1f8]
Event: 138.857 Thread 0x0000022b367d94f0 8827       3       org.gradle.tooling.internal.provider.runner.ClientBuildEventGenerator::started (168 bytes)
Event: 138.858 Thread 0x0000022b367d94f0 nmethod 8827 0x0000022b22dab288 code [0x0000022b22dab5a0, 0x0000022b22dad088]
Event: 138.858 Thread 0x0000022b367d94f0 8829       3       org.gradle.api.internal.plugins.DefaultPluginRegistry$RegistryAwarePluginImplementation::isAlsoKnownAs (52 bytes)
Event: 138.859 Thread 0x0000022b367d94f0 nmethod 8829 0x0000022b22dad188 code [0x0000022b22dad320, 0x0000022b22dadb48]
Event: 138.859 Thread 0x0000022b367d94f0 8831       3       org.gradle.api.internal.provider.DefaultProperty::<init> (26 bytes)
Event: 138.860 Thread 0x0000022b367d94f0 nmethod 8831 0x0000022b22dadc08 code [0x0000022b22daddc0, 0x0000022b22dae970]
Event: 138.860 Thread 0x0000022b367d94f0 8830       3       org.gradle.api.internal.plugins.DefaultPluginRegistry::access$200 (7 bytes)
Event: 138.861 Thread 0x0000022b367d94f0 nmethod 8830 0x0000022b22daea88 code [0x0000022b22daeba0, 0x0000022b22daecc0]
Event: 138.861 Thread 0x0000022b367d94f0 8832       3       org.gradle.api.internal.file.AbstractFileCollection::<init> (15 bytes)
Event: 138.861 Thread 0x0000022b367d94f0 nmethod 8832 0x0000022b22daed88 code [0x0000022b22daeea0, 0x0000022b22daf0c0]
Event: 138.861 Thread 0x0000022b367d94f0 8833       3       org.gradle.api.internal.DefaultDomainObjectCollection::decorate (16 bytes)
Event: 138.862 Thread 0x0000022b367d94f0 nmethod 8833 0x0000022b22daf108 code [0x0000022b22daf240, 0x0000022b22daf4e8]
Event: 138.863 Thread 0x0000022b367d94f0 8834       3       org.gradle.internal.snapshot.impl.DefaultIsolatableFactory$IsolatableVisitor::managedImmutableValue (6 bytes)
Event: 138.863 Thread 0x0000022b367d94f0 nmethod 8834 0x0000022b22daf508 code [0x0000022b22daf640, 0x0000022b22dafa50]
Event: 138.863 Thread 0x0000022b367d94f0 8835       3       org.gradle.internal.snapshot.impl.DefaultIsolatableFactory$IsolatableVisitor::managedImmutableValue (13 bytes)
Event: 139.863 Thread 0x0000022b367d94f0 nmethod 8835 0x0000022b22dafb08 code [0x0000022b22dafc40, 0x0000022b22daffe0]

GC Heap History (20 events):
Event: 60.581 GC heap before
{Heap before GC invocations=7 (full 0):
 garbage-first heap   total reserved 2097152K, committed 94208K, used 35499K [0x0000000080000000, 0x0000000100000000)
  region size 1024K, 9 young (9216K), 4 survivors (4096K)
 Metaspace       used 35011K, committed 36160K, reserved 491520K
  class space    used 3938K, committed 4480K, reserved 425984K
}
Event: 60.585 GC heap after
{Heap after GC invocations=8 (full 0):
 garbage-first heap   total reserved 2097152K, committed 94208K, used 31650K [0x0000000080000000, 0x0000000100000000)
  region size 1024K, 4 young (4096K), 4 survivors (4096K)
 Metaspace       used 35011K, committed 36160K, reserved 491520K
  class space    used 3938K, committed 4480K, reserved 425984K
}
Event: 64.176 GC heap before
{Heap before GC invocations=9 (full 0):
 garbage-first heap   total reserved 2097152K, committed 94208K, used 79778K [0x0000000080000000, 0x0000000100000000)
  region size 1024K, 47 young (48128K), 4 survivors (4096K)
 Metaspace       used 38244K, committed 39552K, reserved 491520K
  class space    used 4206K, committed 4800K, reserved 425984K
}
Event: 64.185 GC heap after
{Heap after GC invocations=10 (full 0):
 garbage-first heap   total reserved 2097152K, committed 94208K, used 36530K [0x0000000080000000, 0x0000000100000000)
  region size 1024K, 6 young (6144K), 6 survivors (6144K)
 Metaspace       used 38244K, committed 39552K, reserved 491520K
  class space    used 4206K, committed 4800K, reserved 425984K
}
Event: 88.469 GC heap before
{Heap before GC invocations=10 (full 0):
 garbage-first heap   total reserved 2097152K, committed 94208K, used 77490K [0x0000000080000000, 0x0000000100000000)
  region size 1024K, 46 young (47104K), 6 survivors (6144K)
 Metaspace       used 41098K, committed 42432K, reserved 491520K
  class space    used 4584K, committed 5184K, reserved 425984K
}
Event: 88.510 GC heap after
{Heap after GC invocations=11 (full 0):
 garbage-first heap   total reserved 2097152K, committed 94208K, used 39535K [0x0000000080000000, 0x0000000100000000)
  region size 1024K, 5 young (5120K), 5 survivors (5120K)
 Metaspace       used 41098K, committed 42432K, reserved 491520K
  class space    used 4584K, committed 5184K, reserved 425984K
}
Event: 98.941 GC heap before
{Heap before GC invocations=11 (full 0):
 garbage-first heap   total reserved 2097152K, committed 94208K, used 79471K [0x0000000080000000, 0x0000000100000000)
  region size 1024K, 44 young (45056K), 5 survivors (5120K)
 Metaspace       used 43774K, committed 45312K, reserved 491520K
  class space    used 4947K, committed 5632K, reserved 425984K
}
Event: 98.953 GC heap after
{Heap after GC invocations=12 (full 0):
 garbage-first heap   total reserved 2097152K, committed 94208K, used 41328K [0x0000000080000000, 0x0000000100000000)
  region size 1024K, 2 young (2048K), 2 survivors (2048K)
 Metaspace       used 43774K, committed 45312K, reserved 491520K
  class space    used 4947K, committed 5632K, reserved 425984K
}
Event: 103.892 GC heap before
{Heap before GC invocations=12 (full 0):
 garbage-first heap   total reserved 2097152K, committed 94208K, used 82288K [0x0000000080000000, 0x0000000100000000)
  region size 1024K, 42 young (43008K), 2 survivors (2048K)
 Metaspace       used 47620K, committed 49280K, reserved 491520K
  class space    used 5505K, committed 6272K, reserved 425984K
}
Event: 103.900 GC heap after
{Heap after GC invocations=13 (full 0):
 garbage-first heap   total reserved 2097152K, committed 94208K, used 42186K [0x0000000080000000, 0x0000000100000000)
  region size 1024K, 3 young (3072K), 3 survivors (3072K)
 Metaspace       used 47620K, committed 49280K, reserved 491520K
  class space    used 5505K, committed 6272K, reserved 425984K
}
Event: 107.988 GC heap before
{Heap before GC invocations=13 (full 0):
 garbage-first heap   total reserved 2097152K, committed 94208K, used 83146K [0x0000000080000000, 0x0000000100000000)
  region size 1024K, 43 young (44032K), 3 survivors (3072K)
 Metaspace       used 51419K, committed 53184K, reserved 491520K
  class space    used 5993K, committed 6848K, reserved 425984K
}
Event: 108.008 GC heap after
{Heap after GC invocations=14 (full 0):
 garbage-first heap   total reserved 2097152K, committed 94208K, used 45447K [0x0000000080000000, 0x0000000100000000)
  region size 1024K, 6 young (6144K), 6 survivors (6144K)
 Metaspace       used 51419K, committed 53184K, reserved 491520K
  class space    used 5993K, committed 6848K, reserved 425984K
}
Event: 121.103 GC heap before
{Heap before GC invocations=14 (full 0):
 garbage-first heap   total reserved 2097152K, committed 94208K, used 82311K [0x0000000080000000, 0x0000000100000000)
  region size 1024K, 41 young (41984K), 6 survivors (6144K)
 Metaspace       used 53906K, committed 55680K, reserved 491520K
  class space    used 6219K, committed 7040K, reserved 425984K
}
Event: 121.128 GC heap after
{Heap after GC invocations=15 (full 0):
 garbage-first heap   total reserved 2097152K, committed 94208K, used 48920K [0x0000000080000000, 0x0000000100000000)
  region size 1024K, 6 young (6144K), 6 survivors (6144K)
 Metaspace       used 53906K, committed 55680K, reserved 491520K
  class space    used 6219K, committed 7040K, reserved 425984K
}
Event: 129.220 GC heap before
{Heap before GC invocations=15 (full 0):
 garbage-first heap   total reserved 2097152K, committed 94208K, used 81688K [0x0000000080000000, 0x0000000100000000)
  region size 1024K, 38 young (38912K), 6 survivors (6144K)
 Metaspace       used 57630K, committed 59584K, reserved 491520K
  class space    used 6666K, committed 7552K, reserved 425984K
}
Event: 129.243 GC heap after
{Heap after GC invocations=16 (full 0):
 garbage-first heap   total reserved 2097152K, committed 94208K, used 49946K [0x0000000080000000, 0x0000000100000000)
  region size 1024K, 2 young (2048K), 2 survivors (2048K)
 Metaspace       used 57630K, committed 59584K, reserved 491520K
  class space    used 6666K, committed 7552K, reserved 425984K
}
Event: 134.776 GC heap before
{Heap before GC invocations=17 (full 0):
 garbage-first heap   total reserved 2097152K, committed 98304K, used 97050K [0x0000000080000000, 0x0000000100000000)
  region size 1024K, 37 young (37888K), 2 survivors (2048K)
 Metaspace       used 60896K, committed 62848K, reserved 491520K
  class space    used 7031K, committed 7936K, reserved 425984K
}
Event: 134.786 GC heap after
{Heap after GC invocations=18 (full 0):
 garbage-first heap   total reserved 2097152K, committed 103424K, used 64926K [0x0000000080000000, 0x0000000100000000)
  region size 1024K, 5 young (5120K), 5 survivors (5120K)
 Metaspace       used 60896K, committed 62848K, reserved 491520K
  class space    used 7031K, committed 7936K, reserved 425984K
}
Event: 137.566 GC heap before
{Heap before GC invocations=18 (full 0):
 garbage-first heap   total reserved 2097152K, committed 103424K, used 91550K [0x0000000080000000, 0x0000000100000000)
  region size 1024K, 31 young (31744K), 5 survivors (5120K)
 Metaspace       used 62867K, committed 64832K, reserved 491520K
  class space    used 7243K, committed 8128K, reserved 425984K
}
Event: 137.574 GC heap after
{Heap after GC invocations=19 (full 0):
 garbage-first heap   total reserved 2097152K, committed 103424K, used 65596K [0x0000000080000000, 0x0000000100000000)
  region size 1024K, 2 young (2048K), 2 survivors (2048K)
 Metaspace       used 62867K, committed 64832K, reserved 491520K
  class space    used 7243K, committed 8128K, reserved 425984K
}

Dll operation events (15 events):
Event: 0.058 Loaded shared library C:\Program Files\Java\jdk-24\bin\java.dll
Event: 1.169 Loaded shared library C:\Program Files\Java\jdk-24\bin\jsvml.dll
Event: 1.299 Loaded shared library C:\Program Files\Java\jdk-24\bin\zip.dll
Event: 1.308 Loaded shared library C:\Program Files\Java\jdk-24\bin\instrument.dll
Event: 1.333 Loaded shared library C:\Program Files\Java\jdk-24\bin\net.dll
Event: 1.388 Loaded shared library C:\Program Files\Java\jdk-24\bin\nio.dll
Event: 1.400 Loaded shared library C:\Program Files\Java\jdk-24\bin\zip.dll
Event: 3.573 Loaded shared library C:\Program Files\Java\jdk-24\bin\jimage.dll
Event: 4.059 Loaded shared library C:\Program Files\Java\jdk-24\bin\verify.dll
Event: 5.812 Loaded shared library C:\Users\Siddhartha\.gradle\native\c067742578af261105cb4f569cf0c3c89f3d7b1fecec35dd04571415982c5e48\windows-amd64\native-platform.dll
Event: 5.851 Loaded shared library C:\Users\Siddhartha\.gradle\native\38dada09dfb8b06ba9b0570ebf7e218e3eb74d4ef43ca46872605cf95ebc2f47\windows-amd64\native-platform-file-events.dll
Event: 21.776 Loaded shared library C:\Program Files\Java\jdk-24\bin\management.dll
Event: 21.787 Loaded shared library C:\Program Files\Java\jdk-24\bin\management_ext.dll
Event: 23.091 Loaded shared library C:\Program Files\Java\jdk-24\bin\extnet.dll
Event: 26.709 Loaded shared library C:\Program Files\Java\jdk-24\bin\sunmscapi.dll

Deoptimization events (20 events):
Event: 138.390 Thread 0x0000022b368b99a0 Uncommon trap: trap_request=0xffffff4d fr.pc=0x0000022b29e51798 relative=0x00000000000002f8
Event: 138.390 Thread 0x0000022b368b99a0 Uncommon trap: reason=unstable_if action=reinterpret pc=0x0000022b29e51798 method=java.lang.String.indexOf([BBILjava/lang/String;I)I @ 22 c2
Event: 138.390 Thread 0x0000022b368b99a0 DEOPT PACKING pc=0x0000022b29e51798 sp=0x000000b4ff6f5940
Event: 138.390 Thread 0x0000022b368b99a0 DEOPT UNPACKING pc=0x0000022b29716082 sp=0x000000b4ff6f58d0 mode 2
Event: 138.443 Thread 0x0000022b368b99a0 Uncommon trap: trap_request=0xffffffde fr.pc=0x0000022b29f2b1a8 relative=0x00000000000004a8
Event: 138.443 Thread 0x0000022b368b99a0 Uncommon trap: reason=class_check action=maybe_recompile pc=0x0000022b29f2b1a8 method=kotlin.reflect.jvm.internal.impl.protobuf.CodedInputStream.tryRefillBuffer(I)Z @ 175 c2
Event: 138.443 Thread 0x0000022b368b99a0 DEOPT PACKING pc=0x0000022b29f2b1a8 sp=0x000000b4ff6f5160
Event: 138.443 Thread 0x0000022b368b99a0 DEOPT UNPACKING pc=0x0000022b29716082 sp=0x000000b4ff6f5048 mode 2
Event: 138.448 Thread 0x0000022b368b99a0 Uncommon trap: trap_request=0xffffffde fr.pc=0x0000022b29f2b1a8 relative=0x00000000000004a8
Event: 138.448 Thread 0x0000022b368b99a0 Uncommon trap: reason=class_check action=maybe_recompile pc=0x0000022b29f2b1a8 method=kotlin.reflect.jvm.internal.impl.protobuf.CodedInputStream.tryRefillBuffer(I)Z @ 175 c2
Event: 138.448 Thread 0x0000022b368b99a0 DEOPT PACKING pc=0x0000022b29f2b1a8 sp=0x000000b4ff6f5160
Event: 138.448 Thread 0x0000022b368b99a0 DEOPT UNPACKING pc=0x0000022b29716082 sp=0x000000b4ff6f5048 mode 2
Event: 138.449 Thread 0x0000022b368b99a0 Uncommon trap: trap_request=0xffffffde fr.pc=0x0000022b29f2b1a8 relative=0x00000000000004a8
Event: 138.449 Thread 0x0000022b368b99a0 Uncommon trap: reason=class_check action=maybe_recompile pc=0x0000022b29f2b1a8 method=kotlin.reflect.jvm.internal.impl.protobuf.CodedInputStream.tryRefillBuffer(I)Z @ 175 c2
Event: 138.449 Thread 0x0000022b368b99a0 DEOPT PACKING pc=0x0000022b29f2b1a8 sp=0x000000b4ff6f5260
Event: 138.449 Thread 0x0000022b368b99a0 DEOPT UNPACKING pc=0x0000022b29716082 sp=0x000000b4ff6f5148 mode 2
Event: 138.451 Thread 0x0000022b368b99a0 Uncommon trap: trap_request=0xffffffde fr.pc=0x0000022b29f2b1a8 relative=0x00000000000004a8
Event: 138.451 Thread 0x0000022b368b99a0 Uncommon trap: reason=class_check action=maybe_recompile pc=0x0000022b29f2b1a8 method=kotlin.reflect.jvm.internal.impl.protobuf.CodedInputStream.tryRefillBuffer(I)Z @ 175 c2
Event: 138.451 Thread 0x0000022b368b99a0 DEOPT PACKING pc=0x0000022b29f2b1a8 sp=0x000000b4ff6f5260
Event: 138.451 Thread 0x0000022b368b99a0 DEOPT UNPACKING pc=0x0000022b29716082 sp=0x000000b4ff6f5148 mode 2

Classes loaded (20 events):
Event: 134.173 Loading class jdk/jfr/FlightRecorderListener done
Event: 134.173 Loading class jdk/management/jfr/FlightRecorderMXBeanImpl$MXBeanListener done
Event: 134.532 Loading class java/time/format/DateTimeFormatterBuilder$WeekBasedFieldPrinterParser
Event: 134.533 Loading class java/time/format/DateTimeFormatterBuilder$WeekBasedFieldPrinterParser done
Event: 134.618 Loading class com/sun/jmx/mbeanserver/StandardMBeanSupport
Event: 134.619 Loading class com/sun/jmx/mbeanserver/StandardMBeanSupport done
Event: 134.619 Loading class com/sun/jmx/mbeanserver/StandardMBeanIntrospector
Event: 134.619 Loading class com/sun/jmx/mbeanserver/StandardMBeanIntrospector done
Event: 134.964 Loading class sun/reflect/misc/MethodUtil
Event: 134.966 Loading class sun/reflect/misc/MethodUtil done
Event: 134.968 Loading class sun/reflect/misc/MethodUtil$1
Event: 134.968 Loading class sun/reflect/misc/MethodUtil$1 done
Event: 135.307 Loading class java/time/temporal/WeekFields
Event: 135.307 Loading class java/time/temporal/WeekFields done
Event: 135.311 Loading class java/time/temporal/WeekFields$ComputedDayOfField
Event: 135.315 Loading class java/time/temporal/WeekFields$ComputedDayOfField done
Event: 135.359 Loading class sun/nio/ch/ChannelOutputStream
Event: 135.362 Loading class sun/nio/ch/ChannelOutputStream done
Event: 138.411 Loading class java/lang/Override
Event: 138.411 Loading class java/lang/Override done

Classes unloaded (0 events):
No events

Classes redefined (0 events):
No events

Internal exceptions (20 events):
Event: 130.286 Thread 0x0000022b368bc580 Exception <a 'java/lang/NoSuchMethodError'{0x000000008511dcf8}: static Lorg/gradle/internal/build/event/types/DefaultBinaryPluginIdentifier;.<clinit>()V> (0x000000008511dcf8) 
thrown [s\open\src\hotspot\share\prims\jni.cpp, line 1108]
Event: 130.324 Thread 0x0000022b368bc580 Exception <a 'java/lang/NoSuchMethodError'{0x000000008512eb20}: static Lorg/gradle/internal/build/event/types/DefaultScriptPluginIdentifier;.<clinit>()V> (0x000000008512eb20) 
thrown [s\open\src\hotspot\share\prims\jni.cpp, line 1108]
Event: 131.673 Thread 0x0000022b368b99a0 Implicit null exception at 0x0000022b29ed61cd to 0x0000022b29ed68e0
Event: 131.673 Thread 0x0000022b368b99a0 Implicit null exception at 0x0000022b29ec78cf to 0x0000022b29ec7fe0
Event: 132.785 Thread 0x0000022b368b99a0 Exception <a 'java/lang/NoSuchMethodError'{0x0000000084943998}: static Lorg/jetbrains/kotlin/gradle/plugin/internal/DefaultConfigurationTimePropertiesAccessorVariantFactory;.<clinit>()V> (0x0000000084943998) 
thrown [s\open\src\hotspot\share\prims\jni.cpp, line 1108]
Event: 132.788 Thread 0x0000022b368b99a0 Exception <a 'java/lang/NoSuchMethodError'{0x0000000084961c88}: static Lorg/jetbrains/kotlin/gradle/plugin/internal/DefaultProjectIsolationStartParameterAccessorVariantFactory;.<clinit>()V> (0x0000000084961c88) 
thrown [s\open\src\hotspot\share\prims\jni.cpp, line 1108]
Event: 132.841 Thread 0x0000022b368b99a0 Exception <a 'java/lang/NoSuchMethodError'{0x000000008498de90}: static Lorg/jetbrains/kotlin/gradle/plugin/internal/DefaultArtifactTypeAttributeAccessorVariantFactory;.<clinit>()V> (0x000000008498de90) 
thrown [s\open\src\hotspot\share\prims\jni.cpp, line 1108]
Event: 132.849 Thread 0x0000022b368b99a0 Exception <a 'java/lang/NoSuchMethodError'{0x00000000849b9c18}: static Lorg/jetbrains/kotlin/gradle/plugin/internal/DefaultCompatibilityConventionRegistrar$Factory;.<clinit>()V> (0x00000000849b9c18) 
thrown [s\open\src\hotspot\share\prims\jni.cpp, line 1108]
Event: 132.853 Thread 0x0000022b368b99a0 Exception <a 'java/lang/NoSuchMethodError'{0x00000000849d8998}: static Lorg/jetbrains/kotlin/gradle/plugin/internal/DefaultJavaSourceSetsAccessorVariantFactory;.<clinit>()V> (0x00000000849d8998) 
thrown [s\open\src\hotspot\share\prims\jni.cpp, line 1108]
Event: 132.857 Thread 0x0000022b368b99a0 Exception <a 'java/lang/NoSuchMethodError'{0x00000000849f6e60}: static Lorg/jetbrains/kotlin/gradle/plugin/internal/DefaultIdeaSyncDetectorVariantFactory;.<clinit>()V> (0x00000000849f6e60) 
thrown [s\open\src\hotspot\share\prims\jni.cpp, line 1108]
Event: 132.861 Thread 0x0000022b368b99a0 Exception <a 'java/lang/NoSuchMethodError'{0x0000000084816930}: static Lorg/jetbrains/kotlin/gradle/plugin/internal/DefaultKotlinTestReportCompatibilityHelperVariantFactory;.<clinit>()V> (0x0000000084816930) 
thrown [s\open\src\hotspot\share\prims\jni.cpp, line 1108]
Event: 132.865 Thread 0x0000022b368b99a0 Exception <a 'java/lang/NoSuchMethodError'{0x0000000084835c68}: static Lorg/jetbrains/kotlin/gradle/plugin/internal/DefaultMppTestReportHelperVariantFactory;.<clinit>()V> (0x0000000084835c68) 
thrown [s\open\src\hotspot\share\prims\jni.cpp, line 1108]
Event: 132.869 Thread 0x0000022b368b99a0 Exception <a 'java/lang/NoSuchMethodError'{0x0000000084861ed8}: static Lorg/jetbrains/kotlin/gradle/plugin/internal/DefaultConfigurationCacheStartParameterAccessorVariantFactory;.<clinit>()V> (0x0000000084861ed8) 
thrown [s\open\src\hotspot\share\prims\jni.cpp, line 1108]
Event: 132.884 Thread 0x0000022b368b99a0 Exception <a 'java/lang/NoSuchMethodError'{0x00000000848821f0}: static Lorg/jetbrains/kotlin/gradle/plugin/internal/MavenPluginConfigurator$DefaultMavenPluginConfiguratorVariantFactory;.<clinit>()V> (0x00000000848821f0) 
thrown [s\open\src\hotspot\share\prims\jni.cpp, line 1108]
Event: 132.887 Thread 0x0000022b368b99a0 Exception <a 'java/lang/NoSuchMethodError'{0x00000000848a0720}: static Lorg/jetbrains/kotlin/gradle/targets/js/nodejs/DefaultUnameExecutorVariantFactory;.<clinit>()V> (0x00000000848a0720) 
thrown [s\open\src\hotspot\share\prims\jni.cpp, line 1108]
Event: 132.889 Thread 0x0000022b368b99a0 Exception <a 'java/lang/NoSuchMethodError'{0x00000000848c0d98}: static Lorg/jetbrains/kotlin/gradle/plugin/internal/DefaultBasePluginConfigurationVariantFactory;.<clinit>()V> (0x00000000848c0d98) 
thrown [s\open\src\hotspot\share\prims\jni.cpp, line 1108]
Event: 133.122 Thread 0x0000022b368b99a0 Exception <a 'java/lang/IncompatibleClassChangeError'{0x00000000847d07c8}: Found class java.lang.Object, but interface was expected> (0x00000000847d07c8) 
thrown [s\open\src\hotspot\share\interpreter\linkResolver.cpp, line 872]
Event: 134.973 Thread 0x0000022b368b99a0 Implicit null exception at 0x0000022b29d883a3 to 0x0000022b29d8ace0
Event: 134.985 Thread 0x0000022b368b99a0 Exception <a 'java/lang/NoSuchMethodError'{0x000000008721af50}: 'java.lang.Object java.lang.invoke.DirectMethodHandle$Holder.invokeStatic(java.lang.Object, long)'> (0x000000008721af50) 
thrown [s\open\src\hotspot\share\interpreter\linkResolver.cpp, line 805]
Event: 134.987 Thread 0x0000022b368b99a0 Exception <a 'java/lang/NoSuchMethodError'{0x000000008722c4d8}: 'long java.lang.invoke.DelegatingMethodHandle$Holder.reinvoke_L(java.lang.Object, java.lang.Object)'> (0x000000008722c4d8) 
thrown [s\open\src\hotspot\share\interpreter\linkResolver.cpp, line 805]

VM Operations (20 events):
Event: 129.220 Executing VM operation: G1CollectForAllocation (G1 Evacuation Pause)
Event: 129.243 Executing VM operation: G1CollectForAllocation (G1 Evacuation Pause) done
Event: 129.389 Executing VM operation: G1PauseRemark
Event: 129.477 Executing VM operation: G1PauseRemark done
Event: 129.499 Executing VM operation: G1PauseCleanup
Event: 129.499 Executing VM operation: G1PauseCleanup done
Event: 129.932 Executing VM operation: HandshakeAllThreads (Deoptimize)
Event: 129.932 Executing VM operation: HandshakeAllThreads (Deoptimize) done
Event: 133.895 Executing VM operation: HandshakeAllThreads (Deoptimize)
Event: 133.895 Executing VM operation: HandshakeAllThreads (Deoptimize) done
Event: 133.897 Executing VM operation: HandshakeAllThreads (Deoptimize)
Event: 133.898 Executing VM operation: HandshakeAllThreads (Deoptimize) done
Event: 134.649 Executing VM operation: HandshakeAllThreads (Deoptimize)
Event: 134.649 Executing VM operation: HandshakeAllThreads (Deoptimize) done
Event: 134.671 Executing VM operation: HandshakeAllThreads (Deoptimize)
Event: 134.671 Executing VM operation: HandshakeAllThreads (Deoptimize) done
Event: 134.776 Executing VM operation: G1CollectForAllocation (G1 Evacuation Pause)
Event: 134.786 Executing VM operation: G1CollectForAllocation (G1 Evacuation Pause) done
Event: 137.566 Executing VM operation: G1CollectForAllocation (G1 Evacuation Pause)
Event: 137.574 Executing VM operation: G1CollectForAllocation (G1 Evacuation Pause) done

Memory protections (0 events):
No events

Nmethod flushes (20 events):
Event: 129.472 Thread 0x0000022b367b4f50 flushing  nmethod 0x0000022b223b6908
Event: 129.472 Thread 0x0000022b367b4f50 flushing  nmethod 0x0000022b223b8708
Event: 129.472 Thread 0x0000022b367b4f50 flushing  nmethod 0x0000022b223c3e08
Event: 129.472 Thread 0x0000022b367b4f50 flushing  nmethod 0x0000022b223c4508
Event: 129.472 Thread 0x0000022b367b4f50 flushing  nmethod 0x0000022b223c4888
Event: 129.472 Thread 0x0000022b367b4f50 flushing  nmethod 0x0000022b223ccd08
Event: 129.472 Thread 0x0000022b367b4f50 flushing  nmethod 0x0000022b223ce488
Event: 129.472 Thread 0x0000022b367b4f50 flushing  nmethod 0x0000022b223d1708
Event: 129.472 Thread 0x0000022b367b4f50 flushing  nmethod 0x0000022b223d1f88
Event: 129.472 Thread 0x0000022b367b4f50 flushing  nmethod 0x0000022b223d4608
Event: 129.472 Thread 0x0000022b367b4f50 flushing  nmethod 0x0000022b2245d008
Event: 129.472 Thread 0x0000022b367b4f50 flushing  nmethod 0x0000022b2245d308
Event: 129.472 Thread 0x0000022b367b4f50 flushing  nmethod 0x0000022b22581888
Event: 129.472 Thread 0x0000022b367b4f50 flushing  nmethod 0x0000022b2272da88
Event: 129.472 Thread 0x0000022b367b4f50 flushing  nmethod 0x0000022b22783b08
Event: 129.472 Thread 0x0000022b367b4f50 flushing  nmethod 0x0000022b227f8988
Event: 129.472 Thread 0x0000022b367b4f50 flushing  nmethod 0x0000022b22825888
Event: 129.472 Thread 0x0000022b367b4f50 flushing  nmethod 0x0000022b22826188
Event: 129.472 Thread 0x0000022b367b4f50 flushing  nmethod 0x0000022b22826508
Event: 129.472 Thread 0x0000022b367b4f50 flushing  nmethod 0x0000022b22826888

Events (20 events):
Event: 63.417 Thread 0x0000022b368b99a0 Thread added: 0x0000022b57670520
Event: 63.543 Thread 0x0000022b368b99a0 Thread added: 0x0000022b5766d1f0
Event: 63.691 Thread 0x0000022b368b99a0 Thread added: 0x0000022b57670c70
Event: 65.672 Thread 0x0000022b368b99a0 Thread added: 0x0000022b576713c0
Event: 65.835 Thread 0x0000022b576713c0 Thread added: 0x0000022b57671b10
Event: 65.835 Thread 0x0000022b576713c0 Thread added: 0x0000022b57672260
Event: 87.825 Thread 0x0000022b368b9250 Thread exited: 0x0000022b368b9250
Event: 102.426 Thread 0x0000022b368b99a0 Thread added: 0x0000022b576729b0
Event: 102.427 Thread 0x0000022b368b99a0 Thread added: 0x0000022b57673100
Event: 111.105 Thread 0x0000022b368b99a0 Thread added: 0x0000022b368b9250
Event: 120.249 Thread 0x0000022b368b99a0 Thread added: 0x0000022b57e52e80
Event: 120.249 Thread 0x0000022b368b99a0 Thread added: 0x0000022b57e52730
Event: 120.249 Thread 0x0000022b368b99a0 Thread added: 0x0000022b57e54bc0
Event: 120.249 Thread 0x0000022b368b99a0 Thread added: 0x0000022b57e535d0
Event: 120.249 Thread 0x0000022b368b99a0 Thread added: 0x0000022b57e55310
Event: 120.249 Thread 0x0000022b368b99a0 Thread added: 0x0000022b57e53d20
Event: 120.250 Thread 0x0000022b368b99a0 Thread added: 0x0000022b57e54470
Event: 125.683 Thread 0x0000022b368b99a0 Thread added: 0x0000022b57e51fe0
Event: 134.221 Thread 0x0000022b368ba0f0 Thread added: 0x0000022b57e577a0
Event: 134.656 Thread 0x0000022b368b99a0 Thread added: 0x0000022b57e56900


Dynamic libraries:
0x00007ff7e88b0000 - 0x00007ff7e88c0000 	C:\Program Files\Java\jdk-24\bin\java.exe
0x00007ffef6d00000 - 0x00007ffef6f66000 	C:\WINDOWS\SYSTEM32\ntdll.dll
0x00007ffef5220000 - 0x00007ffef52e9000 	C:\WINDOWS\System32\KERNEL32.DLL
0x00007ffef42d0000 - 0x00007ffef46cf000 	C:\WINDOWS\System32\KERNELBASE.dll
0x00007ffef48d0000 - 0x00007ffef4a1c000 	C:\WINDOWS\System32\ucrtbase.dll
0x00007ffef04a0000 - 0x00007ffef04bb000 	C:\Program Files\Java\jdk-24\bin\VCRUNTIME140.dll
0x00007ffee8750000 - 0x00007ffee8766000 	C:\Program Files\Java\jdk-24\bin\jli.dll
0x00007ffef4b30000 - 0x00007ffef4cf6000 	C:\WINDOWS\System32\USER32.dll
0x00007ffed5b50000 - 0x00007ffed5de1000 	C:\WINDOWS\WinSxS\amd64_microsoft.windows.common-controls_6595b64144ccf1df_6.0.26100.8972_none_3e0da176e32f9d4b\COMCTL32.dll
0x00007ffef6030000 - 0x00007ffef60d9000 	C:\WINDOWS\System32\msvcrt.dll
0x00007ffef60e0000 - 0x00007ffef610b000 	C:\WINDOWS\System32\GDI32.dll
0x00007ffef3fc0000 - 0x00007ffef3fe7000 	C:\WINDOWS\System32\win32u.dll
0x00007ffef47a0000 - 0x00007ffef48c9000 	C:\WINDOWS\System32\gdi32full.dll
0x00007ffef3f10000 - 0x00007ffef3fb3000 	C:\WINDOWS\System32\msvcp_win.dll
0x00007ffef5d70000 - 0x00007ffef5da2000 	C:\WINDOWS\System32\IMM32.DLL
0x00007ffeebe60000 - 0x00007ffeebe6c000 	C:\Program Files\Java\jdk-24\bin\vcruntime140_1.dll
0x00007ffed6770000 - 0x00007ffed67fe000 	C:\Program Files\Java\jdk-24\bin\msvcp140.dll
0x00007ffe7f370000 - 0x00007ffe80111000 	C:\Program Files\Java\jdk-24\bin\server\jvm.dll
0x00007ffef5430000 - 0x00007ffef54ec000 	C:\WINDOWS\System32\ADVAPI32.dll
0x00007ffef5cc0000 - 0x00007ffef5d6a000 	C:\WINDOWS\System32\sechost.dll
0x00007ffef52f0000 - 0x00007ffef5408000 	C:\WINDOWS\System32\RPCRT4.dll
0x00007ffef5fa0000 - 0x00007ffef6022000 	C:\WINDOWS\System32\WS2_32.dll
0x00007ffef3d70000 - 0x00007ffef3dce000 	C:\WINDOWS\SYSTEM32\POWRPROF.dll
0x00007ffee9160000 - 0x00007ffee9196000 	C:\WINDOWS\SYSTEM32\WINMM.dll
0x00007ffee5e80000 - 0x00007ffee5e8b000 	C:\WINDOWS\SYSTEM32\VERSION.dll
0x00007ffef3d50000 - 0x00007ffef3d65000 	C:\WINDOWS\SYSTEM32\UMPDC.dll
0x00007ffef2c00000 - 0x00007ffef2c1b000 	C:\WINDOWS\SYSTEM32\kernel.appcore.dll
0x00007ffee8320000 - 0x00007ffee832a000 	C:\Program Files\Java\jdk-24\bin\jimage.dll
0x00007ffef13d0000 - 0x00007ffef1612000 	C:\WINDOWS\SYSTEM32\DBGHELP.DLL
0x00007ffef6710000 - 0x00007ffef6a95000 	C:\WINDOWS\System32\combase.dll
0x00007ffef6150000 - 0x00007ffef6229000 	C:\WINDOWS\System32\OLEAUT32.dll
0x00007ffee9120000 - 0x00007ffee915b000 	C:\WINDOWS\SYSTEM32\dbgcore.DLL
0x00007ffef4210000 - 0x00007ffef42bc000 	C:\WINDOWS\System32\bcryptPrimitives.dll
0x00007ffee8310000 - 0x00007ffee831f000 	C:\Program Files\Java\jdk-24\bin\instrument.dll
0x00007ffee82f0000 - 0x00007ffee830e000 	C:\Program Files\Java\jdk-24\bin\java.dll
0x00007ffef6570000 - 0x00007ffef6709000 	C:\WINDOWS\System32\ole32.dll
0x00007ffef5530000 - 0x00007ffef5cb8000 	C:\WINDOWS\System32\SHELL32.dll
0x00007ffef1990000 - 0x00007ffef222b000 	C:\WINDOWS\SYSTEM32\windows.storage.dll
0x00007ffef4a30000 - 0x00007ffef4b29000 	C:\WINDOWS\System32\SHCORE.dll
0x00007ffef6230000 - 0x00007ffef6296000 	C:\WINDOWS\System32\shlwapi.dll
0x00007ffef3e30000 - 0x00007ffef3e59000 	C:\WINDOWS\SYSTEM32\profapi.dll
0x00007ffe2a820000 - 0x00007ffe2a8f7000 	C:\Program Files\Java\jdk-24\bin\jsvml.dll
0x00007ffecb960000 - 0x00007ffecb977000 	C:\Program Files\Java\jdk-24\bin\zip.dll
0x00007ffee82e0000 - 0x00007ffee82f0000 	C:\Program Files\Java\jdk-24\bin\net.dll
0x00007ffef31b0000 - 0x00007ffef321c000 	C:\WINDOWS\system32\mswsock.dll
0x00007ffe2a800000 - 0x00007ffe2a816000 	C:\Program Files\Java\jdk-24\bin\nio.dll
0x00007ffed6860000 - 0x00007ffed6870000 	C:\Program Files\Java\jdk-24\bin\verify.dll
0x00007ffeebe90000 - 0x00007ffeebeb7000 	C:\Users\Siddhartha\.gradle\native\c067742578af261105cb4f569cf0c3c89f3d7b1fecec35dd04571415982c5e48\windows-amd64\native-platform.dll
0x00007ffe81a00000 - 0x00007ffe81b44000 	C:\Users\Siddhartha\.gradle\native\38dada09dfb8b06ba9b0570ebf7e218e3eb74d4ef43ca46872605cf95ebc2f47\windows-amd64\native-platform-file-events.dll
0x00007ffea9510000 - 0x00007ffea951a000 	C:\Program Files\Java\jdk-24\bin\management.dll
0x00007ffea9500000 - 0x00007ffea950b000 	C:\Program Files\Java\jdk-24\bin\management_ext.dll
0x00007ffef6110000 - 0x00007ffef6118000 	C:\WINDOWS\System32\PSAPI.DLL
0x00007ffef34a0000 - 0x00007ffef34bb000 	C:\WINDOWS\SYSTEM32\CRYPTSP.dll
0x00007ffef2b60000 - 0x00007ffef2b99000 	C:\WINDOWS\system32\rsaenh.dll
0x00007ffef3260000 - 0x00007ffef3292000 	C:\WINDOWS\SYSTEM32\USERENV.dll
0x00007ffef3e00000 - 0x00007ffef3e2a000 	C:\WINDOWS\SYSTEM32\bcrypt.dll
0x00007ffef34c0000 - 0x00007ffef34cc000 	C:\WINDOWS\SYSTEM32\CRYPTBASE.dll
0x00007ffef2580000 - 0x00007ffef25b3000 	C:\WINDOWS\SYSTEM32\IPHLPAPI.DLL
0x00007ffef6140000 - 0x00007ffef614a000 	C:\WINDOWS\System32\NSI.dll
0x00007ffe871f0000 - 0x00007ffe871f9000 	C:\Program Files\Java\jdk-24\bin\extnet.dll
0x00007ffe2a110000 - 0x00007ffe2a11e000 	C:\Program Files\Java\jdk-24\bin\sunmscapi.dll
0x00007ffef4080000 - 0x00007ffef41fe000 	C:\WINDOWS\System32\CRYPT32.dll
0x00007ffef36e0000 - 0x00007ffef3710000 	C:\WINDOWS\SYSTEM32\ncrypt.dll
0x00007ffef3690000 - 0x00007ffef36cf000 	C:\WINDOWS\SYSTEM32\NTASN1.dll
0x00007ffe862e0000 - 0x00007ffe862e8000 	C:\WINDOWS\system32\wshunix.dll

JVMTI agents:
C:\Users\Siddhartha\.gradle\wrapper\dists\gradle-8.6-all\3mbtmo166bl6vumsh5k2lkq5h\gradle-8.6\lib\agents\gradle-instrumentation-agent-8.6.jar path:C:\Program Files\Java\jdk-24\bin\instrument.dll, loaded, initialized, instrumentlib options:none

dbghelp: loaded successfully - version: 4.0.5 - missing functions: none
symbol engine: initialized successfully - sym options: 0x614 - pdb path: .;C:\Program Files\Java\jdk-24\bin;C:\WINDOWS\SYSTEM32;C:\WINDOWS\WinSxS\amd64_microsoft.windows.common-controls_6595b64144ccf1df_6.0.26100.8972_none_3e0da176e32f9d4b;C:\Program Files\Java\jdk-24\bin\server;C:\Users\Siddhartha\.gradle\native\c067742578af261105cb4f569cf0c3c89f3d7b1fecec35dd04571415982c5e48\windows-amd64;C:\Users\Siddhartha\.gradle\native\38dada09dfb8b06ba9b0570ebf7e218e3eb74d4ef43ca46872605cf95ebc2f47\windows-amd64

VM Arguments:
jvm_args: -XX:MaxMetaspaceSize=512m --add-opens=java.base/java.util=ALL-UNNAMED --add-opens=java.base/java.lang=ALL-UNNAMED --add-opens=java.base/java.lang.invoke=ALL-UNNAMED --add-opens=java.prefs/java.util.prefs=ALL-UNNAMED --add-opens=java.base/java.nio.charset=ALL-UNNAMED --add-opens=java.base/java.net=ALL-UNNAMED --add-opens=java.base/java.util.concurrent.atomic=ALL-UNNAMED -Xmx2048m -Dfile.encoding=utf8 -Duser.country=IN -Duser.language=en -Duser.variant -javaagent:C:\Users\Siddhartha\.gradle\wrapper\dists\gradle-8.6-all\3mbtmo166bl6vumsh5k2lkq5h\gradle-8.6\lib\agents\gradle-instrumentation-agent-8.6.jar 
java_command: org.gradle.launcher.daemon.bootstrap.GradleDaemon 8.6
java_class_path (initial): C:\Users\Siddhartha\.gradle\wrapper\dists\gradle-8.6-all\3mbtmo166bl6vumsh5k2lkq5h\gradle-8.6\lib\gradle-launcher-8.6.jar
Launcher Type: SUN_STANDARD

[Global flags]
     intx CICompilerCount                          = 4                                         {product} {ergonomic}
   size_t CompressedClassSpaceSize                 = 436207616                                 {product} {ergonomic}
     uint ConcGCThreads                            = 2                                         {product} {ergonomic}
     uint G1ConcRefinementThreads                  = 8                                         {product} {ergonomic}
   size_t G1HeapRegionSize                         = 1048576                                   {product} {ergonomic}
   size_t InitialHeapSize                          = 130023424                                 {product} {ergonomic}
   size_t MarkStackSize                            = 4194304                                   {product} {ergonomic}
   size_t MarkStackSizeMax                         = 536870912                                 {product} {ergonomic}
   size_t MaxHeapSize                              = 2147483648                                {product} {command line}
   size_t MaxMetaspaceSize                         = 536870912                                 {product} {command line}
   size_t MaxNewSize                               = 1287651328                                {product} {ergonomic}
   size_t MinHeapDeltaBytes                        = 1048576                                   {product} {ergonomic}
   size_t MinHeapSize                              = 8388608                                   {product} {ergonomic}
    uintx NonNMethodCodeHeapSize                   = 5832704                                {pd product} {ergonomic}
    uintx NonProfiledCodeHeapSize                  = 122945536                              {pd product} {ergonomic}
    uintx ProfiledCodeHeapSize                     = 122880000                              {pd product} {ergonomic}
    uintx ReservedCodeCacheSize                    = 251658240                              {pd product} {ergonomic}
     bool SegmentedCodeCache                       = true                                      {product} {ergonomic}
   size_t SoftMaxHeapSize                          = 2147483648                             {manageable} {ergonomic}
     bool UseCompressedOops                        = true                           {product lp64_product} {ergonomic}
     bool UseG1GC                                  = true                                      {product} {ergonomic}
     bool UseLargePagesIndividualAllocation        = false                                  {pd product} {ergonomic}

Logging:
Log output configuration:
 #0: stdout all=warning uptime,level,tags foldmultilines=false
 #1: stderr all=off uptime,level,tags foldmultilines=false

Environment Variables:
PATH=C:\Program Files\Common Files\Oracle\Java\javapath;C:\Program Files\Python313\Scripts\;C:\Program Files\Python313\;C:\Windows\system32;C:\Windows;C:\Windows\System32\Wbem;C:\Windows\System32\WindowsPowerShell\v1.0\;C:\Windows\System32\OpenSSH\;C:\Program Files\NVIDIA Corporation\NVIDIA NvDLISR;C:\WINDOWS\system32;C:\WINDOWS;C:\WINDOWS\System32\Wbem;C:\WINDOWS\System32\WindowsPowerShell\v1.0\;C:\WINDOWS\System32\OpenSSH\;C:\Program Files\dotnet\;C:\MinGW\bin;C:\Program Files\Java\jdk-24\bin;C:\ProgramData\chocolatey\bin;D:\Git\cmd;C:\Users\Siddhartha\.local\bin;D:\dev\nvm;D:\dev\nodejs;C:\Program Files\Microsoft SQL Server\170\Tools\Binn\;C:\Program Files\Microsoft SQL Server\Client SDK\ODBC\170\Tools\Binn\;C:\Program Files (x86)\Microsoft SQL Server\170\Tools\Binn\;C:\Program Files\Microsoft SQL Server\Client SDK\ODBC\180\Tools\Binn\;C:\Program Files\Microsoft SQL Server\170\DTS\Binn\;C:\Program Files\nodejs\;C:\Program Files\k6\;C:\Program Files\Go\bin;C:\Program Files\Common Files\Oracle\Java\javapath;C:\Program Files\Python313\Scripts\;C:\Program Files\Python313\;C:\Windows\system32;C:\Windows;C:\Windows\System32\Wbem;C:\Windows\System32\WindowsPowerShell\v1.0\;C:\Windows\System32\OpenSSH\;C:\Program Files\NVIDIA Corporation\NVIDIA NvDLISR;C:\WINDOWS\system32;C:\WINDOWS;C:\WINDOWS\System32\Wbem;C:\WINDOWS\System32\WindowsPowerShell\v1.0\;C:\WINDOWS\System32\OpenSSH\;C:\Program Files\dotnet\;C:\MinGW\bin;C:\Program Files\Java\jdk-24\bin;C:\ProgramData\chocolatey\bin;D:\Git\cmd;C:\Users\Siddhartha\.local\bin;C:\Program Files\k6\;D:\dev\nvm;D:\dev\nodejs;C:\Program Files\Microsoft SQL Server\170\Tools\Binn\;C:\Program Files\Microsoft SQL Server\Client SDK\ODBC\170\Tools\Binn\;C:\Program Files (x86)\Microsoft SQL Server\170\Tools\Binn\;C:\Program Files\Microsoft SQL Server\Client SDK\ODBC\180\Tools\Binn\;C:\Program Files\Microsoft SQL Server\170\DTS\Binn\;C:\Users\Siddhartha\AppData\Local\Microsoft\WindowsApps;C:\Users\Siddhartha\AppData\Local\Programs\Microsoft VS Code\bin;C:\Program Files\MongoDB\Server\8.2\bin;C:\Users\Siddhartha\AppData\Local\Programs\mongosh\;D:\cursor\resources\app\bin;D:\Antigravity\bin;C:\Program Files (x86)\Nmap;C:\Users\Siddhartha\AppData\Local\Programs\Antigravity IDE\bin;C:\Users\Siddhartha\.dotnet\tools;C:\Users\Siddhartha\AppData\Local\Microsoft\WinGet\Packages\lostindark.DriverStoreExplorer_Microsoft.Winget.Source_8wekyb3d8bbwe;D:\dev\nvm;D:\dev\nodejs;C:\Program Files\nodejs\;D:\Android\Sdk\platform-tools;D:\Android\Sdk\emulator;;C:\Users\Siddhartha\AppData\Local\Programs\DockerDesktop\resources\bin;C:\Users\Siddhartha\go\bin
USERNAME=Siddhartha
OS=Windows_NT
PROCESSOR_IDENTIFIER=Intel64 Family 6 Model 140 Stepping 2, GenuineIntel
TMP=C:\Users\SIDDHA~1\AppData\Local\Temp
TEMP=C:\Users\SIDDHA~1\AppData\Local\Temp




Periodic native trim disabled

---------------  S Y S T E M  ---------------

OS:
 Windows 11 , 64 bit Build 26100 (10.0.26100.9168)
OS uptime: 0 days 0:56 hours
Hyper-V role detected

CPU: total 8 (initial active 8) (4 cores per cpu, 2 threads per core) family 6 model 140 stepping 2 microcode 0x3c, cx8, cmov, fxsr, ht, mmx, 3dnowpref, sse, sse2, sse3, ssse3, sse4.1, sse4.2, popcnt, lzcnt, tsc, tscinvbit, avx, avx2, aes, erms, clmul, bmi1, bmi2, adx, avx512f, avx512dq, avx512cd, avx512bw, avx512vl, sha, fma, vzeroupper, avx512_vpopcntdq, avx512_vpclmulqdq, avx512_vaes, avx512_vnni, clflush, clflushopt, clwb, avx512_vbmi2, avx512_vbmi, hv, rdtscp, rdpid, fsrm, gfni, avx512_bitalg, f16c, cet_ibt, cet_ss, avx512_ifma
Processor Information for the first 8 processors :
  Max Mhz: 2496, Current Mhz: 2496, Mhz Limit: 2496

Memory: 4k page, system-wide physical 7930M (160M free)
TotalPageFile size 32506M (AvailPageFile size 33M)
current process WorkingSet (physical memory assigned to process): 229M, peak: 234M
current process commit charge ("private bytes"): 335M, peak: 336M

vm_info: Java HotSpot(TM) 64-Bit Server VM (24.0.2+12-54) for windows-amd64 JRE (24.0.2+12-54), built on 2025-07-08T12:10:27Z with MS VC++ 17.6 (VS2022)

END.
