#
# There is insufficient memory for the Java Runtime Environment to continue.
# Native memory allocation (mmap) failed to map 69206016 bytes. Error detail: G1 virtual space
# Possible reasons:
#   The system is out of physical RAM or swap space
#   This process is running with CompressedOops enabled, and the Java Heap may be blocking the growth of the native heap
# Possible solutions:
#   Reduce memory load on the system
#   Increase physical memory or swap space
#   Check if swap backing store is full
#   Decrease Java heap size (-Xmx/-Xms)
#   Decrease number of Java threads
#   Decrease Java thread stack sizes (-Xss)
#   Set larger code cache with -XX:ReservedCodeCacheSize=
#   JVM is running with Unscaled Compressed Oops mode in which the Java heap is
#     placed in the first 4GB address space. The Java Heap base address is the
#     maximum limit for the native heap growth. Please use -XX:HeapBaseMinAddress
#     to set the Java Heap base and to place the Java Heap above 4GB virtual address.
# This output file may be truncated or incomplete.
#
#  Out of Memory Error (os_windows.cpp:3618), pid=25812, tid=26388
#
# JRE version: OpenJDK Runtime Environment Temurin-17.0.19+10 (17.0.19+10) (build 17.0.19+10)
# Java VM: OpenJDK 64-Bit Server VM Temurin-17.0.19+10 (17.0.19+10, mixed mode, sharing, tiered, compressed oops, compressed class ptrs, g1 gc, windows-amd64)
# No core dump will be written. Minidumps are not enabled by default on client versions of Windows
#

---------------  S U M M A R Y ------------

Command Line: -XX:MaxMetaspaceSize=512m --add-opens=java.base/java.util=ALL-UNNAMED --add-opens=java.base/java.lang=ALL-UNNAMED --add-opens=java.base/java.lang.invoke=ALL-UNNAMED --add-opens=java.prefs/java.util.prefs=ALL-UNNAMED --add-opens=java.base/java.nio.charset=ALL-UNNAMED --add-opens=java.base/java.net=ALL-UNNAMED --add-opens=java.base/java.util.concurrent.atomic=ALL-UNNAMED -Xmx2048m -Dfile.encoding=utf8 -Duser.country=IN -Duser.language=en -Duser.variant -javaagent:C:\Users\Siddhartha\.gradle\wrapper\dists\gradle-8.6-all\3mbtmo166bl6vumsh5k2lkq5h\gradle-8.6\lib\agents\gradle-instrumentation-agent-8.6.jar org.gradle.launcher.daemon.bootstrap.GradleDaemon 8.6

Host: 11th Gen Intel(R) Core(TM) i5-11320H @ 3.20GHz, 8 cores, 7G,  Windows 11 , 64 bit Build 26100 (10.0.26100.9168)
Time: Wed Sep  2 17:31:17 2026 India Standard Time elapsed time: 202.366098 seconds (0d 0h 3m 22s)

---------------  T H R E A D  ---------------

Current thread (0x000002caf9bd2ac0):  VMThread "VM Thread" [stack: 0x000000de84400000,0x000000de84500000] [id=26388]

Stack: [0x000000de84400000,0x000000de84500000]
Native frames: (J=compiled Java code, j=interpreted, Vv=VM code, C=native code)
V  [jvm.dll+0x684b29]
V  [jvm.dll+0x83a2d5]
V  [jvm.dll+0x83bd4e]
V  [jvm.dll+0x83c3d3]
V  [jvm.dll+0x24905f]
V  [jvm.dll+0x6818e9]
V  [jvm.dll+0x6766ea]
V  [jvm.dll+0x3093b7]
V  [jvm.dll+0x3109a6]
V  [jvm.dll+0x360f1e]
V  [jvm.dll+0x36115d]
V  [jvm.dll+0x2e043c]
V  [jvm.dll+0x2e34c6]
V  [jvm.dll+0x2edc04]
V  [jvm.dll+0x320edd]
V  [jvm.dll+0x840bed]
V  [jvm.dll+0x841923]
V  [jvm.dll+0x841e4f]
V  [jvm.dll+0x842235]
V  [jvm.dll+0x8422fe]
V  [jvm.dll+0x7eaf1c]
V  [jvm.dll+0x6839f7]
C  [ucrtbase.dll+0x2cd30]
C  [KERNEL32.DLL+0x2ccb7]
C  [ntdll.dll+0xaad6c]

VM_Operation (0x000000de840ff4f0): G1PauseRemark, mode: safepoint, requested by thread 0x000002cae879ec40


---------------  P R O C E S S  ---------------

Threads class SMR info:
_java_thread_list=0x000002caaafa1780, length=113, elements={
0x000002cae872df80, 0x000002caf9bd9dd0, 0x000002caf9bdb410, 0x000002caf9bf14e0,
0x000002caf9bf1db0, 0x000002caf9bfb200, 0x000002caf9bfd980, 0x000002caf9c00200,
0x000002caf9c04be0, 0x000002caf9bfc030, 0x000002caf9bfedc0, 0x000002caf9bfd470,
0x000002caf9bfbb20, 0x000002caf9bfe3a0, 0x000002caf9bfc540, 0x000002caf9bfcf60,
0x000002caf9bfca50, 0x000002caf9bfde90, 0x000002caf9bfe8b0, 0x000002cafec3f4a0,
0x000002cafec3fec0, 0x000002cafec3e060, 0x000002cafec403d0, 0x000002cafec41300,
0x000002cafec408e0, 0x000002cafec41810, 0x000002cafec40df0, 0x000002cafec41d20,
0x000002cafec42230, 0x000002cafec3ea80, 0x000002cafec42740, 0x000002cafec459e0,
0x000002cafec445a0, 0x000002cafec44fc0, 0x000002cafec43160, 0x000002cafec43670,
0x000002cafec454d0, 0x000002cafec43b80, 0x000002caaa3463d0, 0x000002caaa348230,
0x000002caaa349160, 0x000002caaa3468e0, 0x000002caaa346df0, 0x000002caaa349670,
0x000002caaa347300, 0x000002caaa348740, 0x000002caaa347810, 0x000002caaa348c50,
0x000002caaa347d20, 0x000002caf9bff2d0, 0x000002caaadd06a0, 0x000002caaadd1ae0,
0x000002caaadd10c0, 0x000002caaadd0bb0, 0x000002caaadd57a0, 0x000002caaadd1ff0,
0x000002caaadd4d80, 0x000002caaadd5290, 0x000002caaadd5cb0, 0x000002caaadd2500,
0x000002caaadd2f20, 0x000002caaadd61c0, 0x000002caaadd2a10, 0x000002caaadd66d0,
0x000002caaadd6be0, 0x000002caaadd70f0, 0x000002caaadd7600, 0x000002caaadd3e50,
0x000002caaadd7b10, 0x000002caaadd8020, 0x000002cafec3e570, 0x000002caac64a710,
0x000002caac6483a0, 0x000002caac64ac20, 0x000002caac6488b0, 0x000002caac649cf0,
0x000002caac6497e0, 0x000002caac64a200, 0x000002caac64b130, 0x000002caac64b640,
0x000002caac6492d0, 0x000002caac647e90, 0x000002caac64c570, 0x000002caac64bb50,
0x000002caac64c060, 0x000002caac648dc0, 0x000002caac64cf90, 0x000002caac64d4a0,
0x000002caac64d9b0, 0x000002caac64ca80, 0x000002caac64f810, 0x000002caac64dec0,
0x000002caac66fe70, 0x000002caac670890, 0x000002caac674040, 0x000002caac673620,
0x000002caac674550, 0x000002caac674a60, 0x000002caac6726f0, 0x000002caac6721e0,
0x000002caac673b30, 0x000002caac674f70, 0x000002caac675480, 0x000002caac671cd0,
0x000002caac675990, 0x000002caac6772e0, 0x000002caac6763b0, 0x000002caac676dd0,
0x000002caac6768c0, 0x000002caac6777f0, 0x000002caaadd3430, 0x000002caaadd3940,
0x000002caaadd4870
}

Java Threads: ( => current thread )
  0x000002cae872df80 JavaThread "main" [_thread_blocked, id=25664, stack(0x000000de83e00000,0x000000de83f00000)]
  0x000002caf9bd9dd0 JavaThread "Reference Handler" daemon [_thread_blocked, id=24088, stack(0x000000de84500000,0x000000de84600000)]
  0x000002caf9bdb410 JavaThread "Finalizer" daemon [_thread_blocked, id=7132, stack(0x000000de84600000,0x000000de84700000)]
  0x000002caf9bf14e0 JavaThread "Signal Dispatcher" daemon [_thread_blocked, id=24960, stack(0x000000de84700000,0x000000de84800000)]
  0x000002caf9bf1db0 JavaThread "Attach Listener" daemon [_thread_blocked, id=19884, stack(0x000000de84800000,0x000000de84900000)]
  0x000002caf9bfb200 JavaThread "Service Thread" daemon [_thread_blocked, id=25232, stack(0x000000de84900000,0x000000de84a00000)]
  0x000002caf9bfd980 JavaThread "Monitor Deflation Thread" daemon [_thread_blocked, id=16232, stack(0x000000de84a00000,0x000000de84b00000)]
  0x000002caf9c00200 JavaThread "C2 CompilerThread0" daemon [_thread_blocked, id=26356, stack(0x000000de84b00000,0x000000de84c00000)]
  0x000002caf9c04be0 JavaThread "C1 CompilerThread0" daemon [_thread_blocked, id=22592, stack(0x000000de84c00000,0x000000de84d00000)]
  0x000002caf9bfc030 JavaThread "Sweeper thread" daemon [_thread_blocked, id=24840, stack(0x000000de84d00000,0x000000de84e00000)]
  0x000002caf9bfedc0 JavaThread "Common-Cleaner" daemon [_thread_blocked, id=20600, stack(0x000000de84e00000,0x000000de84f00000)]
  0x000002caf9bfd470 JavaThread "Notification Thread" daemon [_thread_blocked, id=25112, stack(0x000000de85000000,0x000000de85100000)]
  0x000002caf9bfbb20 JavaThread "Daemon health stats" [_thread_blocked, id=16532, stack(0x000000de85500000,0x000000de85600000)]
  0x000002caf9bfe3a0 JavaThread "Incoming local TCP Connector on port 23681" [_thread_in_native, id=23920, stack(0x000000de85600000,0x000000de85700000)]
  0x000002caf9bfc540 JavaThread "Daemon periodic checks" [_thread_blocked, id=15196, stack(0x000000de85700000,0x000000de85800000)]
  0x000002caf9bfcf60 JavaThread "Daemon" [_thread_blocked, id=4740, stack(0x000000de85800000,0x000000de85900000)]
  0x000002caf9bfca50 JavaThread "Handler for socket connection from /127.0.0.1:23681 to /127.0.0.1:23686" [_thread_in_native, id=23212, stack(0x000000de85900000,0x000000de85a00000)]
  0x000002caf9bfde90 JavaThread "Cancel handler" [_thread_blocked, id=16152, stack(0x000000de85a00000,0x000000de85b00000)]
  0x000002caf9bfe8b0 JavaThread "Daemon worker" [_thread_blocked, id=24632, stack(0x000000de85b00000,0x000000de85c00000)]
  0x000002cafec3f4a0 JavaThread "Asynchronous log dispatcher for DefaultDaemonConnection: socket connection from /127.0.0.1:23681 to /127.0.0.1:23686" [_thread_blocked, id=11832, stack(0x000000de85c00000,0x000000de85d00000)]
  0x000002cafec3fec0 JavaThread "Daemon client event forwarder" [_thread_blocked, id=27520, stack(0x000000de85e00000,0x000000de85f00000)]
  0x000002cafec3e060 JavaThread "Cache worker for journal cache (C:\Users\Siddhartha\.gradle\caches\journal-1)" [_thread_blocked, id=25408, stack(0x000000de85f00000,0x000000de86000000)]
  0x000002cafec403d0 JavaThread "File lock request listener" [_thread_in_native, id=20612, stack(0x000000de86300000,0x000000de86400000)]
  0x000002cafec41300 JavaThread "Cache worker for file hash cache (C:\Users\Siddhartha\.gradle\caches\8.6\fileHashes)" [_thread_blocked, id=14680, stack(0x000000de86400000,0x000000de86500000)]
  0x000002cafec408e0 JavaThread "File watcher server" daemon [_thread_in_native, id=28044, stack(0x000000de86600000,0x000000de86700000)]
  0x000002cafec41810 JavaThread "File watcher consumer" daemon [_thread_blocked, id=28076, stack(0x000000de86700000,0x000000de86800000)]
  0x000002cafec40df0 JavaThread "Cache worker for checksums cache (D:\Sciqus\SCIQUS.TICKETS\Mobile-Frontend\android\.gradle\8.6\checksums)" [_thread_blocked, id=28200, stack(0x000000de86900000,0x000000de86a00000)]
  0x000002cafec41d20 JavaThread "Cache worker for file hash cache (D:\Sciqus\SCIQUS.TICKETS\Mobile-Frontend\android\.gradle\8.6\fileHashes)" [_thread_blocked, id=28240, stack(0x000000de86a00000,0x000000de86b00000)]
  0x000002cafec42230 JavaThread "Cache worker for cache directory md-supplier (C:\Users\Siddhartha\.gradle\caches\8.6\md-supplier)" [_thread_blocked, id=28248, stack(0x000000de86b00000,0x000000de86c00000)]
  0x000002cafec3ea80 JavaThread "Cache worker for cache directory md-rule (C:\Users\Siddhartha\.gradle\caches\8.6\md-rule)" [_thread_blocked, id=28252, stack(0x000000de86c00000,0x000000de86d00000)]
  0x000002cafec42740 JavaThread "Cache worker for file content cache (C:\Users\Siddhartha\.gradle\caches\8.6\fileContent)" [_thread_blocked, id=28316, stack(0x000000de86d00000,0x000000de86e00000)]
  0x000002cafec459e0 JavaThread "jar transforms" [_thread_blocked, id=28376, stack(0x000000de86e00000,0x000000de86f00000)]
  0x000002cafec445a0 JavaThread "jar transforms Thread 2" [_thread_blocked, id=28484, stack(0x000000de86f00000,0x000000de87000000)]
  0x000002cafec44fc0 JavaThread "jar transforms Thread 3" [_thread_blocked, id=28080, stack(0x000000de87000000,0x000000de87100000)]
  0x000002cafec43160 JavaThread "jar transforms Thread 4" [_thread_blocked, id=18448, stack(0x000000de87100000,0x000000de87200000)]
  0x000002cafec43670 JavaThread "jar transforms Thread 5" [_thread_blocked, id=17924, stack(0x000000de87200000,0x000000de87300000)]
  0x000002cafec454d0 JavaThread "jar transforms Thread 6" [_thread_blocked, id=27308, stack(0x000000de87300000,0x000000de87400000)]
  0x000002cafec43b80 JavaThread "Exec process" [_thread_blocked, id=26556, stack(0x000000de87400000,0x000000de87500000)]
  0x000002caaa3463d0 JavaThread "Exec process Thread 2" [_thread_blocked, id=28584, stack(0x000000de87500000,0x000000de87600000)]
  0x000002caaa348230 JavaThread "Exec process Thread 3" [_thread_blocked, id=28580, stack(0x000000de87600000,0x000000de87700000)]
  0x000002caaa349160 JavaThread "jar transforms Thread 7" [_thread_blocked, id=11716, stack(0x000000de83b00000,0x000000de83c00000)]
  0x000002caaa3468e0 JavaThread "jar transforms Thread 8" [_thread_blocked, id=21192, stack(0x000000de83c00000,0x000000de83d00000)]
  0x000002caaa346df0 JavaThread "Unconstrained build operations" [_thread_blocked, id=26616, stack(0x000000de83d00000,0x000000de83e00000)]
  0x000002caaa349670 JavaThread "Unconstrained build operations Thread 2" [_thread_blocked, id=23336, stack(0x000000de87900000,0x000000de87a00000)]
  0x000002caaa347300 JavaThread "Cache worker for Build Output Cleanup Cache (D:\Sciqus\SCIQUS.TICKETS\Mobile-Frontend\node_modules\@react-native\gradle-plugin\.gradle\buildOutputCleanup)" [_thread_blocked, id=27532, stack(0x000000de87a00000,0x000000de87b00000)]
  0x000002caaa348740 JavaThread "Unconstrained build operations Thread 3" [_thread_blocked, id=28936, stack(0x000000de87b00000,0x000000de87c00000)]
  0x000002caaa347810 JavaThread "Unconstrained build operations Thread 4" [_thread_blocked, id=28940, stack(0x000000de87c00000,0x000000de87d00000)]
  0x000002caaa348c50 JavaThread "Unconstrained build operations Thread 5" [_thread_blocked, id=28944, stack(0x000000de87d00000,0x000000de87e00000)]
  0x000002caaa347d20 JavaThread "Unconstrained build operations Thread 6" [_thread_blocked, id=28948, stack(0x000000de87e00000,0x000000de87f00000)]
  0x000002caf9bff2d0 JavaThread "Unconstrained build operations Thread 7" [_thread_blocked, id=28952, stack(0x000000de87f00000,0x000000de88000000)]
  0x000002caaadd06a0 JavaThread "Unconstrained build operations Thread 8" [_thread_blocked, id=28956, stack(0x000000de88000000,0x000000de88100000)]
  0x000002caaadd1ae0 JavaThread "Unconstrained build operations Thread 9" [_thread_blocked, id=28960, stack(0x000000de88100000,0x000000de88200000)]
  0x000002caaadd10c0 JavaThread "Memory manager" [_thread_blocked, id=29008, stack(0x000000de88200000,0x000000de88300000)]
  0x000002caaadd0bb0 JavaThread "build event listener" [_thread_blocked, id=29188, stack(0x000000de88300000,0x000000de88400000)]
  0x000002caaadd57a0 JavaThread "Cache worker for Build Output Cleanup Cache (D:\Sciqus\SCIQUS.TICKETS\Mobile-Frontend\android\.gradle\buildOutputCleanup)" [_thread_blocked, id=13376, stack(0x000000de88400000,0x000000de88500000)]
  0x000002caaadd1ff0 JavaThread "ForkJoinPool.commonPool-worker-1" daemon [_thread_blocked, id=23384, stack(0x000000de88500000,0x000000de88600000)]
  0x000002caaadd4d80 JavaThread "ForkJoinPool.commonPool-worker-2" daemon [_thread_blocked, id=19520, stack(0x000000de88600000,0x000000de88700000)]
  0x000002caaadd5290 JavaThread "ForkJoinPool.commonPool-worker-3" daemon [_thread_blocked, id=28900, stack(0x000000de88700000,0x000000de88800000)]
  0x000002caaadd5cb0 JavaThread "ForkJoinPool.commonPool-worker-5" daemon [_thread_blocked, id=20524, stack(0x000000de88900000,0x000000de88a00000)]
  0x000002caaadd2500 JavaThread "ForkJoinPool.commonPool-worker-6" daemon [_thread_blocked, id=5532, stack(0x000000de88a00000,0x000000de88b00000)]
  0x000002caaadd2f20 JavaThread "ForkJoinPool.commonPool-worker-7" daemon [_thread_blocked, id=22352, stack(0x000000de88b00000,0x000000de88c00000)]
  0x000002caaadd61c0 JavaThread "Execution worker" [_thread_blocked, id=29504, stack(0x000000de88d00000,0x000000de88e00000)]
  0x000002caaadd2a10 JavaThread "Execution worker Thread 2" [_thread_blocked, id=24208, stack(0x000000de88e00000,0x000000de88f00000)]
  0x000002caaadd66d0 JavaThread "Execution worker Thread 3" [_thread_blocked, id=11536, stack(0x000000de88f00000,0x000000de89000000)]
  0x000002caaadd6be0 JavaThread "Execution worker Thread 4" [_thread_blocked, id=26636, stack(0x000000de89000000,0x000000de89100000)]
  0x000002caaadd70f0 JavaThread "Execution worker Thread 5" [_thread_blocked, id=28752, stack(0x000000de89100000,0x000000de89200000)]
  0x000002caaadd7600 JavaThread "Execution worker Thread 6" [_thread_blocked, id=5544, stack(0x000000de89200000,0x000000de89300000)]
  0x000002caaadd3e50 JavaThread "Execution worker Thread 7" [_thread_blocked, id=29536, stack(0x000000de89300000,0x000000de89400000)]
  0x000002caaadd7b10 JavaThread "Cache worker for execution history cache (D:\Sciqus\SCIQUS.TICKETS\Mobile-Frontend\node_modules\@react-native\gradle-plugin\.gradle\8.6\executionHistory)" [_thread_blocked, id=29492, stack(0x000000de89400000,0x000000de89500000)]
  0x000002caaadd8020 JavaThread "Unconstrained build operations Thread 10" [_thread_blocked, id=26328, stack(0x000000de89500000,0x000000de89600000)]
  0x000002cafec3e570 JavaThread "Unconstrained build operations Thread 11" [_thread_blocked, id=29660, stack(0x000000de89600000,0x000000de89700000)]
  0x000002caac64a710 JavaThread "Unconstrained build operations Thread 12" [_thread_blocked, id=29476, stack(0x000000de89700000,0x000000de89800000)]
  0x000002caac6483a0 JavaThread "Unconstrained build operations Thread 13" [_thread_blocked, id=29440, stack(0x000000de89800000,0x000000de89900000)]
  0x000002caac64ac20 JavaThread "Unconstrained build operations Thread 14" [_thread_blocked, id=4280, stack(0x000000de89900000,0x000000de89a00000)]
  0x000002caac6488b0 JavaThread "Unconstrained build operations Thread 15" [_thread_blocked, id=29396, stack(0x000000de89a00000,0x000000de89b00000)]
  0x000002caac649cf0 JavaThread "Unconstrained build operations Thread 16" [_thread_blocked, id=21088, stack(0x000000de89b00000,0x000000de89c00000)]
  0x000002caac6497e0 JavaThread "Unconstrained build operations Thread 17" [_thread_blocked, id=29648, stack(0x000000de89c00000,0x000000de89d00000)]
  0x000002caac64a200 JavaThread "Unconstrained build operations Thread 18" [_thread_blocked, id=24760, stack(0x000000de89d00000,0x000000de89e00000)]
  0x000002caac64b130 JavaThread "Unconstrained build operations Thread 19" [_thread_blocked, id=29608, stack(0x000000de89e00000,0x000000de89f00000)]
  0x000002caac64b640 JavaThread "Unconstrained build operations Thread 20" [_thread_blocked, id=29596, stack(0x000000de89f00000,0x000000de8a000000)]
  0x000002caac6492d0 JavaThread "Unconstrained build operations Thread 21" [_thread_blocked, id=29624, stack(0x000000de8a000000,0x000000de8a100000)]
  0x000002caac647e90 JavaThread "Unconstrained build operations Thread 22" [_thread_blocked, id=20332, stack(0x000000de8a100000,0x000000de8a200000)]
  0x000002caac64c570 JavaThread "Unconstrained build operations Thread 23" [_thread_blocked, id=11792, stack(0x000000de8a200000,0x000000de8a300000)]
  0x000002caac64bb50 JavaThread "Unconstrained build operations Thread 24" [_thread_blocked, id=28016, stack(0x000000de8a300000,0x000000de8a400000)]
  0x000002caac64c060 JavaThread "Unconstrained build operations Thread 25" [_thread_blocked, id=28748, stack(0x000000de8a400000,0x000000de8a500000)]
  0x000002caac648dc0 JavaThread "Unconstrained build operations Thread 26" [_thread_blocked, id=11908, stack(0x000000de8a500000,0x000000de8a600000)]
  0x000002caac64cf90 JavaThread "Unconstrained build operations Thread 27" [_thread_blocked, id=22512, stack(0x000000de8a600000,0x000000de8a700000)]
  0x000002caac64d4a0 JavaThread "Unconstrained build operations Thread 28" [_thread_blocked, id=29568, stack(0x000000de8a700000,0x000000de8a800000)]
  0x000002caac64d9b0 JavaThread "Unconstrained build operations Thread 29" [_thread_blocked, id=28344, stack(0x000000de8a800000,0x000000de8a900000)]
  0x000002caac64ca80 JavaThread "Unconstrained build operations Thread 30" [_thread_blocked, id=24712, stack(0x000000de8a900000,0x000000de8aa00000)]
  0x000002caac64f810 JavaThread "Unconstrained build operations Thread 31" [_thread_blocked, id=27892, stack(0x000000de8aa00000,0x000000de8ab00000)]
  0x000002caac64dec0 JavaThread "Unconstrained build operations Thread 32" [_thread_blocked, id=22448, stack(0x000000de8ab00000,0x000000de8ac00000)]
  0x000002caac66fe70 JavaThread "build event listener" [_thread_blocked, id=23512, stack(0x000000de8ac00000,0x000000de8ad00000)]
  0x000002caac670890 JavaThread "File lock release action executor Thread 3" [_thread_blocked, id=28892, stack(0x000000de85d00000,0x000000de85e00000)]
  0x000002caac674040 JavaThread "Unconstrained build operations Thread 33" [_thread_blocked, id=22172, stack(0x000000de86500000,0x000000de86600000)]
  0x000002caac673620 JavaThread "Unconstrained build operations Thread 34" [_thread_blocked, id=26316, stack(0x000000de88800000,0x000000de88900000)]
  0x000002caac674550 JavaThread "Unconstrained build operations Thread 35" [_thread_blocked, id=25320, stack(0x000000de88c00000,0x000000de88d00000)]
  0x000002caac674a60 JavaThread "Unconstrained build operations Thread 36" [_thread_blocked, id=20340, stack(0x000000de8ad00000,0x000000de8ae00000)]
  0x000002caac6726f0 JavaThread "Unconstrained build operations Thread 37" [_thread_blocked, id=26684, stack(0x000000de8ae00000,0x000000de8af00000)]
  0x000002caac6721e0 JavaThread "Unconstrained build operations Thread 38" [_thread_blocked, id=27204, stack(0x000000de8af00000,0x000000de8b000000)]
  0x000002caac673b30 JavaThread "Unconstrained build operations Thread 39" [_thread_blocked, id=29236, stack(0x000000de8b000000,0x000000de8b100000)]
  0x000002caac674f70 JavaThread "Unconstrained build operations Thread 40" [_thread_blocked, id=13908, stack(0x000000de8b100000,0x000000de8b200000)]
  0x000002caac675480 JavaThread "Unconstrained build operations Thread 41" [_thread_blocked, id=29252, stack(0x000000de8b200000,0x000000de8b300000)]
  0x000002caac671cd0 JavaThread "Unconstrained build operations Thread 42" [_thread_blocked, id=27836, stack(0x000000de8b300000,0x000000de8b400000)]
  0x000002caac675990 JavaThread "Unconstrained build operations Thread 43" [_thread_blocked, id=12640, stack(0x000000de8b400000,0x000000de8b500000)]
  0x000002caac6772e0 JavaThread "Unconstrained build operations Thread 44" [_thread_blocked, id=18792, stack(0x000000de8b500000,0x000000de8b600000)]
  0x000002caac6763b0 JavaThread "Unconstrained build operations Thread 45" [_thread_blocked, id=12644, stack(0x000000de8b600000,0x000000de8b700000)]
  0x000002caac676dd0 JavaThread "Unconstrained build operations Thread 46" [_thread_blocked, id=29552, stack(0x000000de8b700000,0x000000de8b800000)]
  0x000002caac6768c0 JavaThread "Unconstrained build operations Thread 47" [_thread_blocked, id=26688, stack(0x000000de8b800000,0x000000de8b900000)]
  0x000002caac6777f0 JavaThread "Unconstrained build operations Thread 48" [_thread_blocked, id=28100, stack(0x000000de8b900000,0x000000de8ba00000)]
  0x000002caaadd3430 JavaThread "Unconstrained build operations Thread 49" [_thread_blocked, id=29616, stack(0x000000de8ba00000,0x000000de8bb00000)]
  0x000002caaadd3940 JavaThread "Unconstrained build operations Thread 50" [_thread_blocked, id=26044, stack(0x000000de8bb00000,0x000000de8bc00000)]
  0x000002caaadd4870 JavaThread "Unconstrained build operations Thread 51" [_thread_blocked, id=24844, stack(0x000000de8bc00000,0x000000de8bd00000)]

Other Threads:
=>0x000002caf9bd2ac0 VMThread "VM Thread" [stack: 0x000000de84400000,0x000000de84500000] [id=26388]
  0x000002cae872eab0 WatcherThread [stack: 0x000000de85100000,0x000000de85200000] [id=2028]
  0x000002cae878dde0 GCTaskThread "GC Thread#0" [stack: 0x000000de83f00000,0x000000de84000000] [id=23188]
  0x000002cafe23f740 GCTaskThread "GC Thread#1" [stack: 0x000000de85200000,0x000000de85300000] [id=27012]
  0x000002cafe23f480 GCTaskThread "GC Thread#2" [stack: 0x000000de85300000,0x000000de85400000] [id=27044]
  0x000002cafe23fcc0 GCTaskThread "GC Thread#3" [stack: 0x000000de85400000,0x000000de85500000] [id=27048]
  0x000002cafe23fa00 GCTaskThread "GC Thread#4" [stack: 0x000000de84f00000,0x000000de85000000] [id=27600]
  0x000002cafe2407c0 GCTaskThread "GC Thread#5" [stack: 0x000000de86000000,0x000000de86100000] [id=24756]
  0x000002cafe23ec40 GCTaskThread "GC Thread#6" [stack: 0x000000de86100000,0x000000de86200000] [id=19152]
  0x000002cafe23f1c0 GCTaskThread "GC Thread#7" [stack: 0x000000de86200000,0x000000de86300000] [id=18884]
  0x000002cae879ec40 ConcurrentGCThread "G1 Main Marker" [stack: 0x000000de84000000,0x000000de84100000] [id=20492]
  0x000002cae87a0f10 ConcurrentGCThread "G1 Conc#0" [stack: 0x000000de84100000,0x000000de84200000] [id=26572]
  0x000002caaa2b1b50 ConcurrentGCThread "G1 Conc#1" [stack: 0x000000de86800000,0x000000de86900000] [id=28196]
  0x000002cae87dd6a0 ConcurrentGCThread "G1 Refine#0" [stack: 0x000000de84200000,0x000000de84300000] [id=21648]
  0x000002cae87dde80 ConcurrentGCThread "G1 Service" [stack: 0x000000de84300000,0x000000de84400000] [id=8680]

Threads with active compile tasks:

VM state: at safepoint (normal execution)

VM Mutex/Monitor currently owned by a thread:  ([mutex/lock_event])
[0x000002cae8728940] Threads_lock - owner thread: 0x000002caf9bd2ac0
[0x000002cae8729510] Heap_lock - owner thread: 0x000002cae879ec40

Heap address: 0x0000000080000000, size: 2048 MB, Compressed Oops mode: 32-bit

CDS archive(s) mapped at: [0x000002ca8f000000-0x000002ca8fbb0000-0x000002ca8fbb0000), size 12255232, SharedBaseAddress: 0x000002ca8f000000, ArchiveRelocationMode: 1.
Compressed class space mapped at: 0x000002ca90000000-0x000002caaa000000, reserved size: 436207616
Narrow klass base: 0x000002ca8f000000, Narrow klass shift: 0, Narrow klass range: 0x100000000

GC Precious Log:
 CPUs: 8 total, 8 available
 Memory: 7930M
 Large Page Support: Disabled
 NUMA Support: Disabled
 Compressed Oops: Enabled (32-bit)
 Heap Region Size: 1M
 Heap Min Capacity: 8M
 Heap Initial Capacity: 124M
 Heap Max Capacity: 2G
 Pre-touch: Disabled
 Parallel Workers: 8
 Concurrent Workers: 2
 Concurrent Refinement Workers: 8
 Periodic GC: Disabled

Heap:
 garbage-first heap   total 187392K, used 149521K [0x0000000080000000, 0x0000000100000000)
  region size 1024K, 13 young (13312K), 1 survivors (1024K)
 Metaspace       used 94717K, committed 95680K, reserved 557056K
  class space    used 13307K, committed 13760K, reserved 425984K

Heap Regions: E=young(eden), S=young(survivor), O=old, HS=humongous(starts), HC=humongous(continues), CS=collection set, F=free, OA=open archive, CA=closed archive, TAMS=top-at-mark-start (previous, next)
|   0|0x0000000080000000, 0x0000000080100000, 0x0000000080100000|100%|HS|  |TAMS 0x0000000080100000, 0x0000000080000000| Complete 
|   1|0x0000000080100000, 0x0000000080200000, 0x0000000080200000|100%|HC|  |TAMS 0x0000000080200000, 0x0000000080100000| Complete 
|   2|0x0000000080200000, 0x0000000080300000, 0x0000000080300000|100%|HC|  |TAMS 0x0000000080300000, 0x0000000080200000| Complete 
|   3|0x0000000080300000, 0x0000000080400000, 0x0000000080400000|100%|HC|  |TAMS 0x0000000080400000, 0x0000000080300000| Complete 
|   4|0x0000000080400000, 0x0000000080500000, 0x0000000080500000|100%| O|  |TAMS 0x0000000080500000, 0x0000000080400000| Updating 
|   5|0x0000000080500000, 0x0000000080600000, 0x0000000080600000|100%| O|  |TAMS 0x0000000080600000, 0x0000000080500000| Untracked 
|   6|0x0000000080600000, 0x0000000080700000, 0x0000000080700000|100%| O|  |TAMS 0x0000000080700000, 0x0000000080600000| Untracked 
|   7|0x0000000080700000, 0x0000000080800000, 0x0000000080800000|100%| O|  |TAMS 0x0000000080800000, 0x0000000080700000| Updating 
|   8|0x0000000080800000, 0x0000000080900000, 0x0000000080900000|100%| O|  |TAMS 0x0000000080900000, 0x0000000080800000| Untracked 
|   9|0x0000000080900000, 0x0000000080a00000, 0x0000000080a00000|100%| O|  |TAMS 0x0000000080a00000, 0x0000000080900000| Untracked 
|  10|0x0000000080a00000, 0x0000000080b00000, 0x0000000080b00000|100%| O|  |TAMS 0x0000000080b00000, 0x0000000080a00000| Untracked 
|  11|0x0000000080b00000, 0x0000000080c00000, 0x0000000080c00000|100%| O|  |TAMS 0x0000000080c00000, 0x0000000080b00000| Untracked 
|  12|0x0000000080c00000, 0x0000000080d00000, 0x0000000080d00000|100%| O|  |TAMS 0x0000000080d00000, 0x0000000080c00000| Untracked 
|  13|0x0000000080d00000, 0x0000000080e00000, 0x0000000080e00000|100%| O|  |TAMS 0x0000000080e00000, 0x0000000080d00000| Updating 
|  14|0x0000000080e00000, 0x0000000080f00000, 0x0000000080f00000|100%| O|  |TAMS 0x0000000080f00000, 0x0000000080e00000| Untracked 
|  15|0x0000000080f00000, 0x0000000081000000, 0x0000000081000000|100%| O|  |TAMS 0x0000000081000000, 0x0000000080f00000| Untracked 
|  16|0x0000000081000000, 0x0000000081100000, 0x0000000081100000|100%| O|  |TAMS 0x0000000081100000, 0x0000000081000000| Untracked 
|  17|0x0000000081100000, 0x0000000081200000, 0x0000000081200000|100%| O|  |TAMS 0x0000000081200000, 0x0000000081100000| Untracked 
|  18|0x0000000081200000, 0x0000000081300000, 0x0000000081300000|100%| O|  |TAMS 0x0000000081300000, 0x0000000081200000| Untracked 
|  19|0x0000000081300000, 0x0000000081400000, 0x0000000081400000|100%| O|  |TAMS 0x0000000081400000, 0x0000000081300000| Untracked 
|  20|0x0000000081400000, 0x0000000081500000, 0x0000000081500000|100%| O|  |TAMS 0x0000000081500000, 0x0000000081400000| Untracked 
|  21|0x0000000081500000, 0x0000000081600000, 0x0000000081600000|100%| O|  |TAMS 0x0000000081600000, 0x0000000081500000| Untracked 
|  22|0x0000000081600000, 0x0000000081700000, 0x0000000081700000|100%| O|  |TAMS 0x0000000081700000, 0x0000000081600000| Untracked 
|  23|0x0000000081700000, 0x0000000081800000, 0x0000000081800000|100%| O|  |TAMS 0x0000000081800000, 0x0000000081700000| Untracked 
|  24|0x0000000081800000, 0x0000000081900000, 0x0000000081900000|100%| O|  |TAMS 0x0000000081900000, 0x0000000081800000| Untracked 
|  25|0x0000000081900000, 0x0000000081a00000, 0x0000000081a00000|100%| O|  |TAMS 0x0000000081a00000, 0x0000000081900000| Untracked 
|  26|0x0000000081a00000, 0x0000000081b00000, 0x0000000081b00000|100%| O|  |TAMS 0x0000000081b00000, 0x0000000081a00000| Untracked 
|  27|0x0000000081b00000, 0x0000000081c00000, 0x0000000081c00000|100%| O|  |TAMS 0x0000000081c00000, 0x0000000081b00000| Updating 
|  28|0x0000000081c00000, 0x0000000081d00000, 0x0000000081d00000|100%| O|  |TAMS 0x0000000081d00000, 0x0000000081c00000| Updating 
|  29|0x0000000081d00000, 0x0000000081e00000, 0x0000000081e00000|100%| O|  |TAMS 0x0000000081e00000, 0x0000000081d00000| Untracked 
|  30|0x0000000081e00000, 0x0000000081f00000, 0x0000000081f00000|100%| O|  |TAMS 0x0000000081f00000, 0x0000000081e00000| Updating 
|  31|0x0000000081f00000, 0x0000000082000000, 0x0000000082000000|100%| O|  |TAMS 0x0000000082000000, 0x0000000081f00000| Untracked 
|  32|0x0000000082000000, 0x0000000082100000, 0x0000000082100000|100%| O|  |TAMS 0x0000000082100000, 0x0000000082000000| Untracked 
|  33|0x0000000082100000, 0x0000000082200000, 0x0000000082200000|100%| O|  |TAMS 0x0000000082200000, 0x0000000082100000| Untracked 
|  34|0x0000000082200000, 0x0000000082300000, 0x0000000082300000|100%| O|  |TAMS 0x0000000082300000, 0x0000000082200000| Updating 
|  35|0x0000000082300000, 0x0000000082400000, 0x0000000082400000|100%| O|  |TAMS 0x0000000082400000, 0x0000000082300000| Updating 
|  36|0x0000000082400000, 0x0000000082500000, 0x0000000082500000|100%| O|  |TAMS 0x0000000082500000, 0x0000000082400000| Untracked 
|  37|0x0000000082500000, 0x0000000082600000, 0x0000000082600000|100%| O|  |TAMS 0x0000000082600000, 0x0000000082500000| Untracked 
|  38|0x0000000082600000, 0x0000000082700000, 0x0000000082700000|100%| O|  |TAMS 0x0000000082700000, 0x0000000082600000| Updating 
|  39|0x0000000082700000, 0x0000000082800000, 0x0000000082800000|100%| O|  |TAMS 0x0000000082800000, 0x0000000082700000| Untracked 
|  40|0x0000000082800000, 0x0000000082900000, 0x0000000082900000|100%| O|  |TAMS 0x0000000082900000, 0x0000000082800000| Untracked 
|  41|0x0000000082900000, 0x0000000082a00000, 0x0000000082a00000|100%|HS|  |TAMS 0x0000000082a00000, 0x0000000082900000| Complete 
|  42|0x0000000082a00000, 0x0000000082b00000, 0x0000000082b00000|100%|HC|  |TAMS 0x0000000082b00000, 0x0000000082a00000| Complete 
|  43|0x0000000082b00000, 0x0000000082c00000, 0x0000000082c00000|100%|HS|  |TAMS 0x0000000082c00000, 0x0000000082b00000| Complete 
|  44|0x0000000082c00000, 0x0000000082d00000, 0x0000000082d00000|100%|HC|  |TAMS 0x0000000082d00000, 0x0000000082c00000| Complete 
|  45|0x0000000082d00000, 0x0000000082e00000, 0x0000000082e00000|100%|HS|  |TAMS 0x0000000082e00000, 0x0000000082d00000| Complete 
|  46|0x0000000082e00000, 0x0000000082f00000, 0x0000000082f00000|100%|HC|  |TAMS 0x0000000082f00000, 0x0000000082e00000| Complete 
|  47|0x0000000082f00000, 0x0000000083000000, 0x0000000083000000|100%|HC|  |TAMS 0x0000000083000000, 0x0000000082f00000| Complete 
|  48|0x0000000083000000, 0x0000000083100000, 0x0000000083100000|100%|HC|  |TAMS 0x0000000083100000, 0x0000000083000000| Complete 
|  49|0x0000000083100000, 0x0000000083200000, 0x0000000083200000|100%| O|  |TAMS 0x0000000083200000, 0x0000000083100000| Untracked 
|  50|0x0000000083200000, 0x0000000083300000, 0x0000000083300000|100%| O|  |TAMS 0x0000000083300000, 0x0000000083200000| Untracked 
|  51|0x0000000083300000, 0x0000000083400000, 0x0000000083400000|100%| O|  |TAMS 0x0000000083400000, 0x0000000083300000| Untracked 
|  52|0x0000000083400000, 0x0000000083500000, 0x0000000083500000|100%| O|  |TAMS 0x0000000083500000, 0x0000000083400000| Untracked 
|  53|0x0000000083500000, 0x0000000083600000, 0x0000000083600000|100%|HS|  |TAMS 0x0000000083600000, 0x0000000083500000| Complete 
|  54|0x0000000083600000, 0x0000000083700000, 0x0000000083700000|100%|HC|  |TAMS 0x0000000083700000, 0x0000000083600000| Complete 
|  55|0x0000000083700000, 0x0000000083800000, 0x0000000083800000|100%|HC|  |TAMS 0x0000000083800000, 0x0000000083700000| Complete 
|  56|0x0000000083800000, 0x0000000083900000, 0x0000000083900000|100%|HC|  |TAMS 0x0000000083900000, 0x0000000083800000| Complete 
|  57|0x0000000083900000, 0x0000000083a00000, 0x0000000083a00000|100%| O|  |TAMS 0x0000000083a00000, 0x0000000083900000| Untracked 
|  58|0x0000000083a00000, 0x0000000083b00000, 0x0000000083b00000|100%| O|  |TAMS 0x0000000083b00000, 0x0000000083a00000| Untracked 
|  59|0x0000000083b00000, 0x0000000083c00000, 0x0000000083c00000|100%| O|  |TAMS 0x0000000083c00000, 0x0000000083b00000| Updating 
|  60|0x0000000083c00000, 0x0000000083d00000, 0x0000000083d00000|100%| O|  |TAMS 0x0000000083d00000, 0x0000000083c00000| Updating 
|  61|0x0000000083d00000, 0x0000000083e00000, 0x0000000083e00000|100%| O|  |TAMS 0x0000000083e00000, 0x0000000083d00000| Untracked 
|  62|0x0000000083e00000, 0x0000000083f00000, 0x0000000083f00000|100%| O|  |TAMS 0x0000000083f00000, 0x0000000083e00000| Updating 
|  63|0x0000000083f00000, 0x0000000084000000, 0x0000000084000000|100%| O|  |TAMS 0x0000000084000000, 0x0000000083f00000| Updating 
|  64|0x0000000084000000, 0x0000000084100000, 0x0000000084100000|100%| O|  |TAMS 0x0000000084100000, 0x0000000084000000| Untracked 
|  65|0x0000000084100000, 0x0000000084200000, 0x0000000084200000|100%| O|  |TAMS 0x0000000084200000, 0x0000000084100000| Updating 
|  66|0x0000000084200000, 0x0000000084300000, 0x0000000084300000|100%| O|  |TAMS 0x0000000084300000, 0x0000000084200000| Updating 
|  67|0x0000000084300000, 0x0000000084400000, 0x0000000084400000|100%| O|  |TAMS 0x0000000084400000, 0x0000000084300000| Updating 
|  68|0x0000000084400000, 0x0000000084500000, 0x0000000084500000|100%| O|  |TAMS 0x0000000084500000, 0x0000000084400000| Untracked 
|  69|0x0000000084500000, 0x0000000084600000, 0x0000000084600000|100%| O|  |TAMS 0x0000000084600000, 0x0000000084500000| Updating 
|  70|0x0000000084600000, 0x0000000084700000, 0x0000000084700000|100%| O|  |TAMS 0x0000000084700000, 0x0000000084600000| Updating 
|  71|0x0000000084700000, 0x0000000084800000, 0x0000000084800000|100%| O|  |TAMS 0x0000000084800000, 0x0000000084700000| Updating 
|  72|0x0000000084800000, 0x0000000084900000, 0x0000000084900000|100%| O|  |TAMS 0x0000000084900000, 0x0000000084800000| Untracked 
|  73|0x0000000084900000, 0x0000000084a00000, 0x0000000084a00000|100%| O|  |TAMS 0x0000000084a00000, 0x0000000084900000| Updating 
|  74|0x0000000084a00000, 0x0000000084b00000, 0x0000000084b00000|100%| O|  |TAMS 0x0000000084b00000, 0x0000000084a00000| Untracked 
|  75|0x0000000084b00000, 0x0000000084c00000, 0x0000000084c00000|100%|HS|  |TAMS 0x0000000084c00000, 0x0000000084b00000| Complete 
|  76|0x0000000084c00000, 0x0000000084d00000, 0x0000000084d00000|100%|HS|  |TAMS 0x0000000084d00000, 0x0000000084c00000| Complete 
|  77|0x0000000084d00000, 0x0000000084e00000, 0x0000000084e00000|100%| O|  |TAMS 0x0000000084e00000, 0x0000000084d00000| Updating 
|  78|0x0000000084e00000, 0x0000000084f00000, 0x0000000084f00000|100%|HS|  |TAMS 0x0000000084f00000, 0x0000000084e00000| Complete 
|  79|0x0000000084f00000, 0x0000000085000000, 0x0000000085000000|100%| O|  |TAMS 0x0000000085000000, 0x0000000084f00000| Untracked 
|  80|0x0000000085000000, 0x0000000085100000, 0x0000000085100000|100%| O|  |TAMS 0x0000000085100000, 0x0000000085000000| Untracked 
|  81|0x0000000085100000, 0x0000000085200000, 0x0000000085200000|100%| O|  |TAMS 0x0000000085200000, 0x0000000085100000| Untracked 
|  82|0x0000000085200000, 0x0000000085300000, 0x0000000085300000|100%| O|  |TAMS 0x0000000085300000, 0x0000000085200000| Untracked 
|  83|0x0000000085300000, 0x0000000085400000, 0x0000000085400000|100%| O|  |TAMS 0x0000000085400000, 0x0000000085300000| Updating 
|  84|0x0000000085400000, 0x0000000085500000, 0x0000000085500000|100%|HS|  |TAMS 0x0000000085500000, 0x0000000085400000| Complete 
|  85|0x0000000085500000, 0x0000000085600000, 0x0000000085600000|100%| O|  |TAMS 0x0000000085600000, 0x0000000085500000| Updating 
|  86|0x0000000085600000, 0x0000000085700000, 0x0000000085700000|100%|HS|  |TAMS 0x0000000085700000, 0x0000000085600000| Complete 
|  87|0x0000000085700000, 0x0000000085800000, 0x0000000085800000|100%| O|  |TAMS 0x0000000085800000, 0x0000000085700000| Untracked 
|  88|0x0000000085800000, 0x0000000085900000, 0x0000000085900000|100%| O|  |TAMS 0x0000000085900000, 0x0000000085800000| Untracked 
|  89|0x0000000085900000, 0x0000000085a00000, 0x0000000085a00000|100%| O|  |TAMS 0x0000000085a00000, 0x0000000085900000| Untracked 
|  90|0x0000000085a00000, 0x0000000085b00000, 0x0000000085b00000|100%| O|  |TAMS 0x0000000085b00000, 0x0000000085a00000| Untracked 
|  91|0x0000000085b00000, 0x0000000085c00000, 0x0000000085c00000|100%| O|  |TAMS 0x0000000085c00000, 0x0000000085b00000| Untracked 
|  92|0x0000000085c00000, 0x0000000085d00000, 0x0000000085d00000|100%| O|  |TAMS 0x0000000085d00000, 0x0000000085c00000| Untracked 
|  93|0x0000000085d00000, 0x0000000085e00000, 0x0000000085e00000|100%| O|  |TAMS 0x0000000085e00000, 0x0000000085d00000| Untracked 
|  94|0x0000000085e00000, 0x0000000085f00000, 0x0000000085f00000|100%| O|  |TAMS 0x0000000085f00000, 0x0000000085e00000| Untracked 
|  95|0x0000000085f00000, 0x0000000086000000, 0x0000000086000000|100%| O|  |TAMS 0x0000000086000000, 0x0000000085f00000| Untracked 
|  96|0x0000000086000000, 0x0000000086100000, 0x0000000086100000|100%| O|  |TAMS 0x0000000086100000, 0x0000000086000000| Updating 
|  97|0x0000000086100000, 0x0000000086200000, 0x0000000086200000|100%| O|  |TAMS 0x0000000086200000, 0x0000000086100000| Untracked 
|  98|0x0000000086200000, 0x0000000086300000, 0x0000000086300000|100%| O|  |TAMS 0x0000000086300000, 0x0000000086200000| Untracked 
|  99|0x0000000086300000, 0x0000000086400000, 0x0000000086400000|100%| O|  |TAMS 0x0000000086400000, 0x0000000086300000| Untracked 
| 100|0x0000000086400000, 0x0000000086500000, 0x0000000086500000|100%| O|  |TAMS 0x0000000086500000, 0x0000000086400000| Updating 
| 101|0x0000000086500000, 0x0000000086600000, 0x0000000086600000|100%| O|  |TAMS 0x0000000086600000, 0x0000000086500000| Untracked 
| 102|0x0000000086600000, 0x0000000086700000, 0x0000000086700000|100%| O|  |TAMS 0x0000000086700000, 0x0000000086600000| Updating 
| 103|0x0000000086700000, 0x0000000086800000, 0x0000000086800000|100%| O|  |TAMS 0x0000000086800000, 0x0000000086700000| Untracked 
| 104|0x0000000086800000, 0x0000000086900000, 0x0000000086900000|100%| O|  |TAMS 0x0000000086900000, 0x0000000086800000| Untracked 
| 105|0x0000000086900000, 0x0000000086a00000, 0x0000000086a00000|100%| O|  |TAMS 0x0000000086a00000, 0x0000000086900000| Updating 
| 106|0x0000000086a00000, 0x0000000086b00000, 0x0000000086b00000|100%| O|  |TAMS 0x0000000086b00000, 0x0000000086a00000| Untracked 
| 107|0x0000000086b00000, 0x0000000086c00000, 0x0000000086c00000|100%| O|  |TAMS 0x0000000086c00000, 0x0000000086b00000| Untracked 
| 108|0x0000000086c00000, 0x0000000086d00000, 0x0000000086d00000|100%| O|  |TAMS 0x0000000086d00000, 0x0000000086c00000| Updating 
| 109|0x0000000086d00000, 0x0000000086e00000, 0x0000000086e00000|100%| O|  |TAMS 0x0000000086e00000, 0x0000000086d00000| Updating 
| 110|0x0000000086e00000, 0x0000000086f00000, 0x0000000086f00000|100%| O|  |TAMS 0x0000000086f00000, 0x0000000086e00000| Updating 
| 111|0x0000000086f00000, 0x0000000087000000, 0x0000000087000000|100%|HS|  |TAMS 0x0000000087000000, 0x0000000086f00000| Complete 
| 112|0x0000000087000000, 0x0000000087100000, 0x0000000087100000|100%|HS|  |TAMS 0x0000000087100000, 0x0000000087000000| Complete 
| 113|0x0000000087100000, 0x0000000087200000, 0x0000000087200000|100%|HC|  |TAMS 0x0000000087200000, 0x0000000087100000| Complete 
| 114|0x0000000087200000, 0x0000000087300000, 0x0000000087300000|100%| O|  |TAMS 0x0000000087300000, 0x0000000087200000| Updating 
| 115|0x0000000087300000, 0x0000000087400000, 0x0000000087400000|100%| O|  |TAMS 0x0000000087400000, 0x0000000087300000| Updating 
| 116|0x0000000087400000, 0x0000000087500000, 0x0000000087500000|100%| O|  |TAMS 0x0000000087500000, 0x0000000087400000| Updating 
| 117|0x0000000087500000, 0x0000000087600000, 0x0000000087600000|100%| O|  |TAMS 0x0000000087600000, 0x0000000087500000| Untracked 
| 118|0x0000000087600000, 0x0000000087700000, 0x0000000087700000|100%| O|  |TAMS 0x0000000087700000, 0x0000000087600000| Updating 
| 119|0x0000000087700000, 0x0000000087800000, 0x0000000087800000|100%| O|  |TAMS 0x0000000087800000, 0x0000000087700000| Updating 
| 120|0x0000000087800000, 0x0000000087900000, 0x0000000087900000|100%| O|  |TAMS 0x0000000087900000, 0x0000000087800000| Updating 
| 121|0x0000000087900000, 0x0000000087a00000, 0x0000000087a00000|100%| O|  |TAMS 0x0000000087a00000, 0x0000000087900000| Untracked 
| 122|0x0000000087a00000, 0x0000000087b00000, 0x0000000087b00000|100%| O|  |TAMS 0x0000000087b00000, 0x0000000087a00000| Updating 
| 123|0x0000000087b00000, 0x0000000087c00000, 0x0000000087c00000|100%| O|  |TAMS 0x0000000087c00000, 0x0000000087b00000| Untracked 
| 124|0x0000000087c00000, 0x0000000087d00000, 0x0000000087d00000|100%| O|  |TAMS 0x0000000087d00000, 0x0000000087c00000| Updating 
| 125|0x0000000087d00000, 0x0000000087e00000, 0x0000000087e00000|100%| O|  |TAMS 0x0000000087e00000, 0x0000000087d00000| Updating 
| 126|0x0000000087e00000, 0x0000000087f00000, 0x0000000087f00000|100%| O|  |TAMS 0x0000000087f00000, 0x0000000087e00000| Updating 
| 127|0x0000000087f00000, 0x0000000088000000, 0x0000000088000000|100%| O|  |TAMS 0x0000000088000000, 0x0000000087f00000| Updating 
| 128|0x0000000088000000, 0x0000000088100000, 0x0000000088100000|100%| O|  |TAMS 0x0000000088100000, 0x0000000088000000| Updating 
| 129|0x0000000088100000, 0x0000000088200000, 0x0000000088200000|100%| O|  |TAMS 0x0000000088200000, 0x0000000088100000| Updating 
| 130|0x0000000088200000, 0x0000000088300000, 0x0000000088300000|100%| O|  |TAMS 0x0000000088300000, 0x0000000088200000| Updating 
| 131|0x0000000088300000, 0x0000000088400000, 0x0000000088400000|100%| O|  |TAMS 0x0000000088339e00, 0x0000000088300000| Updating 
| 132|0x0000000088400000, 0x000000008840f600, 0x0000000088500000|  6%| O|  |TAMS 0x0000000088400000, 0x0000000088400000| Updating 
| 133|0x0000000088500000, 0x0000000088600000, 0x0000000088600000|100%|HS|  |TAMS 0x0000000088500000, 0x0000000088500000| Complete 
| 134|0x0000000088600000, 0x0000000088700000, 0x0000000088700000|100%|HS|  |TAMS 0x0000000088600000, 0x0000000088600000| Complete 
| 135|0x0000000088700000, 0x0000000088800000, 0x0000000088800000|100%|HS|  |TAMS 0x0000000088700000, 0x0000000088700000| Complete 
| 136|0x0000000088800000, 0x0000000088800000, 0x0000000088900000|  0%| F|  |TAMS 0x0000000088800000, 0x0000000088800000| Untracked 
| 137|0x0000000088900000, 0x0000000088900000, 0x0000000088a00000|  0%| F|  |TAMS 0x0000000088900000, 0x0000000088900000| Untracked 
| 138|0x0000000088a00000, 0x0000000088a00000, 0x0000000088b00000|  0%| F|  |TAMS 0x0000000088a00000, 0x0000000088a00000| Untracked 
| 139|0x0000000088b00000, 0x0000000088b00000, 0x0000000088c00000|  0%| F|  |TAMS 0x0000000088b00000, 0x0000000088b00000| Untracked 
| 140|0x0000000088c00000, 0x0000000088c00000, 0x0000000088d00000|  0%| F|  |TAMS 0x0000000088c00000, 0x0000000088c00000| Untracked 
| 141|0x0000000088d00000, 0x0000000088d00000, 0x0000000088e00000|  0%| F|  |TAMS 0x0000000088d00000, 0x0000000088d00000| Untracked 
| 142|0x0000000088e00000, 0x0000000088e00000, 0x0000000088f00000|  0%| F|  |TAMS 0x0000000088e00000, 0x0000000088e00000| Untracked 
| 143|0x0000000088f00000, 0x0000000088f00000, 0x0000000089000000|  0%| F|  |TAMS 0x0000000088f00000, 0x0000000088f00000| Untracked 
| 144|0x0000000089000000, 0x00000000890f5040, 0x0000000089100000| 95%| S|CS|TAMS 0x0000000089000000, 0x0000000089000000| Complete 
| 145|0x0000000089100000, 0x0000000089100000, 0x0000000089200000|  0%| F|  |TAMS 0x0000000089100000, 0x0000000089100000| Untracked 
| 146|0x0000000089200000, 0x0000000089200000, 0x0000000089300000|  0%| F|  |TAMS 0x0000000089200000, 0x0000000089200000| Untracked 
| 147|0x0000000089300000, 0x0000000089300000, 0x0000000089400000|  0%| F|  |TAMS 0x0000000089300000, 0x0000000089300000| Untracked 
| 148|0x0000000089400000, 0x0000000089400000, 0x0000000089500000|  0%| F|  |TAMS 0x0000000089400000, 0x0000000089400000| Untracked 
| 149|0x0000000089500000, 0x0000000089500000, 0x0000000089600000|  0%| F|  |TAMS 0x0000000089500000, 0x0000000089500000| Untracked 
| 150|0x0000000089600000, 0x0000000089600000, 0x0000000089700000|  0%| F|  |TAMS 0x0000000089600000, 0x0000000089600000| Untracked 
| 151|0x0000000089700000, 0x0000000089700000, 0x0000000089800000|  0%| F|  |TAMS 0x0000000089700000, 0x0000000089700000| Untracked 
| 152|0x0000000089800000, 0x0000000089800000, 0x0000000089900000|  0%| F|  |TAMS 0x0000000089800000, 0x0000000089800000| Untracked 
| 153|0x0000000089900000, 0x0000000089900000, 0x0000000089a00000|  0%| F|  |TAMS 0x0000000089900000, 0x0000000089900000| Untracked 
| 154|0x0000000089a00000, 0x0000000089a00000, 0x0000000089b00000|  0%| F|  |TAMS 0x0000000089a00000, 0x0000000089a00000| Untracked 
| 155|0x0000000089b00000, 0x0000000089b00000, 0x0000000089c00000|  0%| F|  |TAMS 0x0000000089b00000, 0x0000000089b00000| Untracked 
| 156|0x0000000089c00000, 0x0000000089c00000, 0x0000000089d00000|  0%| F|  |TAMS 0x0000000089c00000, 0x0000000089c00000| Untracked 
| 157|0x0000000089d00000, 0x0000000089d00000, 0x0000000089e00000|  0%| F|  |TAMS 0x0000000089d00000, 0x0000000089d00000| Untracked 
| 158|0x0000000089e00000, 0x0000000089e00000, 0x0000000089f00000|  0%| F|  |TAMS 0x0000000089e00000, 0x0000000089e00000| Untracked 
| 159|0x0000000089f00000, 0x0000000089f00000, 0x000000008a000000|  0%| F|  |TAMS 0x0000000089f00000, 0x0000000089f00000| Untracked 
| 160|0x000000008a000000, 0x000000008a000000, 0x000000008a100000|  0%| F|  |TAMS 0x000000008a000000, 0x000000008a000000| Untracked 
| 161|0x000000008a100000, 0x000000008a100000, 0x000000008a200000|  0%| F|  |TAMS 0x000000008a100000, 0x000000008a100000| Untracked 
| 162|0x000000008a200000, 0x000000008a200000, 0x000000008a300000|  0%| F|  |TAMS 0x000000008a200000, 0x000000008a200000| Untracked 
| 163|0x000000008a300000, 0x000000008a300000, 0x000000008a400000|  0%| F|  |TAMS 0x000000008a300000, 0x000000008a300000| Untracked 
| 164|0x000000008a400000, 0x000000008a400000, 0x000000008a500000|  0%| F|  |TAMS 0x000000008a400000, 0x000000008a400000| Untracked 
| 165|0x000000008a500000, 0x000000008a500000, 0x000000008a600000|  0%| F|  |TAMS 0x000000008a500000, 0x000000008a500000| Untracked 
| 166|0x000000008a600000, 0x000000008a600000, 0x000000008a700000|  0%| F|  |TAMS 0x000000008a600000, 0x000000008a600000| Untracked 
| 167|0x000000008a700000, 0x000000008a700000, 0x000000008a800000|  0%| F|  |TAMS 0x000000008a700000, 0x000000008a700000| Untracked 
| 168|0x000000008a800000, 0x000000008a800000, 0x000000008a900000|  0%| F|  |TAMS 0x000000008a800000, 0x000000008a800000| Untracked 
| 169|0x000000008a900000, 0x000000008a900000, 0x000000008aa00000|  0%| F|  |TAMS 0x000000008a900000, 0x000000008a900000| Untracked 
| 170|0x000000008aa00000, 0x000000008aa00000, 0x000000008ab00000|  0%| F|  |TAMS 0x000000008aa00000, 0x000000008aa00000| Untracked 
| 171|0x000000008ab00000, 0x000000008abdbd60, 0x000000008ac00000| 85%| E|  |TAMS 0x000000008ab00000, 0x000000008ab00000| Complete 
| 172|0x000000008ac00000, 0x000000008ad00000, 0x000000008ad00000|100%| E|  |TAMS 0x000000008ac00000, 0x000000008ac00000| Complete 
| 173|0x000000008ad00000, 0x000000008ae00000, 0x000000008ae00000|100%| E|CS|TAMS 0x000000008ad00000, 0x000000008ad00000| Complete 
| 174|0x000000008ae00000, 0x000000008af00000, 0x000000008af00000|100%| E|CS|TAMS 0x000000008ae00000, 0x000000008ae00000| Complete 
| 175|0x000000008af00000, 0x000000008b000000, 0x000000008b000000|100%| E|CS|TAMS 0x000000008af00000, 0x000000008af00000| Complete 
| 176|0x000000008b000000, 0x000000008b100000, 0x000000008b100000|100%| E|CS|TAMS 0x000000008b000000, 0x000000008b000000| Complete 
| 177|0x000000008b100000, 0x000000008b200000, 0x000000008b200000|100%| E|CS|TAMS 0x000000008b100000, 0x000000008b100000| Complete 
| 178|0x000000008b200000, 0x000000008b300000, 0x000000008b300000|100%| E|CS|TAMS 0x000000008b200000, 0x000000008b200000| Complete 
| 179|0x000000008b300000, 0x000000008b400000, 0x000000008b400000|100%| E|CS|TAMS 0x000000008b300000, 0x000000008b300000| Complete 
| 180|0x000000008b400000, 0x000000008b500000, 0x000000008b500000|100%| E|CS|TAMS 0x000000008b400000, 0x000000008b400000| Complete 
| 181|0x000000008b500000, 0x000000008b600000, 0x000000008b600000|100%| E|CS|TAMS 0x000000008b500000, 0x000000008b500000| Complete 
| 182|0x000000008b600000, 0x000000008b700000, 0x000000008b700000|100%| E|CS|TAMS 0x000000008b600000, 0x000000008b600000| Complete 

Card table byte_map: [0x000002caf2930000,0x000002caf2d30000] _byte_map_base: 0x000002caf2530000

Marking Bits (Prev, Next): (CMBitMap*) 0x000002cae878e310, (CMBitMap*) 0x000002cae878e350
 Prev Bits: [0x000002caf3130000, 0x000002caf5130000)
 Next Bits: [0x000002caf5130000, 0x000002caf7130000)

Polling page: 0x000002cae86a0000

Metaspace:

Usage:
  Non-class:     79.50 MB used.
      Class:     13.00 MB used.
       Both:     92.50 MB used.

Virtual space:
  Non-class space:      128.00 MB reserved,      80.00 MB ( 62%) committed,  2 nodes.
      Class space:      416.00 MB reserved,      13.44 MB (  3%) committed,  1 nodes.
             Both:      544.00 MB reserved,      93.44 MB ( 17%) committed. 

Chunk freelists:
   Non-Class:  15.61 MB
       Class:  2.54 MB
        Both:  18.15 MB

MaxMetaspaceSize: 512.00 MB
CompressedClassSpaceSize: 416.00 MB
Initial GC threshold: 21.00 MB
Current GC threshold: 118.25 MB
CDS: on
MetaspaceReclaimPolicy: balanced
 - commit_granule_bytes: 65536.
 - commit_granule_words: 8192.
 - virtual_space_node_default_size: 8388608.
 - enlarge_chunks_in_place: 1.
 - new_chunks_are_fully_committed: 0.
 - uncommit_free_chunks: 1.
 - use_allocation_guard: 0.
 - handle_deallocations: 1.


Internal statistics:

num_allocs_failed_limit: 6.
num_arena_births: 1178.
num_arena_deaths: 0.
num_vsnodes_births: 3.
num_vsnodes_deaths: 0.
num_space_committed: 1495.
num_space_uncommitted: 0.
num_chunks_returned_to_freelist: 6.
num_chunks_taken_from_freelist: 5266.
num_chunk_merges: 6.
num_chunk_splits: 3432.
num_chunks_enlarged: 2212.
num_inconsistent_stats: 0.

CodeHeap 'non-profiled nmethods': size=120000Kb used=7065Kb max_used=7065Kb free=112934Kb
 bounds [0x000002ca87ad0000, 0x000002ca881c0000, 0x000002ca8f000000]
CodeHeap 'profiled nmethods': size=120000Kb used=22980Kb max_used=22980Kb free=97019Kb
 bounds [0x000002ca80000000, 0x000002ca81680000, 0x000002ca87530000]
CodeHeap 'non-nmethods': size=5760Kb used=2403Kb max_used=2453Kb free=3356Kb
 bounds [0x000002ca87530000, 0x000002ca877b0000, 0x000002ca87ad0000]
 total_blobs=12427 nmethods=11503 adapters=836
 compilation: enabled
              stopped_count=0, restarted_count=0
 full_count=0

Compilation events (20 events):
Event: 198.376 Thread 0x000002caf9c04be0 13039       3       org.gradle.api.internal.provider.DefaultProviderFactory::lambda$gradleProperty$4 (21 bytes)
Event: 198.376 Thread 0x000002caf9c04be0 nmethod 13039 0x000002ca8166f910 code [0x000002ca8166fae0, 0x000002ca8166ff58]
Event: 198.479 Thread 0x000002caf9c00200 13040       4       org.gradle.api.internal.provider.EvaluationContext$PerThreadContext::push (34 bytes)
Event: 198.480 Thread 0x000002caf9c04be0 13042       3       org.gradle.api.internal.collections.SortedSetElementSource::constantTimeIsEmpty (28 bytes)
Event: 198.480 Thread 0x000002caf9c04be0 nmethod 13042 0x000002ca81670110 code [0x000002ca816702e0, 0x000002ca81670698]
Event: 198.480 Thread 0x000002caf9c04be0 13043       3       kotlin.reflect.jvm.internal.ReflectProperties$Val::getValue (5 bytes)
Event: 198.481 Thread 0x000002caf9c04be0 nmethod 13043 0x000002ca81670810 code [0x000002ca816709c0, 0x000002ca81670b08]
Event: 198.481 Thread 0x000002caf9c04be0 13044       3       kotlin.reflect.jvm.internal.ReflectProperties$LazySoftVal::invoke (52 bytes)
Event: 198.482 Thread 0x000002caf9c04be0 nmethod 13044 0x000002ca81670c10 code [0x000002ca81670e20, 0x000002ca81671718]
Event: 198.500 Thread 0x000002caf9c04be0 13045       3       org.gradle.api.internal.tasks.DefaultTaskCollection_Decorated::getMutationGuard (39 bytes)
Event: 198.500 Thread 0x000002caf9c04be0 nmethod 13045 0x000002ca81671990 code [0x000002ca81671ba0, 0x000002ca81672178]
Event: 198.502 Thread 0x000002caf9c00200 nmethod 13040 0x000002ca881b3f10 code [0x000002ca881b40e0, 0x000002ca881b4668]
Event: 198.502 Thread 0x000002caf9c00200 13041       4       org.gradle.api.internal.provider.EvaluationContext$PerThreadContext::close (37 bytes)
Event: 198.515 Thread 0x000002caf9c00200 nmethod 13041 0x000002ca881b4a10 code [0x000002ca881b4c00, 0x000002ca881b5308]
Event: 198.541 Thread 0x000002caf9c00200 13046  s    4       java.util.Hashtable::get (69 bytes)
Event: 198.553 Thread 0x000002caf9c00200 nmethod 13046 0x000002ca881b5890 code [0x000002ca881b5a40, 0x000002ca881b6308]
Event: 199.923 Thread 0x000002caf9c04be0 13047       3       org.gradle.internal.concurrent.AbstractManagedExecutor::trackedCommand (10 bytes)
Event: 199.923 Thread 0x000002caf9c04be0 nmethod 13047 0x000002ca81672390 code [0x000002ca81672540, 0x000002ca81672818]
Event: 199.923 Thread 0x000002caf9c04be0 13048       3       org.gradle.internal.concurrent.AbstractManagedExecutor$1::<init> (15 bytes)
Event: 199.923 Thread 0x000002caf9c04be0 nmethod 13048 0x000002ca81672910 code [0x000002ca81672ac0, 0x000002ca81672cd8]

GC Heap History (20 events):
Event: 189.907 GC heap before
{Heap before GC invocations=66 (full 0):
 garbage-first heap   total 155648K, used 132449K [0x0000000080000000, 0x0000000100000000)
  region size 1024K, 27 young (27648K), 4 survivors (4096K)
 Metaspace       used 92625K, committed 93568K, reserved 557056K
  class space    used 13131K, committed 13568K, reserved 425984K
}
Event: 189.932 GC heap after
{Heap after GC invocations=67 (full 0):
 garbage-first heap   total 155648K, used 112050K [0x0000000080000000, 0x0000000100000000)
  region size 1024K, 4 young (4096K), 4 survivors (4096K)
 Metaspace       used 92625K, committed 93568K, reserved 557056K
  class space    used 13131K, committed 13568K, reserved 425984K
}
Event: 192.008 GC heap before
{Heap before GC invocations=67 (full 0):
 garbage-first heap   total 155648K, used 131506K [0x0000000080000000, 0x0000000100000000)
  region size 1024K, 24 young (24576K), 4 survivors (4096K)
 Metaspace       used 92882K, committed 93760K, reserved 557056K
  class space    used 13141K, committed 13568K, reserved 425984K
}
Event: 192.029 GC heap after
{Heap after GC invocations=68 (full 0):
 garbage-first heap   total 155648K, used 116351K [0x0000000080000000, 0x0000000100000000)
  region size 1024K, 3 young (3072K), 3 survivors (3072K)
 Metaspace       used 92882K, committed 93760K, reserved 557056K
  class space    used 13141K, committed 13568K, reserved 425984K
}
Event: 193.435 GC heap before
{Heap before GC invocations=68 (full 0):
 garbage-first heap   total 155648K, used 133759K [0x0000000080000000, 0x0000000100000000)
  region size 1024K, 18 young (18432K), 3 survivors (3072K)
 Metaspace       used 93001K, committed 93888K, reserved 557056K
  class space    used 13150K, committed 13568K, reserved 425984K
}
Event: 193.450 GC heap after
{Heap after GC invocations=69 (full 0):
 garbage-first heap   total 155648K, used 125071K [0x0000000080000000, 0x0000000100000000)
  region size 1024K, 3 young (3072K), 3 survivors (3072K)
 Metaspace       used 93001K, committed 93888K, reserved 557056K
  class space    used 13150K, committed 13568K, reserved 425984K
}
Event: 194.651 GC heap before
{Heap before GC invocations=69 (full 0):
 garbage-first heap   total 155648K, used 131215K [0x0000000080000000, 0x0000000100000000)
  region size 1024K, 9 young (9216K), 3 survivors (3072K)
 Metaspace       used 94267K, committed 95168K, reserved 557056K
  class space    used 13275K, committed 13696K, reserved 425984K
}
Event: 194.656 GC heap after
{Heap after GC invocations=70 (full 0):
 garbage-first heap   total 155648K, used 127437K [0x0000000080000000, 0x0000000100000000)
  region size 1024K, 2 young (2048K), 2 survivors (2048K)
 Metaspace       used 94267K, committed 95168K, reserved 557056K
  class space    used 13275K, committed 13696K, reserved 425984K
}
Event: 195.078 GC heap before
{Heap before GC invocations=70 (full 0):
 garbage-first heap   total 155648K, used 132557K [0x0000000080000000, 0x0000000100000000)
  region size 1024K, 7 young (7168K), 2 survivors (2048K)
 Metaspace       used 94394K, committed 95360K, reserved 557056K
  class space    used 13292K, committed 13760K, reserved 425984K
}
Event: 195.082 GC heap after
{Heap after GC invocations=71 (full 0):
 garbage-first heap   total 155648K, used 128748K [0x0000000080000000, 0x0000000100000000)
  region size 1024K, 1 young (1024K), 1 survivors (1024K)
 Metaspace       used 94394K, committed 95360K, reserved 557056K
  class space    used 13292K, committed 13760K, reserved 425984K
}
Event: 196.873 GC heap before
{Heap before GC invocations=71 (full 0):
 garbage-first heap   total 155648K, used 134892K [0x0000000080000000, 0x0000000100000000)
  region size 1024K, 7 young (7168K), 1 survivors (1024K)
 Metaspace       used 94502K, committed 95488K, reserved 557056K
  class space    used 13299K, committed 13760K, reserved 425984K
}
Event: 196.878 GC heap after
{Heap after GC invocations=72 (full 0):
 garbage-first heap   total 155648K, used 130473K [0x0000000080000000, 0x0000000100000000)
  region size 1024K, 1 young (1024K), 1 survivors (1024K)
 Metaspace       used 94502K, committed 95488K, reserved 557056K
  class space    used 13299K, committed 13760K, reserved 425984K
}
Event: 197.401 GC heap before
{Heap before GC invocations=72 (full 0):
 garbage-first heap   total 155648K, used 135593K [0x0000000080000000, 0x0000000100000000)
  region size 1024K, 7 young (7168K), 1 survivors (1024K)
 Metaspace       used 94588K, committed 95552K, reserved 557056K
  class space    used 13299K, committed 13760K, reserved 425984K
}
Event: 197.406 GC heap after
{Heap after GC invocations=73 (full 0):
 garbage-first heap   total 155648K, used 132537K [0x0000000080000000, 0x0000000100000000)
  region size 1024K, 1 young (1024K), 1 survivors (1024K)
 Metaspace       used 94588K, committed 95552K, reserved 557056K
  class space    used 13299K, committed 13760K, reserved 425984K
}
Event: 197.546 GC heap before
{Heap before GC invocations=73 (full 0):
 garbage-first heap   total 155648K, used 137657K [0x0000000080000000, 0x0000000100000000)
  region size 1024K, 7 young (7168K), 1 survivors (1024K)
 Metaspace       used 94609K, committed 95552K, reserved 557056K
  class space    used 13299K, committed 13760K, reserved 425984K
}
Event: 197.549 GC heap after
{Heap after GC invocations=74 (full 0):
 garbage-first heap   total 155648K, used 134144K [0x0000000080000000, 0x0000000100000000)
  region size 1024K, 1 young (1024K), 1 survivors (1024K)
 Metaspace       used 94609K, committed 95552K, reserved 557056K
  class space    used 13299K, committed 13760K, reserved 425984K
}
Event: 197.734 GC heap before
{Heap before GC invocations=74 (full 0):
 garbage-first heap   total 155648K, used 139264K [0x0000000080000000, 0x0000000100000000)
  region size 1024K, 7 young (7168K), 1 survivors (1024K)
 Metaspace       used 94621K, committed 95552K, reserved 557056K
  class space    used 13299K, committed 13760K, reserved 425984K
}
Event: 197.737 GC heap after
{Heap after GC invocations=75 (full 0):
 garbage-first heap   total 155648K, used 135399K [0x0000000080000000, 0x0000000100000000)
  region size 1024K, 1 young (1024K), 1 survivors (1024K)
 Metaspace       used 94621K, committed 95552K, reserved 557056K
  class space    used 13299K, committed 13760K, reserved 425984K
}
Event: 197.857 GC heap before
{Heap before GC invocations=75 (full 0):
 garbage-first heap   total 155648K, used 141543K [0x0000000080000000, 0x0000000100000000)
  region size 1024K, 7 young (7168K), 1 survivors (1024K)
 Metaspace       used 94629K, committed 95552K, reserved 557056K
  class space    used 13299K, committed 13760K, reserved 425984K
}
Event: 197.881 GC heap after
{Heap after GC invocations=76 (full 0):
 garbage-first heap   total 187392K, used 136209K [0x0000000080000000, 0x0000000100000000)
  region size 1024K, 1 young (1024K), 1 survivors (1024K)
 Metaspace       used 94629K, committed 95552K, reserved 557056K
  class space    used 13299K, committed 13760K, reserved 425984K
}

Dll operation events (15 events):
Event: 0.081 Loaded shared library C:\Users\Siddhartha\.gradle\jdks\eclipse_adoptium-17-amd64-windows.2\bin\java.dll
Event: 0.239 Loaded shared library C:\Users\Siddhartha\.gradle\jdks\eclipse_adoptium-17-amd64-windows.2\bin\jsvml.dll
Event: 0.730 Loaded shared library C:\Users\Siddhartha\.gradle\jdks\eclipse_adoptium-17-amd64-windows.2\bin\zip.dll
Event: 0.736 Loaded shared library C:\Users\Siddhartha\.gradle\jdks\eclipse_adoptium-17-amd64-windows.2\bin\instrument.dll
Event: 0.743 Loaded shared library C:\Users\Siddhartha\.gradle\jdks\eclipse_adoptium-17-amd64-windows.2\bin\net.dll
Event: 0.747 Loaded shared library C:\Users\Siddhartha\.gradle\jdks\eclipse_adoptium-17-amd64-windows.2\bin\nio.dll
Event: 0.755 Loaded shared library C:\Users\Siddhartha\.gradle\jdks\eclipse_adoptium-17-amd64-windows.2\bin\zip.dll
Event: 2.285 Loaded shared library C:\Users\Siddhartha\.gradle\jdks\eclipse_adoptium-17-amd64-windows.2\bin\jimage.dll
Event: 2.593 Loaded shared library C:\Users\Siddhartha\.gradle\jdks\eclipse_adoptium-17-amd64-windows.2\bin\verify.dll
Event: 3.906 Loaded shared library C:\Users\Siddhartha\.gradle\native\c067742578af261105cb4f569cf0c3c89f3d7b1fecec35dd04571415982c5e48\windows-amd64\native-platform.dll
Event: 3.914 Loaded shared library C:\Users\Siddhartha\.gradle\native\38dada09dfb8b06ba9b0570ebf7e218e3eb74d4ef43ca46872605cf95ebc2f47\windows-amd64\native-platform-file-events.dll
Event: 18.840 Loaded shared library C:\Users\Siddhartha\.gradle\jdks\eclipse_adoptium-17-amd64-windows.2\bin\management.dll
Event: 19.029 Loaded shared library C:\Users\Siddhartha\.gradle\jdks\eclipse_adoptium-17-amd64-windows.2\bin\management_ext.dll
Event: 24.043 Loaded shared library C:\Users\Siddhartha\.gradle\jdks\eclipse_adoptium-17-amd64-windows.2\bin\extnet.dll
Event: 26.801 Loaded shared library C:\Users\Siddhartha\.gradle\jdks\eclipse_adoptium-17-amd64-windows.2\bin\sunmscapi.dll

Deoptimization events (20 events):
Event: 198.259 Thread 0x000002caf9bfe8b0 Uncommon trap: trap_request=0xffffff76 fr.pc=0x000002ca881b0768 relative=0x00000000000003a8
Event: 198.259 Thread 0x000002caf9bfe8b0 Uncommon trap: reason=predicate action=maybe_recompile pc=0x000002ca881b0768 method=java.util.AbstractCollection.toArray([Ljava/lang/Object;)[Ljava/lang/Object; @ 43 c2
Event: 198.259 Thread 0x000002caf9bfe8b0 DEOPT PACKING pc=0x000002ca881b0768 sp=0x000000de85bf8b80
Event: 198.259 Thread 0x000002caf9bfe8b0 DEOPT UNPACKING pc=0x000002ca8758a1a3 sp=0x000000de85bf8b28 mode 2
Event: 198.284 Thread 0x000002caf9bfe8b0 Uncommon trap: trap_request=0xffffffd6 fr.pc=0x000002ca881b103c relative=0x000000000000037c
Event: 198.284 Thread 0x000002caf9bfe8b0 Uncommon trap: reason=array_check action=maybe_recompile pc=0x000002ca881b103c method=java.util.AbstractCollection.toArray([Ljava/lang/Object;)[Ljava/lang/Object; @ 116 c2
Event: 198.284 Thread 0x000002caf9bfe8b0 DEOPT PACKING pc=0x000002ca881b103c sp=0x000000de85bf7ca0
Event: 198.284 Thread 0x000002caf9bfe8b0 DEOPT UNPACKING pc=0x000002ca8758a1a3 sp=0x000000de85bf7c40 mode 2
Event: 198.292 Thread 0x000002caf9bfe8b0 Uncommon trap: trap_request=0xffffffd6 fr.pc=0x000002ca881b103c relative=0x000000000000037c
Event: 198.292 Thread 0x000002caf9bfe8b0 Uncommon trap: reason=array_check action=maybe_recompile pc=0x000002ca881b103c method=java.util.AbstractCollection.toArray([Ljava/lang/Object;)[Ljava/lang/Object; @ 116 c2
Event: 198.292 Thread 0x000002caf9bfe8b0 DEOPT PACKING pc=0x000002ca881b103c sp=0x000000de85bf7be0
Event: 198.292 Thread 0x000002caf9bfe8b0 DEOPT UNPACKING pc=0x000002ca8758a1a3 sp=0x000000de85bf7b80 mode 2
Event: 198.300 Thread 0x000002caf9bfe8b0 Uncommon trap: trap_request=0xffffffd6 fr.pc=0x000002ca881b103c relative=0x000000000000037c
Event: 198.300 Thread 0x000002caf9bfe8b0 Uncommon trap: reason=array_check action=maybe_recompile pc=0x000002ca881b103c method=java.util.AbstractCollection.toArray([Ljava/lang/Object;)[Ljava/lang/Object; @ 116 c2
Event: 198.300 Thread 0x000002caf9bfe8b0 DEOPT PACKING pc=0x000002ca881b103c sp=0x000000de85bf7570
Event: 198.300 Thread 0x000002caf9bfe8b0 DEOPT UNPACKING pc=0x000002ca8758a1a3 sp=0x000000de85bf7510 mode 2
Event: 198.301 Thread 0x000002caf9bfe8b0 Uncommon trap: trap_request=0xffffffd6 fr.pc=0x000002ca881b103c relative=0x000000000000037c
Event: 198.301 Thread 0x000002caf9bfe8b0 Uncommon trap: reason=array_check action=maybe_recompile pc=0x000002ca881b103c method=java.util.AbstractCollection.toArray([Ljava/lang/Object;)[Ljava/lang/Object; @ 116 c2
Event: 198.301 Thread 0x000002caf9bfe8b0 DEOPT PACKING pc=0x000002ca881b103c sp=0x000000de85bf7590
Event: 198.301 Thread 0x000002caf9bfe8b0 DEOPT UNPACKING pc=0x000002ca8758a1a3 sp=0x000000de85bf7530 mode 2

Classes loaded (20 events):
Event: 194.239 Loading class com/sun/org/apache/xerces/internal/dom/NamedNodeMapImpl done
Event: 194.239 Loading class com/sun/org/apache/xerces/internal/dom/AttributeMap done
Event: 194.239 Loading class com/sun/org/apache/xerces/internal/dom/DeferredAttrImpl
Event: 194.239 Loading class com/sun/org/apache/xerces/internal/dom/AttrImpl
Event: 194.240 Loading class com/sun/org/apache/xerces/internal/dom/AttrImpl done
Event: 194.240 Loading class com/sun/org/apache/xerces/internal/dom/DeferredAttrImpl done
Event: 194.897 Loading class java/lang/BooleanBeanInfo
Event: 194.897 Loading class java/lang/BooleanBeanInfo done
Event: 194.898 Loading class java/lang/BooleanBeanInfo
Event: 194.898 Loading class java/lang/BooleanBeanInfo done
Event: 194.899 Loading class java/lang/BooleanCustomizer
Event: 194.899 Loading class java/lang/BooleanCustomizer done
Event: 194.899 Loading class java/lang/BooleanCustomizer
Event: 194.899 Loading class java/lang/BooleanCustomizer done
Event: 194.899 Loading class jdk/internal/ValueBased
Event: 194.904 Loading class jdk/internal/ValueBased done
Event: 196.822 Loading class java/util/Collections$ReverseComparator
Event: 196.823 Loading class java/util/Collections$ReverseComparator done
Event: 196.823 Loading class java/util/Collections$ReverseComparator2
Event: 196.824 Loading class java/util/Collections$ReverseComparator2 done

Classes unloaded (0 events):
No events

Classes redefined (0 events):
No events

Internal exceptions (20 events):
Event: 193.418 Thread 0x000002caf9bfe8b0 Exception <a 'java/lang/ClassNotFoundException'{0x00000000889ba438}: org/gradle/api/JavaVersionBeanInfo> (0x00000000889ba438) 
thrown [s\src\hotspot\share\classfile\systemDictionary.cpp, line 256]
Event: 193.419 Thread 0x000002caf9bfe8b0 Exception <a 'java/lang/ClassNotFoundException'{0x00000000889c42c8}: java/lang/EnumBeanInfo> (0x00000000889c42c8) 
thrown [s\src\hotspot\share\classfile\systemDictionary.cpp, line 256]
Event: 193.420 Thread 0x000002caf9bfe8b0 Exception <a 'java/lang/ClassNotFoundException'{0x00000000889ce1c8}: java/lang/EnumCustomizer> (0x00000000889ce1c8) 
thrown [s\src\hotspot\share\classfile\systemDictionary.cpp, line 256]
Event: 193.430 Thread 0x000002caf9bfe8b0 Exception <a 'java/lang/ClassNotFoundException'{0x00000000889edb50}: org/gradle/api/JavaVersionCustomizer> (0x00000000889edb50) 
thrown [s\src\hotspot\share\classfile\systemDictionary.cpp, line 256]
Event: 193.498 Thread 0x000002caf9bfe8b0 Exception <a 'java/lang/ClassNotFoundException'{0x0000000089734218}: com/android/build/gradle/internal/CompileOptions$AgpDecorated_DecoratedBeanInfo> (0x0000000089734218) 
thrown [s\src\hotspot\share\classfile\systemDictionary.cpp, line 256]
Event: 193.499 Thread 0x000002caf9bfe8b0 Exception <a 'java/lang/ClassNotFoundException'{0x00000000897430d0}: com/android/build/gradle/internal/CompileOptions$AgpDecoratedBeanInfo> (0x00000000897430d0) 
thrown [s\src\hotspot\share\classfile\systemDictionary.cpp, line 256]
Event: 193.499 Thread 0x000002caf9bfe8b0 Exception <a 'java/lang/ClassNotFoundException'{0x0000000089751368}: com/android/build/gradle/internal/CompileOptionsBeanInfo> (0x0000000089751368) 
thrown [s\src\hotspot\share\classfile\systemDictionary.cpp, line 256]
Event: 193.500 Thread 0x000002caf9bfe8b0 Exception <a 'java/lang/ClassNotFoundException'{0x000000008975f3c8}: com/android/build/gradle/internal/CompileOptionsCustomizer> (0x000000008975f3c8) 
thrown [s\src\hotspot\share\classfile\systemDictionary.cpp, line 256]
Event: 193.503 Thread 0x000002caf9bfe8b0 Exception <a 'java/lang/ClassNotFoundException'{0x0000000089779260}: com/android/build/gradle/internal/CompileOptions$AgpDecoratedCustomizer> (0x0000000089779260) 
thrown [s\src\hotspot\share\classfile\systemDictionary.cpp, line 256]
Event: 193.504 Thread 0x000002caf9bfe8b0 Exception <a 'java/lang/ClassNotFoundException'{0x000000008978b030}: com/android/build/gradle/internal/CompileOptions$AgpDecorated_DecoratedCustomizer> (0x000000008978b030) 
thrown [s\src\hotspot\share\classfile\systemDictionary.cpp, line 256]
Event: 194.663 Thread 0x000002caf9bfe8b0 Exception <a 'java/lang/ClassNotFoundException'{0x0000000089727258}: build_46fb6tluxstspv9cwkgtdhqqsBeanInfo> (0x0000000089727258) 
thrown [s\src\hotspot\share\classfile\systemDictionary.cpp, line 256]
Event: 194.663 Thread 0x000002caf9bfe8b0 Exception <a 'java/lang/ClassNotFoundException'{0x000000008972de18}: build_46fb6tluxstspv9cwkgtdhqqsCustomizer> (0x000000008972de18) 
thrown [s\src\hotspot\share\classfile\systemDictionary.cpp, line 256]
Event: 194.823 Thread 0x000002caf9bfe8b0 Exception <a 'java/lang/ClassNotFoundException'{0x0000000089506898}: build_46fb6tluxstspv9cwkgtdhqqs$_run_closure1BeanInfo> (0x0000000089506898) 
thrown [s\src\hotspot\share\classfile\systemDictionary.cpp, line 256]
Event: 194.831 Thread 0x000002caf9bfe8b0 Exception <a 'java/lang/ClassNotFoundException'{0x00000000895105e0}: build_46fb6tluxstspv9cwkgtdhqqs$_run_closure1Customizer> (0x00000000895105e0) 
thrown [s\src\hotspot\share\classfile\systemDictionary.cpp, line 256]
Event: 194.899 Thread 0x000002caf9bfe8b0 Exception <a 'java/lang/ClassNotFoundException'{0x0000000089537a10}: java/lang/BooleanBeanInfo> (0x0000000089537a10) 
thrown [s\src\hotspot\share\classfile\systemDictionary.cpp, line 256]
Event: 194.899 Thread 0x000002caf9bfe8b0 Exception <a 'java/lang/ClassNotFoundException'{0x000000008953ffd0}: java/lang/BooleanCustomizer> (0x000000008953ffd0) 
thrown [s\src\hotspot\share\classfile\systemDictionary.cpp, line 256]
Event: 196.239 Thread 0x000002caf9bfe8b0 Exception <a 'java/lang/ClassNotFoundException'{0x0000000089629840}: build_c26pc2dasne3t11ix0bjfbjtaBeanInfo> (0x0000000089629840) 
thrown [s\src\hotspot\share\classfile\systemDictionary.cpp, line 256]
Event: 196.239 Thread 0x000002caf9bfe8b0 Exception <a 'java/lang/ClassNotFoundException'{0x0000000089630170}: build_c26pc2dasne3t11ix0bjfbjtaCustomizer> (0x0000000089630170) 
thrown [s\src\hotspot\share\classfile\systemDictionary.cpp, line 256]
Event: 198.059 Thread 0x000002caf9bfe8b0 Exception <a 'java/lang/ClassNotFoundException'{0x000000008b460228}: build_c26pc2dasne3t11ix0bjfbjtaBeanInfo> (0x000000008b460228) 
thrown [s\src\hotspot\share\classfile\systemDictionary.cpp, line 256]
Event: 198.060 Thread 0x000002caf9bfe8b0 Exception <a 'java/lang/ClassNotFoundException'{0x000000008b466af8}: build_c26pc2dasne3t11ix0bjfbjtaCustomizer> (0x000000008b466af8) 
thrown [s\src\hotspot\share\classfile\systemDictionary.cpp, line 256]

VM Operations (20 events):
Event: 194.656 Executing VM operation: G1CollectForAllocation done
Event: 195.077 Executing VM operation: G1CollectForAllocation
Event: 195.082 Executing VM operation: G1CollectForAllocation done
Event: 196.082 Executing VM operation: Cleanup
Event: 196.083 Executing VM operation: Cleanup done
Event: 196.873 Executing VM operation: G1CollectForAllocation
Event: 196.878 Executing VM operation: G1CollectForAllocation done
Event: 197.401 Executing VM operation: G1CollectForAllocation
Event: 197.406 Executing VM operation: G1CollectForAllocation done
Event: 197.535 Executing VM operation: G1CollectForAllocation
Event: 197.549 Executing VM operation: G1CollectForAllocation done
Event: 197.724 Executing VM operation: G1CollectForAllocation
Event: 197.737 Executing VM operation: G1CollectForAllocation done
Event: 197.857 Executing VM operation: G1CollectForAllocation
Event: 197.881 Executing VM operation: G1CollectForAllocation done
Event: 198.885 Executing VM operation: Cleanup
Event: 198.887 Executing VM operation: Cleanup done
Event: 199.893 Executing VM operation: Cleanup
Event: 199.942 Executing VM operation: Cleanup done
Event: 200.314 Executing VM operation: G1PauseRemark

Memory protections (0 events):
No events

Nmethod flushes (20 events):
Event: 119.347 Thread 0x000002caf9bfc030 flushing  nmethod 0x000002ca80f7fd90
Event: 119.348 Thread 0x000002caf9bfc030 flushing  nmethod 0x000002ca80fe0390
Event: 119.348 Thread 0x000002caf9bfc030 flushing  nmethod 0x000002ca80fec990
Event: 119.348 Thread 0x000002caf9bfc030 flushing  nmethod 0x000002ca80ff5190
Event: 119.348 Thread 0x000002caf9bfc030 flushing  nmethod 0x000002ca8104ad10
Event: 119.350 Thread 0x000002caf9bfc030 flushing  nmethod 0x000002ca811ebf90
Event: 119.350 Thread 0x000002caf9bfc030 flushing  nmethod 0x000002ca811ecb10
Event: 119.350 Thread 0x000002caf9bfc030 flushing  nmethod 0x000002ca811ed310
Event: 119.350 Thread 0x000002caf9bfc030 flushing  nmethod 0x000002ca811f5010
Event: 119.350 Thread 0x000002caf9bfc030 flushing  nmethod 0x000002ca811f5610
Event: 119.350 Thread 0x000002caf9bfc030 flushing  nmethod 0x000002ca811f5b90
Event: 119.350 Thread 0x000002caf9bfc030 flushing  nmethod 0x000002ca811f5f90
Event: 119.350 Thread 0x000002caf9bfc030 flushing  nmethod 0x000002ca811f8790
Event: 119.350 Thread 0x000002caf9bfc030 flushing  nmethod 0x000002ca811f9910
Event: 119.350 Thread 0x000002caf9bfc030 flushing  nmethod 0x000002ca811fa210
Event: 119.350 Thread 0x000002caf9bfc030 flushing osr nmethod 0x000002ca811fd790
Event: 119.350 Thread 0x000002caf9bfc030 flushing  nmethod 0x000002ca811fee10
Event: 119.350 Thread 0x000002caf9bfc030 flushing  nmethod 0x000002ca81200110
Event: 119.350 Thread 0x000002caf9bfc030 flushing  nmethod 0x000002ca81204510
Event: 119.350 Thread 0x000002caf9bfc030 flushing  nmethod 0x000002ca81237090

Events (20 events):
Event: 185.103 Thread 0x000002cafec403d0 Thread added: 0x000002caac670890
Event: 188.149 Thread 0x000002caf9bfe8b0 Thread added: 0x000002caac674040
Event: 188.152 Thread 0x000002caf9bfe8b0 Thread added: 0x000002caac673620
Event: 188.152 Thread 0x000002caf9bfe8b0 Thread added: 0x000002caac674550
Event: 188.157 Thread 0x000002caf9bfe8b0 Thread added: 0x000002caac674a60
Event: 188.157 Thread 0x000002caf9bfe8b0 Thread added: 0x000002caac6726f0
Event: 191.333 Thread 0x000002caf9bfe8b0 Thread added: 0x000002caac6721e0
Event: 191.333 Thread 0x000002caf9bfe8b0 Thread added: 0x000002caac673b30
Event: 191.334 Thread 0x000002caf9bfe8b0 Thread added: 0x000002caac674f70
Event: 191.334 Thread 0x000002caf9bfe8b0 Thread added: 0x000002caac675480
Event: 191.334 Thread 0x000002caf9bfe8b0 Thread added: 0x000002caac671cd0
Event: 191.335 Thread 0x000002caf9bfe8b0 Thread added: 0x000002caac675990
Event: 191.335 Thread 0x000002caf9bfe8b0 Thread added: 0x000002caac6772e0
Event: 197.037 Thread 0x000002caf9bfe8b0 Thread added: 0x000002caac6763b0
Event: 197.037 Thread 0x000002caf9bfe8b0 Thread added: 0x000002caac676dd0
Event: 197.038 Thread 0x000002caf9bfe8b0 Thread added: 0x000002caac6768c0
Event: 197.039 Thread 0x000002caf9bfe8b0 Thread added: 0x000002caac6777f0
Event: 197.039 Thread 0x000002caf9bfe8b0 Thread added: 0x000002caaadd3430
Event: 197.039 Thread 0x000002caf9bfe8b0 Thread added: 0x000002caaadd3940
Event: 197.040 Thread 0x000002caf9bfe8b0 Thread added: 0x000002caaadd4870


Dynamic libraries:
0x00007ff6285e0000 - 0x00007ff6285ee000 	C:\Users\Siddhartha\.gradle\jdks\eclipse_adoptium-17-amd64-windows.2\bin\java.exe
0x00007ffef6d00000 - 0x00007ffef6f66000 	C:\WINDOWS\SYSTEM32\ntdll.dll
0x00007ffef5220000 - 0x00007ffef52e9000 	C:\WINDOWS\System32\KERNEL32.DLL
0x00007ffef42d0000 - 0x00007ffef46cf000 	C:\WINDOWS\System32\KERNELBASE.dll
0x00007ffef48d0000 - 0x00007ffef4a1c000 	C:\WINDOWS\System32\ucrtbase.dll
0x00007ffee9ab0000 - 0x00007ffee9ac8000 	C:\Users\Siddhartha\.gradle\jdks\eclipse_adoptium-17-amd64-windows.2\bin\jli.dll
0x00007ffef4b30000 - 0x00007ffef4cf6000 	C:\WINDOWS\System32\USER32.dll
0x00007ffef3fc0000 - 0x00007ffef3fe7000 	C:\WINDOWS\System32\win32u.dll
0x00007ffee9a90000 - 0x00007ffee9aae000 	C:\Users\Siddhartha\.gradle\jdks\eclipse_adoptium-17-amd64-windows.2\bin\VCRUNTIME140.dll
0x00007ffed5b50000 - 0x00007ffed5de1000 	C:\WINDOWS\WinSxS\amd64_microsoft.windows.common-controls_6595b64144ccf1df_6.0.26100.8972_none_3e0da176e32f9d4b\COMCTL32.dll
0x00007ffef6030000 - 0x00007ffef60d9000 	C:\WINDOWS\System32\msvcrt.dll
0x00007ffef60e0000 - 0x00007ffef610b000 	C:\WINDOWS\System32\GDI32.dll
0x00007ffef47a0000 - 0x00007ffef48c9000 	C:\WINDOWS\System32\gdi32full.dll
0x00007ffef3f10000 - 0x00007ffef3fb3000 	C:\WINDOWS\System32\msvcp_win.dll
0x00007ffef5d70000 - 0x00007ffef5da2000 	C:\WINDOWS\System32\IMM32.DLL
0x00007ffed77e0000 - 0x00007ffed77ec000 	C:\Users\Siddhartha\.gradle\jdks\eclipse_adoptium-17-amd64-windows.2\bin\vcruntime140_1.dll
0x00007ffec9480000 - 0x00007ffec950d000 	C:\Users\Siddhartha\.gradle\jdks\eclipse_adoptium-17-amd64-windows.2\bin\msvcp140.dll
0x00007ffe2f720000 - 0x00007ffe3038c000 	C:\Users\Siddhartha\.gradle\jdks\eclipse_adoptium-17-amd64-windows.2\bin\server\jvm.dll
0x00007ffef5430000 - 0x00007ffef54ec000 	C:\WINDOWS\System32\ADVAPI32.dll
0x00007ffef5cc0000 - 0x00007ffef5d6a000 	C:\WINDOWS\System32\sechost.dll
0x00007ffef52f0000 - 0x00007ffef5408000 	C:\WINDOWS\System32\RPCRT4.dll
0x00007ffef5fa0000 - 0x00007ffef6022000 	C:\WINDOWS\System32\WS2_32.dll
0x00007ffef3d70000 - 0x00007ffef3dce000 	C:\WINDOWS\SYSTEM32\POWRPROF.dll
0x00007ffee9160000 - 0x00007ffee9196000 	C:\WINDOWS\SYSTEM32\WINMM.dll
0x00007ffee5e80000 - 0x00007ffee5e8b000 	C:\WINDOWS\SYSTEM32\VERSION.dll
0x00007ffef3d50000 - 0x00007ffef3d65000 	C:\WINDOWS\SYSTEM32\UMPDC.dll
0x00007ffef2c00000 - 0x00007ffef2c1b000 	C:\WINDOWS\SYSTEM32\kernel.appcore.dll
0x00007ffed77d0000 - 0x00007ffed77da000 	C:\Users\Siddhartha\.gradle\jdks\eclipse_adoptium-17-amd64-windows.2\bin\jimage.dll
0x00007ffef13d0000 - 0x00007ffef1612000 	C:\WINDOWS\SYSTEM32\DBGHELP.DLL
0x00007ffef6710000 - 0x00007ffef6a95000 	C:\WINDOWS\System32\combase.dll
0x00007ffef6150000 - 0x00007ffef6229000 	C:\WINDOWS\System32\OLEAUT32.dll
0x00007ffee9120000 - 0x00007ffee915b000 	C:\WINDOWS\SYSTEM32\dbgcore.DLL
0x00007ffef4210000 - 0x00007ffef42bc000 	C:\WINDOWS\System32\bcryptPrimitives.dll
0x00007ffed6960000 - 0x00007ffed696e000 	C:\Users\Siddhartha\.gradle\jdks\eclipse_adoptium-17-amd64-windows.2\bin\instrument.dll
0x00007ffecb330000 - 0x00007ffecb355000 	C:\Users\Siddhartha\.gradle\jdks\eclipse_adoptium-17-amd64-windows.2\bin\java.dll
0x00007ffeac240000 - 0x00007ffeac317000 	C:\Users\Siddhartha\.gradle\jdks\eclipse_adoptium-17-amd64-windows.2\bin\jsvml.dll
0x00007ffef5530000 - 0x00007ffef5cb8000 	C:\WINDOWS\System32\SHELL32.dll
0x00007ffef1990000 - 0x00007ffef222b000 	C:\WINDOWS\SYSTEM32\windows.storage.dll
0x00007ffef4a30000 - 0x00007ffef4b29000 	C:\WINDOWS\System32\SHCORE.dll
0x00007ffef6230000 - 0x00007ffef6296000 	C:\WINDOWS\System32\shlwapi.dll
0x00007ffef3e30000 - 0x00007ffef3e59000 	C:\WINDOWS\SYSTEM32\profapi.dll
0x00007ffed49f0000 - 0x00007ffed4a08000 	C:\Users\Siddhartha\.gradle\jdks\eclipse_adoptium-17-amd64-windows.2\bin\zip.dll
0x00007ffed3040000 - 0x00007ffed305a000 	C:\Users\Siddhartha\.gradle\jdks\eclipse_adoptium-17-amd64-windows.2\bin\net.dll
0x00007ffeea0f0000 - 0x00007ffeea218000 	C:\WINDOWS\SYSTEM32\WINHTTP.dll
0x00007ffef31b0000 - 0x00007ffef321c000 	C:\WINDOWS\system32\mswsock.dll
0x00007ffecb310000 - 0x00007ffecb326000 	C:\Users\Siddhartha\.gradle\jdks\eclipse_adoptium-17-amd64-windows.2\bin\nio.dll
0x00007ffed6950000 - 0x00007ffed6960000 	C:\Users\Siddhartha\.gradle\jdks\eclipse_adoptium-17-amd64-windows.2\bin\verify.dll
0x00007ffeebe90000 - 0x00007ffeebeb7000 	C:\Users\Siddhartha\.gradle\native\c067742578af261105cb4f569cf0c3c89f3d7b1fecec35dd04571415982c5e48\windows-amd64\native-platform.dll
0x00007ffe81a00000 - 0x00007ffe81b44000 	C:\Users\Siddhartha\.gradle\native\38dada09dfb8b06ba9b0570ebf7e218e3eb74d4ef43ca46872605cf95ebc2f47\windows-amd64\native-platform-file-events.dll
0x00007ffed6e50000 - 0x00007ffed6e5a000 	C:\Users\Siddhartha\.gradle\jdks\eclipse_adoptium-17-amd64-windows.2\bin\management.dll
0x00007ffed6e00000 - 0x00007ffed6e0c000 	C:\Users\Siddhartha\.gradle\jdks\eclipse_adoptium-17-amd64-windows.2\bin\management_ext.dll
0x00007ffef6110000 - 0x00007ffef6118000 	C:\WINDOWS\System32\PSAPI.DLL
0x00007ffef34a0000 - 0x00007ffef34bb000 	C:\WINDOWS\SYSTEM32\CRYPTSP.dll
0x00007ffef2b60000 - 0x00007ffef2b99000 	C:\WINDOWS\system32\rsaenh.dll
0x00007ffef3260000 - 0x00007ffef3292000 	C:\WINDOWS\SYSTEM32\USERENV.dll
0x00007ffef3e00000 - 0x00007ffef3e2a000 	C:\WINDOWS\SYSTEM32\bcrypt.dll
0x00007ffef34c0000 - 0x00007ffef34cc000 	C:\WINDOWS\SYSTEM32\CRYPTBASE.dll
0x00007ffef2580000 - 0x00007ffef25b3000 	C:\WINDOWS\SYSTEM32\IPHLPAPI.DLL
0x00007ffef6140000 - 0x00007ffef614a000 	C:\WINDOWS\System32\NSI.dll
0x00007ffeea2b0000 - 0x00007ffeea2cd000 	C:\WINDOWS\SYSTEM32\dhcpcsvc6.DLL
0x00007ffeea220000 - 0x00007ffeea245000 	C:\WINDOWS\SYSTEM32\dhcpcsvc.DLL
0x00007ffef2680000 - 0x00007ffef27d8000 	C:\WINDOWS\SYSTEM32\DNSAPI.dll
0x00007ffef2fb0000 - 0x00007ffef2fbd000 	C:\WINDOWS\SYSTEM32\DSPARSE.dll
0x00007ffecb300000 - 0x00007ffecb309000 	C:\Users\Siddhartha\.gradle\jdks\eclipse_adoptium-17-amd64-windows.2\bin\extnet.dll
0x00007ffe871e0000 - 0x00007ffe871ee000 	C:\Users\Siddhartha\.gradle\jdks\eclipse_adoptium-17-amd64-windows.2\bin\sunmscapi.dll
0x00007ffef4080000 - 0x00007ffef41fe000 	C:\WINDOWS\System32\CRYPT32.dll
0x00007ffef36e0000 - 0x00007ffef3710000 	C:\WINDOWS\SYSTEM32\ncrypt.dll
0x00007ffef3690000 - 0x00007ffef36cf000 	C:\WINDOWS\SYSTEM32\NTASN1.dll
0x00007ffe862e0000 - 0x00007ffe862e8000 	C:\WINDOWS\system32\wshunix.dll
0x00007ffed2890000 - 0x00007ffed28a8000 	C:\WINDOWS\system32\napinsp.dll
0x00007ffed2780000 - 0x00007ffed2793000 	C:\WINDOWS\System32\winrnr.dll
0x00007ffed2750000 - 0x00007ffed2772000 	C:\WINDOWS\system32\nlansp_c.dll
0x00007ffee8e30000 - 0x00007ffee8e46000 	C:\WINDOWS\system32\wshbth.dll
0x00007ffeea270000 - 0x00007ffeea27b000 	C:\Windows\System32\rasadhlp.dll
0x00007ffeea550000 - 0x00007ffeea5d6000 	C:\WINDOWS\System32\fwpuclnt.dll

dbghelp: loaded successfully - version: 4.0.5 - missing functions: none
symbol engine: initialized successfully - sym options: 0x614 - pdb path: .;C:\Users\Siddhartha\.gradle\jdks\eclipse_adoptium-17-amd64-windows.2\bin;C:\WINDOWS\SYSTEM32;C:\WINDOWS\WinSxS\amd64_microsoft.windows.common-controls_6595b64144ccf1df_6.0.26100.8972_none_3e0da176e32f9d4b;C:\Users\Siddhartha\.gradle\jdks\eclipse_adoptium-17-amd64-windows.2\bin\server;C:\Users\Siddhartha\.gradle\native\c067742578af261105cb4f569cf0c3c89f3d7b1fecec35dd04571415982c5e48\windows-amd64;C:\Users\Siddhartha\.gradle\native\38dada09dfb8b06ba9b0570ebf7e218e3eb74d4ef43ca46872605cf95ebc2f47\windows-amd64

VM Arguments:
jvm_args: -XX:MaxMetaspaceSize=512m --add-opens=java.base/java.util=ALL-UNNAMED --add-opens=java.base/java.lang=ALL-UNNAMED --add-opens=java.base/java.lang.invoke=ALL-UNNAMED --add-opens=java.prefs/java.util.prefs=ALL-UNNAMED --add-opens=java.base/java.nio.charset=ALL-UNNAMED --add-opens=java.base/java.net=ALL-UNNAMED --add-opens=java.base/java.util.concurrent.atomic=ALL-UNNAMED -Xmx2048m -Dfile.encoding=utf8 -Duser.country=IN -Duser.language=en -Duser.variant -javaagent:C:\Users\Siddhartha\.gradle\wrapper\dists\gradle-8.6-all\3mbtmo166bl6vumsh5k2lkq5h\gradle-8.6\lib\agents\gradle-instrumentation-agent-8.6.jar 
java_command: org.gradle.launcher.daemon.bootstrap.GradleDaemon 8.6
java_class_path (initial): C:\Users\Siddhartha\.gradle\wrapper\dists\gradle-8.6-all\3mbtmo166bl6vumsh5k2lkq5h\gradle-8.6\lib\gradle-launcher-8.6.jar
Launcher Type: SUN_STANDARD

[Global flags]
     intx CICompilerCount                          = 4                                         {product} {ergonomic}
   size_t CompressedClassSpaceSize                 = 436207616                                 {product} {ergonomic}
     uint ConcGCThreads                            = 2                                         {product} {ergonomic}
     uint G1ConcRefinementThreads                  = 8                                         {product} {ergonomic}
   size_t G1HeapRegionSize                         = 1048576                                   {product} {ergonomic}
    uintx GCDrainStackTargetSize                   = 64                                        {product} {ergonomic}
   size_t InitialHeapSize                          = 130023424                                 {product} {ergonomic}
   size_t MarkStackSize                            = 4194304                                   {product} {ergonomic}
   size_t MaxHeapSize                              = 2147483648                                {product} {command line}
   size_t MaxMetaspaceSize                         = 536870912                                 {product} {command line}
   size_t MaxNewSize                               = 1287651328                                {product} {ergonomic}
   size_t MinHeapDeltaBytes                        = 1048576                                   {product} {ergonomic}
   size_t MinHeapSize                              = 8388608                                   {product} {ergonomic}
    uintx NonNMethodCodeHeapSize                   = 5839372                                {pd product} {ergonomic}
    uintx NonProfiledCodeHeapSize                  = 122909434                              {pd product} {ergonomic}
    uintx ProfiledCodeHeapSize                     = 122909434                              {pd product} {ergonomic}
    uintx ReservedCodeCacheSize                    = 251658240                              {pd product} {ergonomic}
     bool SegmentedCodeCache                       = true                                      {product} {ergonomic}
   size_t SoftMaxHeapSize                          = 2147483648                             {manageable} {ergonomic}
     bool UseCompressedClassPointers               = true                           {product lp64_product} {ergonomic}
     bool UseCompressedOops                        = true                           {product lp64_product} {ergonomic}
     bool UseG1GC                                  = true                                      {product} {ergonomic}
     bool UseLargePagesIndividualAllocation        = false                                  {pd product} {ergonomic}

Logging:
Log output configuration:
 #0: stdout all=warning uptime,level,tags
 #1: stderr all=off uptime,level,tags

Environment Variables:
PATH=C:\Program Files\Common Files\Oracle\Java\javapath;C:\Program Files\Python313\Scripts\;C:\Program Files\Python313\;C:\Windows\system32;C:\Windows;C:\Windows\System32\Wbem;C:\Windows\System32\WindowsPowerShell\v1.0\;C:\Windows\System32\OpenSSH\;C:\Program Files\NVIDIA Corporation\NVIDIA NvDLISR;C:\WINDOWS\system32;C:\WINDOWS;C:\WINDOWS\System32\Wbem;C:\WINDOWS\System32\WindowsPowerShell\v1.0\;C:\WINDOWS\System32\OpenSSH\;C:\Program Files\dotnet\;C:\MinGW\bin;C:\Program Files\Java\jdk-24\bin;C:\ProgramData\chocolatey\bin;D:\Git\cmd;C:\Users\Siddhartha\.local\bin;D:\dev\nvm;D:\dev\nodejs;C:\Program Files\Microsoft SQL Server\170\Tools\Binn\;C:\Program Files\Microsoft SQL Server\Client SDK\ODBC\170\Tools\Binn\;C:\Program Files (x86)\Microsoft SQL Server\170\Tools\Binn\;C:\Program Files\Microsoft SQL Server\Client SDK\ODBC\180\Tools\Binn\;C:\Program Files\Microsoft SQL Server\170\DTS\Binn\;C:\Program Files\nodejs\;C:\Program Files\k6\;C:\Program Files\Go\bin;C:\Program Files\Common Files\Oracle\Java\javapath;C:\Program Files\Python313\Scripts\;C:\Program Files\Python313\;C:\Windows\system32;C:\Windows;C:\Windows\System32\Wbem;C:\Windows\System32\WindowsPowerShell\v1.0\;C:\Windows\System32\OpenSSH\;C:\Program Files\NVIDIA Corporation\NVIDIA NvDLISR;C:\WINDOWS\system32;C:\WINDOWS;C:\WINDOWS\System32\Wbem;C:\WINDOWS\System32\WindowsPowerShell\v1.0\;C:\WINDOWS\System32\OpenSSH\;C:\Program Files\dotnet\;C:\MinGW\bin;C:\Program Files\Java\jdk-24\bin;C:\ProgramData\chocolatey\bin;D:\Git\cmd;C:\Users\Siddhartha\.local\bin;C:\Program Files\k6\;D:\dev\nvm;D:\dev\nodejs;C:\Program Files\Microsoft SQL Server\170\Tools\Binn\;C:\Program Files\Microsoft SQL Server\Client SDK\ODBC\170\Tools\Binn\;C:\Program Files (x86)\Microsoft SQL Server\170\Tools\Binn\;C:\Program Files\Microsoft SQL Server\Client SDK\ODBC\180\Tools\Binn\;C:\Program Files\Microsoft SQL Server\170\DTS\Binn\;C:\Users\Siddhartha\AppData\Local\Microsoft\WindowsApps;C:\Users\Siddhartha\AppData\Local\Programs\Microsoft VS Code\bin;C:\Program Files\MongoDB\Server\8.2\bin;C:\Users\Siddhartha\AppData\Local\Programs\mongosh\;D:\cursor\resources\app\bin;D:\Antigravity\bin;C:\Program Files (x86)\Nmap;C:\Users\Siddhartha\AppData\Local\Programs\Antigravity IDE\bin;C:\Users\Siddhartha\.dotnet\tools;C:\Users\Siddhartha\AppData\Local\Microsoft\WinGet\Packages\lostindark.DriverStoreExplorer_Microsoft.Winget.Source_8wekyb3d8bbwe;D:\dev\nvm;D:\dev\nodejs;C:\Program Files\nodejs\;D:\Android\Sdk\platform-tools;D:\Android\Sdk\emulator;;C:\Users\Siddhartha\AppData\Local\Programs\DockerDesktop\resources\bin;C:\Users\Siddhartha\go\bin
USERNAME=Siddhartha
OS=Windows_NT
PROCESSOR_IDENTIFIER=Intel64 Family 6 Model 140 Stepping 2, GenuineIntel
TMP=C:\Users\SIDDHA~1\AppData\Local\Temp
TEMP=C:\Users\SIDDHA~1\AppData\Local\Temp



Periodic native trim disabled


---------------  S Y S T E M  ---------------

OS:
 Windows 11 , 64 bit Build 26100 (10.0.26100.9168)
OS uptime: 0 days 0:57 hours
Hyper-V role detected

CPU: total 8 (initial active 8) (4 cores per cpu, 2 threads per core) family 6 model 140 stepping 2 microcode 0x3c, cx8, cmov, fxsr, ht, mmx, 3dnowpref, sse, sse2, sse3, ssse3, sse4.1, sse4.2, popcnt, lzcnt, tsc, tscinvbit, avx, avx2, aes, erms, clmul, bmi1, bmi2, adx, avx512f, avx512dq, avx512cd, avx512bw, avx512vl, sha, fma, vzeroupper, avx512_vpopcntdq, avx512_vpclmulqdq, avx512_vaes, avx512_vnni, clflush, clflushopt, clwb, avx512_vbmi2, avx512_vbmi, hv
Processor Information for all 8 processors :
  Max Mhz: 2496, Current Mhz: 2496, Mhz Limit: 2496

Memory: 4k page, system-wide physical 7930M (354M free)
TotalPageFile size 32506M (AvailPageFile size 15M)
current process WorkingSet (physical memory assigned to process): 297M, peak: 312M
current process commit charge ("private bytes"): 485M, peak: 551M

vm_info: OpenJDK 64-Bit Server VM (17.0.19+10) for windows-amd64 JRE (17.0.19+10), built on Apr 25 2026 08:04:44 by "admin" with MS VC++ 17.12 (VS2022)

END.
