#
# There is insufficient memory for the Java Runtime Environment to continue.
# Native memory allocation (malloc) failed to allocate 1083056 bytes. Error detail: Chunk::new
# Possible reasons:
#   The system is out of physical RAM or swap space
#   This process is running with CompressedOops enabled, and the Java Heap may be blocking the growth of the native heap
# Possible solutions:
#   Reduce memory load on the system
#   Increase physical memory or swap space
#   Check if swap backing store is full
#   Decrease Java heap size (-Xmx/-Xms)
#   Decrease number of Java threads
#   Decrease Java thread stack sizes (-Xss)
#   Set larger code cache with -XX:ReservedCodeCacheSize=
#   JVM is running with Unscaled Compressed Oops mode in which the Java heap is
#     placed in the first 4GB address space. The Java Heap base address is the
#     maximum limit for the native heap growth. Please use -XX:HeapBaseMinAddress
#     to set the Java Heap base and to place the Java Heap above 4GB virtual address.
# This output file may be truncated or incomplete.
#
#  Out of Memory Error (arena.cpp:168), pid=22948, tid=27920
#
# JRE version: OpenJDK Runtime Environment Temurin-21.0.11+10 (21.0.11+10) (build 21.0.11+10-LTS)
# Java VM: OpenJDK 64-Bit Server VM Temurin-21.0.11+10 (21.0.11+10-LTS, mixed mode, sharing, tiered, compressed oops, compressed class ptrs, g1 gc, windows-amd64)
# No core dump will be written. Minidumps are not enabled by default on client versions of Windows
#

---------------  S U M M A R Y ------------

Command Line: -XX:MaxMetaspaceSize=512m --add-opens=java.base/java.util=ALL-UNNAMED --add-opens=java.base/java.lang=ALL-UNNAMED --add-opens=java.base/java.lang.invoke=ALL-UNNAMED --add-opens=java.prefs/java.util.prefs=ALL-UNNAMED --add-opens=java.base/java.nio.charset=ALL-UNNAMED --add-opens=java.base/java.net=ALL-UNNAMED --add-opens=java.base/java.util.concurrent.atomic=ALL-UNNAMED -Xmx2048m -Dfile.encoding=utf8 -Duser.country=IN -Duser.language=en -Duser.variant -javaagent:C:\Users\Siddhartha\.gradle\wrapper\dists\gradle-8.6-all\3mbtmo166bl6vumsh5k2lkq5h\gradle-8.6\lib\agents\gradle-instrumentation-agent-8.6.jar org.gradle.launcher.daemon.bootstrap.GradleDaemon 8.6

Host: 11th Gen Intel(R) Core(TM) i5-11320H @ 3.20GHz, 8 cores, 7G,  Windows 11 , 64 bit Build 26100 (10.0.26100.9168)
Time: Wed Sep  2 17:31:17 2026 India Standard Time elapsed time: 33.897471 seconds (0d 0h 0m 33s)

---------------  T H R E A D  ---------------

Current thread (0x0000016e73fac490):  JavaThread "C2 CompilerThread1" daemon [_thread_in_native, id=27920, stack(0x0000002165b00000,0x0000002165c00000) (1024K)]


Current CompileTask:
C2:33897 2790       4       java.lang.invoke.MethodType::makeImpl (109 bytes)

Stack: [0x0000002165b00000,0x0000002165c00000]
Native frames: (J=compiled Java code, j=interpreted, Vv=VM code, C=native code)
V  [jvm.dll+0x6d7e19]
V  [jvm.dll+0x8b5096]
V  [jvm.dll+0x8b764e]
V  [jvm.dll+0x8b7d33]
V  [jvm.dll+0x284596]
V  [jvm.dll+0xc685d]
V  [jvm.dll+0xc6da1]
V  [jvm.dll+0x2fb4ee]
V  [jvm.dll+0x5fe9a4]
V  [jvm.dll+0x255d67]
V  [jvm.dll+0x25612d]
V  [jvm.dll+0x24e6a0]
V  [jvm.dll+0x24bbe6]
V  [jvm.dll+0x1cb4ae]
V  [jvm.dll+0x25baad]
V  [jvm.dll+0x25a03a]
V  [jvm.dll+0x3f868e]
V  [jvm.dll+0x85fb0d]
V  [jvm.dll+0x6d664d]
C  [ucrtbase.dll+0x2cd30]
C  [KERNEL32.DLL+0x2ccb7]
C  [ntdll.dll+0xaad6c]


---------------  P R O C E S S  ---------------

Threads class SMR info:
_java_thread_list=0x0000016e748d0a40, length=26, elements={
0x0000016e3c471de0, 0x0000016e53bd1350, 0x0000016e53bd4ee0, 0x0000016e53bd6660,
0x0000016e53bd70c0, 0x0000016e53bd7b20, 0x0000016e53bd8580, 0x0000016e53bd9310,
0x0000016e53be0830, 0x0000016e731a7430, 0x0000016e731d6e50, 0x0000016e7403b620,
0x0000016e73b80820, 0x0000016e73b81910, 0x0000016e733258a0, 0x0000016e7407d610,
0x0000016e7407dc80, 0x0000016e7436d390, 0x0000016e73a45d60, 0x0000016e73a449b0,
0x0000016e73a456d0, 0x0000016e73a47110, 0x0000016e73a43c90, 0x0000016e73a463f0,
0x0000016e73a45040, 0x0000016e73fac490
}

Java Threads: ( => current thread )
  0x0000016e3c471de0 JavaThread "main"                              [_thread_blocked, id=25508, stack(0x0000002163700000,0x0000002163800000) (1024K)]
  0x0000016e53bd1350 JavaThread "Reference Handler"          daemon [_thread_blocked, id=28404, stack(0x0000002163f00000,0x0000002164000000) (1024K)]
  0x0000016e53bd4ee0 JavaThread "Finalizer"                  daemon [_thread_blocked, id=26140, stack(0x0000002164000000,0x0000002164100000) (1024K)]
  0x0000016e53bd6660 JavaThread "Signal Dispatcher"          daemon [_thread_blocked, id=23824, stack(0x0000002164100000,0x0000002164200000) (1024K)]
  0x0000016e53bd70c0 JavaThread "Attach Listener"            daemon [_thread_blocked, id=23152, stack(0x0000002164200000,0x0000002164300000) (1024K)]
  0x0000016e53bd7b20 JavaThread "Service Thread"             daemon [_thread_blocked, id=20024, stack(0x0000002164300000,0x0000002164400000) (1024K)]
  0x0000016e53bd8580 JavaThread "Monitor Deflation Thread"   daemon [_thread_blocked, id=20052, stack(0x0000002164400000,0x0000002164500000) (1024K)]
  0x0000016e53bd9310 JavaThread "C2 CompilerThread0"         daemon [_thread_in_native, id=28808, stack(0x0000002164500000,0x0000002164600000) (1024K)]
  0x0000016e53be0830 JavaThread "C1 CompilerThread0"         daemon [_thread_blocked, id=20664, stack(0x0000002164600000,0x0000002164700000) (1024K)]
  0x0000016e731a7430 JavaThread "Common-Cleaner"             daemon [_thread_blocked, id=28296, stack(0x0000002164700000,0x0000002164800000) (1024K)]
  0x0000016e731d6e50 JavaThread "Notification Thread"        daemon [_thread_blocked, id=17024, stack(0x0000002164800000,0x0000002164900000) (1024K)]
  0x0000016e7403b620 JavaThread "Daemon health stats"               [_thread_blocked, id=23968, stack(0x0000002164d00000,0x0000002164e00000) (1024K)]
  0x0000016e73b80820 JavaThread "Incoming local TCP Connector on port 24857"        [_thread_in_native, id=29284, stack(0x0000002164e00000,0x0000002164f00000) (1024K)]
  0x0000016e73b81910 JavaThread "Daemon periodic checks"            [_thread_blocked, id=28412, stack(0x0000002164f00000,0x0000002165000000) (1024K)]
  0x0000016e733258a0 JavaThread "Daemon"                            [_thread_blocked, id=25796, stack(0x0000002165000000,0x0000002165100000) (1024K)]
  0x0000016e7407d610 JavaThread "Handler for socket connection from /127.0.0.1:24857 to /127.0.0.1:24860"        [_thread_in_native, id=28728, stack(0x0000002165100000,0x0000002165200000) (1024K)]
  0x0000016e7407dc80 JavaThread "Cancel handler"                    [_thread_blocked, id=28508, stack(0x0000002165200000,0x0000002165300000) (1024K)]
  0x0000016e7436d390 JavaThread "Daemon worker"                     [_thread_in_native, id=23004, stack(0x0000002165300000,0x0000002165400000) (1024K)]
  0x0000016e73a45d60 JavaThread "Asynchronous log dispatcher for DefaultDaemonConnection: socket connection from /127.0.0.1:24857 to /127.0.0.1:24860"        [_thread_blocked, id=29628, stack(0x0000002165400000,0x0000002165500000) (1024K)]
  0x0000016e73a449b0 JavaThread "Stdin handler"                     [_thread_blocked, id=20304, stack(0x0000002165500000,0x0000002165600000) (1024K)]
  0x0000016e73a456d0 JavaThread "Daemon client event forwarder"        [_thread_blocked, id=23576, stack(0x0000002165600000,0x0000002165700000) (1024K)]
  0x0000016e73a47110 JavaThread "Cache worker for journal cache (C:\Users\Siddhartha\.gradle\caches\journal-1)"        [_thread_blocked, id=24384, stack(0x0000002165700000,0x0000002165800000) (1024K)]
  0x0000016e73a43c90 JavaThread "File lock request listener"        [_thread_in_native, id=24564, stack(0x0000002165800000,0x0000002165900000) (1024K)]
  0x0000016e73a463f0 JavaThread "Cache worker for file hash cache (C:\Users\Siddhartha\.gradle\caches\8.6\fileHashes)"        [_thread_blocked, id=25032, stack(0x0000002165900000,0x0000002165a00000) (1024K)]
  0x0000016e73a45040 JavaThread "File lock release action executor"        [_thread_blocked, id=16668, stack(0x0000002165a00000,0x0000002165b00000) (1024K)]
=>0x0000016e73fac490 JavaThread "C2 CompilerThread1"         daemon [_thread_in_native, id=27920, stack(0x0000002165b00000,0x0000002165c00000) (1024K)]
Total: 26

Other Threads:
  0x0000016e53bae780 VMThread "VM Thread"                           [id=11392, stack(0x0000002163e00000,0x0000002163f00000) (1024K)]
  0x0000016e53b9cd30 WatcherThread "VM Periodic Task Thread"        [id=26812, stack(0x0000002163d00000,0x0000002163e00000) (1024K)]
  0x0000016e3c4ca4f0 WorkerThread "GC Thread#0"                     [id=20036, stack(0x0000002163800000,0x0000002163900000) (1024K)]
  0x0000016e730d8b10 WorkerThread "GC Thread#1"                     [id=25920, stack(0x0000002164900000,0x0000002164a00000) (1024K)]
  0x0000016e73238a30 WorkerThread "GC Thread#2"                     [id=24072, stack(0x0000002164a00000,0x0000002164b00000) (1024K)]
  0x0000016e73c008a0 WorkerThread "GC Thread#3"                     [id=5512, stack(0x0000002164b00000,0x0000002164c00000) (1024K)]
  0x0000016e73161140 WorkerThread "GC Thread#4"                     [id=26752, stack(0x0000002164c00000,0x0000002164d00000) (1024K)]
  0x0000016e76b6ff30 WorkerThread "GC Thread#5"                     [id=25672, stack(0x0000002165c00000,0x0000002165d00000) (1024K)]
  0x0000016e76a51a00 WorkerThread "GC Thread#6"                     [id=28964, stack(0x0000002165d00000,0x0000002165e00000) (1024K)]
  0x0000016e76a51db0 WorkerThread "GC Thread#7"                     [id=28440, stack(0x0000002165e00000,0x0000002165f00000) (1024K)]
  0x0000016e3c4db3f0 ConcurrentGCThread "G1 Main Marker"            [id=29068, stack(0x0000002163900000,0x0000002163a00000) (1024K)]
  0x0000016e3c4dbe10 WorkerThread "G1 Conc#0"                       [id=23644, stack(0x0000002163a00000,0x0000002163b00000) (1024K)]
  0x0000016e53a69520 ConcurrentGCThread "G1 Refine#0"               [id=28608, stack(0x0000002163b00000,0x0000002163c00000) (1024K)]
  0x0000016e53a69d50 ConcurrentGCThread "G1 Service"                [id=28012, stack(0x0000002163c00000,0x0000002163d00000) (1024K)]
Total: 14

Threads with active compile tasks:
C2 CompilerThread0  33945 2672   !   4       java.lang.ClassLoader::loadClass (121 bytes)
C2 CompilerThread1  33945 2790       4       java.lang.invoke.MethodType::makeImpl (109 bytes)
Total: 2

VM state: not at safepoint (normal execution)

VM Mutex/Monitor currently owned by a thread: None

Heap address: 0x0000000080000000, size: 2048 MB, Compressed Oops mode: 32-bit

CDS archive(s) mapped at: [0x0000016e54000000-0x0000016e54ba0000-0x0000016e54ba0000), size 12189696, SharedBaseAddress: 0x0000016e54000000, ArchiveRelocationMode: 1.
Compressed class space mapped at: 0x0000016e55000000-0x0000016e6f000000, reserved size: 436207616
Narrow klass base: 0x0000016e54000000, Narrow klass shift: 0, Narrow klass range: 0x100000000

GC Precious Log:
 CardTable entry size: 512
 Card Set container configuration: InlinePtr #cards 5 size 8 Array Of Cards #cards 12 size 40 Howl #buckets 4 coarsen threshold 1843 Howl Bitmap #cards 512 size 80 coarsen threshold 460 Card regions per heap region 1 cards per card region 2048
 CPUs: 8 total, 8 available
 Memory: 7930M
 Large Page Support: Disabled
 NUMA Support: Disabled
 Compressed Oops: Enabled (32-bit)
 Heap Region Size: 1M
 Heap Min Capacity: 8M
 Heap Initial Capacity: 124M
 Heap Max Capacity: 2G
 Pre-touch: Disabled
 Parallel Workers: 8
 Concurrent Workers: 2
 Concurrent Refinement Workers: 8
 Periodic GC: Disabled

Heap:
 garbage-first heap   total 126976K, used 20639K [0x0000000080000000, 0x0000000100000000)
  region size 1024K, 11 young (11264K), 10 survivors (10240K)
 Metaspace       used 16373K, committed 16896K, reserved 491520K
  class space    used 2328K, committed 2560K, reserved 425984K

Heap Regions: E=young(eden), S=young(survivor), O=old, HS=humongous(starts), HC=humongous(continues), CS=collection set, F=free, TAMS=top-at-mark-start, PB=parsable bottom
|   0|0x0000000080000000, 0x0000000080100000, 0x0000000080100000|100%|HS|  |TAMS 0x0000000080000000| PB 0x0000000080000000| Complete 
|   1|0x0000000080100000, 0x0000000080200000, 0x0000000080200000|100%|HC|  |TAMS 0x0000000080100000| PB 0x0000000080100000| Complete 
|   2|0x0000000080200000, 0x0000000080300000, 0x0000000080300000|100%|HC|  |TAMS 0x0000000080200000| PB 0x0000000080200000| Complete 
|   3|0x0000000080300000, 0x0000000080400000, 0x0000000080400000|100%|HC|  |TAMS 0x0000000080300000| PB 0x0000000080300000| Complete 
|   4|0x0000000080400000, 0x0000000080500000, 0x0000000080500000|100%| O|  |TAMS 0x0000000080400000| PB 0x0000000080400000| Untracked 
|   5|0x0000000080500000, 0x0000000080600000, 0x0000000080600000|100%| O|  |TAMS 0x0000000080500000| PB 0x0000000080500000| Untracked 
|   6|0x0000000080600000, 0x0000000080700000, 0x0000000080700000|100%| O|  |TAMS 0x0000000080600000| PB 0x0000000080600000| Untracked 
|   7|0x0000000080700000, 0x0000000080800000, 0x0000000080800000|100%| O|  |TAMS 0x0000000080700000| PB 0x0000000080700000| Untracked 
|   8|0x0000000080800000, 0x0000000080900000, 0x0000000080900000|100%| O|  |TAMS 0x0000000080800000| PB 0x0000000080800000| Untracked 
|   9|0x0000000080900000, 0x0000000080a00000, 0x0000000080a00000|100%| O|  |TAMS 0x0000000080900000| PB 0x0000000080900000| Untracked 
|  10|0x0000000080a00000, 0x0000000080a27ea8, 0x0000000080b00000| 15%| O|  |TAMS 0x0000000080a00000| PB 0x0000000080a00000| Untracked 
|  11|0x0000000080b00000, 0x0000000080b00000, 0x0000000080c00000|  0%| F|  |TAMS 0x0000000080b00000| PB 0x0000000080b00000| Untracked 
|  12|0x0000000080c00000, 0x0000000080c00000, 0x0000000080d00000|  0%| F|  |TAMS 0x0000000080c00000| PB 0x0000000080c00000| Untracked 
|  13|0x0000000080d00000, 0x0000000080d00000, 0x0000000080e00000|  0%| F|  |TAMS 0x0000000080d00000| PB 0x0000000080d00000| Untracked 
|  14|0x0000000080e00000, 0x0000000080e00000, 0x0000000080f00000|  0%| F|  |TAMS 0x0000000080e00000| PB 0x0000000080e00000| Untracked 
|  15|0x0000000080f00000, 0x0000000080f00000, 0x0000000081000000|  0%| F|  |TAMS 0x0000000080f00000| PB 0x0000000080f00000| Untracked 
|  16|0x0000000081000000, 0x0000000081000000, 0x0000000081100000|  0%| F|  |TAMS 0x0000000081000000| PB 0x0000000081000000| Untracked 
|  17|0x0000000081100000, 0x0000000081100000, 0x0000000081200000|  0%| F|  |TAMS 0x0000000081100000| PB 0x0000000081100000| Untracked 
|  18|0x0000000081200000, 0x0000000081200000, 0x0000000081300000|  0%| F|  |TAMS 0x0000000081200000| PB 0x0000000081200000| Untracked 
|  19|0x0000000081300000, 0x0000000081300000, 0x0000000081400000|  0%| F|  |TAMS 0x0000000081300000| PB 0x0000000081300000| Untracked 
|  20|0x0000000081400000, 0x0000000081400000, 0x0000000081500000|  0%| F|  |TAMS 0x0000000081400000| PB 0x0000000081400000| Untracked 
|  21|0x0000000081500000, 0x0000000081500000, 0x0000000081600000|  0%| F|  |TAMS 0x0000000081500000| PB 0x0000000081500000| Untracked 
|  22|0x0000000081600000, 0x0000000081600000, 0x0000000081700000|  0%| F|  |TAMS 0x0000000081600000| PB 0x0000000081600000| Untracked 
|  23|0x0000000081700000, 0x0000000081700000, 0x0000000081800000|  0%| F|  |TAMS 0x0000000081700000| PB 0x0000000081700000| Untracked 
|  24|0x0000000081800000, 0x0000000081800000, 0x0000000081900000|  0%| F|  |TAMS 0x0000000081800000| PB 0x0000000081800000| Untracked 
|  25|0x0000000081900000, 0x0000000081900000, 0x0000000081a00000|  0%| F|  |TAMS 0x0000000081900000| PB 0x0000000081900000| Untracked 
|  26|0x0000000081a00000, 0x0000000081a00000, 0x0000000081b00000|  0%| F|  |TAMS 0x0000000081a00000| PB 0x0000000081a00000| Untracked 
|  27|0x0000000081b00000, 0x0000000081b00000, 0x0000000081c00000|  0%| F|  |TAMS 0x0000000081b00000| PB 0x0000000081b00000| Untracked 
|  28|0x0000000081c00000, 0x0000000081c00000, 0x0000000081d00000|  0%| F|  |TAMS 0x0000000081c00000| PB 0x0000000081c00000| Untracked 
|  29|0x0000000081d00000, 0x0000000081d00000, 0x0000000081e00000|  0%| F|  |TAMS 0x0000000081d00000| PB 0x0000000081d00000| Untracked 
|  30|0x0000000081e00000, 0x0000000081e00000, 0x0000000081f00000|  0%| F|  |TAMS 0x0000000081e00000| PB 0x0000000081e00000| Untracked 
|  31|0x0000000081f00000, 0x0000000081f00000, 0x0000000082000000|  0%| F|  |TAMS 0x0000000081f00000| PB 0x0000000081f00000| Untracked 
|  32|0x0000000082000000, 0x0000000082000000, 0x0000000082100000|  0%| F|  |TAMS 0x0000000082000000| PB 0x0000000082000000| Untracked 
|  33|0x0000000082100000, 0x0000000082100000, 0x0000000082200000|  0%| F|  |TAMS 0x0000000082100000| PB 0x0000000082100000| Untracked 
|  34|0x0000000082200000, 0x0000000082200000, 0x0000000082300000|  0%| F|  |TAMS 0x0000000082200000| PB 0x0000000082200000| Untracked 
|  35|0x0000000082300000, 0x0000000082300000, 0x0000000082400000|  0%| F|  |TAMS 0x0000000082300000| PB 0x0000000082300000| Untracked 
|  36|0x0000000082400000, 0x0000000082400000, 0x0000000082500000|  0%| F|  |TAMS 0x0000000082400000| PB 0x0000000082400000| Untracked 
|  37|0x0000000082500000, 0x0000000082500000, 0x0000000082600000|  0%| F|  |TAMS 0x0000000082500000| PB 0x0000000082500000| Untracked 
|  38|0x0000000082600000, 0x0000000082600000, 0x0000000082700000|  0%| F|  |TAMS 0x0000000082600000| PB 0x0000000082600000| Untracked 
|  39|0x0000000082700000, 0x0000000082700000, 0x0000000082800000|  0%| F|  |TAMS 0x0000000082700000| PB 0x0000000082700000| Untracked 
|  40|0x0000000082800000, 0x0000000082900000, 0x0000000082900000|100%| S|CS|TAMS 0x0000000082800000| PB 0x0000000082800000| Complete 
|  41|0x0000000082900000, 0x0000000082a00000, 0x0000000082a00000|100%| S|CS|TAMS 0x0000000082900000| PB 0x0000000082900000| Complete 
|  42|0x0000000082a00000, 0x0000000082b00000, 0x0000000082b00000|100%| S|CS|TAMS 0x0000000082a00000| PB 0x0000000082a00000| Complete 
|  43|0x0000000082b00000, 0x0000000082c00000, 0x0000000082c00000|100%| S|CS|TAMS 0x0000000082b00000| PB 0x0000000082b00000| Complete 
|  44|0x0000000082c00000, 0x0000000082d00000, 0x0000000082d00000|100%| S|CS|TAMS 0x0000000082c00000| PB 0x0000000082c00000| Complete 
|  45|0x0000000082d00000, 0x0000000082e00000, 0x0000000082e00000|100%| S|CS|TAMS 0x0000000082d00000| PB 0x0000000082d00000| Complete 
|  46|0x0000000082e00000, 0x0000000082f00000, 0x0000000082f00000|100%| S|CS|TAMS 0x0000000082e00000| PB 0x0000000082e00000| Complete 
|  47|0x0000000082f00000, 0x0000000083000000, 0x0000000083000000|100%| S|CS|TAMS 0x0000000082f00000| PB 0x0000000082f00000| Complete 
|  48|0x0000000083000000, 0x0000000083100000, 0x0000000083100000|100%| S|CS|TAMS 0x0000000083000000| PB 0x0000000083000000| Complete 
|  49|0x0000000083100000, 0x0000000083200000, 0x0000000083200000|100%| S|CS|TAMS 0x0000000083100000| PB 0x0000000083100000| Complete 
|  50|0x0000000083200000, 0x0000000083200000, 0x0000000083300000|  0%| F|  |TAMS 0x0000000083200000| PB 0x0000000083200000| Untracked 
|  51|0x0000000083300000, 0x0000000083300000, 0x0000000083400000|  0%| F|  |TAMS 0x0000000083300000| PB 0x0000000083300000| Untracked 
|  52|0x0000000083400000, 0x0000000083400000, 0x0000000083500000|  0%| F|  |TAMS 0x0000000083400000| PB 0x0000000083400000| Untracked 
|  53|0x0000000083500000, 0x0000000083500000, 0x0000000083600000|  0%| F|  |TAMS 0x0000000083500000| PB 0x0000000083500000| Untracked 
|  54|0x0000000083600000, 0x0000000083600000, 0x0000000083700000|  0%| F|  |TAMS 0x0000000083600000| PB 0x0000000083600000| Untracked 
|  55|0x0000000083700000, 0x0000000083700000, 0x0000000083800000|  0%| F|  |TAMS 0x0000000083700000| PB 0x0000000083700000| Untracked 
|  56|0x0000000083800000, 0x0000000083800000, 0x0000000083900000|  0%| F|  |TAMS 0x0000000083800000| PB 0x0000000083800000| Untracked 
|  57|0x0000000083900000, 0x0000000083900000, 0x0000000083a00000|  0%| F|  |TAMS 0x0000000083900000| PB 0x0000000083900000| Untracked 
|  58|0x0000000083a00000, 0x0000000083a00000, 0x0000000083b00000|  0%| F|  |TAMS 0x0000000083a00000| PB 0x0000000083a00000| Untracked 
|  59|0x0000000083b00000, 0x0000000083b00000, 0x0000000083c00000|  0%| F|  |TAMS 0x0000000083b00000| PB 0x0000000083b00000| Untracked 
|  60|0x0000000083c00000, 0x0000000083c00000, 0x0000000083d00000|  0%| F|  |TAMS 0x0000000083c00000| PB 0x0000000083c00000| Untracked 
|  61|0x0000000083d00000, 0x0000000083d00000, 0x0000000083e00000|  0%| F|  |TAMS 0x0000000083d00000| PB 0x0000000083d00000| Untracked 
|  62|0x0000000083e00000, 0x0000000083e00000, 0x0000000083f00000|  0%| F|  |TAMS 0x0000000083e00000| PB 0x0000000083e00000| Untracked 
|  63|0x0000000083f00000, 0x0000000083f00000, 0x0000000084000000|  0%| F|  |TAMS 0x0000000083f00000| PB 0x0000000083f00000| Untracked 
|  64|0x0000000084000000, 0x0000000084000000, 0x0000000084100000|  0%| F|  |TAMS 0x0000000084000000| PB 0x0000000084000000| Untracked 
|  65|0x0000000084100000, 0x0000000084100000, 0x0000000084200000|  0%| F|  |TAMS 0x0000000084100000| PB 0x0000000084100000| Untracked 
|  66|0x0000000084200000, 0x0000000084200000, 0x0000000084300000|  0%| F|  |TAMS 0x0000000084200000| PB 0x0000000084200000| Untracked 
|  67|0x0000000084300000, 0x0000000084300000, 0x0000000084400000|  0%| F|  |TAMS 0x0000000084300000| PB 0x0000000084300000| Untracked 
|  68|0x0000000084400000, 0x0000000084400000, 0x0000000084500000|  0%| F|  |TAMS 0x0000000084400000| PB 0x0000000084400000| Untracked 
|  69|0x0000000084500000, 0x0000000084500000, 0x0000000084600000|  0%| F|  |TAMS 0x0000000084500000| PB 0x0000000084500000| Untracked 
|  70|0x0000000084600000, 0x0000000084600000, 0x0000000084700000|  0%| F|  |TAMS 0x0000000084600000| PB 0x0000000084600000| Untracked 
|  71|0x0000000084700000, 0x0000000084700000, 0x0000000084800000|  0%| F|  |TAMS 0x0000000084700000| PB 0x0000000084700000| Untracked 
|  72|0x0000000084800000, 0x0000000084800000, 0x0000000084900000|  0%| F|  |TAMS 0x0000000084800000| PB 0x0000000084800000| Untracked 
|  73|0x0000000084900000, 0x0000000084900000, 0x0000000084a00000|  0%| F|  |TAMS 0x0000000084900000| PB 0x0000000084900000| Untracked 
|  74|0x0000000084a00000, 0x0000000084a00000, 0x0000000084b00000|  0%| F|  |TAMS 0x0000000084a00000| PB 0x0000000084a00000| Untracked 
|  75|0x0000000084b00000, 0x0000000084b00000, 0x0000000084c00000|  0%| F|  |TAMS 0x0000000084b00000| PB 0x0000000084b00000| Untracked 
|  76|0x0000000084c00000, 0x0000000084c00000, 0x0000000084d00000|  0%| F|  |TAMS 0x0000000084c00000| PB 0x0000000084c00000| Untracked 
|  77|0x0000000084d00000, 0x0000000084d00000, 0x0000000084e00000|  0%| F|  |TAMS 0x0000000084d00000| PB 0x0000000084d00000| Untracked 
|  78|0x0000000084e00000, 0x0000000084e00000, 0x0000000084f00000|  0%| F|  |TAMS 0x0000000084e00000| PB 0x0000000084e00000| Untracked 
|  79|0x0000000084f00000, 0x0000000084f00000, 0x0000000085000000|  0%| F|  |TAMS 0x0000000084f00000| PB 0x0000000084f00000| Untracked 
|  80|0x0000000085000000, 0x0000000085000000, 0x0000000085100000|  0%| F|  |TAMS 0x0000000085000000| PB 0x0000000085000000| Untracked 
|  81|0x0000000085100000, 0x0000000085100000, 0x0000000085200000|  0%| F|  |TAMS 0x0000000085100000| PB 0x0000000085100000| Untracked 
|  82|0x0000000085200000, 0x0000000085200000, 0x0000000085300000|  0%| F|  |TAMS 0x0000000085200000| PB 0x0000000085200000| Untracked 
|  83|0x0000000085300000, 0x0000000085300000, 0x0000000085400000|  0%| F|  |TAMS 0x0000000085300000| PB 0x0000000085300000| Untracked 
|  84|0x0000000085400000, 0x0000000085400000, 0x0000000085500000|  0%| F|  |TAMS 0x0000000085400000| PB 0x0000000085400000| Untracked 
|  85|0x0000000085500000, 0x0000000085500000, 0x0000000085600000|  0%| F|  |TAMS 0x0000000085500000| PB 0x0000000085500000| Untracked 
|  86|0x0000000085600000, 0x0000000085600000, 0x0000000085700000|  0%| F|  |TAMS 0x0000000085600000| PB 0x0000000085600000| Untracked 
|  87|0x0000000085700000, 0x0000000085700000, 0x0000000085800000|  0%| F|  |TAMS 0x0000000085700000| PB 0x0000000085700000| Untracked 
|  88|0x0000000085800000, 0x0000000085800000, 0x0000000085900000|  0%| F|  |TAMS 0x0000000085800000| PB 0x0000000085800000| Untracked 
|  89|0x0000000085900000, 0x0000000085900000, 0x0000000085a00000|  0%| F|  |TAMS 0x0000000085900000| PB 0x0000000085900000| Untracked 
|  90|0x0000000085a00000, 0x0000000085a00000, 0x0000000085b00000|  0%| F|  |TAMS 0x0000000085a00000| PB 0x0000000085a00000| Untracked 
|  91|0x0000000085b00000, 0x0000000085b00000, 0x0000000085c00000|  0%| F|  |TAMS 0x0000000085b00000| PB 0x0000000085b00000| Untracked 
|  92|0x0000000085c00000, 0x0000000085c00000, 0x0000000085d00000|  0%| F|  |TAMS 0x0000000085c00000| PB 0x0000000085c00000| Untracked 
|  93|0x0000000085d00000, 0x0000000085d00000, 0x0000000085e00000|  0%| F|  |TAMS 0x0000000085d00000| PB 0x0000000085d00000| Untracked 
|  94|0x0000000085e00000, 0x0000000085e00000, 0x0000000085f00000|  0%| F|  |TAMS 0x0000000085e00000| PB 0x0000000085e00000| Untracked 
|  95|0x0000000085f00000, 0x0000000085f00000, 0x0000000086000000|  0%| F|  |TAMS 0x0000000085f00000| PB 0x0000000085f00000| Untracked 
|  96|0x0000000086000000, 0x0000000086000000, 0x0000000086100000|  0%| F|  |TAMS 0x0000000086000000| PB 0x0000000086000000| Untracked 
|  97|0x0000000086100000, 0x0000000086100000, 0x0000000086200000|  0%| F|  |TAMS 0x0000000086100000| PB 0x0000000086100000| Untracked 
|  98|0x0000000086200000, 0x0000000086200000, 0x0000000086300000|  0%| F|  |TAMS 0x0000000086200000| PB 0x0000000086200000| Untracked 
|  99|0x0000000086300000, 0x0000000086300000, 0x0000000086400000|  0%| F|  |TAMS 0x0000000086300000| PB 0x0000000086300000| Untracked 
| 100|0x0000000086400000, 0x0000000086400000, 0x0000000086500000|  0%| F|  |TAMS 0x0000000086400000| PB 0x0000000086400000| Untracked 
| 101|0x0000000086500000, 0x0000000086500000, 0x0000000086600000|  0%| F|  |TAMS 0x0000000086500000| PB 0x0000000086500000| Untracked 
| 102|0x0000000086600000, 0x0000000086600000, 0x0000000086700000|  0%| F|  |TAMS 0x0000000086600000| PB 0x0000000086600000| Untracked 
| 103|0x0000000086700000, 0x0000000086700000, 0x0000000086800000|  0%| F|  |TAMS 0x0000000086700000| PB 0x0000000086700000| Untracked 
| 104|0x0000000086800000, 0x0000000086800000, 0x0000000086900000|  0%| F|  |TAMS 0x0000000086800000| PB 0x0000000086800000| Untracked 
| 105|0x0000000086900000, 0x0000000086900000, 0x0000000086a00000|  0%| F|  |TAMS 0x0000000086900000| PB 0x0000000086900000| Untracked 
| 106|0x0000000086a00000, 0x0000000086a00000, 0x0000000086b00000|  0%| F|  |TAMS 0x0000000086a00000| PB 0x0000000086a00000| Untracked 
| 107|0x0000000086b00000, 0x0000000086b00000, 0x0000000086c00000|  0%| F|  |TAMS 0x0000000086b00000| PB 0x0000000086b00000| Untracked 
| 108|0x0000000086c00000, 0x0000000086c00000, 0x0000000086d00000|  0%| F|  |TAMS 0x0000000086c00000| PB 0x0000000086c00000| Untracked 
| 109|0x0000000086d00000, 0x0000000086d00000, 0x0000000086e00000|  0%| F|  |TAMS 0x0000000086d00000| PB 0x0000000086d00000| Untracked 
| 110|0x0000000086e00000, 0x0000000086e00000, 0x0000000086f00000|  0%| F|  |TAMS 0x0000000086e00000| PB 0x0000000086e00000| Untracked 
| 111|0x0000000086f00000, 0x0000000086f00000, 0x0000000087000000|  0%| F|  |TAMS 0x0000000086f00000| PB 0x0000000086f00000| Untracked 
| 112|0x0000000087000000, 0x0000000087000000, 0x0000000087100000|  0%| F|  |TAMS 0x0000000087000000| PB 0x0000000087000000| Untracked 
| 113|0x0000000087100000, 0x0000000087100000, 0x0000000087200000|  0%| F|  |TAMS 0x0000000087100000| PB 0x0000000087100000| Untracked 
| 114|0x0000000087200000, 0x0000000087200000, 0x0000000087300000|  0%| F|  |TAMS 0x0000000087200000| PB 0x0000000087200000| Untracked 
| 115|0x0000000087300000, 0x0000000087300000, 0x0000000087400000|  0%| F|  |TAMS 0x0000000087300000| PB 0x0000000087300000| Untracked 
| 116|0x0000000087400000, 0x0000000087400000, 0x0000000087500000|  0%| F|  |TAMS 0x0000000087400000| PB 0x0000000087400000| Untracked 
| 117|0x0000000087500000, 0x0000000087500000, 0x0000000087600000|  0%| F|  |TAMS 0x0000000087500000| PB 0x0000000087500000| Untracked 
| 118|0x0000000087600000, 0x0000000087600000, 0x0000000087700000|  0%| F|  |TAMS 0x0000000087600000| PB 0x0000000087600000| Untracked 
| 119|0x0000000087700000, 0x0000000087700000, 0x0000000087800000|  0%| F|  |TAMS 0x0000000087700000| PB 0x0000000087700000| Untracked 
| 120|0x0000000087800000, 0x0000000087800000, 0x0000000087900000|  0%| F|  |TAMS 0x0000000087800000| PB 0x0000000087800000| Untracked 
| 121|0x0000000087900000, 0x0000000087900000, 0x0000000087a00000|  0%| F|  |TAMS 0x0000000087900000| PB 0x0000000087900000| Untracked 
| 122|0x0000000087a00000, 0x0000000087a00000, 0x0000000087b00000|  0%| F|  |TAMS 0x0000000087a00000| PB 0x0000000087a00000| Untracked 
| 123|0x0000000087b00000, 0x0000000087c00000, 0x0000000087c00000|100%| E|  |TAMS 0x0000000087b00000| PB 0x0000000087b00000| Complete 

Card table byte_map: [0x0000016e4eda0000,0x0000016e4f1a0000] _byte_map_base: 0x0000016e4e9a0000

Marking Bits: (CMBitMap*) 0x0000016e3c4cab10
 Bits: [0x0000016e4f1a0000, 0x0000016e511a0000)

Polling page: 0x0000016e3a270000

Metaspace:

Usage:
  Non-class:     13.73 MB used.
      Class:      2.28 MB used.
       Both:     16.01 MB used.

Virtual space:
  Non-class space:       64.00 MB reserved,      14.00 MB ( 22%) committed,  1 nodes.
      Class space:      416.00 MB reserved,       2.50 MB ( <1%) committed,  1 nodes.
             Both:      480.00 MB reserved,      16.50 MB (  3%) committed. 

Chunk freelists:
   Non-Class:  1.88 MB
       Class:  13.55 MB
        Both:  15.42 MB

MaxMetaspaceSize: 512.00 MB
CompressedClassSpaceSize: 416.00 MB
Initial GC threshold: 21.00 MB
Current GC threshold: 21.00 MB
CDS: on
 - commit_granule_bytes: 65536.
 - commit_granule_words: 8192.
 - virtual_space_node_default_size: 8388608.
 - enlarge_chunks_in_place: 1.
 - use_allocation_guard: 0.


Internal statistics:

num_allocs_failed_limit: 0.
num_arena_births: 598.
num_arena_deaths: 0.
num_vsnodes_births: 2.
num_vsnodes_deaths: 0.
num_space_committed: 264.
num_space_uncommitted: 0.
num_chunks_returned_to_freelist: 0.
num_chunks_taken_from_freelist: 1176.
num_chunk_merges: 0.
num_chunk_splits: 768.
num_chunks_enlarged: 527.
num_inconsistent_stats: 0.

CodeHeap 'non-profiled nmethods': size=120000Kb used=1386Kb max_used=1386Kb free=118613Kb
 bounds [0x0000016e47140000, 0x0000016e473b0000, 0x0000016e4e670000]
CodeHeap 'profiled nmethods': size=120000Kb used=5589Kb max_used=5589Kb free=114410Kb
 bounds [0x0000016e3f670000, 0x0000016e3fbf0000, 0x0000016e46ba0000]
CodeHeap 'non-nmethods': size=5760Kb used=1539Kb max_used=1589Kb free=4220Kb
 bounds [0x0000016e46ba0000, 0x0000016e46e10000, 0x0000016e47140000]
CodeCache: size=245760Kb, used=8514Kb, max_used=8564Kb, free=237243Kb
 total_blobs=3383, nmethods=2821, adapters=466, full_count=0
Compilation: enabled, stopped_count=0, restarted_count=0

Compilation events (20 events):
Event: 32.805 Thread 0x0000016e53be0830 nmethod 2803 0x0000016e3fbde190 code [0x0000016e3fbde340, 0x0000016e3fbde4f0]
Event: 32.805 Thread 0x0000016e53be0830 2804       3       java.lang.StringBuilder::append (8 bytes)
Event: 32.805 Thread 0x0000016e53be0830 nmethod 2804 0x0000016e3fbde610 code [0x0000016e3fbde7c0, 0x0000016e3fbde910]
Event: 32.816 Thread 0x0000016e53be0830 2805       3       java.lang.AbstractStringBuilder::append (54 bytes)
Event: 32.816 Thread 0x0000016e53be0830 nmethod 2805 0x0000016e3fbde990 code [0x0000016e3fbdebc0, 0x0000016e3fbdf500]
Event: 32.816 Thread 0x0000016e53be0830 2806       1       java.util.Formatter$FixedString::index (3 bytes)
Event: 32.816 Thread 0x0000016e53be0830 nmethod 2806 0x0000016e47286c90 code [0x0000016e47286e20, 0x0000016e47286ee8]
Event: 32.833 Thread 0x0000016e53be0830 2807       3       java.lang.Long::valueOf (40 bytes)
Event: 32.834 Thread 0x0000016e53be0830 nmethod 2807 0x0000016e3fbdf690 code [0x0000016e3fbdf860, 0x0000016e3fbdfb98]
Event: 32.835 Thread 0x0000016e53be0830 2808       3       org.gradle.internal.serialize.AbstractDecoder::readSmallInt (5 bytes)
Event: 32.835 Thread 0x0000016e53be0830 nmethod 2808 0x0000016e3fbdfd10 code [0x0000016e3fbdfec0, 0x0000016e3fbe0088]
Event: 32.837 Thread 0x0000016e53be0830 2809       3       org.gradle.internal.serialize.AbstractDecoder::readNullableString (14 bytes)
Event: 32.837 Thread 0x0000016e53be0830 nmethod 2809 0x0000016e3fbe0110 code [0x0000016e3fbe02e0, 0x0000016e3fbe05d8]
Event: 32.847 Thread 0x0000016e53be0830 2812       3       java.lang.invoke.DirectMethodHandle$Holder::invokeStatic (17 bytes)
Event: 32.848 Thread 0x0000016e53be0830 nmethod 2812 0x0000016e3fbe0690 code [0x0000016e3fbe0860, 0x0000016e3fbe0d08]
Event: 32.903 Thread 0x0000016e53be0830 2813       3       java.lang.invoke.LambdaForm$MH/0x0000016e550d8800::invoke (32 bytes)
Event: 32.904 Thread 0x0000016e53be0830 nmethod 2813 0x0000016e3fbe0e10 code [0x0000016e3fbe0fe0, 0x0000016e3fbe14a0]
Event: 32.943 Thread 0x0000016e53be0830 2814       3       java.lang.invoke.DirectMethodHandle$Holder::invokeStatic (21 bytes)
Event: 33.894 Thread 0x0000016e53be0830 nmethod 2814 0x0000016e3fbe1610 code [0x0000016e3fbe17e0, 0x0000016e3fbe1cc0]
Event: 33.894 Thread 0x0000016e53be0830 2815       3       java.lang.StringConcatHelper::prepend (22 bytes)

GC Heap History (4 events):
Event: 11.551 GC heap before
{Heap before GC invocations=0 (full 0):
 garbage-first heap   total 126976K, used 26624K [0x0000000080000000, 0x0000000100000000)
  region size 1024K, 23 young (23552K), 0 survivors (0K)
 Metaspace       used 3168K, committed 3328K, reserved 491520K
  class space    used 416K, committed 448K, reserved 425984K
}
Event: 11.622 GC heap after
{Heap after GC invocations=1 (full 0):
 garbage-first heap   total 126976K, used 10240K [0x0000000080000000, 0x0000000100000000)
  region size 1024K, 3 young (3072K), 3 survivors (3072K)
 Metaspace       used 3168K, committed 3328K, reserved 491520K
  class space    used 416K, committed 448K, reserved 425984K
}
Event: 14.306 GC heap before
{Heap before GC invocations=1 (full 0):
 garbage-first heap   total 126976K, used 37888K [0x0000000080000000, 0x0000000100000000)
  region size 1024K, 31 young (31744K), 3 survivors (3072K)
 Metaspace       used 4094K, committed 4352K, reserved 491520K
  class space    used 514K, committed 640K, reserved 425984K
}
Event: 14.314 GC heap after
{Heap after GC invocations=2 (full 0):
 garbage-first heap   total 126976K, used 11095K [0x0000000080000000, 0x0000000100000000)
  region size 1024K, 1 young (1024K), 1 survivors (1024K)
 Metaspace       used 4094K, committed 4352K, reserved 491520K
  class space    used 514K, committed 640K, reserved 425984K
}

Dll operation events (14 events):
Event: 0.062 Loaded shared library C:\Users\Siddhartha\.vscode\extensions\redhat.java-1.55.0-win32-x64\jre\21.0.11-win32-x86_64\bin\java.dll
Event: 0.738 Loaded shared library C:\Users\Siddhartha\.vscode\extensions\redhat.java-1.55.0-win32-x64\jre\21.0.11-win32-x86_64\bin\zip.dll
Event: 0.841 Loaded shared library C:\Users\Siddhartha\.vscode\extensions\redhat.java-1.55.0-win32-x64\jre\21.0.11-win32-x86_64\bin\instrument.dll
Event: 0.903 Loaded shared library C:\Users\Siddhartha\.vscode\extensions\redhat.java-1.55.0-win32-x64\jre\21.0.11-win32-x86_64\bin\net.dll
Event: 0.934 Loaded shared library C:\Users\Siddhartha\.vscode\extensions\redhat.java-1.55.0-win32-x64\jre\21.0.11-win32-x86_64\bin\nio.dll
Event: 0.941 Loaded shared library C:\Users\Siddhartha\.vscode\extensions\redhat.java-1.55.0-win32-x64\jre\21.0.11-win32-x86_64\bin\zip.dll
Event: 3.091 Loaded shared library C:\Users\Siddhartha\.vscode\extensions\redhat.java-1.55.0-win32-x64\jre\21.0.11-win32-x86_64\bin\jimage.dll
Event: 5.625 Loaded shared library C:\Users\Siddhartha\.vscode\extensions\redhat.java-1.55.0-win32-x64\jre\21.0.11-win32-x86_64\bin\verify.dll
Event: 9.358 Loaded shared library C:\Users\Siddhartha\.gradle\native\c067742578af261105cb4f569cf0c3c89f3d7b1fecec35dd04571415982c5e48\windows-amd64\native-platform.dll
Event: 9.716 Loaded shared library C:\Users\Siddhartha\.gradle\native\38dada09dfb8b06ba9b0570ebf7e218e3eb74d4ef43ca46872605cf95ebc2f47\windows-amd64\native-platform-file-events.dll
Event: 17.336 Loaded shared library C:\Users\Siddhartha\.vscode\extensions\redhat.java-1.55.0-win32-x64\jre\21.0.11-win32-x86_64\bin\management.dll
Event: 17.360 Loaded shared library C:\Users\Siddhartha\.vscode\extensions\redhat.java-1.55.0-win32-x64\jre\21.0.11-win32-x86_64\bin\management_ext.dll
Event: 20.178 Loaded shared library C:\Users\Siddhartha\.vscode\extensions\redhat.java-1.55.0-win32-x64\jre\21.0.11-win32-x86_64\bin\extnet.dll
Event: 25.535 Loaded shared library C:\Users\Siddhartha\.vscode\extensions\redhat.java-1.55.0-win32-x64\jre\21.0.11-win32-x86_64\bin\sunmscapi.dll

Deoptimization events (20 events):
Event: 31.998 Thread 0x0000016e7436d390 DEOPT PACKING pc=0x0000016e47169910 sp=0x00000021653fbb70
Event: 31.998 Thread 0x0000016e7436d390 DEOPT UNPACKING pc=0x0000016e46bf7ba2 sp=0x00000021653fbb08 mode 2
Event: 32.019 Thread 0x0000016e7436d390 Uncommon trap: trap_request=0xffffff45 fr.pc=0x0000016e471c33ec relative=0x000000000000068c
Event: 32.019 Thread 0x0000016e7436d390 Uncommon trap: reason=unstable_if action=reinterpret pc=0x0000016e471c33ec method=java.io.File.getName()Ljava/lang/String; @ 16 c2
Event: 32.019 Thread 0x0000016e7436d390 DEOPT PACKING pc=0x0000016e471c33ec sp=0x00000021653fbb20
Event: 32.019 Thread 0x0000016e7436d390 DEOPT UNPACKING pc=0x0000016e46bf7ba2 sp=0x00000021653fbaf0 mode 2
Event: 32.019 Thread 0x0000016e7436d390 DEOPT PACKING pc=0x0000016e3fa2239f sp=0x00000021653fb9e0
Event: 32.019 Thread 0x0000016e7436d390 DEOPT UNPACKING pc=0x0000016e46bf86e2 sp=0x00000021653faeb8 mode 0
Event: 32.486 Thread 0x0000016e7436d390 Uncommon trap: trap_request=0xffffff45 fr.pc=0x0000016e471d841c relative=0x00000000000007bc
Event: 32.486 Thread 0x0000016e7436d390 Uncommon trap: reason=unstable_if action=reinterpret pc=0x0000016e471d841c method=java.util.ArrayList.grow(I)[Ljava/lang/Object; @ 17 c2
Event: 32.486 Thread 0x0000016e7436d390 DEOPT PACKING pc=0x0000016e471d841c sp=0x00000021653fd470
Event: 32.486 Thread 0x0000016e7436d390 DEOPT UNPACKING pc=0x0000016e46bf7ba2 sp=0x00000021653fd308 mode 2
Event: 32.796 Thread 0x0000016e73b81910 Uncommon trap: trap_request=0xffffff45 fr.pc=0x0000016e4718b3c4 relative=0x0000000000000664
Event: 32.796 Thread 0x0000016e73b81910 Uncommon trap: reason=unstable_if action=reinterpret pc=0x0000016e4718b3c4 method=java.lang.AbstractStringBuilder.append(Ljava/lang/String;)Ljava/lang/AbstractStringBuilder; @ 1 c2
Event: 32.796 Thread 0x0000016e73b81910 DEOPT PACKING pc=0x0000016e4718b3c4 sp=0x0000002164ffe690
Event: 32.796 Thread 0x0000016e73b81910 DEOPT UNPACKING pc=0x0000016e46bf7ba2 sp=0x0000002164ffe610 mode 2
Event: 32.797 Thread 0x0000016e73b81910 Uncommon trap: trap_request=0xffffff45 fr.pc=0x0000016e471a0de0 relative=0x0000000000000700
Event: 32.797 Thread 0x0000016e73b81910 Uncommon trap: reason=unstable_if action=reinterpret pc=0x0000016e471a0de0 method=java.lang.AbstractStringBuilder.append(Ljava/lang/String;)Ljava/lang/AbstractStringBuilder; @ 1 c2
Event: 32.797 Thread 0x0000016e73b81910 DEOPT PACKING pc=0x0000016e471a0de0 sp=0x0000002164ffe630
Event: 32.798 Thread 0x0000016e73b81910 DEOPT UNPACKING pc=0x0000016e46bf7ba2 sp=0x0000002164ffe618 mode 2

Classes loaded (20 events):
Event: 32.597 Loading class java/lang/invoke/BoundMethodHandle$Species_LLLLLLLLLLLLLLLL
Event: 32.597 Loading class java/lang/invoke/BoundMethodHandle$Species_LLLLLLLLLLLLLLLL done
Event: 32.602 Loading class java/lang/invoke/BoundMethodHandle$Species_LLLLLLLLLLLLLLLLL
Event: 32.602 Loading class java/lang/invoke/BoundMethodHandle$Species_LLLLLLLLLLLLLLLLL done
Event: 32.608 Loading class java/lang/invoke/BoundMethodHandle$Species_LLLLLLLLLLLLLLLLLL
Event: 32.608 Loading class java/lang/invoke/BoundMethodHandle$Species_LLLLLLLLLLLLLLLLLL done
Event: 32.614 Loading class java/lang/invoke/BoundMethodHandle$Species_LLLLLLLLLLLLLLLLLLL
Event: 32.614 Loading class java/lang/invoke/BoundMethodHandle$Species_LLLLLLLLLLLLLLLLLLL done
Event: 32.623 Loading class java/lang/invoke/BoundMethodHandle$Species_LLLLLLLLLLLLLLLLLLLL
Event: 32.623 Loading class java/lang/invoke/BoundMethodHandle$Species_LLLLLLLLLLLLLLLLLLLL done
Event: 32.638 Loading class java/lang/invoke/BoundMethodHandle$Species_LLLLLLLLLLLLLLLLLLLLL
Event: 32.638 Loading class java/lang/invoke/BoundMethodHandle$Species_LLLLLLLLLLLLLLLLLLLLL done
Event: 32.643 Loading class java/lang/invoke/BoundMethodHandle$Species_LLLLLLLLLLLLLLLLLLLLLL
Event: 32.647 Loading class java/lang/invoke/BoundMethodHandle$Species_LLLLLLLLLLLLLLLLLLLLLL done
Event: 32.652 Loading class java/lang/invoke/BoundMethodHandle$Species_LLLLLLLLLLLLLLLLLLLLLLL
Event: 32.653 Loading class java/lang/invoke/BoundMethodHandle$Species_LLLLLLLLLLLLLLLLLLLLLLL done
Event: 32.721 Loading class java/util/concurrent/LinkedBlockingDeque$Itr
Event: 32.733 Loading class java/util/concurrent/LinkedBlockingDeque$AbstractItr
Event: 32.734 Loading class java/util/concurrent/LinkedBlockingDeque$AbstractItr done
Event: 32.734 Loading class java/util/concurrent/LinkedBlockingDeque$Itr done

Classes unloaded (0 events):
No events

Classes redefined (0 events):
No events

Internal exceptions (20 events):
Event: 32.172 Thread 0x0000016e7436d390 Exception <a 'java/lang/NoSuchMethodError'{0x0000000083b97488}: 'int java.lang.invoke.DirectMethodHandle$Holder.invokeVirtual(java.lang.Object, java.lang.Object, java.lang.Object)'> (0x0000000083b97488) 
thrown [s\src\hotspot\share\interpreter\linkResolver.cpp, line 773]
Event: 32.255 Thread 0x0000016e7436d390 Exception <a 'java/lang/NoSuchMethodError'{0x0000000083abd878}: 'int java.lang.invoke.DirectMethodHandle$Holder.invokeSpecialIFC(java.lang.Object, java.lang.Object, java.lang.Object, java.lang.Object)'> (0x0000000083abd878) 
thrown [s\src\hotspot\share\interpreter\linkResolver.cpp, line 773]
Event: 32.259 Thread 0x0000016e7436d390 Exception <a 'java/lang/NoSuchMethodError'{0x0000000083acad10}: 'java.lang.Object java.lang.invoke.DirectMethodHandle$Holder.invokeInterface(java.lang.Object, java.lang.Object, java.lang.Object)'> (0x0000000083acad10) 
thrown [s\src\hotspot\share\interpreter\linkResolver.cpp, line 773]
Event: 32.259 Thread 0x0000016e7436d390 Exception <a 'java/lang/IncompatibleClassChangeError'{0x0000000083ace678}: Found class java.lang.Object, but interface was expected> (0x0000000083ace678) 
thrown [s\src\hotspot\share\interpreter\linkResolver.cpp, line 840]
Event: 32.416 Thread 0x0000016e7436d390 Exception <a 'java/lang/NoSuchMethodError'{0x00000000838ac580}: 'int java.lang.invoke.DirectMethodHandle$Holder.invokeStatic(java.lang.Object, java.lang.Object, java.lang.Object, java.lang.Object)'> (0x00000000838ac580) 
thrown [s\src\hotspot\share\interpreter\linkResolver.cpp, line 773]
Event: 32.545 Thread 0x0000016e7436d390 Exception <a 'java/lang/NoSuchMethodError'{0x00000000836c19c8}: 'java.lang.Object java.lang.invoke.DelegatingMethodHandle$Holder.reinvoke_L(java.lang.Object, java.lang.Object, java.lang.Object, java.lang.Object, java.lang.Object, java.lang.Object, java.lang.Object, java.lang.Object, java.lang.Object, java.lang.Object, java.lang.Object, java.lang.Object, java.lang.Object, java.lang.Object, java.lang.Object, java.lang.Object, java.lang.Object, java.lang.Object, java.lang.Object, java.lang.Object, java.lang.O
Event: 32.560 Thread 0x0000016e7436d390 Exception <a 'java/lang/NoSuchMethodError'{0x000000008351bdf0}: 'java.lang.Object java.lang.invoke.DirectMethodHandle$Holder.invokeStatic(java.lang.Object, java.lang.Object, java.lang.Object, java.lang.Object, java.lang.Object, java.lang.Object, java.lang.Object, java.lang.Object, java.lang.Object, java.lang.Object, java.lang.Object, java.lang.Object, java.lang.Object, java.lang.Object, java.lang.Object)'> (0x000000008351bdf0) 
thrown [s\src\hotspot\share\interpreter\linkResolver.cpp, line 773]
Event: 32.575 Thread 0x0000016e7436d390 Exception <a 'java/lang/NoSuchMethodError'{0x00000000835406c8}: 'java.lang.Object java.lang.invoke.DirectMethodHandle$Holder.invokeStatic(java.lang.Object, java.lang.Object, java.lang.Object, java.lang.Object, java.lang.Object, java.lang.Object, java.lang.Object, java.lang.Object, java.lang.Object, java.lang.Object, java.lang.Object, java.lang.Object, java.lang.Object, java.lang.Object, java.lang.Object, java.lang.Object)'> (0x00000000835406c8) 
thrown [s\src\hotspot\share\interpreter\linkResolver.cpp, lin
Event: 32.588 Thread 0x0000016e7436d390 Exception <a 'java/lang/NoSuchMethodError'{0x0000000083568148}: 'java.lang.Object java.lang.invoke.DirectMethodHandle$Holder.invokeStatic(java.lang.Object, java.lang.Object, java.lang.Object, java.lang.Object, java.lang.Object, java.lang.Object, java.lang.Object, java.lang.Object, java.lang.Object, java.lang.Object, java.lang.Object, java.lang.Object, java.lang.Object, java.lang.Object, java.lang.Object, java.lang.Object, java.lang.Object)'> (0x0000000083568148) 
thrown [s\src\hotspot\share\interpreter\lin
Event: 32.592 Thread 0x0000016e7436d390 Exception <a 'java/lang/NoSuchMethodError'{0x0000000083591138}: 'java.lang.Object java.lang.invoke.DirectMethodHandle$Holder.invokeStatic(java.lang.Object, java.lang.Object, java.lang.Object, java.lang.Object, java.lang.Object, java.lang.Object, java.lang.Object, java.lang.Object, java.lang.Object, java.lang.Object, java.lang.Object, java.lang.Object, java.lang.Object, java.lang.Object, java.lang.Object, java.lang.Object, java.lang.Object, java.lang.Object)'> (0x0000000083591138) 
thrown [s\src\hotspot\sha
Event: 32.600 Thread 0x0000016e7436d390 Exception <a 'java/lang/NoSuchMethodError'{0x00000000835bb1c8}: 'java.lang.Object java.lang.invoke.DirectMethodHandle$Holder.invokeStatic(java.lang.Object, java.lang.Object, java.lang.Object, java.lang.Object, java.lang.Object, java.lang.Object, java.lang.Object, java.lang.Object, java.lang.Object, java.lang.Object, java.lang.Object, java.lang.Object, java.lang.Object, java.lang.Object, java.lang.Object, java.lang.Object, java.lang.Object, java.lang.Object, java.lang.Object)'> (0x00000000835bb1c8) 
thrown 
Event: 32.605 Thread 0x0000016e7436d390 Exception <a 'java/lang/NoSuchMethodError'{0x00000000835e66b8}: 'java.lang.Object java.lang.invoke.DirectMethodHandle$Holder.invokeStatic(java.lang.Object, java.lang.Object, java.lang.Object, java.lang.Object, java.lang.Object, java.lang.Object, java.lang.Object, java.lang.Object, java.lang.Object, java.lang.Object, java.lang.Object, java.lang.Object, java.lang.Object, java.lang.Object, java.lang.Object, java.lang.Object, java.lang.Object, java.lang.Object, java.lang.Object, java.lang.Object)'> (0x00000000
Event: 32.610 Thread 0x0000016e7436d390 Exception <a 'java/lang/NoSuchMethodError'{0x0000000083413260}: 'java.lang.Object java.lang.invoke.DirectMethodHandle$Holder.invokeStatic(java.lang.Object, java.lang.Object, java.lang.Object, java.lang.Object, java.lang.Object, java.lang.Object, java.lang.Object, java.lang.Object, java.lang.Object, java.lang.Object, java.lang.Object, java.lang.Object, java.lang.Object, java.lang.Object, java.lang.Object, java.lang.Object, java.lang.Object, java.lang.Object, java.lang.Object, java.lang.Object, java.lang.Obj
Event: 32.616 Thread 0x0000016e7436d390 Exception <a 'java/lang/NoSuchMethodError'{0x0000000083440a40}: 'java.lang.Object java.lang.invoke.DirectMethodHandle$Holder.invokeStatic(java.lang.Object, java.lang.Object, java.lang.Object, java.lang.Object, java.lang.Object, java.lang.Object, java.lang.Object, java.lang.Object, java.lang.Object, java.lang.Object, java.lang.Object, java.lang.Object, java.lang.Object, java.lang.Object, java.lang.Object, java.lang.Object, java.lang.Object, java.lang.Object, java.lang.Object, java.lang.Object, java.lang.Obj
Event: 32.634 Thread 0x0000016e7436d390 Exception <a 'java/lang/NoSuchMethodError'{0x000000008346ed38}: 'java.lang.Object java.lang.invoke.DirectMethodHandle$Holder.invokeStatic(java.lang.Object, java.lang.Object, java.lang.Object, java.lang.Object, java.lang.Object, java.lang.Object, java.lang.Object, java.lang.Object, java.lang.Object, java.lang.Object, java.lang.Object, java.lang.Object, java.lang.Object, java.lang.Object, java.lang.Object, java.lang.Object, java.lang.Object, java.lang.Object, java.lang.Object, java.lang.Object, java.lang.Obj
Event: 32.640 Thread 0x0000016e7436d390 Exception <a 'java/lang/NoSuchMethodError'{0x000000008349ed80}: 'java.lang.Object java.lang.invoke.DirectMethodHandle$Holder.invokeStatic(java.lang.Object, java.lang.Object, java.lang.Object, java.lang.Object, java.lang.Object, java.lang.Object, java.lang.Object, java.lang.Object, java.lang.Object, java.lang.Object, java.lang.Object, java.lang.Object, java.lang.Object, java.lang.Object, java.lang.Object, java.lang.Object, java.lang.Object, java.lang.Object, java.lang.Object, java.lang.Object, java.lang.Obj
Event: 32.650 Thread 0x0000016e7436d390 Exception <a 'java/lang/NoSuchMethodError'{0x00000000834ceb98}: 'java.lang.Object java.lang.invoke.DirectMethodHandle$Holder.invokeStatic(java.lang.Object, java.lang.Object, java.lang.Object, java.lang.Object, java.lang.Object, java.lang.Object, java.lang.Object, java.lang.Object, java.lang.Object, java.lang.Object, java.lang.Object, java.lang.Object, java.lang.Object, java.lang.Object, java.lang.Object, java.lang.Object, java.lang.Object, java.lang.Object, java.lang.Object, java.lang.Object, java.lang.Obj
Event: 32.654 Thread 0x0000016e7436d390 Exception <a 'java/lang/NoSuchMethodError'{0x00000000833007e0}: 'java.lang.Object java.lang.invoke.DirectMethodHandle$Holder.invokeStatic(java.lang.Object, java.lang.Object, java.lang.Object, java.lang.Object, java.lang.Object, java.lang.Object, java.lang.Object, java.lang.Object, java.lang.Object, java.lang.Object, java.lang.Object, java.lang.Object, java.lang.Object, java.lang.Object, java.lang.Object, java.lang.Object, java.lang.Object, java.lang.Object, java.lang.Object, java.lang.Object, java.lang.Obj
Event: 32.790 Thread 0x0000016e73b81910 Implicit null exception at 0x0000016e4718ada0 to 0x0000016e4718b3ac
Event: 32.797 Thread 0x0000016e73b81910 Implicit null exception at 0x0000016e471a0720 to 0x0000016e471a0dc8

ZGC Phase Switch (0 events):
No events

VM Operations (20 events):
Event: 28.298 Executing safepoint VM operation: Cleanup
Event: 28.298 Executing safepoint VM operation: Cleanup done
Event: 29.312 Executing safepoint VM operation: Cleanup
Event: 29.313 Executing safepoint VM operation: Cleanup done
Event: 30.325 Executing safepoint VM operation: Cleanup
Event: 30.325 Executing safepoint VM operation: Cleanup done
Event: 30.564 Executing non-safepoint VM operation: HandshakeAllThreads (Deoptimize)
Event: 30.564 Executing non-safepoint VM operation: HandshakeAllThreads (Deoptimize) done
Event: 31.476 Executing non-safepoint VM operation: HandshakeAllThreads (Deoptimize)
Event: 31.476 Executing non-safepoint VM operation: HandshakeAllThreads (Deoptimize) done
Event: 31.476 Executing safepoint VM operation: Cleanup
Event: 31.476 Executing safepoint VM operation: Cleanup done
Event: 32.484 Executing safepoint VM operation: Cleanup
Event: 32.484 Executing safepoint VM operation: Cleanup done
Event: 32.700 Executing non-safepoint VM operation: HandshakeAllThreads (Deoptimize)
Event: 32.700 Executing non-safepoint VM operation: HandshakeAllThreads (Deoptimize) done
Event: 32.701 Executing non-safepoint VM operation: HandshakeAllThreads (Deoptimize)
Event: 32.701 Executing non-safepoint VM operation: HandshakeAllThreads (Deoptimize) done
Event: 33.708 Executing safepoint VM operation: Cleanup
Event: 33.708 Executing safepoint VM operation: Cleanup done

Memory protections (0 events):
No events

Nmethod flushes (0 events):
No events

Events (20 events):
Event: 0.467 Thread 0x0000016e3c471de0 Thread added: 0x0000016e53be0830
Event: 0.869 Thread 0x0000016e3c471de0 Thread added: 0x0000016e731a7430
Event: 1.080 Thread 0x0000016e3c471de0 Thread added: 0x0000016e731d6e50
Event: 17.194 Thread 0x0000016e53be0830 Thread added: 0x0000016e7403b620
Event: 17.406 Thread 0x0000016e7403b620 Thread exited: 0x0000016e7403b620
Event: 17.707 Thread 0x0000016e3c471de0 Thread added: 0x0000016e7403b620
Event: 21.002 Thread 0x0000016e3c471de0 Thread added: 0x0000016e73b80820
Event: 22.707 Thread 0x0000016e3c471de0 Thread added: 0x0000016e73b81910
Event: 26.118 Thread 0x0000016e73b80820 Thread added: 0x0000016e733258a0
Event: 26.262 Thread 0x0000016e733258a0 Thread added: 0x0000016e7407d610
Event: 27.081 Thread 0x0000016e733258a0 Thread added: 0x0000016e7407dc80
Event: 27.196 Thread 0x0000016e733258a0 Thread added: 0x0000016e7436d390
Event: 27.564 Thread 0x0000016e7436d390 Thread added: 0x0000016e73a45d60
Event: 27.720 Thread 0x0000016e7436d390 Thread added: 0x0000016e73a449b0
Event: 27.757 Thread 0x0000016e7436d390 Thread added: 0x0000016e73a456d0
Event: 31.477 Thread 0x0000016e7436d390 Thread added: 0x0000016e73a47110
Event: 31.599 Thread 0x0000016e7436d390 Thread added: 0x0000016e73a43c90
Event: 31.766 Thread 0x0000016e7436d390 Thread added: 0x0000016e73a463f0
Event: 31.826 Thread 0x0000016e73a43c90 Thread added: 0x0000016e73a45040
Event: 32.558 Thread 0x0000016e53be0830 Thread added: 0x0000016e73fac490


Dynamic libraries:
0x00007ff604d90000 - 0x00007ff604d9e000 	C:\Users\Siddhartha\.vscode\extensions\redhat.java-1.55.0-win32-x64\jre\21.0.11-win32-x86_64\bin\java.exe
0x00007ffef6d00000 - 0x00007ffef6f66000 	C:\WINDOWS\SYSTEM32\ntdll.dll
0x00007ffef5220000 - 0x00007ffef52e9000 	C:\WINDOWS\System32\KERNEL32.DLL
0x00007ffef42d0000 - 0x00007ffef46cf000 	C:\WINDOWS\System32\KERNELBASE.dll
0x00007ffef48d0000 - 0x00007ffef4a1c000 	C:\WINDOWS\System32\ucrtbase.dll
0x00007ffed6f00000 - 0x00007ffed6f18000 	C:\Users\Siddhartha\.vscode\extensions\redhat.java-1.55.0-win32-x64\jre\21.0.11-win32-x86_64\bin\jli.dll
0x00007ffef4b30000 - 0x00007ffef4cf6000 	C:\WINDOWS\System32\USER32.dll
0x00007ffef3fc0000 - 0x00007ffef3fe7000 	C:\WINDOWS\System32\win32u.dll
0x00007ffef60e0000 - 0x00007ffef610b000 	C:\WINDOWS\System32\GDI32.dll
0x00007ffef47a0000 - 0x00007ffef48c9000 	C:\WINDOWS\System32\gdi32full.dll
0x00007ffef3f10000 - 0x00007ffef3fb3000 	C:\WINDOWS\System32\msvcp_win.dll
0x00007ffec7ca0000 - 0x00007ffec7cbe000 	C:\Users\Siddhartha\.vscode\extensions\redhat.java-1.55.0-win32-x64\jre\21.0.11-win32-x86_64\bin\VCRUNTIME140.dll
0x00007ffed5b50000 - 0x00007ffed5de1000 	C:\WINDOWS\WinSxS\amd64_microsoft.windows.common-controls_6595b64144ccf1df_6.0.26100.8972_none_3e0da176e32f9d4b\COMCTL32.dll
0x00007ffef6030000 - 0x00007ffef60d9000 	C:\WINDOWS\System32\msvcrt.dll
0x00007ffef5d70000 - 0x00007ffef5da2000 	C:\WINDOWS\System32\IMM32.DLL
0x00007ffee8260000 - 0x00007ffee826c000 	C:\Users\Siddhartha\.vscode\extensions\redhat.java-1.55.0-win32-x64\jre\21.0.11-win32-x86_64\bin\vcruntime140_1.dll
0x00007ffec2010000 - 0x00007ffec209d000 	C:\Users\Siddhartha\.vscode\extensions\redhat.java-1.55.0-win32-x64\jre\21.0.11-win32-x86_64\bin\msvcp140.dll
0x00007ffe3c4b0000 - 0x00007ffe3d252000 	C:\Users\Siddhartha\.vscode\extensions\redhat.java-1.55.0-win32-x64\jre\21.0.11-win32-x86_64\bin\server\jvm.dll
0x00007ffef5430000 - 0x00007ffef54ec000 	C:\WINDOWS\System32\ADVAPI32.dll
0x00007ffef5cc0000 - 0x00007ffef5d6a000 	C:\WINDOWS\System32\sechost.dll
0x00007ffef52f0000 - 0x00007ffef5408000 	C:\WINDOWS\System32\RPCRT4.dll
0x00007ffef5fa0000 - 0x00007ffef6022000 	C:\WINDOWS\System32\WS2_32.dll
0x00007ffef3d70000 - 0x00007ffef3dce000 	C:\WINDOWS\SYSTEM32\POWRPROF.dll
0x00007ffee9160000 - 0x00007ffee9196000 	C:\WINDOWS\SYSTEM32\WINMM.dll
0x00007ffee5e80000 - 0x00007ffee5e8b000 	C:\WINDOWS\SYSTEM32\VERSION.dll
0x00007ffef3d50000 - 0x00007ffef3d65000 	C:\WINDOWS\SYSTEM32\UMPDC.dll
0x00007ffef2c00000 - 0x00007ffef2c1b000 	C:\WINDOWS\SYSTEM32\kernel.appcore.dll
0x00007ffed6ef0000 - 0x00007ffed6efa000 	C:\Users\Siddhartha\.vscode\extensions\redhat.java-1.55.0-win32-x64\jre\21.0.11-win32-x86_64\bin\jimage.dll
0x00007ffef13d0000 - 0x00007ffef1612000 	C:\WINDOWS\SYSTEM32\DBGHELP.DLL
0x00007ffef6710000 - 0x00007ffef6a95000 	C:\WINDOWS\System32\combase.dll
0x00007ffef6150000 - 0x00007ffef6229000 	C:\WINDOWS\System32\OLEAUT32.dll
0x00007ffee9120000 - 0x00007ffee915b000 	C:\WINDOWS\SYSTEM32\dbgcore.DLL
0x00007ffef4210000 - 0x00007ffef42bc000 	C:\WINDOWS\System32\bcryptPrimitives.dll
0x00007ffebb870000 - 0x00007ffebb87f000 	C:\Users\Siddhartha\.vscode\extensions\redhat.java-1.55.0-win32-x64\jre\21.0.11-win32-x86_64\bin\instrument.dll
0x00007ffec6250000 - 0x00007ffec6270000 	C:\Users\Siddhartha\.vscode\extensions\redhat.java-1.55.0-win32-x64\jre\21.0.11-win32-x86_64\bin\java.dll
0x00007ffef5530000 - 0x00007ffef5cb8000 	C:\WINDOWS\System32\SHELL32.dll
0x00007ffef1990000 - 0x00007ffef222b000 	C:\WINDOWS\SYSTEM32\windows.storage.dll
0x00007ffef4a30000 - 0x00007ffef4b29000 	C:\WINDOWS\System32\SHCORE.dll
0x00007ffef6230000 - 0x00007ffef6296000 	C:\WINDOWS\System32\shlwapi.dll
0x00007ffef3e30000 - 0x00007ffef3e59000 	C:\WINDOWS\SYSTEM32\profapi.dll
0x00007ffec1d80000 - 0x00007ffec1d98000 	C:\Users\Siddhartha\.vscode\extensions\redhat.java-1.55.0-win32-x64\jre\21.0.11-win32-x86_64\bin\zip.dll
0x00007ffed6bb0000 - 0x00007ffed6bc0000 	C:\Users\Siddhartha\.vscode\extensions\redhat.java-1.55.0-win32-x64\jre\21.0.11-win32-x86_64\bin\net.dll
0x00007ffeea0f0000 - 0x00007ffeea218000 	C:\WINDOWS\SYSTEM32\WINHTTP.dll
0x00007ffef31b0000 - 0x00007ffef321c000 	C:\WINDOWS\system32\mswsock.dll
0x00007ffec1d60000 - 0x00007ffec1d76000 	C:\Users\Siddhartha\.vscode\extensions\redhat.java-1.55.0-win32-x64\jre\21.0.11-win32-x86_64\bin\nio.dll
0x00007ffeb6cc0000 - 0x00007ffeb6cd0000 	C:\Users\Siddhartha\.vscode\extensions\redhat.java-1.55.0-win32-x64\jre\21.0.11-win32-x86_64\bin\verify.dll
0x00007ffeebe90000 - 0x00007ffeebeb7000 	C:\Users\Siddhartha\.gradle\native\c067742578af261105cb4f569cf0c3c89f3d7b1fecec35dd04571415982c5e48\windows-amd64\native-platform.dll
0x00007ffe81a00000 - 0x00007ffe81b44000 	C:\Users\Siddhartha\.gradle\native\38dada09dfb8b06ba9b0570ebf7e218e3eb74d4ef43ca46872605cf95ebc2f47\windows-amd64\native-platform-file-events.dll
0x00007ffe89900000 - 0x00007ffe8990a000 	C:\Users\Siddhartha\.vscode\extensions\redhat.java-1.55.0-win32-x64\jre\21.0.11-win32-x86_64\bin\management.dll
0x00007ffe85750000 - 0x00007ffe8575c000 	C:\Users\Siddhartha\.vscode\extensions\redhat.java-1.55.0-win32-x64\jre\21.0.11-win32-x86_64\bin\management_ext.dll
0x00007ffef6110000 - 0x00007ffef6118000 	C:\WINDOWS\System32\PSAPI.DLL
0x00007ffef34a0000 - 0x00007ffef34bb000 	C:\WINDOWS\SYSTEM32\CRYPTSP.dll
0x00007ffef2b60000 - 0x00007ffef2b99000 	C:\WINDOWS\system32\rsaenh.dll
0x00007ffef3260000 - 0x00007ffef3292000 	C:\WINDOWS\SYSTEM32\USERENV.dll
0x00007ffef3e00000 - 0x00007ffef3e2a000 	C:\WINDOWS\SYSTEM32\bcrypt.dll
0x00007ffef34c0000 - 0x00007ffef34cc000 	C:\WINDOWS\SYSTEM32\CRYPTBASE.dll
0x00007ffef2580000 - 0x00007ffef25b3000 	C:\WINDOWS\SYSTEM32\IPHLPAPI.DLL
0x00007ffef6140000 - 0x00007ffef614a000 	C:\WINDOWS\System32\NSI.dll
0x00007ffe30e50000 - 0x00007ffe30e59000 	C:\Users\Siddhartha\.vscode\extensions\redhat.java-1.55.0-win32-x64\jre\21.0.11-win32-x86_64\bin\extnet.dll
0x00007ffe72290000 - 0x00007ffe7229e000 	C:\Users\Siddhartha\.vscode\extensions\redhat.java-1.55.0-win32-x64\jre\21.0.11-win32-x86_64\bin\sunmscapi.dll
0x00007ffef4080000 - 0x00007ffef41fe000 	C:\WINDOWS\System32\CRYPT32.dll
0x00007ffef36e0000 - 0x00007ffef3710000 	C:\WINDOWS\SYSTEM32\ncrypt.dll
0x00007ffef3690000 - 0x00007ffef36cf000 	C:\WINDOWS\SYSTEM32\NTASN1.dll
0x00007ffe862e0000 - 0x00007ffe862e8000 	C:\WINDOWS\system32\wshunix.dll

JVMTI agents:
C:\Users\Siddhartha\.gradle\wrapper\dists\gradle-8.6-all\3mbtmo166bl6vumsh5k2lkq5h\gradle-8.6\lib\agents\gradle-instrumentation-agent-8.6.jar path:C:\Users\Siddhartha\.vscode\extensions\redhat.java-1.55.0-win32-x64\jre\21.0.11-win32-x86_64\bin\instrument.dll, loaded, initialized, instrumentlib options:none

dbghelp: loaded successfully - version: 4.0.5 - missing functions: none
symbol engine: initialized successfully - sym options: 0x614 - pdb path: .;C:\Users\Siddhartha\.vscode\extensions\redhat.java-1.55.0-win32-x64\jre\21.0.11-win32-x86_64\bin;C:\WINDOWS\SYSTEM32;C:\WINDOWS\WinSxS\amd64_microsoft.windows.common-controls_6595b64144ccf1df_6.0.26100.8972_none_3e0da176e32f9d4b;C:\Users\Siddhartha\.vscode\extensions\redhat.java-1.55.0-win32-x64\jre\21.0.11-win32-x86_64\bin\server;C:\Users\Siddhartha\.gradle\native\c067742578af261105cb4f569cf0c3c89f3d7b1fecec35dd04571415982c5e48\windows-amd64;C:\Users\Siddhartha\.gradle\native\38dada09dfb8b06ba9b0570ebf7e218e3eb74d4ef43ca46872605cf95ebc2f47\windows-amd64

VM Arguments:
jvm_args: -XX:MaxMetaspaceSize=512m --add-opens=java.base/java.util=ALL-UNNAMED --add-opens=java.base/java.lang=ALL-UNNAMED --add-opens=java.base/java.lang.invoke=ALL-UNNAMED --add-opens=java.prefs/java.util.prefs=ALL-UNNAMED --add-opens=java.base/java.nio.charset=ALL-UNNAMED --add-opens=java.base/java.net=ALL-UNNAMED --add-opens=java.base/java.util.concurrent.atomic=ALL-UNNAMED -Xmx2048m -Dfile.encoding=utf8 -Duser.country=IN -Duser.language=en -Duser.variant -javaagent:C:\Users\Siddhartha\.gradle\wrapper\dists\gradle-8.6-all\3mbtmo166bl6vumsh5k2lkq5h\gradle-8.6\lib\agents\gradle-instrumentation-agent-8.6.jar 
java_command: org.gradle.launcher.daemon.bootstrap.GradleDaemon 8.6
java_class_path (initial): C:\Users\Siddhartha\.gradle\wrapper\dists\gradle-8.6-all\3mbtmo166bl6vumsh5k2lkq5h\gradle-8.6\lib\gradle-launcher-8.6.jar
Launcher Type: SUN_STANDARD

[Global flags]
     intx CICompilerCount                          = 4                                         {product} {ergonomic}
   size_t CompressedClassSpaceSize                 = 436207616                                 {product} {ergonomic}
     uint ConcGCThreads                            = 2                                         {product} {ergonomic}
     uint G1ConcRefinementThreads                  = 8                                         {product} {ergonomic}
   size_t G1HeapRegionSize                         = 1048576                                   {product} {ergonomic}
    uintx GCDrainStackTargetSize                   = 64                                        {product} {ergonomic}
   size_t InitialHeapSize                          = 130023424                                 {product} {ergonomic}
   size_t MarkStackSize                            = 4194304                                   {product} {ergonomic}
   size_t MaxHeapSize                              = 2147483648                                {product} {command line}
   size_t MaxMetaspaceSize                         = 536870912                                 {product} {command line}
   size_t MaxNewSize                               = 1287651328                                {product} {ergonomic}
   size_t MinHeapDeltaBytes                        = 1048576                                   {product} {ergonomic}
   size_t MinHeapSize                              = 8388608                                   {product} {ergonomic}
    uintx NonNMethodCodeHeapSize                   = 5839372                                {pd product} {ergonomic}
    uintx NonProfiledCodeHeapSize                  = 122909434                              {pd product} {ergonomic}
    uintx ProfiledCodeHeapSize                     = 122909434                              {pd product} {ergonomic}
    uintx ReservedCodeCacheSize                    = 251658240                              {pd product} {ergonomic}
     bool SegmentedCodeCache                       = true                                      {product} {ergonomic}
   size_t SoftMaxHeapSize                          = 2147483648                             {manageable} {ergonomic}
     bool UseCompressedOops                        = true                           {product lp64_product} {ergonomic}
     bool UseG1GC                                  = true                                      {product} {ergonomic}
     bool UseLargePagesIndividualAllocation        = false                                  {pd product} {ergonomic}

Logging:
Log output configuration:
 #0: stdout all=warning uptime,level,tags foldmultilines=false
 #1: stderr all=off uptime,level,tags foldmultilines=false

Release file:
JAVA_VERSION="21.0.11" 
MODULES="java.base java.compiler java.datatransfer java.xml java.prefs java.desktop java.instrument java.logging java.management java.security.sasl java.naming java.rmi java.management.rmi java.net.http java.scripting java.security.jgss java.transaction.xa java.sql java.sql.rowset java.xml.crypto java.se java.smartcardio jdk.accessibility jdk.internal.jvmstat jdk.attach jdk.charsets jdk.internal.opt jdk.zipfs jdk.compiler jdk.crypto.ec jdk.crypto.cryptoki jdk.crypto.mscapi jdk.dynalink jdk.internal.ed jdk.editpad jdk.hotspot.agent jdk.httpserver jdk.internal.le jdk.internal.vm.ci jdk.internal.vm.compiler jdk.internal.vm.compiler.management jdk.jartool jdk.javadoc jdk.jcmd jdk.management jdk.management.agent jdk.jconsole jdk.jdeps jdk.jdwp.agent jdk.jdi jdk.jfr jdk.jshell jdk.jsobject jdk.jstatd jdk.localedata jdk.management.jfr jdk.naming.dns jdk.naming.rmi jdk.net jdk.nio.mapmode jdk.random jdk.sctp jdk.security.auth jdk.security.jgss jdk.unsupported jdk.unsupported.desktop jdk.xml.dom" 

Environment Variables:
PATH=C:\Program Files\Common Files\Oracle\Java\javapath;C:\Program Files\Python313\Scripts\;C:\Program Files\Python313\;C:\Windows\system32;C:\Windows;C:\Windows\System32\Wbem;C:\Windows\System32\WindowsPowerShell\v1.0\;C:\Windows\System32\OpenSSH\;C:\Program Files\NVIDIA Corporation\NVIDIA NvDLISR;C:\WINDOWS\system32;C:\WINDOWS;C:\WINDOWS\System32\Wbem;C:\WINDOWS\System32\WindowsPowerShell\v1.0\;C:\WINDOWS\System32\OpenSSH\;C:\Program Files\dotnet\;C:\MinGW\bin;C:\Program Files\Java\jdk-24\bin;C:\ProgramData\chocolatey\bin;D:\Git\cmd;C:\Users\Siddhartha\.local\bin;D:\dev\nvm;D:\dev\nodejs;C:\Program Files\Microsoft SQL Server\170\Tools\Binn\;C:\Program Files\Microsoft SQL Server\Client SDK\ODBC\170\Tools\Binn\;C:\Program Files (x86)\Microsoft SQL Server\170\Tools\Binn\;C:\Program Files\Microsoft SQL Server\Client SDK\ODBC\180\Tools\Binn\;C:\Program Files\Microsoft SQL Server\170\DTS\Binn\;C:\Program Files\nodejs\;C:\Program Files\k6\;C:\Program Files\Go\bin;C:\Program Files\Common Files\Oracle\Java\javapath;C:\Program Files\Python313\Scripts\;C:\Program Files\Python313\;C:\Windows\system32;C:\Windows;C:\Windows\System32\Wbem;C:\Windows\System32\WindowsPowerShell\v1.0\;C:\Windows\System32\OpenSSH\;C:\Program Files\NVIDIA Corporation\NVIDIA NvDLISR;C:\WINDOWS\system32;C:\WINDOWS;C:\WINDOWS\System32\Wbem;C:\WINDOWS\System32\WindowsPowerShell\v1.0\;C:\WINDOWS\System32\OpenSSH\;C:\Program Files\dotnet\;C:\MinGW\bin;C:\Program Files\Java\jdk-24\bin;C:\ProgramData\chocolatey\bin;D:\Git\cmd;C:\Users\Siddhartha\.local\bin;C:\Program Files\k6\;D:\dev\nvm;D:\dev\nodejs;C:\Program Files\Microsoft SQL Server\170\Tools\Binn\;C:\Program Files\Microsoft SQL Server\Client SDK\ODBC\170\Tools\Binn\;C:\Program Files (x86)\Microsoft SQL Server\170\Tools\Binn\;C:\Program Files\Microsoft SQL Server\Client SDK\ODBC\180\Tools\Binn\;C:\Program Files\Microsoft SQL Server\170\DTS\Binn\;C:\Users\Siddhartha\AppData\Local\Microsoft\WindowsApps;C:\Users\Siddhartha\AppData\Local\Programs\Microsoft VS Code\bin;C:\Program Files\MongoDB\Server\8.2\bin;C:\Users\Siddhartha\AppData\Local\Programs\mongosh\;D:\cursor\resources\app\bin;D:\Antigravity\bin;C:\Program Files (x86)\Nmap;C:\Users\Siddhartha\AppData\Local\Programs\Antigravity IDE\bin;C:\Users\Siddhartha\.dotnet\tools;C:\Users\Siddhartha\AppData\Local\Microsoft\WinGet\Packages\lostindark.DriverStoreExplorer_Microsoft.Winget.Source_8wekyb3d8bbwe;D:\dev\nvm;D:\dev\nodejs;C:\Program Files\nodejs\;D:\Android\Sdk\platform-tools;D:\Android\Sdk\emulator;;C:\Users\Siddhartha\AppData\Local\Programs\DockerDesktop\resources\bin;C:\Users\Siddhartha\go\bin
USERNAME=Siddhartha
OS=Windows_NT
PROCESSOR_IDENTIFIER=Intel64 Family 6 Model 140 Stepping 2, GenuineIntel
TMP=C:\Users\SIDDHA~1\AppData\Local\Temp
TEMP=C:\Users\SIDDHA~1\AppData\Local\Temp




Periodic native trim disabled

---------------  S Y S T E M  ---------------

OS:
 Windows 11 , 64 bit Build 26100 (10.0.26100.9168)
OS uptime: 0 days 0:57 hours
Hyper-V role detected

CPU: total 8 (initial active 8) (4 cores per cpu, 2 threads per core) family 6 model 140 stepping 2 microcode 0x3c, cx8, cmov, fxsr, ht, mmx, 3dnowpref, sse, sse2, sse3, ssse3, sse4.1, sse4.2, popcnt, lzcnt, tsc, tscinvbit, avx, avx2, aes, erms, clmul, bmi1, bmi2, adx, avx512f, avx512dq, avx512cd, avx512bw, avx512vl, sha, fma, vzeroupper, avx512_vpopcntdq, avx512_vpclmulqdq, avx512_vaes, avx512_vnni, clflush, clflushopt, clwb, avx512_vbmi2, avx512_vbmi, hv, rdtscp, rdpid, fsrm, gfni, avx512_bitalg, f16c, cet_ibt, cet_ss, avx512_ifma
Processor Information for the first 8 processors :
  Max Mhz: 2496, Current Mhz: 2496, Mhz Limit: 2496

Memory: 4k page, system-wide physical 7930M (378M free)
TotalPageFile size 32506M (AvailPageFile size 9M)
current process WorkingSet (physical memory assigned to process): 176M, peak: 180M
current process commit charge ("private bytes"): 280M, peak: 289M

vm_info: OpenJDK 64-Bit Server VM (21.0.11+10-LTS) for windows-amd64 JRE (21.0.11+10-LTS), built on 2026-04-21T00:00:00Z by "admin" with MS VC++ 17.12 (VS2022)

END.
