#
# There is insufficient memory for the Java Runtime Environment to continue.
# Native memory allocation (malloc) failed to allocate 2411984 bytes. Error detail: Chunk::new
# Possible reasons:
#   The system is out of physical RAM or swap space
#   This process is running with CompressedOops enabled, and the Java Heap may be blocking the growth of the native heap
# Possible solutions:
#   Reduce memory load on the system
#   Increase physical memory or swap space
#   Check if swap backing store is full
#   Decrease Java heap size (-Xmx/-Xms)
#   Decrease number of Java threads
#   Decrease Java thread stack sizes (-Xss)
#   Set larger code cache with -XX:ReservedCodeCacheSize=
#   JVM is running with Unscaled Compressed Oops mode in which the Java heap is
#     placed in the first 4GB address space. The Java Heap base address is the
#     maximum limit for the native heap growth. Please use -XX:HeapBaseMinAddress
#     to set the Java Heap base and to place the Java Heap above 4GB virtual address.
# This output file may be truncated or incomplete.
#
#  Out of Memory Error (arena.cpp:162), pid=9420, tid=1168
#
# JRE version: Java(TM) SE Runtime Environment (24.0.2+12) (build 24.0.2+12-54)
# Java VM: Java HotSpot(TM) 64-Bit Server VM (24.0.2+12-54, mixed mode, sharing, tiered, compressed oops, compressed class ptrs, g1 gc, windows-amd64)
# No core dump will be written. Minidumps are not enabled by default on client versions of Windows
#

---------------  S U M M A R Y ------------

Command Line: -XX:MaxMetaspaceSize=512m --add-opens=java.base/java.util=ALL-UNNAMED --add-opens=java.base/java.lang=ALL-UNNAMED --add-opens=java.base/java.lang.invoke=ALL-UNNAMED --add-opens=java.prefs/java.util.prefs=ALL-UNNAMED --add-opens=java.base/java.nio.charset=ALL-UNNAMED --add-opens=java.base/java.net=ALL-UNNAMED --add-opens=java.base/java.util.concurrent.atomic=ALL-UNNAMED -Xmx2048m -Dfile.encoding=utf8 -Duser.country=IN -Duser.language=en -Duser.variant -javaagent:C:\Users\Siddhartha\.gradle\wrapper\dists\gradle-8.6-all\3mbtmo166bl6vumsh5k2lkq5h\gradle-8.6\lib\agents\gradle-instrumentation-agent-8.6.jar org.gradle.launcher.daemon.bootstrap.GradleDaemon 8.6

Host: 11th Gen Intel(R) Core(TM) i5-11320H @ 3.20GHz, 8 cores, 7G,  Windows 11 , 64 bit Build 26100 (10.0.26100.9168)
Time: Wed Sep  2 17:31:17 2026 India Standard Time elapsed time: 25.819722 seconds (0d 0h 0m 25s)

---------------  T H R E A D  ---------------

Current thread (0x000001711e1ded60):  JavaThread "C2 CompilerThread0" daemon [_thread_in_native, id=1168, stack(0x0000000c56200000,0x0000000c56300000) (1024K)]


Current CompileTask:
C2:25819 3891       4       java.lang.invoke.LambdaFormBuffer::endEdit (313 bytes)

Stack: [0x0000000c56200000,0x0000000c56300000]
Native frames: (J=compiled Java code, j=interpreted, Vv=VM code, C=native code)
V  [jvm.dll+0x730829]  (no source info available)
V  [jvm.dll+0x8d9da3]  (no source info available)
V  [jvm.dll+0x8dc28d]  (no source info available)
V  [jvm.dll+0x8dc903]  (no source info available)
V  [jvm.dll+0x2a9f56]  (no source info available)
V  [jvm.dll+0xced7f]  (no source info available)
V  [jvm.dll+0xcefdf]  (no source info available)
V  [jvm.dll+0x154c83]  (no source info available)
V  [jvm.dll+0x73604f]  (no source info available)
V  [jvm.dll+0x26f8dc]  (no source info available)
V  [jvm.dll+0x26e8ff]  (no source info available)
V  [jvm.dll+0x1e9c90]  (no source info available)
V  [jvm.dll+0x27e0cb]  (no source info available)
V  [jvm.dll+0x27c36a]  (no source info available)
V  [jvm.dll+0x42f396]  (no source info available)
V  [jvm.dll+0x87d9eb]  (no source info available)
V  [jvm.dll+0x72ef45]  (no source info available)
C  [ucrtbase.dll+0x2cd30]  (no source info available)
C  [KERNEL32.DLL+0x2ccb7]  (no source info available)
C  [ntdll.dll+0xaad6c]  (no source info available)

Lock stack of current Java thread (top to bottom):


---------------  P R O C E S S  ---------------

Threads class SMR info:
_java_thread_list=0x000001714017b380, length=33, elements={
0x000001717f193350, 0x000001711e1d5400, 0x000001711e1d5b40, 0x000001711e1dbd70,
0x000001711e1dc8a0, 0x000001711e1dd3d0, 0x000001711e1ddf00, 0x000001711e1ded60,
0x000001711e1e3750, 0x000001711e2e91e0, 0x000001711e3a62f0, 0x000001713e7b2070,
0x000001713ea2e820, 0x000001713ea9a7a0, 0x000001713ea569d0, 0x000001713ea61170,
0x000001713eccc7d0, 0x000001713eccb930, 0x000001713eccc080, 0x000001713eccb1e0,
0x000001713ec1fce0, 0x000001713ec20b80, 0x000001713ec1ee40, 0x000001713ec1f590,
0x000001713ec228c0, 0x000001713ec23760, 0x000001713ec20430, 0x000001713ec23010,
0x000001713ec24d50, 0x000001713ec26340, 0x000001713ec23eb0, 0x000001713ec254a0,
0x000001713ec25bf0
}

Java Threads: ( => current thread )
  0x000001717f193350 JavaThread "main"                              [_thread_blocked, id=17384, stack(0x0000000c55400000,0x0000000c55500000) (1024K)]
  0x000001711e1d5400 JavaThread "Reference Handler"          daemon [_thread_blocked, id=19672, stack(0x0000000c55c00000,0x0000000c55d00000) (1024K)]
  0x000001711e1d5b40 JavaThread "Finalizer"                  daemon [_thread_blocked, id=23952, stack(0x0000000c55d00000,0x0000000c55e00000) (1024K)]
  0x000001711e1dbd70 JavaThread "Signal Dispatcher"          daemon [_thread_blocked, id=29544, stack(0x0000000c55e00000,0x0000000c55f00000) (1024K)]
  0x000001711e1dc8a0 JavaThread "Attach Listener"            daemon [_thread_blocked, id=21676, stack(0x0000000c55f00000,0x0000000c56000000) (1024K)]
  0x000001711e1dd3d0 JavaThread "Service Thread"             daemon [_thread_blocked, id=28136, stack(0x0000000c56000000,0x0000000c56100000) (1024K)]
  0x000001711e1ddf00 JavaThread "Monitor Deflation Thread"   daemon [_thread_blocked, id=11600, stack(0x0000000c56100000,0x0000000c56200000) (1024K)]
=>0x000001711e1ded60 JavaThread "C2 CompilerThread0"         daemon [_thread_in_native, id=1168, stack(0x0000000c56200000,0x0000000c56300000) (1024K)]
  0x000001711e1e3750 JavaThread "C1 CompilerThread0"         daemon [_thread_blocked, id=26412, stack(0x0000000c56300000,0x0000000c56400000) (1024K)]
  0x000001711e2e91e0 JavaThread "Common-Cleaner"             daemon [_thread_blocked, id=27100, stack(0x0000000c56400000,0x0000000c56500000) (1024K)]
  0x000001711e3a62f0 JavaThread "Notification Thread"        daemon [_thread_blocked, id=29288, stack(0x0000000c56500000,0x0000000c56600000) (1024K)]
  0x000001713e7b2070 JavaThread "Daemon health stats"               [_thread_blocked, id=20212, stack(0x0000000c56800000,0x0000000c56900000) (1024K)]
  0x000001713ea2e820 JavaThread "Incoming local TCP Connector on port 30233"        [_thread_in_native, id=4640, stack(0x0000000c56900000,0x0000000c56a00000) (1024K)]
  0x000001713ea9a7a0 JavaThread "Daemon periodic checks"            [_thread_blocked, id=24876, stack(0x0000000c56a00000,0x0000000c56b00000) (1024K)]
  0x000001713ea569d0 JavaThread "Daemon"                            [_thread_blocked, id=25744, stack(0x0000000c56d00000,0x0000000c56e00000) (1024K)]
  0x000001713ea61170 JavaThread "Handler for socket connection from /127.0.0.1:30233 to /127.0.0.1:30235"        [_thread_in_native, id=9660, stack(0x0000000c56e00000,0x0000000c56f00000) (1024K)]
  0x000001713eccc7d0 JavaThread "Cancel handler"                    [_thread_blocked, id=21760, stack(0x0000000c56f00000,0x0000000c57000000) (1024K)]
  0x000001713eccb930 JavaThread "Daemon worker"                     [_thread_in_vm, id=29520, stack(0x0000000c57000000,0x0000000c57100000) (1024K)]
  0x000001713eccc080 JavaThread "Asynchronous log dispatcher for DefaultDaemonConnection: socket connection from /127.0.0.1:30233 to /127.0.0.1:30235"        [_thread_blocked, id=26800, stack(0x0000000c57100000,0x0000000c57200000) (1024K)]
  0x000001713eccb1e0 JavaThread "Stdin handler"                     [_thread_blocked, id=29156, stack(0x0000000c57200000,0x0000000c57300000) (1024K)]
  0x000001713ec1fce0 JavaThread "Daemon client event forwarder"        [_thread_blocked, id=22824, stack(0x0000000c57300000,0x0000000c57400000) (1024K)]
  0x000001713ec20b80 JavaThread "Cache worker for journal cache (C:\Users\Siddhartha\.gradle\caches\journal-1)"        [_thread_blocked, id=22780, stack(0x0000000c57700000,0x0000000c57800000) (1024K)]
  0x000001713ec1ee40 JavaThread "File lock request listener"        [_thread_in_native, id=28564, stack(0x0000000c57800000,0x0000000c57900000) (1024K)]
  0x000001713ec1f590 JavaThread "Cache worker for file hash cache (C:\Users\Siddhartha\.gradle\caches\8.6\fileHashes)"        [_thread_blocked, id=27860, stack(0x0000000c57900000,0x0000000c57a00000) (1024K)]
  0x000001713ec228c0 JavaThread "File lock release action executor"        [_thread_blocked, id=27676, stack(0x0000000c57a00000,0x0000000c57b00000) (1024K)]
  0x000001713ec23760 JavaThread "File lock release action executor Thread 2"        [_thread_blocked, id=28700, stack(0x0000000c57b00000,0x0000000c57c00000) (1024K)]
  0x000001713ec20430 JavaThread "File watcher server"        daemon [_thread_in_native, id=29600, stack(0x0000000c57d00000,0x0000000c57e00000) (1024K)]
  0x000001713ec23010 JavaThread "File watcher consumer"      daemon [_thread_blocked, id=28740, stack(0x0000000c57e00000,0x0000000c57f00000) (1024K)]
  0x000001713ec24d50 JavaThread "Cache worker for checksums cache (D:\Sciqus\SCIQUS.TICKETS\Mobile-Frontend\android\.gradle\8.6\checksums)"        [_thread_blocked, id=8568, stack(0x0000000c57f00000,0x0000000c58000000) (1024K)]
  0x000001713ec26340 JavaThread "Cache worker for file hash cache (D:\Sciqus\SCIQUS.TICKETS\Mobile-Frontend\android\.gradle\8.6\fileHashes)"        [_thread_blocked, id=1332, stack(0x0000000c58000000,0x0000000c58100000) (1024K)]
  0x000001713ec23eb0 JavaThread "Cache worker for cache directory md-supplier (C:\Users\Siddhartha\.gradle\caches\8.6\md-supplier)"        [_thread_blocked, id=24644, stack(0x0000000c58100000,0x0000000c58200000) (1024K)]
  0x000001713ec254a0 JavaThread "Cache worker for cache directory md-rule (C:\Users\Siddhartha\.gradle\caches\8.6\md-rule)"        [_thread_blocked, id=25948, stack(0x0000000c58200000,0x0000000c58300000) (1024K)]
  0x000001713ec25bf0 JavaThread "Cache worker for file content cache (C:\Users\Siddhartha\.gradle\caches\8.6\fileContent)"        [_thread_blocked, id=27952, stack(0x0000000c58300000,0x0000000c58400000) (1024K)]
Total: 33

Other Threads:
  0x000001711e1c46c0 VMThread "VM Thread"                           [id=2968, stack(0x0000000c55b00000,0x0000000c55c00000) (1024K)]
  0x000001711e1b1cb0 WatcherThread "VM Periodic Task Thread"        [id=29416, stack(0x0000000c55a00000,0x0000000c55b00000) (1024K)]
  0x000001717f1ece70 WorkerThread "GC Thread#0"                     [id=28084, stack(0x0000000c55500000,0x0000000c55600000) (1024K)]
  0x000001713e2f3630 WorkerThread "GC Thread#1"                     [id=29612, stack(0x0000000c56600000,0x0000000c56700000) (1024K)]
  0x000001713e2fb7a0 WorkerThread "GC Thread#2"                     [id=29632, stack(0x0000000c56700000,0x0000000c56800000) (1024K)]
  0x000001713ece8340 WorkerThread "GC Thread#3"                     [id=23980, stack(0x0000000c56b00000,0x0000000c56c00000) (1024K)]
  0x000001713ed81170 WorkerThread "GC Thread#4"                     [id=25880, stack(0x0000000c56c00000,0x0000000c56d00000) (1024K)]
  0x000001713ed81520 WorkerThread "GC Thread#5"                     [id=23016, stack(0x0000000c57400000,0x0000000c57500000) (1024K)]
  0x000001713ed818d0 WorkerThread "GC Thread#6"                     [id=2268, stack(0x0000000c57500000,0x0000000c57600000) (1024K)]
  0x000001713eb43f40 WorkerThread "GC Thread#7"                     [id=25756, stack(0x0000000c57600000,0x0000000c57700000) (1024K)]
  0x000001717f201dd0 ConcurrentGCThread "G1 Main Marker"            [id=27688, stack(0x0000000c55600000,0x0000000c55700000) (1024K)]
  0x000001717f2027f0 WorkerThread "G1 Conc#0"                       [id=29064, stack(0x0000000c55700000,0x0000000c55800000) (1024K)]
  0x000001713eb7ec00 WorkerThread "G1 Conc#1"                       [id=25184, stack(0x0000000c57c00000,0x0000000c57d00000) (1024K)]
  0x000001711e07c930 ConcurrentGCThread "G1 Refine#0"               [id=22760, stack(0x0000000c55800000,0x0000000c55900000) (1024K)]
  0x000001711e07d2c0 ConcurrentGCThread "G1 Service"                [id=24548, stack(0x0000000c55900000,0x0000000c55a00000) (1024K)]
Total: 15

Threads with active compile tasks:
C2 CompilerThread0  25943 3891       4       java.lang.invoke.LambdaFormBuffer::endEdit (313 bytes)
Total: 1

VM state: not at safepoint (normal execution)

VM Mutex/Monitor currently owned by a thread: None

Heap address: 0x0000000080000000, size: 2048 MB, Compressed Oops mode: 32-bit

CDS archive(s) mapped at: [0x000001711f000000-0x000001711fd40000-0x000001711fd40000), size 13893632, SharedBaseAddress: 0x000001711f000000, ArchiveRelocationMode: 1.
Compressed class space mapped at: 0x0000017120000000-0x000001713a000000, reserved size: 436207616
UseCompressedClassPointers 1, UseCompactObjectHeaders 0
Narrow klass pointer bits 32, Max shift 3
Narrow klass base: 0x000001711f000000, Narrow klass shift: 0
Encoding Range: [0x000001711f000000 - 0x000001721f000000), (4294967296 bytes)
Klass Range:    [0x000001711f000000 - 0x000001713a000000), (452984832 bytes)
Klass ID Range:  [8 - 452984825) (452984817)

GC Precious Log:
 CardTable entry size: 512
 Card Set container configuration: InlinePtr #cards 5 size 8 Array Of Cards #cards 10 size 36 Howl #buckets 4 coarsen threshold 1843 Howl Bitmap #cards 512 size 80 coarsen threshold 460 Card regions per heap region 1 cards per card region 2048
 CPUs: 8 total, 8 available
 Memory: 7930M
 Large Page Support: Disabled
 NUMA Support: Disabled
 Compressed Oops: Enabled (32-bit)
 Heap Region Size: 1M
 Heap Min Capacity: 8M
 Heap Initial Capacity: 124M
 Heap Max Capacity: 2G
 Pre-touch: Disabled
 Parallel Workers: 8
 Concurrent Workers: 2
 Concurrent Refinement Workers: 8
 Periodic GC: Disabled

Heap:
 garbage-first heap   total reserved 2097152K, committed 86016K, used 39281K [0x0000000080000000, 0x0000000100000000)
  region size 1024K, 17 young (17408K), 3 survivors (3072K)
 Metaspace       used 27398K, committed 28544K, reserved 491520K
  class space    used 3174K, committed 3712K, reserved 425984K

Heap Regions: E=young(eden), S=young(survivor), O=old, HS=humongous(starts), HC=humongous(continues), CS=collection set, F=free, TAMS=top-at-mark-start, PB=parsable bottom
|   0|0x0000000080000000, 0x0000000080100000, 0x0000000080100000|100%|HS|  |TAMS 0x0000000080000000| PB 0x0000000080000000| Complete |  0
|   1|0x0000000080100000, 0x0000000080200000, 0x0000000080200000|100%|HC|  |TAMS 0x0000000080100000| PB 0x0000000080100000| Complete |  0
|   2|0x0000000080200000, 0x0000000080300000, 0x0000000080300000|100%|HC|  |TAMS 0x0000000080200000| PB 0x0000000080200000| Complete |  0
|   3|0x0000000080300000, 0x0000000080400000, 0x0000000080400000|100%|HC|  |TAMS 0x0000000080300000| PB 0x0000000080300000| Complete |  0
|   4|0x0000000080400000, 0x0000000080500000, 0x0000000080500000|100%| O|  |TAMS 0x0000000080400000| PB 0x0000000080400000| Untracked |  0
|   5|0x0000000080500000, 0x0000000080600000, 0x0000000080600000|100%| O|  |TAMS 0x0000000080500000| PB 0x0000000080500000| Untracked |  0
|   6|0x0000000080600000, 0x0000000080700000, 0x0000000080700000|100%| O|  |TAMS 0x0000000080600000| PB 0x0000000080600000| Untracked |  0
|   7|0x0000000080700000, 0x0000000080800000, 0x0000000080800000|100%| O|  |TAMS 0x0000000080700000| PB 0x0000000080700000| Untracked |  0
|   8|0x0000000080800000, 0x0000000080900000, 0x0000000080900000|100%| O|  |TAMS 0x0000000080800000| PB 0x0000000080800000| Untracked |  0
|   9|0x0000000080900000, 0x0000000080a00000, 0x0000000080a00000|100%| O|  |TAMS 0x0000000080900000| PB 0x0000000080900000| Untracked |  0
|  10|0x0000000080a00000, 0x0000000080b00000, 0x0000000080b00000|100%| O|  |TAMS 0x0000000080a00000| PB 0x0000000080a00000| Untracked |  0
|  11|0x0000000080b00000, 0x0000000080c00000, 0x0000000080c00000|100%| O|  |TAMS 0x0000000080b00000| PB 0x0000000080b00000| Untracked |  0
|  12|0x0000000080c00000, 0x0000000080d00000, 0x0000000080d00000|100%| O|  |TAMS 0x0000000080c00000| PB 0x0000000080c00000| Untracked |  0
|  13|0x0000000080d00000, 0x0000000080e00000, 0x0000000080e00000|100%| O|  |TAMS 0x0000000080d00000| PB 0x0000000080d00000| Untracked |  0
|  14|0x0000000080e00000, 0x0000000080f00000, 0x0000000080f00000|100%| O|  |TAMS 0x0000000080e00000| PB 0x0000000080e00000| Untracked |  0
|  15|0x0000000080f00000, 0x0000000081000000, 0x0000000081000000|100%| O|  |TAMS 0x0000000080f00000| PB 0x0000000080f00000| Untracked |  0
|  16|0x0000000081000000, 0x0000000081100000, 0x0000000081100000|100%| O|  |TAMS 0x0000000081000000| PB 0x0000000081000000| Untracked |  0
|  17|0x0000000081100000, 0x0000000081200000, 0x0000000081200000|100%| O|  |TAMS 0x0000000081100000| PB 0x0000000081100000| Untracked |  0
|  18|0x0000000081200000, 0x0000000081250078, 0x0000000081300000| 31%| O|  |TAMS 0x0000000081200000| PB 0x0000000081200000| Untracked |  0
|  19|0x0000000081300000, 0x0000000081400000, 0x0000000081400000|100%| O|  |TAMS 0x0000000081300000| PB 0x0000000081300000| Untracked |  0
|  20|0x0000000081400000, 0x0000000081500000, 0x0000000081500000|100%| O|  |TAMS 0x0000000081400000| PB 0x0000000081400000| Untracked |  0
|  21|0x0000000081500000, 0x0000000081600000, 0x0000000081600000|100%| O|  |TAMS 0x0000000081500000| PB 0x0000000081500000| Untracked |  0
|  22|0x0000000081600000, 0x000000008160cec0, 0x0000000081700000|  5%| O|  |TAMS 0x0000000081600000| PB 0x0000000081600000| Untracked |  0
|  23|0x0000000081700000, 0x0000000081700000, 0x0000000081800000|  0%| F|  |TAMS 0x0000000081700000| PB 0x0000000081700000| Untracked |  0
|  24|0x0000000081800000, 0x0000000081800000, 0x0000000081900000|  0%| F|  |TAMS 0x0000000081800000| PB 0x0000000081800000| Untracked |  0
|  25|0x0000000081900000, 0x0000000081900000, 0x0000000081a00000|  0%| F|  |TAMS 0x0000000081900000| PB 0x0000000081900000| Untracked |  0
|  26|0x0000000081a00000, 0x0000000081a00000, 0x0000000081b00000|  0%| F|  |TAMS 0x0000000081a00000| PB 0x0000000081a00000| Untracked |  0
|  27|0x0000000081b00000, 0x0000000081b00000, 0x0000000081c00000|  0%| F|  |TAMS 0x0000000081b00000| PB 0x0000000081b00000| Untracked |  0
|  28|0x0000000081c00000, 0x0000000081c00000, 0x0000000081d00000|  0%| F|  |TAMS 0x0000000081c00000| PB 0x0000000081c00000| Untracked |  0
|  29|0x0000000081d00000, 0x0000000081de25f0, 0x0000000081e00000| 88%| S|CS|TAMS 0x0000000081d00000| PB 0x0000000081d00000| Complete |  0
|  30|0x0000000081e00000, 0x0000000081f00000, 0x0000000081f00000|100%| S|CS|TAMS 0x0000000081e00000| PB 0x0000000081e00000| Complete |  0
|  31|0x0000000081f00000, 0x0000000082000000, 0x0000000082000000|100%| S|CS|TAMS 0x0000000081f00000| PB 0x0000000081f00000| Complete |  0
|  32|0x0000000082000000, 0x0000000082000000, 0x0000000082100000|  0%| F|  |TAMS 0x0000000082000000| PB 0x0000000082000000| Untracked |  0
|  33|0x0000000082100000, 0x0000000082100000, 0x0000000082200000|  0%| F|  |TAMS 0x0000000082100000| PB 0x0000000082100000| Untracked |  0
|  34|0x0000000082200000, 0x0000000082200000, 0x0000000082300000|  0%| F|  |TAMS 0x0000000082200000| PB 0x0000000082200000| Untracked |  0
|  35|0x0000000082300000, 0x0000000082300000, 0x0000000082400000|  0%| F|  |TAMS 0x0000000082300000| PB 0x0000000082300000| Untracked |  0
|  36|0x0000000082400000, 0x0000000082400000, 0x0000000082500000|  0%| F|  |TAMS 0x0000000082400000| PB 0x0000000082400000| Untracked |  0
|  37|0x0000000082500000, 0x0000000082500000, 0x0000000082600000|  0%| F|  |TAMS 0x0000000082500000| PB 0x0000000082500000| Untracked |  0
|  38|0x0000000082600000, 0x0000000082600000, 0x0000000082700000|  0%| F|  |TAMS 0x0000000082600000| PB 0x0000000082600000| Untracked |  0
|  39|0x0000000082700000, 0x0000000082700000, 0x0000000082800000|  0%| F|  |TAMS 0x0000000082700000| PB 0x0000000082700000| Untracked |  0
|  40|0x0000000082800000, 0x0000000082800000, 0x0000000082900000|  0%| F|  |TAMS 0x0000000082800000| PB 0x0000000082800000| Untracked |  0
|  41|0x0000000082900000, 0x0000000082900000, 0x0000000082a00000|  0%| F|  |TAMS 0x0000000082900000| PB 0x0000000082900000| Untracked |  0
|  42|0x0000000082a00000, 0x0000000082a00000, 0x0000000082b00000|  0%| F|  |TAMS 0x0000000082a00000| PB 0x0000000082a00000| Untracked |  0
|  43|0x0000000082b00000, 0x0000000082b00000, 0x0000000082c00000|  0%| F|  |TAMS 0x0000000082b00000| PB 0x0000000082b00000| Untracked |  0
|  44|0x0000000082c00000, 0x0000000082c00000, 0x0000000082d00000|  0%| F|  |TAMS 0x0000000082c00000| PB 0x0000000082c00000| Untracked |  0
|  45|0x0000000082d00000, 0x0000000082d00000, 0x0000000082e00000|  0%| F|  |TAMS 0x0000000082d00000| PB 0x0000000082d00000| Untracked |  0
|  46|0x0000000082e00000, 0x0000000082e00000, 0x0000000082f00000|  0%| F|  |TAMS 0x0000000082e00000| PB 0x0000000082e00000| Untracked |  0
|  47|0x0000000082f00000, 0x0000000082f00000, 0x0000000083000000|  0%| F|  |TAMS 0x0000000082f00000| PB 0x0000000082f00000| Untracked |  0
|  48|0x0000000083000000, 0x0000000083000000, 0x0000000083100000|  0%| F|  |TAMS 0x0000000083000000| PB 0x0000000083000000| Untracked |  0
|  49|0x0000000083100000, 0x0000000083100000, 0x0000000083200000|  0%| F|  |TAMS 0x0000000083100000| PB 0x0000000083100000| Untracked |  0
|  50|0x0000000083200000, 0x0000000083200000, 0x0000000083300000|  0%| F|  |TAMS 0x0000000083200000| PB 0x0000000083200000| Untracked |  0
|  51|0x0000000083300000, 0x0000000083300000, 0x0000000083400000|  0%| F|  |TAMS 0x0000000083300000| PB 0x0000000083300000| Untracked |  0
|  52|0x0000000083400000, 0x0000000083400000, 0x0000000083500000|  0%| F|  |TAMS 0x0000000083400000| PB 0x0000000083400000| Untracked |  0
|  53|0x0000000083500000, 0x0000000083500000, 0x0000000083600000|  0%| F|  |TAMS 0x0000000083500000| PB 0x0000000083500000| Untracked |  0
|  54|0x0000000083600000, 0x0000000083600000, 0x0000000083700000|  0%| F|  |TAMS 0x0000000083600000| PB 0x0000000083600000| Untracked |  0
|  55|0x0000000083700000, 0x0000000083700000, 0x0000000083800000|  0%| F|  |TAMS 0x0000000083700000| PB 0x0000000083700000| Untracked |  0
|  56|0x0000000083800000, 0x0000000083800000, 0x0000000083900000|  0%| F|  |TAMS 0x0000000083800000| PB 0x0000000083800000| Untracked |  0
|  57|0x0000000083900000, 0x0000000083900000, 0x0000000083a00000|  0%| F|  |TAMS 0x0000000083900000| PB 0x0000000083900000| Untracked |  0
|  58|0x0000000083a00000, 0x0000000083a00000, 0x0000000083b00000|  0%| F|  |TAMS 0x0000000083a00000| PB 0x0000000083a00000| Untracked |  0
|  59|0x0000000083b00000, 0x0000000083b00000, 0x0000000083c00000|  0%| F|  |TAMS 0x0000000083b00000| PB 0x0000000083b00000| Untracked |  0
|  60|0x0000000083c00000, 0x0000000083c00000, 0x0000000083d00000|  0%| F|  |TAMS 0x0000000083c00000| PB 0x0000000083c00000| Untracked |  0
|  61|0x0000000083d00000, 0x0000000083d00000, 0x0000000083e00000|  0%| F|  |TAMS 0x0000000083d00000| PB 0x0000000083d00000| Untracked |  0
|  62|0x0000000083e00000, 0x0000000083e00000, 0x0000000083f00000|  0%| F|  |TAMS 0x0000000083e00000| PB 0x0000000083e00000| Untracked |  0
|  63|0x0000000083f00000, 0x0000000083f00000, 0x0000000084000000|  0%| F|  |TAMS 0x0000000083f00000| PB 0x0000000083f00000| Untracked |  0
|  64|0x0000000084000000, 0x0000000084000000, 0x0000000084100000|  0%| F|  |TAMS 0x0000000084000000| PB 0x0000000084000000| Untracked |  0
|  65|0x0000000084100000, 0x0000000084100000, 0x0000000084200000|  0%| F|  |TAMS 0x0000000084100000| PB 0x0000000084100000| Untracked |  0
|  66|0x0000000084200000, 0x0000000084200000, 0x0000000084300000|  0%| F|  |TAMS 0x0000000084200000| PB 0x0000000084200000| Untracked |  0
|  67|0x0000000084300000, 0x0000000084300000, 0x0000000084400000|  0%| F|  |TAMS 0x0000000084300000| PB 0x0000000084300000| Untracked |  0
|  68|0x0000000084400000, 0x0000000084500000, 0x0000000084500000|100%| E|  |TAMS 0x0000000084400000| PB 0x0000000084400000| Complete |  0
|  69|0x0000000084500000, 0x0000000084600000, 0x0000000084600000|100%| E|CS|TAMS 0x0000000084500000| PB 0x0000000084500000| Complete |  0
|  70|0x0000000084600000, 0x0000000084700000, 0x0000000084700000|100%| E|CS|TAMS 0x0000000084600000| PB 0x0000000084600000| Complete |  0
|  71|0x0000000084700000, 0x0000000084800000, 0x0000000084800000|100%| E|CS|TAMS 0x0000000084700000| PB 0x0000000084700000| Complete |  0
|  72|0x0000000084800000, 0x0000000084900000, 0x0000000084900000|100%| E|CS|TAMS 0x0000000084800000| PB 0x0000000084800000| Complete |  0
|  73|0x0000000084900000, 0x0000000084a00000, 0x0000000084a00000|100%| E|CS|TAMS 0x0000000084900000| PB 0x0000000084900000| Complete |  0
|  74|0x0000000084a00000, 0x0000000084b00000, 0x0000000084b00000|100%| E|CS|TAMS 0x0000000084a00000| PB 0x0000000084a00000| Complete |  0
|  75|0x0000000084b00000, 0x0000000084c00000, 0x0000000084c00000|100%| E|CS|TAMS 0x0000000084b00000| PB 0x0000000084b00000| Complete |  0
|  76|0x0000000084c00000, 0x0000000084d00000, 0x0000000084d00000|100%| E|CS|TAMS 0x0000000084c00000| PB 0x0000000084c00000| Complete |  0
| 110|0x0000000086e00000, 0x0000000086f00000, 0x0000000086f00000|100%| E|CS|TAMS 0x0000000086e00000| PB 0x0000000086e00000| Complete |  0
| 111|0x0000000086f00000, 0x0000000087000000, 0x0000000087000000|100%| E|CS|TAMS 0x0000000086f00000| PB 0x0000000086f00000| Complete |  0
| 112|0x0000000087000000, 0x0000000087100000, 0x0000000087100000|100%| E|CS|TAMS 0x0000000087000000| PB 0x0000000087000000| Complete |  0
| 113|0x0000000087100000, 0x0000000087200000, 0x0000000087200000|100%| E|CS|TAMS 0x0000000087100000| PB 0x0000000087100000| Complete |  0
| 123|0x0000000087b00000, 0x0000000087c00000, 0x0000000087c00000|100%| E|CS|TAMS 0x0000000087b00000| PB 0x0000000087b00000| Complete |  0
|2046|0x00000000ffe00000, 0x00000000fff00000, 0x00000000fff00000|100%| O|  |TAMS 0x00000000ffe00000| PB 0x00000000ffe00000| Untracked |  0
|2047|0x00000000fff00000, 0x00000000fff1d248, 0x0000000100000000| 11%| O|Cm|TAMS 0x00000000fff00000| PB 0x00000000fff00000| Complete |  0

Card table byte_map: [0x0000017119320000,0x0000017119720000] _byte_map_base: 0x0000017118f20000

Marking Bits: (CMBitMap*) 0x000001717f1ed490
 Bits: [0x0000017119720000, 0x000001711b720000)

Polling page: 0x000001717f580000

Metaspace:

Usage:
  Non-class:     23.68 MB used.
      Class:      3.10 MB used.
       Both:     26.78 MB used.

Virtual space:
  Non-class space:       64.00 MB reserved,      24.25 MB ( 38%) committed,  1 nodes.
      Class space:      416.00 MB reserved,       3.62 MB ( <1%) committed,  1 nodes.
             Both:      480.00 MB reserved,      27.88 MB (  6%) committed. 

Chunk freelists:
   Non-Class:  7.50 MB
       Class:  12.39 MB
        Both:  19.89 MB

MaxMetaspaceSize: 512.00 MB
CompressedClassSpaceSize: 416.00 MB
Initial GC threshold: 21.00 MB
Current GC threshold: 35.12 MB
CDS: on
 - commit_granule_bytes: 65536.
 - commit_granule_words: 8192.
 - virtual_space_node_default_size: 8388608.
 - enlarge_chunks_in_place: 1.
UseCompressedClassPointers 1, UseCompactObjectHeaders 0
Narrow klass pointer bits 32, Max shift 3
Narrow klass base: 0x000001711f000000, Narrow klass shift: 0
Encoding Range: [0x000001711f000000 - 0x000001721f000000), (4294967296 bytes)
Klass Range:    [0x000001711f000000 - 0x000001713a000000), (452984832 bytes)
Klass ID Range:  [8 - 452984825) (452984817)


Internal statistics:

num_allocs_failed_limit: 3.
num_arena_births: 1918.
num_arena_deaths: 0.
num_vsnodes_births: 2.
num_vsnodes_deaths: 0.
num_space_committed: 446.
num_space_uncommitted: 0.
num_chunks_returned_to_freelist: 3.
num_chunks_taken_from_freelist: 3128.
num_chunk_merges: 3.
num_chunk_splits: 2020.
num_chunks_enlarged: 1260.
num_inconsistent_stats: 0.

CodeHeap 'non-profiled nmethods': size=120064Kb used=1695Kb max_used=1695Kb free=118368Kb
 bounds [0x00000171116b0000, 0x0000017111920000, 0x0000017118bf0000]
CodeHeap 'profiled nmethods': size=120000Kb used=6776Kb max_used=6776Kb free=113223Kb
 bounds [0x0000017109bf0000, 0x000001710a290000, 0x0000017111120000]
CodeHeap 'non-nmethods': size=5696Kb used=1584Kb max_used=1720Kb free=4112Kb
 bounds [0x0000017111120000, 0x0000017111390000, 0x00000171116b0000]
CodeCache: size=245760Kb, used=10055Kb, max_used=10191Kb, free=235703Kb
 total_blobs=4501, nmethods=3897, adapters=508, full_count=0
Compilation: enabled, stopped_count=0, restarted_count=0

Compilation events (20 events):
Event: 24.486 Thread 0x000001711e1ded60 nmethod 3880 0x0000017111854b88 code [0x0000017111854d80, 0x00000171118560a0]
Event: 24.573 Thread 0x000001711e1e3750 3881       3       java.lang.invoke.BootstrapMethodInvoker::widenAndCast (47 bytes)
Event: 24.574 Thread 0x000001711e1e3750 nmethod 3881 0x000001710a286808 code [0x000001710a286a00, 0x000001710a287728]
Event: 24.574 Thread 0x000001711e1e3750 3882       3       java.lang.invoke.Invokers::callSiteForm (266 bytes)
Event: 24.575 Thread 0x000001711e1e3750 nmethod 3882 0x000001710a287788 code [0x000001710a2879e0, 0x000001710a288ec0]
Event: 24.666 Thread 0x000001711e1e3750 3883   !   3       java.lang.invoke.CallSite::makeSite (95 bytes)
Event: 24.668 Thread 0x000001711e1e3750 nmethod 3883 0x000001710a288f88 code [0x000001710a289280, 0x000001710a28aaa8]
Event: 24.726 Thread 0x000001711e1e3750 3884       3       jdk.internal.reflect.ConstructorAccessorImpl::<init> (5 bytes)
Event: 24.726 Thread 0x000001711e1e3750 nmethod 3884 0x000001710a28ab88 code [0x000001710a28aca0, 0x000001710a28ae00]
Event: 24.729 Thread 0x000001711e1e3750 3885       3       java.lang.invoke.MemberName::<init> (78 bytes)
Event: 24.730 Thread 0x000001711e1e3750 nmethod 3885 0x000001710a28ae88 code [0x000001710a28b020, 0x000001710a28ba60]
Event: 24.730 Thread 0x000001711e1e3750 3886       3       jdk.internal.reflect.MethodHandleAccessorFactory::makeConstructorHandle (37 bytes)
Event: 24.731 Thread 0x000001711e1e3750 nmethod 3886 0x000001710a28ba88 code [0x000001710a28bc20, 0x000001710a28c518]
Event: 24.733 Thread 0x000001711e1e3750 3887       3       jdk.internal.reflect.DirectConstructorHandleAccessor::constructorAccessor (10 bytes)
Event: 24.733 Thread 0x000001711e1e3750 nmethod 3887 0x000001710a28c588 code [0x000001710a28c6c0, 0x000001710a28ca70]
Event: 24.774 Thread 0x000001711e1ded60 3890   !   4       java.util.ImmutableCollections$ListItr::next (34 bytes)
Event: 24.776 Thread 0x000001711e1ded60 nmethod 3890 0x0000017111856788 code [0x00000171118568a0, 0x0000017111856a28]
Event: 24.776 Thread 0x000001711e1ded60 3891       4       java.lang.invoke.LambdaFormBuffer::endEdit (313 bytes)
Event: 24.843 Thread 0x000001711e1e3750 3897       1       java.lang.invoke.MethodHandle::internalForm (5 bytes)
Event: 24.843 Thread 0x000001711e1e3750 nmethod 3897 0x0000017111857088 code [0x0000017111857180, 0x0000017111857248]

GC Heap History (10 events):
Event: 5.967 GC heap before
{Heap before GC invocations=0 (full 0):
 garbage-first heap   total reserved 2097152K, committed 129024K, used 53364K [0x0000000080000000, 0x0000000100000000)
  region size 1024K, 47 young (48128K), 0 survivors (0K)
 Metaspace       used 4196K, committed 4480K, reserved 491520K
  class space    used 359K, committed 512K, reserved 425984K
}
Event: 6.053 GC heap after
{Heap after GC invocations=1 (full 0):
 garbage-first heap   total reserved 2097152K, committed 129024K, used 11743K [0x0000000080000000, 0x0000000100000000)
  region size 1024K, 6 young (6144K), 6 survivors (6144K)
 Metaspace       used 4196K, committed 4480K, reserved 491520K
  class space    used 359K, committed 512K, reserved 425984K
}
Event: 10.389 GC heap before
{Heap before GC invocations=1 (full 0):
 garbage-first heap   total reserved 2097152K, committed 129024K, used 62943K [0x0000000080000000, 0x0000000100000000)
  region size 1024K, 56 young (57344K), 6 survivors (6144K)
 Metaspace       used 11449K, committed 11776K, reserved 491520K
  class space    used 1171K, committed 1280K, reserved 425984K
}
Event: 10.411 GC heap after
{Heap after GC invocations=2 (full 0):
 garbage-first heap   total reserved 2097152K, committed 129024K, used 19937K [0x0000000080000000, 0x0000000100000000)
  region size 1024K, 7 young (7168K), 7 survivors (7168K)
 Metaspace       used 11449K, committed 11776K, reserved 491520K
  class space    used 1171K, committed 1280K, reserved 425984K
}
Event: 19.632 GC heap before
{Heap before GC invocations=2 (full 0):
 garbage-first heap   total reserved 2097152K, committed 129024K, used 75233K [0x0000000080000000, 0x0000000100000000)
  region size 1024K, 61 young (62464K), 7 survivors (7168K)
 Metaspace       used 19755K, committed 20416K, reserved 491520K
  class space    used 2133K, committed 2432K, reserved 425984K
}
Event: 19.643 GC heap after
{Heap after GC invocations=3 (full 0):
 garbage-first heap   total reserved 2097152K, committed 129024K, used 23419K [0x0000000080000000, 0x0000000100000000)
  region size 1024K, 4 young (4096K), 4 survivors (4096K)
 Metaspace       used 19755K, committed 20416K, reserved 491520K
  class space    used 2133K, committed 2432K, reserved 425984K
}
Event: 20.804 GC heap before
{Heap before GC invocations=3 (full 0):
 garbage-first heap   total reserved 2097152K, committed 129024K, used 32635K [0x0000000080000000, 0x0000000100000000)
  region size 1024K, 14 young (14336K), 4 survivors (4096K)
 Metaspace       used 20832K, committed 21504K, reserved 491520K
  class space    used 2282K, committed 2560K, reserved 425984K
}
Event: 20.808 GC heap after
{Heap after GC invocations=4 (full 0):
 garbage-first heap   total reserved 2097152K, committed 129024K, used 23904K [0x0000000080000000, 0x0000000100000000)
  region size 1024K, 4 young (4096K), 4 survivors (4096K)
 Metaspace       used 20832K, committed 21504K, reserved 491520K
  class space    used 2282K, committed 2560K, reserved 425984K
}
Event: 24.073 GC heap before
{Heap before GC invocations=5 (full 0):
 garbage-first heap   total reserved 2097152K, committed 86016K, used 71008K [0x0000000080000000, 0x0000000100000000)
  region size 1024K, 50 young (51200K), 4 survivors (4096K)
 Metaspace       used 25805K, committed 26880K, reserved 491520K
  class space    used 2974K, committed 3456K, reserved 425984K
}
Event: 24.081 GC heap after
{Heap after GC invocations=6 (full 0):
 garbage-first heap   total reserved 2097152K, committed 86016K, used 25969K [0x0000000080000000, 0x0000000100000000)
  region size 1024K, 3 young (3072K), 3 survivors (3072K)
 Metaspace       used 25805K, committed 26880K, reserved 491520K
  class space    used 2974K, committed 3456K, reserved 425984K
}

Dll operation events (15 events):
Event: 0.233 Loaded shared library C:\Program Files\Java\jdk-24\bin\java.dll
Event: 0.870 Loaded shared library C:\Program Files\Java\jdk-24\bin\jsvml.dll
Event: 0.874 Loaded shared library C:\Program Files\Java\jdk-24\bin\zip.dll
Event: 0.920 Loaded shared library C:\Program Files\Java\jdk-24\bin\instrument.dll
Event: 0.952 Loaded shared library C:\Program Files\Java\jdk-24\bin\net.dll
Event: 0.957 Loaded shared library C:\Program Files\Java\jdk-24\bin\nio.dll
Event: 0.970 Loaded shared library C:\Program Files\Java\jdk-24\bin\zip.dll
Event: 2.391 Loaded shared library C:\Program Files\Java\jdk-24\bin\jimage.dll
Event: 2.638 Loaded shared library C:\Program Files\Java\jdk-24\bin\verify.dll
Event: 3.373 Loaded shared library C:\Users\Siddhartha\.gradle\native\c067742578af261105cb4f569cf0c3c89f3d7b1fecec35dd04571415982c5e48\windows-amd64\native-platform.dll
Event: 3.457 Loaded shared library C:\Users\Siddhartha\.gradle\native\38dada09dfb8b06ba9b0570ebf7e218e3eb74d4ef43ca46872605cf95ebc2f47\windows-amd64\native-platform-file-events.dll
Event: 8.176 Loaded shared library C:\Program Files\Java\jdk-24\bin\management.dll
Event: 8.189 Loaded shared library C:\Program Files\Java\jdk-24\bin\management_ext.dll
Event: 8.970 Loaded shared library C:\Program Files\Java\jdk-24\bin\extnet.dll
Event: 9.403 Loaded shared library C:\Program Files\Java\jdk-24\bin\sunmscapi.dll

Deoptimization events (20 events):
Event: 23.370 Thread 0x000001713eccb930 DEOPT PACKING pc=0x000001711179f3c0 sp=0x0000000c570f6fa0
Event: 23.370 Thread 0x000001713eccb930 DEOPT UNPACKING pc=0x0000017111256082 sp=0x0000000c570f6f30 mode 2
Event: 23.421 Thread 0x000001713eccb930 DEOPT PACKING pc=0x0000017109ef01bb sp=0x0000000c570f95f0
Event: 23.421 Thread 0x000001713eccb930 DEOPT UNPACKING pc=0x0000017111176642 sp=0x0000000c570f8b50 mode 0
Event: 24.716 Thread 0x000001713eccb930 Uncommon trap: trap_request=0xffffffbe fr.pc=0x0000017111855644 relative=0x00000000000008c4
Event: 24.716 Thread 0x000001713eccb930 Uncommon trap: reason=profile_predicate action=maybe_recompile pc=0x0000017111855644 method=java.lang.invoke.InvokerBytecodeGenerator.<init>(Ljava/lang/String;Ljava/lang/String;Ljava/lang/invoke/LambdaForm;Ljava/lang/invoke/MethodType;)V @ 33 c2
Event: 24.716 Thread 0x000001713eccb930 DEOPT PACKING pc=0x0000017111855644 sp=0x0000000c570f9520
Event: 24.716 Thread 0x000001713eccb930 DEOPT UNPACKING pc=0x0000017111256082 sp=0x0000000c570f94a0 mode 2
Event: 24.717 Thread 0x000001713eccb930 Uncommon trap: trap_request=0xffffffbe fr.pc=0x0000017111855644 relative=0x00000000000008c4
Event: 24.717 Thread 0x000001713eccb930 Uncommon trap: reason=profile_predicate action=maybe_recompile pc=0x0000017111855644 method=java.lang.invoke.InvokerBytecodeGenerator.<init>(Ljava/lang/String;Ljava/lang/String;Ljava/lang/invoke/LambdaForm;Ljava/lang/invoke/MethodType;)V @ 33 c2
Event: 24.717 Thread 0x000001713eccb930 DEOPT PACKING pc=0x0000017111855644 sp=0x0000000c570f9970
Event: 24.717 Thread 0x000001713eccb930 DEOPT UNPACKING pc=0x0000017111256082 sp=0x0000000c570f98f0 mode 2
Event: 24.718 Thread 0x000001713eccb930 Uncommon trap: trap_request=0xffffffbe fr.pc=0x0000017111855644 relative=0x00000000000008c4
Event: 24.718 Thread 0x000001713eccb930 Uncommon trap: reason=profile_predicate action=maybe_recompile pc=0x0000017111855644 method=java.lang.invoke.InvokerBytecodeGenerator.<init>(Ljava/lang/String;Ljava/lang/String;Ljava/lang/invoke/LambdaForm;Ljava/lang/invoke/MethodType;)V @ 33 c2
Event: 24.718 Thread 0x000001713eccb930 DEOPT PACKING pc=0x0000017111855644 sp=0x0000000c570f9350
Event: 24.718 Thread 0x000001713eccb930 DEOPT UNPACKING pc=0x0000017111256082 sp=0x0000000c570f92d0 mode 2
Event: 24.719 Thread 0x000001713eccb930 Uncommon trap: trap_request=0xffffffbe fr.pc=0x0000017111855644 relative=0x00000000000008c4
Event: 24.719 Thread 0x000001713eccb930 Uncommon trap: reason=profile_predicate action=maybe_recompile pc=0x0000017111855644 method=java.lang.invoke.InvokerBytecodeGenerator.<init>(Ljava/lang/String;Ljava/lang/String;Ljava/lang/invoke/LambdaForm;Ljava/lang/invoke/MethodType;)V @ 33 c2
Event: 24.719 Thread 0x000001713eccb930 DEOPT PACKING pc=0x0000017111855644 sp=0x0000000c570f9360
Event: 24.719 Thread 0x000001713eccb930 DEOPT UNPACKING pc=0x0000017111256082 sp=0x0000000c570f92e0 mode 2

Classes loaded (20 events):
Event: 21.761 Loading class java/util/ArrayDeque$DeqSpliterator
Event: 21.766 Loading class java/util/ArrayDeque$DeqSpliterator done
Event: 22.135 Loading class java/lang/StringIndexOutOfBoundsException
Event: 22.140 Loading class java/lang/StringIndexOutOfBoundsException done
Event: 23.245 Loading class java/lang/invoke/SerializedLambda
Event: 23.261 Loading class java/lang/invoke/SerializedLambda done
Event: 23.274 Loading class java/lang/reflect/AnnotatedType
Event: 23.282 Loading class java/lang/reflect/AnnotatedType done
Event: 23.289 Loading class java/lang/Class$EnclosingMethodInfo
Event: 23.298 Loading class java/lang/Class$EnclosingMethodInfo done
Event: 23.300 Loading class sun/reflect/generics/tree/IntSignature
Event: 23.310 Loading class sun/reflect/generics/tree/IntSignature done
Event: 23.310 Loading class sun/reflect/generics/tree/ArrayTypeSignature
Event: 23.319 Loading class sun/reflect/generics/tree/ArrayTypeSignature done
Event: 23.324 Loading class java/lang/SafeVarargs
Event: 23.337 Loading class java/lang/SafeVarargs done
Event: 23.642 Loading class java/lang/invoke/BoundMethodHandle$Species_LLLLLLLLLLLLLLLLLLLLLLLL
Event: 23.642 Loading class java/lang/invoke/BoundMethodHandle$Species_LLLLLLLLLLLLLLLLLLLLLLLL done
Event: 24.783 Loading class java/lang/invoke/BoundMethodHandle$Species_LLLLLLLLLLLLLLLLLLLLLLLLL
Event: 24.783 Loading class java/lang/invoke/BoundMethodHandle$Species_LLLLLLLLLLLLLLLLLLLLLLLLL done

Classes unloaded (0 events):
No events

Classes redefined (0 events):
No events

Internal exceptions (20 events):
Event: 22.368 Thread 0x000001713eccb930 Exception <a 'java/lang/NoSuchMethodError'{0x0000000083f7f048}: 'void java.lang.invoke.DirectMethodHandle$Holder.invokeInterface(java.lang.Object, java.lang.Object, java.lang.Object, java.lang.Object, java.lang.Object)'> (0x0000000083f7f048) 
thrown [s\open\src\hotspot\share\interpreter\linkResolver.cpp, line 805]
Event: 22.620 Thread 0x000001713eccb930 Exception <a 'java/lang/NoSuchMethodError'{0x0000000083b285e0}: 'java.lang.Object java.lang.invoke.DirectMethodHandle$Holder.invokeVirtual(java.lang.Object, java.lang.Object, java.lang.Object, java.lang.Object, java.lang.Object, java.lang.Object, java.lang.Object, java.lang.Object, java.lang.Object, java.lang.Object, java.lang.Object, java.lang.Object, java.lang.Object)'> (0x0000000083b285e0) 
thrown [s\open\src\hotspot\share\interpreter\linkResolver.cpp, line 805]
Event: 22.620 Thread 0x000001713eccb930 Exception <a 'java/lang/NoSuchMethodError'{0x0000000083b32d88}: 'java.lang.Object java.lang.invoke.DirectMethodHandle$Holder.invokeSpecial(java.lang.Object, java.lang.Object, java.lang.Object, java.lang.Object, java.lang.Object, java.lang.Object, java.lang.Object, java.lang.Object, java.lang.Object, java.lang.Object, java.lang.Object, java.lang.Object, java.lang.Object, java.lang.Object)'> (0x0000000083b32d88) 
thrown [s\open\src\hotspot\share\interpreter\linkResolver.cpp, line 805]
Event: 22.930 Thread 0x000001713eccb930 Exception <a 'java/lang/NoSuchMethodError'{0x00000000838e9440}: 'java.lang.Object java.lang.invoke.DirectMethodHandle$Holder.invokeSpecialIFC(java.lang.Object, java.lang.Object, java.lang.Object, java.lang.Object)'> (0x00000000838e9440) 
thrown [s\open\src\hotspot\share\interpreter\linkResolver.cpp, line 805]
Event: 22.954 Thread 0x000001713eccb930 Exception <a 'java/lang/NoSuchMethodError'{0x0000000083663b40}: 'java.lang.Object java.lang.invoke.DirectMethodHandle$Holder.newInvokeSpecial(java.lang.Object, java.lang.Object, java.lang.Object, java.lang.Object, java.lang.Object, java.lang.Object, java.lang.Object, java.lang.Object, java.lang.Object, java.lang.Object, java.lang.Object)'> (0x0000000083663b40) 
thrown [s\open\src\hotspot\share\interpreter\linkResolver.cpp, line 805]
Event: 22.981 Thread 0x000001713eccb930 Exception <a 'java/lang/NoSuchMethodError'{0x000000008353ddb8}: 'java.lang.Object java.lang.invoke.DirectMethodHandle$Holder.invokeVirtual(java.lang.Object, java.lang.Object, java.lang.Object, java.lang.Object, java.lang.Object, java.lang.Object, java.lang.Object, java.lang.Object, java.lang.Object, java.lang.Object)'> (0x000000008353ddb8) 
thrown [s\open\src\hotspot\share\interpreter\linkResolver.cpp, line 805]
Event: 23.055 Thread 0x000001713eccb930 Exception <a 'java/lang/NoSuchMethodError'{0x00000000834cab20}: 'java.lang.Object java.lang.invoke.DirectMethodHandle$Holder.invokeStaticInit(java.lang.Object, java.lang.Object, java.lang.Object, java.lang.Object)'> (0x00000000834cab20) 
thrown [s\open\src\hotspot\share\interpreter\linkResolver.cpp, line 805]
Event: 23.504 Thread 0x000001713eccb930 Exception <a 'java/lang/NoSuchMethodError'{0x0000000082ae40b0}: 'java.lang.Object java.lang.invoke.DirectMethodHandle$Holder.newInvokeSpecial(java.lang.Object, java.lang.Object, java.lang.Object, java.lang.Object, java.lang.Object, java.lang.Object, java.lang.Object, java.lang.Object, java.lang.Object, java.lang.Object, java.lang.Object, java.lang.Object, java.lang.Object, java.lang.Object, java.lang.Object)'> (0x0000000082ae40b0) 
thrown [s\open\src\hotspot\share\interpreter\linkResolver.cpp, line 805]
Event: 23.504 Thread 0x000001713eccb930 Exception <a 'java/lang/NoSuchMethodError'{0x0000000082aee960}: 'java.lang.Object java.lang.invoke.DirectMethodHandle$Holder.invokeSpecial(java.lang.Object, java.lang.Object, java.lang.Object, java.lang.Object, java.lang.Object, java.lang.Object, java.lang.Object, java.lang.Object, java.lang.Object, java.lang.Object, java.lang.Object, java.lang.Object, java.lang.Object, java.lang.Object, java.lang.Object, java.lang.Object)'> (0x0000000082aee960) 
thrown [s\open\src\hotspot\share\interpreter\linkResolver.cp
Event: 23.504 Thread 0x000001713eccb930 Exception <a 'java/lang/NoSuchMethodError'{0x0000000082af8a30}: 'java.lang.Object java.lang.invoke.DelegatingMethodHandle$Holder.reinvoke_L(java.lang.Object, java.lang.Object, java.lang.Object, java.lang.Object, java.lang.Object, java.lang.Object, java.lang.Object, java.lang.Object, java.lang.Object, java.lang.Object, java.lang.Object, java.lang.Object, java.lang.Object, java.lang.Object, java.lang.Object)'> (0x0000000082af8a30) 
thrown [s\open\src\hotspot\share\interpreter\linkResolver.cpp, line 805]
Event: 23.625 Thread 0x000001713eccb930 Exception <a 'java/lang/NoSuchMethodError'{0x000000008251ef20}: 'java.lang.Object java.lang.invoke.DirectMethodHandle$Holder.invokeVirtual(java.lang.Object, java.lang.Object, java.lang.Object, java.lang.Object, java.lang.Object, java.lang.Object, java.lang.Object, java.lang.Object, java.lang.Object, java.lang.Object, java.lang.Object, java.lang.Object, java.lang.Object, java.lang.Object, java.lang.Object, java.lang.Object, java.lang.Object, java.lang.Object, java.lang.Object, java.lang.Object, java.lang.Ob
Event: 23.629 Thread 0x000001713eccb930 Exception <a 'java/lang/NoSuchMethodError'{0x000000008252a440}: 'java.lang.Object java.lang.invoke.DirectMethodHandle$Holder.invokeSpecial(java.lang.Object, java.lang.Object, java.lang.Object, java.lang.Object, java.lang.Object, java.lang.Object, java.lang.Object, java.lang.Object, java.lang.Object, java.lang.Object, java.lang.Object, java.lang.Object, java.lang.Object, java.lang.Object, java.lang.Object, java.lang.Object, java.lang.Object, java.lang.Object, java.lang.Object, java.lang.Object, java.lang.Ob
Event: 23.630 Thread 0x000001713eccb930 Exception <a 'java/lang/NoSuchMethodError'{0x0000000082534b50}: 'java.lang.Object java.lang.invoke.DelegatingMethodHandle$Holder.reinvoke_L(java.lang.Object, java.lang.Object, java.lang.Object, java.lang.Object, java.lang.Object, java.lang.Object, java.lang.Object, java.lang.Object, java.lang.Object, java.lang.Object, java.lang.Object, java.lang.Object, java.lang.Object, java.lang.Object, java.lang.Object, java.lang.Object, java.lang.Object, java.lang.Object, java.lang.Object, java.lang.Object, java.lang.O
Event: 23.654 Thread 0x000001713eccb930 Exception <a 'java/lang/NoSuchMethodError'{0x000000008248ac80}: 'java.lang.Object java.lang.invoke.DirectMethodHandle$Holder.invokeStatic(java.lang.Object, java.lang.Object, java.lang.Object, java.lang.Object, java.lang.Object, java.lang.Object, java.lang.Object, java.lang.Object, java.lang.Object, java.lang.Object, java.lang.Object, java.lang.Object, java.lang.Object, java.lang.Object, java.lang.Object, java.lang.Object, java.lang.Object, java.lang.Object, java.lang.Object, java.lang.Object, java.lang.Obj
Event: 24.070 Thread 0x000001713eccb930 Exception <a 'java/lang/NoSuchMethodError'{0x0000000082067518}: 'java.lang.Object java.lang.invoke.DirectMethodHandle$Holder.invokeVirtual(java.lang.Object, java.lang.Object, java.lang.Object, java.lang.Object, java.lang.Object, java.lang.Object, java.lang.Object, java.lang.Object, java.lang.Object, java.lang.Object, java.lang.Object, java.lang.Object, java.lang.Object, java.lang.Object)'> (0x0000000082067518) 
thrown [s\open\src\hotspot\share\interpreter\linkResolver.cpp, line 805]
Event: 24.443 Thread 0x000001713eccb930 Exception <a 'java/lang/NoSuchMethodError'{0x0000000084c25398}: 'java.lang.Object java.lang.invoke.DirectMethodHandle$Holder.invokeVirtual(java.lang.Object, java.lang.Object, java.lang.Object, java.lang.Object, java.lang.Object, java.lang.Object, java.lang.Object, java.lang.Object, java.lang.Object, java.lang.Object, java.lang.Object, java.lang.Object, java.lang.Object, java.lang.Object, java.lang.Object)'> (0x0000000084c25398) 
thrown [s\open\src\hotspot\share\interpreter\linkResolver.cpp, line 805]
Event: 24.771 Thread 0x000001713eccb930 Exception <a 'java/lang/NoSuchMethodError'{0x0000000084ab7548}: 'java.lang.Object java.lang.invoke.DirectMethodHandle$Holder.invokeVirtual(java.lang.Object, java.lang.Object, java.lang.Object, java.lang.Object, java.lang.Object, java.lang.Object, java.lang.Object, java.lang.Object, java.lang.Object, java.lang.Object, java.lang.Object, java.lang.Object, java.lang.Object, java.lang.Object, java.lang.Object, java.lang.Object, java.lang.Object, java.lang.Object, java.lang.Object, java.lang.Object, java.lang.Ob
Event: 24.772 Thread 0x000001713eccb930 Exception <a 'java/lang/NoSuchMethodError'{0x0000000084ac2918}: 'java.lang.Object java.lang.invoke.DirectMethodHandle$Holder.invokeSpecial(java.lang.Object, java.lang.Object, java.lang.Object, java.lang.Object, java.lang.Object, java.lang.Object, java.lang.Object, java.lang.Object, java.lang.Object, java.lang.Object, java.lang.Object, java.lang.Object, java.lang.Object, java.lang.Object, java.lang.Object, java.lang.Object, java.lang.Object, java.lang.Object, java.lang.Object, java.lang.Object, java.lang.Ob
Event: 24.773 Thread 0x000001713eccb930 Exception <a 'java/lang/NoSuchMethodError'{0x0000000084acd0d8}: 'java.lang.Object java.lang.invoke.DelegatingMethodHandle$Holder.reinvoke_L(java.lang.Object, java.lang.Object, java.lang.Object, java.lang.Object, java.lang.Object, java.lang.Object, java.lang.Object, java.lang.Object, java.lang.Object, java.lang.Object, java.lang.Object, java.lang.Object, java.lang.Object, java.lang.Object, java.lang.Object, java.lang.Object, java.lang.Object, java.lang.Object, java.lang.Object, java.lang.Object, java.lang.O
Event: 24.786 Thread 0x000001713eccb930 Exception <a 'java/lang/NoSuchMethodError'{0x0000000084837138}: 'java.lang.Object java.lang.invoke.DirectMethodHandle$Holder.invokeStatic(java.lang.Object, java.lang.Object, java.lang.Object, java.lang.Object, java.lang.Object, java.lang.Object, java.lang.Object, java.lang.Object, java.lang.Object, java.lang.Object, java.lang.Object, java.lang.Object, java.lang.Object, java.lang.Object, java.lang.Object, java.lang.Object, java.lang.Object, java.lang.Object, java.lang.Object, java.lang.Object, java.lang.Obj

VM Operations (20 events):
Event: 17.741 Executing VM operation: HandshakeAllThreads (Deoptimize)
Event: 17.742 Executing VM operation: HandshakeAllThreads (Deoptimize) done
Event: 19.344 Executing VM operation: HandshakeAllThreads (Deoptimize)
Event: 19.344 Executing VM operation: HandshakeAllThreads (Deoptimize) done
Event: 19.632 Executing VM operation: G1CollectForAllocation (G1 Evacuation Pause)
Event: 19.643 Executing VM operation: G1CollectForAllocation (G1 Evacuation Pause) done
Event: 20.803 Executing VM operation: CollectForMetadataAllocation (Metadata GC Threshold)
Event: 20.809 Executing VM operation: CollectForMetadataAllocation (Metadata GC Threshold) done
Event: 20.825 Executing VM operation: G1PauseRemark
Event: 20.829 Executing VM operation: G1PauseRemark done
Event: 20.833 Executing VM operation: G1PauseCleanup
Event: 20.836 Executing VM operation: G1PauseCleanup done
Event: 22.274 Executing VM operation: HandshakeAllThreads (Deoptimize)
Event: 22.275 Executing VM operation: HandshakeAllThreads (Deoptimize) done
Event: 23.288 Executing VM operation: HandshakeAllThreads (Deoptimize)
Event: 23.288 Executing VM operation: HandshakeAllThreads (Deoptimize) done
Event: 24.073 Executing VM operation: G1CollectForAllocation (G1 Evacuation Pause)
Event: 24.081 Executing VM operation: G1CollectForAllocation (G1 Evacuation Pause) done
Event: 24.345 Executing VM operation: HandshakeAllThreads (Deoptimize)
Event: 24.345 Executing VM operation: HandshakeAllThreads (Deoptimize) done

Memory protections (0 events):
No events

Nmethod flushes (0 events):
No events

Events (20 events):
Event: 9.470 Thread 0x000001713ea569d0 Thread added: 0x000001713ea61170
Event: 9.555 Thread 0x000001713ea569d0 Thread added: 0x000001713eccc7d0
Event: 9.576 Thread 0x000001713ea569d0 Thread added: 0x000001713eccb930
Event: 9.636 Thread 0x000001713eccb930 Thread added: 0x000001713eccc080
Event: 9.716 Thread 0x000001713eccb930 Thread added: 0x000001713eccb1e0
Event: 9.726 Thread 0x000001713eccb930 Thread added: 0x000001713ec1fce0
Event: 9.878 Thread 0x000001713ea77f10 Thread exited: 0x000001713ea77f10
Event: 9.883 Thread 0x000001713ea77780 Thread exited: 0x000001713ea77780
Event: 12.907 Thread 0x000001713eccb930 Thread added: 0x000001713ec20b80
Event: 13.109 Thread 0x000001713eccb930 Thread added: 0x000001713ec1ee40
Event: 13.427 Thread 0x000001713eccb930 Thread added: 0x000001713ec1f590
Event: 13.558 Thread 0x000001713ec1ee40 Thread added: 0x000001713ec228c0
Event: 13.579 Thread 0x000001713ec1ee40 Thread added: 0x000001713ec23760
Event: 21.656 Thread 0x000001713eccb930 Thread added: 0x000001713ec20430
Event: 21.689 Thread 0x000001713eccb930 Thread added: 0x000001713ec23010
Event: 22.778 Thread 0x000001713eccb930 Thread added: 0x000001713ec24d50
Event: 22.985 Thread 0x000001713eccb930 Thread added: 0x000001713ec26340
Event: 23.104 Thread 0x000001713eccb930 Thread added: 0x000001713ec23eb0
Event: 23.130 Thread 0x000001713eccb930 Thread added: 0x000001713ec254a0
Event: 23.556 Thread 0x000001713eccb930 Thread added: 0x000001713ec25bf0


Dynamic libraries:
0x00007ff696540000 - 0x00007ff696550000 	C:\Program Files\Java\jdk-24\bin\java.exe
0x00007ffef6d00000 - 0x00007ffef6f66000 	C:\WINDOWS\SYSTEM32\ntdll.dll
0x00007ffef5220000 - 0x00007ffef52e9000 	C:\WINDOWS\System32\KERNEL32.DLL
0x00007ffef42d0000 - 0x00007ffef46cf000 	C:\WINDOWS\System32\KERNELBASE.dll
0x00007ffef48d0000 - 0x00007ffef4a1c000 	C:\WINDOWS\System32\ucrtbase.dll
0x00007ffef04a0000 - 0x00007ffef04b6000 	C:\Program Files\Java\jdk-24\bin\jli.dll
0x00007ffef4b30000 - 0x00007ffef4cf6000 	C:\WINDOWS\System32\USER32.dll
0x00007ffef3fc0000 - 0x00007ffef3fe7000 	C:\WINDOWS\System32\win32u.dll
0x00007ffef60e0000 - 0x00007ffef610b000 	C:\WINDOWS\System32\GDI32.dll
0x00007ffef47a0000 - 0x00007ffef48c9000 	C:\WINDOWS\System32\gdi32full.dll
0x00007ffef3f10000 - 0x00007ffef3fb3000 	C:\WINDOWS\System32\msvcp_win.dll
0x00007ffee8750000 - 0x00007ffee876b000 	C:\Program Files\Java\jdk-24\bin\VCRUNTIME140.dll
0x00007ffed5b50000 - 0x00007ffed5de1000 	C:\WINDOWS\WinSxS\amd64_microsoft.windows.common-controls_6595b64144ccf1df_6.0.26100.8972_none_3e0da176e32f9d4b\COMCTL32.dll
0x00007ffef6030000 - 0x00007ffef60d9000 	C:\WINDOWS\System32\msvcrt.dll
0x00007ffef5d70000 - 0x00007ffef5da2000 	C:\WINDOWS\System32\IMM32.DLL
0x00007ffeebe60000 - 0x00007ffeebe6c000 	C:\Program Files\Java\jdk-24\bin\vcruntime140_1.dll
0x00007ffe80090000 - 0x00007ffe8011e000 	C:\Program Files\Java\jdk-24\bin\msvcp140.dll
0x00007ffe28f90000 - 0x00007ffe29d31000 	C:\Program Files\Java\jdk-24\bin\server\jvm.dll
0x00007ffef5430000 - 0x00007ffef54ec000 	C:\WINDOWS\System32\ADVAPI32.dll
0x00007ffef5cc0000 - 0x00007ffef5d6a000 	C:\WINDOWS\System32\sechost.dll
0x00007ffef52f0000 - 0x00007ffef5408000 	C:\WINDOWS\System32\RPCRT4.dll
0x00007ffef5fa0000 - 0x00007ffef6022000 	C:\WINDOWS\System32\WS2_32.dll
0x00007ffef3d70000 - 0x00007ffef3dce000 	C:\WINDOWS\SYSTEM32\POWRPROF.dll
0x00007ffee9160000 - 0x00007ffee9196000 	C:\WINDOWS\SYSTEM32\WINMM.dll
0x00007ffee5e80000 - 0x00007ffee5e8b000 	C:\WINDOWS\SYSTEM32\VERSION.dll
0x00007ffef3d50000 - 0x00007ffef3d65000 	C:\WINDOWS\SYSTEM32\UMPDC.dll
0x00007ffef2c00000 - 0x00007ffef2c1b000 	C:\WINDOWS\SYSTEM32\kernel.appcore.dll
0x00007ffed6860000 - 0x00007ffed686a000 	C:\Program Files\Java\jdk-24\bin\jimage.dll
0x00007ffef13d0000 - 0x00007ffef1612000 	C:\WINDOWS\SYSTEM32\DBGHELP.DLL
0x00007ffef6710000 - 0x00007ffef6a95000 	C:\WINDOWS\System32\combase.dll
0x00007ffef6150000 - 0x00007ffef6229000 	C:\WINDOWS\System32\OLEAUT32.dll
0x00007ffee9120000 - 0x00007ffee915b000 	C:\WINDOWS\SYSTEM32\dbgcore.DLL
0x00007ffef4210000 - 0x00007ffef42bc000 	C:\WINDOWS\System32\bcryptPrimitives.dll
0x00007ffed6790000 - 0x00007ffed679f000 	C:\Program Files\Java\jdk-24\bin\instrument.dll
0x00007ffed6770000 - 0x00007ffed678e000 	C:\Program Files\Java\jdk-24\bin\java.dll
0x00007ffef6570000 - 0x00007ffef6709000 	C:\WINDOWS\System32\ole32.dll
0x00007ffef5530000 - 0x00007ffef5cb8000 	C:\WINDOWS\System32\SHELL32.dll
0x00007ffef1990000 - 0x00007ffef222b000 	C:\WINDOWS\SYSTEM32\windows.storage.dll
0x00007ffef4a30000 - 0x00007ffef4b29000 	C:\WINDOWS\System32\SHCORE.dll
0x00007ffef6230000 - 0x00007ffef6296000 	C:\WINDOWS\System32\shlwapi.dll
0x00007ffef3e30000 - 0x00007ffef3e59000 	C:\WINDOWS\SYSTEM32\profapi.dll
0x00007ffe7ffb0000 - 0x00007ffe80087000 	C:\Program Files\Java\jdk-24\bin\jsvml.dll
0x00007ffecb960000 - 0x00007ffecb977000 	C:\Program Files\Java\jdk-24\bin\zip.dll
0x00007ffeb38b0000 - 0x00007ffeb38c0000 	C:\Program Files\Java\jdk-24\bin\net.dll
0x00007ffef31b0000 - 0x00007ffef321c000 	C:\WINDOWS\system32\mswsock.dll
0x00007ffeb3460000 - 0x00007ffeb3476000 	C:\Program Files\Java\jdk-24\bin\nio.dll
0x00007ffeb3450000 - 0x00007ffeb3460000 	C:\Program Files\Java\jdk-24\bin\verify.dll
0x00007ffeebe90000 - 0x00007ffeebeb7000 	C:\Users\Siddhartha\.gradle\native\c067742578af261105cb4f569cf0c3c89f3d7b1fecec35dd04571415982c5e48\windows-amd64\native-platform.dll
0x00007ffe81a00000 - 0x00007ffe81b44000 	C:\Users\Siddhartha\.gradle\native\38dada09dfb8b06ba9b0570ebf7e218e3eb74d4ef43ca46872605cf95ebc2f47\windows-amd64\native-platform-file-events.dll
0x00007ffeb3440000 - 0x00007ffeb344a000 	C:\Program Files\Java\jdk-24\bin\management.dll
0x00007ffeb3430000 - 0x00007ffeb343b000 	C:\Program Files\Java\jdk-24\bin\management_ext.dll
0x00007ffef6110000 - 0x00007ffef6118000 	C:\WINDOWS\System32\PSAPI.DLL
0x00007ffef34a0000 - 0x00007ffef34bb000 	C:\WINDOWS\SYSTEM32\CRYPTSP.dll
0x00007ffef2b60000 - 0x00007ffef2b99000 	C:\WINDOWS\system32\rsaenh.dll
0x00007ffef3260000 - 0x00007ffef3292000 	C:\WINDOWS\SYSTEM32\USERENV.dll
0x00007ffef3e00000 - 0x00007ffef3e2a000 	C:\WINDOWS\SYSTEM32\bcrypt.dll
0x00007ffef34c0000 - 0x00007ffef34cc000 	C:\WINDOWS\SYSTEM32\CRYPTBASE.dll
0x00007ffef2580000 - 0x00007ffef25b3000 	C:\WINDOWS\SYSTEM32\IPHLPAPI.DLL
0x00007ffef6140000 - 0x00007ffef614a000 	C:\WINDOWS\System32\NSI.dll
0x00007ffeb3420000 - 0x00007ffeb3429000 	C:\Program Files\Java\jdk-24\bin\extnet.dll
0x00007ffeb3410000 - 0x00007ffeb341e000 	C:\Program Files\Java\jdk-24\bin\sunmscapi.dll
0x00007ffef4080000 - 0x00007ffef41fe000 	C:\WINDOWS\System32\CRYPT32.dll
0x00007ffef36e0000 - 0x00007ffef3710000 	C:\WINDOWS\SYSTEM32\ncrypt.dll
0x00007ffef3690000 - 0x00007ffef36cf000 	C:\WINDOWS\SYSTEM32\NTASN1.dll
0x00007ffe862e0000 - 0x00007ffe862e8000 	C:\WINDOWS\system32\wshunix.dll

JVMTI agents:
C:\Users\Siddhartha\.gradle\wrapper\dists\gradle-8.6-all\3mbtmo166bl6vumsh5k2lkq5h\gradle-8.6\lib\agents\gradle-instrumentation-agent-8.6.jar path:C:\Program Files\Java\jdk-24\bin\instrument.dll, loaded, initialized, instrumentlib options:none

dbghelp: loaded successfully - version: 4.0.5 - missing functions: none
symbol engine: initialized successfully - sym options: 0x614 - pdb path: .;C:\Program Files\Java\jdk-24\bin;C:\WINDOWS\SYSTEM32;C:\WINDOWS\WinSxS\amd64_microsoft.windows.common-controls_6595b64144ccf1df_6.0.26100.8972_none_3e0da176e32f9d4b;C:\Program Files\Java\jdk-24\bin\server;C:\Users\Siddhartha\.gradle\native\c067742578af261105cb4f569cf0c3c89f3d7b1fecec35dd04571415982c5e48\windows-amd64;C:\Users\Siddhartha\.gradle\native\38dada09dfb8b06ba9b0570ebf7e218e3eb74d4ef43ca46872605cf95ebc2f47\windows-amd64

VM Arguments:
jvm_args: -XX:MaxMetaspaceSize=512m --add-opens=java.base/java.util=ALL-UNNAMED --add-opens=java.base/java.lang=ALL-UNNAMED --add-opens=java.base/java.lang.invoke=ALL-UNNAMED --add-opens=java.prefs/java.util.prefs=ALL-UNNAMED --add-opens=java.base/java.nio.charset=ALL-UNNAMED --add-opens=java.base/java.net=ALL-UNNAMED --add-opens=java.base/java.util.concurrent.atomic=ALL-UNNAMED -Xmx2048m -Dfile.encoding=utf8 -Duser.country=IN -Duser.language=en -Duser.variant -javaagent:C:\Users\Siddhartha\.gradle\wrapper\dists\gradle-8.6-all\3mbtmo166bl6vumsh5k2lkq5h\gradle-8.6\lib\agents\gradle-instrumentation-agent-8.6.jar 
java_command: org.gradle.launcher.daemon.bootstrap.GradleDaemon 8.6
java_class_path (initial): C:\Users\Siddhartha\.gradle\wrapper\dists\gradle-8.6-all\3mbtmo166bl6vumsh5k2lkq5h\gradle-8.6\lib\gradle-launcher-8.6.jar
Launcher Type: SUN_STANDARD

[Global flags]
     intx CICompilerCount                          = 4                                         {product} {ergonomic}
   size_t CompressedClassSpaceSize                 = 436207616                                 {product} {ergonomic}
     uint ConcGCThreads                            = 2                                         {product} {ergonomic}
     uint G1ConcRefinementThreads                  = 8                                         {product} {ergonomic}
   size_t G1HeapRegionSize                         = 1048576                                   {product} {ergonomic}
   size_t InitialHeapSize                          = 130023424                                 {product} {ergonomic}
   size_t MarkStackSize                            = 4194304                                   {product} {ergonomic}
   size_t MarkStackSizeMax                         = 536870912                                 {product} {ergonomic}
   size_t MaxHeapSize                              = 2147483648                                {product} {command line}
   size_t MaxMetaspaceSize                         = 536870912                                 {product} {command line}
   size_t MaxNewSize                               = 1287651328                                {product} {ergonomic}
   size_t MinHeapDeltaBytes                        = 1048576                                   {product} {ergonomic}
   size_t MinHeapSize                              = 8388608                                   {product} {ergonomic}
    uintx NonNMethodCodeHeapSize                   = 5832704                                {pd product} {ergonomic}
    uintx NonProfiledCodeHeapSize                  = 122945536                              {pd product} {ergonomic}
    uintx ProfiledCodeHeapSize                     = 122880000                              {pd product} {ergonomic}
    uintx ReservedCodeCacheSize                    = 251658240                              {pd product} {ergonomic}
     bool SegmentedCodeCache                       = true                                      {product} {ergonomic}
   size_t SoftMaxHeapSize                          = 2147483648                             {manageable} {ergonomic}
     bool UseCompressedOops                        = true                           {product lp64_product} {ergonomic}
     bool UseG1GC                                  = true                                      {product} {ergonomic}
     bool UseLargePagesIndividualAllocation        = false                                  {pd product} {ergonomic}

Logging:
Log output configuration:
 #0: stdout all=warning uptime,level,tags foldmultilines=false
 #1: stderr all=off uptime,level,tags foldmultilines=false

Environment Variables:
PATH=C:\Program Files\Common Files\Oracle\Java\javapath;C:\Program Files\Python313\Scripts\;C:\Program Files\Python313\;C:\Windows\system32;C:\Windows;C:\Windows\System32\Wbem;C:\Windows\System32\WindowsPowerShell\v1.0\;C:\Windows\System32\OpenSSH\;C:\Program Files\NVIDIA Corporation\NVIDIA NvDLISR;C:\WINDOWS\system32;C:\WINDOWS;C:\WINDOWS\System32\Wbem;C:\WINDOWS\System32\WindowsPowerShell\v1.0\;C:\WINDOWS\System32\OpenSSH\;C:\Program Files\dotnet\;C:\MinGW\bin;C:\Program Files\Java\jdk-24\bin;C:\ProgramData\chocolatey\bin;D:\Git\cmd;C:\Users\Siddhartha\.local\bin;D:\dev\nvm;D:\dev\nodejs;C:\Program Files\Microsoft SQL Server\170\Tools\Binn\;C:\Program Files\Microsoft SQL Server\Client SDK\ODBC\170\Tools\Binn\;C:\Program Files (x86)\Microsoft SQL Server\170\Tools\Binn\;C:\Program Files\Microsoft SQL Server\Client SDK\ODBC\180\Tools\Binn\;C:\Program Files\Microsoft SQL Server\170\DTS\Binn\;C:\Program Files\nodejs\;C:\Program Files\k6\;C:\Program Files\Go\bin;C:\Program Files\Common Files\Oracle\Java\javapath;C:\Program Files\Python313\Scripts\;C:\Program Files\Python313\;C:\Windows\system32;C:\Windows;C:\Windows\System32\Wbem;C:\Windows\System32\WindowsPowerShell\v1.0\;C:\Windows\System32\OpenSSH\;C:\Program Files\NVIDIA Corporation\NVIDIA NvDLISR;C:\WINDOWS\system32;C:\WINDOWS;C:\WINDOWS\System32\Wbem;C:\WINDOWS\System32\WindowsPowerShell\v1.0\;C:\WINDOWS\System32\OpenSSH\;C:\Program Files\dotnet\;C:\MinGW\bin;C:\Program Files\Java\jdk-24\bin;C:\ProgramData\chocolatey\bin;D:\Git\cmd;C:\Users\Siddhartha\.local\bin;C:\Program Files\k6\;D:\dev\nvm;D:\dev\nodejs;C:\Program Files\Microsoft SQL Server\170\Tools\Binn\;C:\Program Files\Microsoft SQL Server\Client SDK\ODBC\170\Tools\Binn\;C:\Program Files (x86)\Microsoft SQL Server\170\Tools\Binn\;C:\Program Files\Microsoft SQL Server\Client SDK\ODBC\180\Tools\Binn\;C:\Program Files\Microsoft SQL Server\170\DTS\Binn\;C:\Users\Siddhartha\AppData\Local\Microsoft\WindowsApps;C:\Users\Siddhartha\AppData\Local\Programs\Microsoft VS Code\bin;C:\Program Files\MongoDB\Server\8.2\bin;C:\Users\Siddhartha\AppData\Local\Programs\mongosh\;D:\cursor\resources\app\bin;D:\Antigravity\bin;C:\Program Files (x86)\Nmap;C:\Users\Siddhartha\AppData\Local\Programs\Antigravity IDE\bin;C:\Users\Siddhartha\.dotnet\tools;C:\Users\Siddhartha\AppData\Local\Microsoft\WinGet\Packages\lostindark.DriverStoreExplorer_Microsoft.Winget.Source_8wekyb3d8bbwe;D:\dev\nvm;D:\dev\nodejs;C:\Program Files\nodejs\;D:\Android\Sdk\platform-tools;D:\Android\Sdk\emulator;;C:\Users\Siddhartha\AppData\Local\Programs\DockerDesktop\resources\bin;C:\Users\Siddhartha\go\bin
USERNAME=Siddhartha
OS=Windows_NT
PROCESSOR_IDENTIFIER=Intel64 Family 6 Model 140 Stepping 2, GenuineIntel
TMP=C:\Users\SIDDHA~1\AppData\Local\Temp
TEMP=C:\Users\SIDDHA~1\AppData\Local\Temp




Periodic native trim disabled

---------------  S Y S T E M  ---------------

OS:
 Windows 11 , 64 bit Build 26100 (10.0.26100.9168)
OS uptime: 0 days 0:57 hours
Hyper-V role detected

CPU: total 8 (initial active 8) (4 cores per cpu, 2 threads per core) family 6 model 140 stepping 2 microcode 0x3c, cx8, cmov, fxsr, ht, mmx, 3dnowpref, sse, sse2, sse3, ssse3, sse4.1, sse4.2, popcnt, lzcnt, tsc, tscinvbit, avx, avx2, aes, erms, clmul, bmi1, bmi2, adx, avx512f, avx512dq, avx512cd, avx512bw, avx512vl, sha, fma, vzeroupper, avx512_vpopcntdq, avx512_vpclmulqdq, avx512_vaes, avx512_vnni, clflush, clflushopt, clwb, avx512_vbmi2, avx512_vbmi, hv, rdtscp, rdpid, fsrm, gfni, avx512_bitalg, f16c, cet_ibt, cet_ss, avx512_ifma
Processor Information for the first 8 processors :
  Max Mhz: 2496, Current Mhz: 2496, Mhz Limit: 2496

Memory: 4k page, system-wide physical 7930M (344M free)
TotalPageFile size 32506M (AvailPageFile size 11M)
current process WorkingSet (physical memory assigned to process): 159M, peak: 185M
current process commit charge ("private bytes"): 239M, peak: 304M

vm_info: Java HotSpot(TM) 64-Bit Server VM (24.0.2+12-54) for windows-amd64 JRE (24.0.2+12-54), built on 2025-07-08T12:10:27Z with MS VC++ 17.6 (VS2022)

END.
