#
# There is insufficient memory for the Java Runtime Environment to continue.
# Native memory allocation (malloc) failed to allocate 1236656 bytes. Error detail: Chunk::new
# Possible reasons:
#   The system is out of physical RAM or swap space
#   This process is running with CompressedOops enabled, and the Java Heap may be blocking the growth of the native heap
# Possible solutions:
#   Reduce memory load on the system
#   Increase physical memory or swap space
#   Check if swap backing store is full
#   Decrease Java heap size (-Xmx/-Xms)
#   Decrease number of Java threads
#   Decrease Java thread stack sizes (-Xss)
#   Set larger code cache with -XX:ReservedCodeCacheSize=
#   JVM is running with Unscaled Compressed Oops mode in which the Java heap is
#     placed in the first 4GB address space. The Java Heap base address is the
#     maximum limit for the native heap growth. Please use -XX:HeapBaseMinAddress
#     to set the Java Heap base and to place the Java Heap above 4GB virtual address.
# This output file may be truncated or incomplete.
#
#  Out of Memory Error (arena.cpp:191), pid=22140, tid=19388
#
# JRE version: OpenJDK Runtime Environment Temurin-17.0.19+10 (17.0.19+10) (build 17.0.19+10)
# Java VM: OpenJDK 64-Bit Server VM Temurin-17.0.19+10 (17.0.19+10, mixed mode, sharing, tiered, compressed oops, compressed class ptrs, g1 gc, windows-amd64)
# No core dump will be written. Minidumps are not enabled by default on client versions of Windows
#

---------------  S U M M A R Y ------------

Command Line: -XX:MaxMetaspaceSize=512m --add-opens=java.base/java.util=ALL-UNNAMED --add-opens=java.base/java.lang=ALL-UNNAMED --add-opens=java.base/java.lang.invoke=ALL-UNNAMED --add-opens=java.prefs/java.util.prefs=ALL-UNNAMED --add-opens=java.base/java.nio.charset=ALL-UNNAMED --add-opens=java.base/java.net=ALL-UNNAMED --add-opens=java.base/java.util.concurrent.atomic=ALL-UNNAMED -Xmx2048m -Dfile.encoding=utf8 -Duser.country=IN -Duser.language=en -Duser.variant -javaagent:C:\Users\Siddhartha\.gradle\wrapper\dists\gradle-8.6-all\3mbtmo166bl6vumsh5k2lkq5h\gradle-8.6\lib\agents\gradle-instrumentation-agent-8.6.jar org.gradle.launcher.daemon.bootstrap.GradleDaemon 8.6

Host: 11th Gen Intel(R) Core(TM) i5-11320H @ 3.20GHz, 8 cores, 7G,  Windows 11 , 64 bit Build 26100 (10.0.26100.9168)
Time: Wed Sep  2 17:30:04 2026 India Standard Time elapsed time: 128.731373 seconds (0d 0h 2m 8s)

---------------  T H R E A D  ---------------

Current thread (0x000001a59f637790):  JavaThread "C2 CompilerThread0" daemon [_thread_in_native, id=19388, stack(0x0000005870200000,0x0000005870300000)]


Current CompileTask:
C2:128731 6977   !   4       java.net.URLClassLoader::findClass (47 bytes)

Stack: [0x0000005870200000,0x0000005870300000]
Native frames: (J=compiled Java code, j=interpreted, Vv=VM code, C=native code)
V  [jvm.dll+0x684b29]
V  [jvm.dll+0x83a2d5]
V  [jvm.dll+0x83bd4e]
V  [jvm.dll+0x83c3d3]
V  [jvm.dll+0x24905f]
V  [jvm.dll+0xad536]
V  [jvm.dll+0xadbdc]
V  [jvm.dll+0x368d4f]
V  [jvm.dll+0x1bc2bf]
V  [jvm.dll+0x219fc0]
V  [jvm.dll+0x2192af]
V  [jvm.dll+0x1a49f0]
V  [jvm.dll+0x2299fa]
V  [jvm.dll+0x227bab]
V  [jvm.dll+0x7f0a88]
V  [jvm.dll+0x7eaf1c]
V  [jvm.dll+0x6839f7]
C  [ucrtbase.dll+0x2cd30]
C  [KERNEL32.DLL+0x2ccb7]
C  [ntdll.dll+0xaad6c]


---------------  P R O C E S S  ---------------

Threads class SMR info:
_java_thread_list=0x000001a5c2a33890, length=56, elements={
0x000001a5ffceed40, 0x000001a59f61a570, 0x000001a59f61bab0, 0x000001a59f635120,
0x000001a59f6359f0, 0x000001a59f6362c0, 0x000001a59f636b90, 0x000001a59f637790,
0x000001a59f63d230, 0x000001a59f7d07c0, 0x000001a59f5fd510, 0x000001a59f924f60,
0x000001a5bfcf57a0, 0x000001a5c006a4f0, 0x000001a5bfbd7520, 0x000001a5c01c71d0,
0x000001a5c052f410, 0x000001a5c0aaa200, 0x000001a5c0aaa710, 0x000001a5c0aaac20,
0x000001a5c0aab640, 0x000001a5c0aabb50, 0x000001a5c0aad4a0, 0x000001a5c0aac060,
0x000001a5c0aac570, 0x000001a5c0aaca80, 0x000001a5c0aacf90, 0x000001a5c114bf70,
0x000001a5c114ddd0, 0x000001a5c114c990, 0x000001a5c114e7f0, 0x000001a5c114c480,
0x000001a5c114cea0, 0x000001a5c114d3b0, 0x000001a5c114d8c0, 0x000001a5c114b040,
0x000001a5c114ed00, 0x000001a5c114b550, 0x000001a5c11529c0, 0x000001a5c1150140,
0x000001a5c1151070, 0x000001a5c1150650, 0x000001a5c1150b60, 0x000001a5c1151580,
0x000001a5c1151fa0, 0x000001a5c1151a90, 0x000001a5c114f210, 0x000001a5c114f720,
0x000001a5c11524b0, 0x000001a5c114fc30, 0x000001a5c0aab130, 0x000001a5c1211350,
0x000001a5c1213bd0, 0x000001a5c1211d70, 0x000001a5c12131b0, 0x000001a5c12136c0
}

Java Threads: ( => current thread )
  0x000001a5ffceed40 JavaThread "main" [_thread_blocked, id=19380, stack(0x000000586f400000,0x000000586f500000)]
  0x000001a59f61a570 JavaThread "Reference Handler" daemon [_thread_blocked, id=22284, stack(0x000000586fc00000,0x000000586fd00000)]
  0x000001a59f61bab0 JavaThread "Finalizer" daemon [_thread_blocked, id=20304, stack(0x000000586fd00000,0x000000586fe00000)]
  0x000001a59f635120 JavaThread "Signal Dispatcher" daemon [_thread_blocked, id=26156, stack(0x000000586fe00000,0x000000586ff00000)]
  0x000001a59f6359f0 JavaThread "Attach Listener" daemon [_thread_blocked, id=22716, stack(0x000000586ff00000,0x0000005870000000)]
  0x000001a59f6362c0 JavaThread "Service Thread" daemon [_thread_blocked, id=24844, stack(0x0000005870000000,0x0000005870100000)]
  0x000001a59f636b90 JavaThread "Monitor Deflation Thread" daemon [_thread_blocked, id=1152, stack(0x0000005870100000,0x0000005870200000)]
=>0x000001a59f637790 JavaThread "C2 CompilerThread0" daemon [_thread_in_native, id=19388, stack(0x0000005870200000,0x0000005870300000)]
  0x000001a59f63d230 JavaThread "C1 CompilerThread0" daemon [_thread_blocked, id=4028, stack(0x0000005870300000,0x0000005870400000)]
  0x000001a59f7d07c0 JavaThread "Sweeper thread" daemon [_thread_blocked, id=25656, stack(0x0000005870400000,0x0000005870500000)]
  0x000001a59f5fd510 JavaThread "Common-Cleaner" daemon [_thread_blocked, id=11976, stack(0x0000005870500000,0x0000005870600000)]
  0x000001a59f924f60 JavaThread "Notification Thread" daemon [_thread_blocked, id=26744, stack(0x0000005870600000,0x0000005870700000)]
  0x000001a5bfcf57a0 JavaThread "Daemon health stats" [_thread_blocked, id=19596, stack(0x0000005870c00000,0x0000005870d00000)]
  0x000001a5c006a4f0 JavaThread "Incoming local TCP Connector on port 23682" [_thread_in_native, id=24916, stack(0x0000005870d00000,0x0000005870e00000)]
  0x000001a5bfbd7520 JavaThread "Daemon periodic checks" [_thread_blocked, id=2532, stack(0x0000005870e00000,0x0000005870f00000)]
  0x000001a5c01c71d0 JavaThread "Daemon" [_thread_blocked, id=22020, stack(0x0000005870f00000,0x0000005871000000)]
  0x000001a5c052f410 JavaThread "Handler for socket connection from /127.0.0.1:23682 to /127.0.0.1:23685" [_thread_in_native, id=9164, stack(0x0000005871000000,0x0000005871100000)]
  0x000001a5c0aaa200 JavaThread "Cancel handler" [_thread_blocked, id=26884, stack(0x0000005871100000,0x0000005871200000)]
  0x000001a5c0aaa710 JavaThread "Daemon worker" [_thread_in_vm, id=22232, stack(0x0000005871200000,0x0000005871300000)]
  0x000001a5c0aaac20 JavaThread "Asynchronous log dispatcher for DefaultDaemonConnection: socket connection from /127.0.0.1:23682 to /127.0.0.1:23685" [_thread_blocked, id=26828, stack(0x0000005871300000,0x0000005871400000)]
  0x000001a5c0aab640 JavaThread "Daemon client event forwarder" [_thread_blocked, id=26956, stack(0x0000005871500000,0x0000005871600000)]
  0x000001a5c0aabb50 JavaThread "Cache worker for journal cache (C:\Users\Siddhartha\.gradle\caches\journal-1)" [_thread_blocked, id=27652, stack(0x0000005871600000,0x0000005871700000)]
  0x000001a5c0aad4a0 JavaThread "File lock request listener" [_thread_in_native, id=27676, stack(0x0000005871700000,0x0000005871800000)]
  0x000001a5c0aac060 JavaThread "File lock release action executor" [_thread_blocked, id=27716, stack(0x0000005871800000,0x0000005871900000)]
  0x000001a5c0aac570 JavaThread "Cache worker for file hash cache (C:\Users\Siddhartha\.gradle\caches\8.6\fileHashes)" [_thread_blocked, id=27720, stack(0x0000005871900000,0x0000005871a00000)]
  0x000001a5c0aaca80 JavaThread "File watcher server" daemon [_thread_in_native, id=28512, stack(0x0000005871e00000,0x0000005871f00000)]
  0x000001a5c0aacf90 JavaThread "File watcher consumer" daemon [_thread_blocked, id=28520, stack(0x0000005871f00000,0x0000005872000000)]
  0x000001a5c114bf70 JavaThread "Cache worker for checksums cache (D:\Sciqus\SCIQUS.TICKETS\Mobile-Frontend\android\.gradle\8.6\checksums)" [_thread_blocked, id=28100, stack(0x0000005872000000,0x0000005872100000)]
  0x000001a5c114ddd0 JavaThread "Cache worker for file hash cache (D:\Sciqus\SCIQUS.TICKETS\Mobile-Frontend\android\.gradle\8.6\fileHashes)" [_thread_blocked, id=28188, stack(0x0000005872100000,0x0000005872200000)]
  0x000001a5c114c990 JavaThread "Cache worker for cache directory md-supplier (C:\Users\Siddhartha\.gradle\caches\8.6\md-supplier)" [_thread_blocked, id=22824, stack(0x0000005872200000,0x0000005872300000)]
  0x000001a5c114e7f0 JavaThread "Cache worker for cache directory md-rule (C:\Users\Siddhartha\.gradle\caches\8.6\md-rule)" [_thread_blocked, id=21524, stack(0x0000005872300000,0x0000005872400000)]
  0x000001a5c114c480 JavaThread "Cache worker for file content cache (C:\Users\Siddhartha\.gradle\caches\8.6\fileContent)" [_thread_blocked, id=20004, stack(0x0000005872400000,0x0000005872500000)]
  0x000001a5c114cea0 JavaThread "jar transforms" [_thread_blocked, id=28176, stack(0x0000005872500000,0x0000005872600000)]
  0x000001a5c114d3b0 JavaThread "jar transforms Thread 2" [_thread_blocked, id=22000, stack(0x0000005872600000,0x0000005872700000)]
  0x000001a5c114d8c0 JavaThread "jar transforms Thread 3" [_thread_blocked, id=16912, stack(0x0000005872900000,0x0000005872a00000)]
  0x000001a5c114b040 JavaThread "jar transforms Thread 4" [_thread_blocked, id=28412, stack(0x000000586f200000,0x000000586f300000)]
  0x000001a5c114ed00 JavaThread "jar transforms Thread 5" [_thread_blocked, id=27848, stack(0x000000586f300000,0x000000586f400000)]
  0x000001a5c114b550 JavaThread "jar transforms Thread 6" [_thread_blocked, id=25340, stack(0x000000586f500000,0x000000586f600000)]
  0x000001a5c11529c0 JavaThread "Exec process" [_thread_blocked, id=28472, stack(0x0000005872a00000,0x0000005872b00000)]
  0x000001a5c1150140 JavaThread "Exec process Thread 2" [_thread_blocked, id=24436, stack(0x0000005872b00000,0x0000005872c00000)]
  0x000001a5c1151070 JavaThread "Exec process Thread 3" [_thread_blocked, id=19176, stack(0x0000005872c00000,0x0000005872d00000)]
  0x000001a5c1150650 JavaThread "jar transforms Thread 7" [_thread_blocked, id=28700, stack(0x0000005871400000,0x0000005871500000)]
  0x000001a5c1150b60 JavaThread "jar transforms Thread 8" [_thread_blocked, id=28992, stack(0x0000005872d00000,0x0000005872e00000)]
  0x000001a5c1151580 JavaThread "Unconstrained build operations" [_thread_blocked, id=29592, stack(0x0000005872e00000,0x0000005872f00000)]
  0x000001a5c1151fa0 JavaThread "Unconstrained build operations Thread 2" [_thread_blocked, id=29604, stack(0x0000005872f00000,0x0000005873000000)]
  0x000001a5c1151a90 JavaThread "Cache worker for Build Output Cleanup Cache (D:\Sciqus\SCIQUS.TICKETS\Mobile-Frontend\node_modules\@react-native\gradle-plugin\.gradle\buildOutputCleanup)" [_thread_blocked, id=29156, stack(0x0000005873000000,0x0000005873100000)]
  0x000001a5c114f210 JavaThread "File lock release action executor Thread 2" [_thread_blocked, id=24328, stack(0x0000005873100000,0x0000005873200000)]
  0x000001a5c114f720 JavaThread "Unconstrained build operations Thread 3" [_thread_blocked, id=28516, stack(0x0000005873200000,0x0000005873300000)]
  0x000001a5c11524b0 JavaThread "Unconstrained build operations Thread 4" [_thread_blocked, id=28460, stack(0x0000005873300000,0x0000005873400000)]
  0x000001a5c114fc30 JavaThread "Unconstrained build operations Thread 5" [_thread_blocked, id=29032, stack(0x0000005873400000,0x0000005873500000)]
  0x000001a5c0aab130 JavaThread "Unconstrained build operations Thread 6" [_thread_blocked, id=28832, stack(0x0000005873500000,0x0000005873600000)]
  0x000001a5c1211350 JavaThread "Unconstrained build operations Thread 7" [_thread_blocked, id=20020, stack(0x0000005873600000,0x0000005873700000)]
  0x000001a5c1213bd0 JavaThread "Unconstrained build operations Thread 8" [_thread_blocked, id=29052, stack(0x0000005873700000,0x0000005873800000)]
  0x000001a5c1211d70 JavaThread "Unconstrained build operations Thread 9" [_thread_blocked, id=29020, stack(0x0000005873800000,0x0000005873900000)]
  0x000001a5c12131b0 JavaThread "Memory manager" [_thread_blocked, id=28908, stack(0x0000005873900000,0x0000005873a00000)]
  0x000001a5c12136c0 JavaThread "build event listener" [_thread_blocked, id=8368, stack(0x0000005873a00000,0x0000005873b00000)]

Other Threads:
  0x000001a59f611250 VMThread "VM Thread" [stack: 0x000000586fb00000,0x000000586fc00000] [id=20692]
  0x000001a59f925440 WatcherThread [stack: 0x0000005870700000,0x0000005870800000] [id=26748]
  0x000001a5ffd4ed20 GCTaskThread "GC Thread#0" [stack: 0x000000586f600000,0x000000586f700000] [id=25904]
  0x000001a5bf209870 GCTaskThread "GC Thread#1" [stack: 0x0000005870800000,0x0000005870900000] [id=27040]
  0x000001a5bf746c20 GCTaskThread "GC Thread#2" [stack: 0x0000005870900000,0x0000005870a00000] [id=27068]
  0x000001a5bf7e8520 GCTaskThread "GC Thread#3" [stack: 0x0000005870a00000,0x0000005870b00000] [id=27072]
  0x000001a5bf7e87e0 GCTaskThread "GC Thread#4" [stack: 0x0000005870b00000,0x0000005870c00000] [id=27076]
  0x000001a5c14621f0 GCTaskThread "GC Thread#5" [stack: 0x0000005871a00000,0x0000005871b00000] [id=27792]
  0x000001a5c14624b0 GCTaskThread "GC Thread#6" [stack: 0x0000005871b00000,0x0000005871c00000] [id=27796]
  0x000001a5c0607550 GCTaskThread "GC Thread#7" [stack: 0x0000005871c00000,0x0000005871d00000] [id=27800]
  0x000001a5ffd60850 ConcurrentGCThread "G1 Main Marker" [stack: 0x000000586f700000,0x000000586f800000] [id=26464]
  0x000001a5ffd61180 ConcurrentGCThread "G1 Conc#0" [stack: 0x000000586f800000,0x000000586f900000] [id=14400]
  0x000001a5c1ed36f0 ConcurrentGCThread "G1 Conc#1" [stack: 0x0000005871d00000,0x0000005871e00000] [id=23136]
  0x000001a5ffd9d520 ConcurrentGCThread "G1 Refine#0" [stack: 0x000000586f900000,0x000000586fa00000] [id=26296]
  0x000001a5ffd9de60 ConcurrentGCThread "G1 Service" [stack: 0x000000586fa00000,0x000000586fb00000] [id=23504]

Threads with active compile tasks:
C2 CompilerThread0  128982 6977   !   4       java.net.URLClassLoader::findClass (47 bytes)

VM state: not at safepoint (normal execution)

VM Mutex/Monitor currently owned by a thread: None

Heap address: 0x0000000080000000, size: 2048 MB, Compressed Oops mode: 32-bit

CDS archive(s) mapped at: [0x000001a5a0000000-0x000001a5a0bb0000-0x000001a5a0bb0000), size 12255232, SharedBaseAddress: 0x000001a5a0000000, ArchiveRelocationMode: 1.
Compressed class space mapped at: 0x000001a5a1000000-0x000001a5bb000000, reserved size: 436207616
Narrow klass base: 0x000001a5a0000000, Narrow klass shift: 0, Narrow klass range: 0x100000000

GC Precious Log:
 CPUs: 8 total, 8 available
 Memory: 7930M
 Large Page Support: Disabled
 NUMA Support: Disabled
 Compressed Oops: Enabled (32-bit)
 Heap Region Size: 1M
 Heap Min Capacity: 8M
 Heap Initial Capacity: 124M
 Heap Max Capacity: 2G
 Pre-touch: Disabled
 Parallel Workers: 8
 Concurrent Workers: 2
 Concurrent Refinement Workers: 8
 Periodic GC: Disabled

Heap:
 garbage-first heap   total 86016K, used 74683K [0x0000000080000000, 0x0000000100000000)
  region size 1024K, 29 young (29696K), 4 survivors (4096K)
 Metaspace       used 54072K, committed 54720K, reserved 491520K
  class space    used 7709K, committed 8000K, reserved 425984K

Heap Regions: E=young(eden), S=young(survivor), O=old, HS=humongous(starts), HC=humongous(continues), CS=collection set, F=free, OA=open archive, CA=closed archive, TAMS=top-at-mark-start (previous, next)
|   0|0x0000000080000000, 0x0000000080100000, 0x0000000080100000|100%|HS|  |TAMS 0x0000000080100000, 0x0000000080000000| Complete 
|   1|0x0000000080100000, 0x0000000080200000, 0x0000000080200000|100%|HC|  |TAMS 0x0000000080200000, 0x0000000080100000| Complete 
|   2|0x0000000080200000, 0x0000000080300000, 0x0000000080300000|100%|HC|  |TAMS 0x0000000080300000, 0x0000000080200000| Complete 
|   3|0x0000000080300000, 0x0000000080400000, 0x0000000080400000|100%|HC|  |TAMS 0x0000000080400000, 0x0000000080300000| Complete 
|   4|0x0000000080400000, 0x0000000080500000, 0x0000000080500000|100%| O|  |TAMS 0x0000000080500000, 0x0000000080400000| Untracked 
|   5|0x0000000080500000, 0x0000000080600000, 0x0000000080600000|100%| O|  |TAMS 0x0000000080600000, 0x0000000080500000| Untracked 
|   6|0x0000000080600000, 0x0000000080700000, 0x0000000080700000|100%| O|  |TAMS 0x0000000080700000, 0x0000000080600000| Untracked 
|   7|0x0000000080700000, 0x0000000080800000, 0x0000000080800000|100%| O|  |TAMS 0x0000000080800000, 0x0000000080700000| Untracked 
|   8|0x0000000080800000, 0x0000000080900000, 0x0000000080900000|100%| O|  |TAMS 0x0000000080900000, 0x0000000080800000| Untracked 
|   9|0x0000000080900000, 0x0000000080a00000, 0x0000000080a00000|100%| O|  |TAMS 0x0000000080a00000, 0x0000000080900000| Untracked 
|  10|0x0000000080a00000, 0x0000000080b00000, 0x0000000080b00000|100%| O|  |TAMS 0x0000000080b00000, 0x0000000080a00000| Untracked 
|  11|0x0000000080b00000, 0x0000000080c00000, 0x0000000080c00000|100%| O|  |TAMS 0x0000000080c00000, 0x0000000080b00000| Untracked 
|  12|0x0000000080c00000, 0x0000000080d00000, 0x0000000080d00000|100%| O|  |TAMS 0x0000000080d00000, 0x0000000080c00000| Untracked 
|  13|0x0000000080d00000, 0x0000000080e00000, 0x0000000080e00000|100%| O|  |TAMS 0x0000000080e00000, 0x0000000080d00000| Untracked 
|  14|0x0000000080e00000, 0x0000000080f00000, 0x0000000080f00000|100%| O|  |TAMS 0x0000000080f00000, 0x0000000080e00000| Untracked 
|  15|0x0000000080f00000, 0x0000000081000000, 0x0000000081000000|100%| O|  |TAMS 0x0000000081000000, 0x0000000080f00000| Untracked 
|  16|0x0000000081000000, 0x0000000081100000, 0x0000000081100000|100%| O|  |TAMS 0x0000000081100000, 0x0000000081000000| Untracked 
|  17|0x0000000081100000, 0x0000000081200000, 0x0000000081200000|100%| O|  |TAMS 0x0000000081200000, 0x0000000081100000| Untracked 
|  18|0x0000000081200000, 0x0000000081300000, 0x0000000081300000|100%| O|  |TAMS 0x0000000081300000, 0x0000000081200000| Untracked 
|  19|0x0000000081300000, 0x000000008138b200, 0x0000000081400000| 54%| O|  |TAMS 0x000000008138b200, 0x0000000081300000| Complete 
|  20|0x0000000081400000, 0x0000000081500000, 0x0000000081500000|100%| O|  |TAMS 0x0000000081500000, 0x0000000081400000| Untracked 
|  21|0x0000000081500000, 0x0000000081600000, 0x0000000081600000|100%| O|  |TAMS 0x0000000081600000, 0x0000000081500000| Untracked 
|  22|0x0000000081600000, 0x0000000081700000, 0x0000000081700000|100%| O|  |TAMS 0x0000000081700000, 0x0000000081600000| Untracked 
|  23|0x0000000081700000, 0x0000000081800000, 0x0000000081800000|100%| O|  |TAMS 0x0000000081800000, 0x0000000081700000| Untracked 
|  24|0x0000000081800000, 0x0000000081900000, 0x0000000081900000|100%| O|  |TAMS 0x0000000081900000, 0x0000000081800000| Untracked 
|  25|0x0000000081900000, 0x0000000081a00000, 0x0000000081a00000|100%| O|  |TAMS 0x0000000081a00000, 0x0000000081900000| Untracked 
|  26|0x0000000081a00000, 0x0000000081b00000, 0x0000000081b00000|100%| O|  |TAMS 0x0000000081b00000, 0x0000000081a00000| Untracked 
|  27|0x0000000081b00000, 0x0000000081c00000, 0x0000000081c00000|100%| O|  |TAMS 0x0000000081c00000, 0x0000000081b00000| Untracked 
|  28|0x0000000081c00000, 0x0000000081d00000, 0x0000000081d00000|100%| O|  |TAMS 0x0000000081d00000, 0x0000000081c00000| Untracked 
|  29|0x0000000081d00000, 0x0000000081e00000, 0x0000000081e00000|100%| O|  |TAMS 0x0000000081e00000, 0x0000000081d00000| Untracked 
|  30|0x0000000081e00000, 0x0000000081f00000, 0x0000000081f00000|100%| O|  |TAMS 0x0000000081f00000, 0x0000000081e00000| Untracked 
|  31|0x0000000081f00000, 0x0000000082000000, 0x0000000082000000|100%| O|  |TAMS 0x0000000082000000, 0x0000000081f00000| Untracked 
|  32|0x0000000082000000, 0x0000000082100000, 0x0000000082100000|100%| O|  |TAMS 0x0000000082100000, 0x0000000082000000| Untracked 
|  33|0x0000000082100000, 0x0000000082200000, 0x0000000082200000|100%| O|  |TAMS 0x0000000082200000, 0x0000000082100000| Untracked 
|  34|0x0000000082200000, 0x0000000082300000, 0x0000000082300000|100%| O|  |TAMS 0x0000000082300000, 0x0000000082200000| Untracked 
|  35|0x0000000082300000, 0x0000000082400000, 0x0000000082400000|100%| O|  |TAMS 0x00000000823b2800, 0x0000000082300000| Untracked 
|  36|0x0000000082400000, 0x0000000082500000, 0x0000000082500000|100%| O|  |TAMS 0x0000000082500000, 0x0000000082400000| Untracked 
|  37|0x0000000082500000, 0x0000000082600000, 0x0000000082600000|100%| O|  |TAMS 0x0000000082600000, 0x0000000082500000| Untracked 
|  38|0x0000000082600000, 0x00000000826e8e00, 0x0000000082700000| 90%| O|  |TAMS 0x0000000082600000, 0x0000000082600000| Untracked 
|  39|0x0000000082700000, 0x0000000082800000, 0x0000000082800000|100%|HS|  |TAMS 0x0000000082700000, 0x0000000082700000| Complete 
|  40|0x0000000082800000, 0x0000000082900000, 0x0000000082900000|100%|HC|  |TAMS 0x0000000082800000, 0x0000000082800000| Complete 
|  41|0x0000000082900000, 0x0000000082a00000, 0x0000000082a00000|100%|HS|  |TAMS 0x0000000082900000, 0x0000000082900000| Complete 
|  42|0x0000000082a00000, 0x0000000082b00000, 0x0000000082b00000|100%|HC|  |TAMS 0x0000000082a00000, 0x0000000082a00000| Complete 
|  43|0x0000000082b00000, 0x0000000082c00000, 0x0000000082c00000|100%|HS|  |TAMS 0x0000000082b00000, 0x0000000082b00000| Complete 
|  44|0x0000000082c00000, 0x0000000082d00000, 0x0000000082d00000|100%|HC|  |TAMS 0x0000000082c00000, 0x0000000082c00000| Complete 
|  45|0x0000000082d00000, 0x0000000082e00000, 0x0000000082e00000|100%|HC|  |TAMS 0x0000000082d00000, 0x0000000082d00000| Complete 
|  46|0x0000000082e00000, 0x0000000082f00000, 0x0000000082f00000|100%|HC|  |TAMS 0x0000000082e00000, 0x0000000082e00000| Complete 
|  47|0x0000000082f00000, 0x0000000082f00000, 0x0000000083000000|  0%| F|  |TAMS 0x0000000082f00000, 0x0000000082f00000| Untracked 
|  48|0x0000000083000000, 0x0000000083000000, 0x0000000083100000|  0%| F|  |TAMS 0x0000000083000000, 0x0000000083000000| Untracked 
|  49|0x0000000083100000, 0x000000008317ae90, 0x0000000083200000| 48%| S|CS|TAMS 0x0000000083100000, 0x0000000083100000| Complete 
|  50|0x0000000083200000, 0x0000000083200000, 0x0000000083300000|  0%| F|  |TAMS 0x0000000083200000, 0x0000000083200000| Untracked 
|  51|0x0000000083300000, 0x0000000083300000, 0x0000000083400000|  0%| F|  |TAMS 0x0000000083300000, 0x0000000083300000| Untracked 
|  52|0x0000000083400000, 0x0000000083500000, 0x0000000083500000|100%| S|CS|TAMS 0x0000000083400000, 0x0000000083400000| Complete 
|  53|0x0000000083500000, 0x0000000083600000, 0x0000000083600000|100%| S|CS|TAMS 0x0000000083500000, 0x0000000083500000| Complete 
|  54|0x0000000083600000, 0x0000000083600000, 0x0000000083700000|  0%| F|  |TAMS 0x0000000083600000, 0x0000000083600000| Untracked 
|  55|0x0000000083700000, 0x0000000083800000, 0x0000000083800000|100%| S|CS|TAMS 0x0000000083700000, 0x0000000083700000| Complete 
|  56|0x0000000083800000, 0x0000000083800000, 0x0000000083900000|  0%| F|  |TAMS 0x0000000083800000, 0x0000000083800000| Untracked 
|  57|0x0000000083900000, 0x0000000083900000, 0x0000000083a00000|  0%| F|  |TAMS 0x0000000083900000, 0x0000000083900000| Untracked 
|  58|0x0000000083a00000, 0x0000000083a00000, 0x0000000083b00000|  0%| F|  |TAMS 0x0000000083a00000, 0x0000000083a00000| Untracked 
|  59|0x0000000083b00000, 0x0000000083bea728, 0x0000000083c00000| 91%| E|  |TAMS 0x0000000083b00000, 0x0000000083b00000| Complete 
|  60|0x0000000083c00000, 0x0000000083d00000, 0x0000000083d00000|100%| E|CS|TAMS 0x0000000083c00000, 0x0000000083c00000| Complete 
|  61|0x0000000083d00000, 0x0000000083e00000, 0x0000000083e00000|100%| E|CS|TAMS 0x0000000083d00000, 0x0000000083d00000| Complete 
|  62|0x0000000083e00000, 0x0000000083f00000, 0x0000000083f00000|100%| E|CS|TAMS 0x0000000083e00000, 0x0000000083e00000| Complete 
|  63|0x0000000083f00000, 0x0000000084000000, 0x0000000084000000|100%| E|CS|TAMS 0x0000000083f00000, 0x0000000083f00000| Complete 
|  64|0x0000000084000000, 0x0000000084100000, 0x0000000084100000|100%| E|CS|TAMS 0x0000000084000000, 0x0000000084000000| Complete 
|  65|0x0000000084100000, 0x0000000084200000, 0x0000000084200000|100%| E|CS|TAMS 0x0000000084100000, 0x0000000084100000| Complete 
|  66|0x0000000084200000, 0x0000000084300000, 0x0000000084300000|100%| E|CS|TAMS 0x0000000084200000, 0x0000000084200000| Complete 
|  67|0x0000000084300000, 0x0000000084400000, 0x0000000084400000|100%| E|CS|TAMS 0x0000000084300000, 0x0000000084300000| Complete 
|  68|0x0000000084400000, 0x0000000084500000, 0x0000000084500000|100%| E|CS|TAMS 0x0000000084400000, 0x0000000084400000| Complete 
|  69|0x0000000084500000, 0x0000000084600000, 0x0000000084600000|100%| E|CS|TAMS 0x0000000084500000, 0x0000000084500000| Complete 
|  70|0x0000000084600000, 0x0000000084700000, 0x0000000084700000|100%| E|CS|TAMS 0x0000000084600000, 0x0000000084600000| Complete 
|  71|0x0000000084700000, 0x0000000084800000, 0x0000000084800000|100%| E|CS|TAMS 0x0000000084700000, 0x0000000084700000| Complete 
|  72|0x0000000084800000, 0x0000000084900000, 0x0000000084900000|100%| E|CS|TAMS 0x0000000084800000, 0x0000000084800000| Complete 
|  73|0x0000000084900000, 0x0000000084a00000, 0x0000000084a00000|100%| E|CS|TAMS 0x0000000084900000, 0x0000000084900000| Complete 
|  74|0x0000000084a00000, 0x0000000084b00000, 0x0000000084b00000|100%| E|CS|TAMS 0x0000000084a00000, 0x0000000084a00000| Complete 
|  75|0x0000000084b00000, 0x0000000084c00000, 0x0000000084c00000|100%| E|CS|TAMS 0x0000000084b00000, 0x0000000084b00000| Complete 
|  76|0x0000000084c00000, 0x0000000084d00000, 0x0000000084d00000|100%| E|CS|TAMS 0x0000000084c00000, 0x0000000084c00000| Complete 
|  77|0x0000000084d00000, 0x0000000084e00000, 0x0000000084e00000|100%| E|CS|TAMS 0x0000000084d00000, 0x0000000084d00000| Complete 
|  78|0x0000000084e00000, 0x0000000084f00000, 0x0000000084f00000|100%| E|CS|TAMS 0x0000000084e00000, 0x0000000084e00000| Complete 
|  79|0x0000000084f00000, 0x0000000085000000, 0x0000000085000000|100%| E|CS|TAMS 0x0000000084f00000, 0x0000000084f00000| Complete 
|  80|0x0000000085000000, 0x0000000085100000, 0x0000000085100000|100%| E|CS|TAMS 0x0000000085000000, 0x0000000085000000| Complete 
|  81|0x0000000085100000, 0x0000000085200000, 0x0000000085200000|100%| E|CS|TAMS 0x0000000085100000, 0x0000000085100000| Complete 
|  82|0x0000000085200000, 0x0000000085300000, 0x0000000085300000|100%| E|CS|TAMS 0x0000000085200000, 0x0000000085200000| Complete 
| 123|0x0000000087b00000, 0x0000000087c00000, 0x0000000087c00000|100%| E|  |TAMS 0x0000000087b00000, 0x0000000087b00000| Complete 

Card table byte_map: [0x000001a5983f0000,0x000001a5987f0000] _byte_map_base: 0x000001a597ff0000

Marking Bits (Prev, Next): (CMBitMap*) 0x000001a5ffd4f290, (CMBitMap*) 0x000001a5ffd4f250
 Prev Bits: [0x000001a59abf0000, 0x000001a59cbf0000)
 Next Bits: [0x000001a598bf0000, 0x000001a59abf0000)

Polling page: 0x000001a5fef70000

Metaspace:

Usage:
  Non-class:     45.28 MB used.
      Class:      7.53 MB used.
       Both:     52.81 MB used.

Virtual space:
  Non-class space:       64.00 MB reserved,      45.62 MB ( 71%) committed,  1 nodes.
      Class space:      416.00 MB reserved,       7.81 MB (  2%) committed,  1 nodes.
             Both:      480.00 MB reserved,      53.44 MB ( 11%) committed. 

Chunk freelists:
   Non-Class:  1.83 MB
       Class:  8.20 MB
        Both:  10.03 MB

MaxMetaspaceSize: 512.00 MB
CompressedClassSpaceSize: 416.00 MB
Initial GC threshold: 21.00 MB
Current GC threshold: 84.94 MB
CDS: on
MetaspaceReclaimPolicy: balanced
 - commit_granule_bytes: 65536.
 - commit_granule_words: 8192.
 - virtual_space_node_default_size: 8388608.
 - enlarge_chunks_in_place: 1.
 - new_chunks_are_fully_committed: 0.
 - uncommit_free_chunks: 1.
 - use_allocation_guard: 0.
 - handle_deallocations: 1.


Internal statistics:

num_allocs_failed_limit: 6.
num_arena_births: 768.
num_arena_deaths: 0.
num_vsnodes_births: 2.
num_vsnodes_deaths: 0.
num_space_committed: 855.
num_space_uncommitted: 0.
num_chunks_returned_to_freelist: 6.
num_chunks_taken_from_freelist: 2995.
num_chunk_merges: 3.
num_chunk_splits: 1929.
num_chunks_enlarged: 1238.
num_inconsistent_stats: 0.

CodeHeap 'non-profiled nmethods': size=120000Kb used=3597Kb max_used=3597Kb free=116402Kb
 bounds [0x000001a5909b0000, 0x000001a590d40000, 0x000001a597ee0000]
CodeHeap 'profiled nmethods': size=120000Kb used=12012Kb max_used=12012Kb free=107987Kb
 bounds [0x000001a588ee0000, 0x000001a589aa0000, 0x000001a590410000]
CodeHeap 'non-nmethods': size=5760Kb used=2350Kb max_used=2382Kb free=3409Kb
 bounds [0x000001a590410000, 0x000001a590680000, 0x000001a5909b0000]
 total_blobs=7063 nmethods=6202 adapters=773
 compilation: enabled
              stopped_count=0, restarted_count=0
 full_count=0

Compilation events (20 events):
Event: 127.155 Thread 0x000001a59f63d230 nmethod 6971 0x000001a589a8f390 code [0x000001a589a8f540, 0x000001a589a8f8b8]
Event: 127.157 Thread 0x000001a59f63d230 6974       3       java.security.ProtectionDomain::<init> (98 bytes)
Event: 127.158 Thread 0x000001a59f63d230 nmethod 6974 0x000001a589a8fa10 code [0x000001a589a8fc20, 0x000001a589a906e8]
Event: 127.158 Thread 0x000001a59f63d230 6975       3       jdk.internal.reflect.ByteVectorImpl::put (27 bytes)
Event: 127.159 Thread 0x000001a59f63d230 nmethod 6975 0x000001a589a90910 code [0x000001a589a90ac0, 0x000001a589a90c88]
Event: 127.177 Thread 0x000001a59f63d230 6976   !   3       org.gradle.internal.classloader.VisitableURLClassLoader$InstrumentingVisitableURLClassLoader::findClass (36 bytes)
Event: 127.178 Thread 0x000001a59f63d230 nmethod 6976 0x000001a589a90d90 code [0x000001a589a90fa0, 0x000001a589a91588]
Event: 127.232 Thread 0x000001a59f637790 6977   !   4       java.net.URLClassLoader::findClass (47 bytes)
Event: 127.237 Thread 0x000001a59f63d230 6978       3       org.gradle.internal.classloader.FilteringClassLoader::classAllowed (80 bytes)
Event: 127.237 Thread 0x000001a59f63d230 nmethod 6978 0x000001a589a91890 code [0x000001a589a91b00, 0x000001a589a92458]
Event: 127.273 Thread 0x000001a59f63d230 6980       3       java.util.zip.ZipFile$ZipFileInflaterInputStream::available (44 bytes)
Event: 127.273 Thread 0x000001a59f63d230 nmethod 6980 0x000001a589a92810 code [0x000001a589a929e0, 0x000001a589a92d48]
Event: 127.273 Thread 0x000001a59f63d230 6981   !   3       java.util.zip.Inflater::getBytesWritten (23 bytes)
Event: 127.273 Thread 0x000001a59f63d230 nmethod 6981 0x000001a589a92e90 code [0x000001a589a93040, 0x000001a589a93268]
Event: 127.354 Thread 0x000001a59f63d230 6982       3       javax.management.ObjectName::getDomainLength (9 bytes)
Event: 127.354 Thread 0x000001a59f63d230 nmethod 6982 0x000001a589a93390 code [0x000001a589a93520, 0x000001a589a93638]
Event: 127.373 Thread 0x000001a59f63d230 6983   !   3       com.sun.jmx.mbeanserver.Introspector::descriptorForAnnotations (248 bytes)
Event: 127.376 Thread 0x000001a59f63d230 nmethod 6983 0x000001a589a93710 code [0x000001a589a93be0, 0x000001a589a96208]
Event: 127.382 Thread 0x000001a59f63d230 6984       3       java.util.LinkedHashMap::valuesToArray (38 bytes)
Event: 127.382 Thread 0x000001a59f63d230 nmethod 6984 0x000001a589a97310 code [0x000001a589a974c0, 0x000001a589a97838]

GC Heap History (20 events):
Event: 51.732 GC heap before
{Heap before GC invocations=5 (full 0):
 garbage-first heap   total 86016K, used 69510K [0x0000000080000000, 0x0000000100000000)
  region size 1024K, 50 young (51200K), 4 survivors (4096K)
 Metaspace       used 27624K, committed 28032K, reserved 491520K
  class space    used 4071K, committed 4288K, reserved 425984K
}
Event: 51.745 GC heap after
{Heap after GC invocations=6 (full 0):
 garbage-first heap   total 86016K, used 25698K [0x0000000080000000, 0x0000000100000000)
  region size 1024K, 6 young (6144K), 6 survivors (6144K)
 Metaspace       used 27624K, committed 28032K, reserved 491520K
  class space    used 4071K, committed 4288K, reserved 425984K
}
Event: 57.980 GC heap before
{Heap before GC invocations=6 (full 0):
 garbage-first heap   total 86016K, used 61538K [0x0000000080000000, 0x0000000100000000)
  region size 1024K, 42 young (43008K), 6 survivors (6144K)
 Metaspace       used 32005K, committed 32320K, reserved 491520K
  class space    used 4517K, committed 4672K, reserved 425984K
}
Event: 57.991 GC heap after
{Heap after GC invocations=7 (full 0):
 garbage-first heap   total 86016K, used 29701K [0x0000000080000000, 0x0000000100000000)
  region size 1024K, 6 young (6144K), 6 survivors (6144K)
 Metaspace       used 32005K, committed 32320K, reserved 491520K
  class space    used 4517K, committed 4672K, reserved 425984K
}
Event: 63.331 GC heap before
{Heap before GC invocations=7 (full 0):
 garbage-first heap   total 86016K, used 68613K [0x0000000080000000, 0x0000000100000000)
  region size 1024K, 40 young (40960K), 6 survivors (6144K)
 Metaspace       used 34723K, committed 35200K, reserved 491520K
  class space    used 4805K, committed 5056K, reserved 425984K
}
Event: 63.339 GC heap after
{Heap after GC invocations=8 (full 0):
 garbage-first heap   total 86016K, used 32724K [0x0000000080000000, 0x0000000100000000)
  region size 1024K, 4 young (4096K), 4 survivors (4096K)
 Metaspace       used 34723K, committed 35200K, reserved 491520K
  class space    used 4805K, committed 5056K, reserved 425984K
}
Event: 85.088 GC heap before
{Heap before GC invocations=8 (full 0):
 garbage-first heap   total 86016K, used 49108K [0x0000000080000000, 0x0000000100000000)
  region size 1024K, 21 young (21504K), 4 survivors (4096K)
 Metaspace       used 35595K, committed 35968K, reserved 491520K
  class space    used 4920K, committed 5120K, reserved 425984K
}
Event: 85.107 GC heap after
{Heap after GC invocations=9 (full 0):
 garbage-first heap   total 86016K, used 34518K [0x0000000080000000, 0x0000000100000000)
  region size 1024K, 2 young (2048K), 2 survivors (2048K)
 Metaspace       used 35595K, committed 35968K, reserved 491520K
  class space    used 4920K, committed 5120K, reserved 425984K
}
Event: 89.530 GC heap before
{Heap before GC invocations=10 (full 0):
 garbage-first heap   total 86016K, used 65238K [0x0000000080000000, 0x0000000100000000)
  region size 1024K, 32 young (32768K), 2 survivors (2048K)
 Metaspace       used 37638K, committed 38144K, reserved 491520K
  class space    used 5241K, committed 5504K, reserved 425984K
}
Event: 89.539 GC heap after
{Heap after GC invocations=11 (full 0):
 garbage-first heap   total 86016K, used 35286K [0x0000000080000000, 0x0000000100000000)
  region size 1024K, 3 young (3072K), 3 survivors (3072K)
 Metaspace       used 37638K, committed 38144K, reserved 491520K
  class space    used 5241K, committed 5504K, reserved 425984K
}
Event: 92.150 GC heap before
{Heap before GC invocations=11 (full 0):
 garbage-first heap   total 86016K, used 67030K [0x0000000080000000, 0x0000000100000000)
  region size 1024K, 34 young (34816K), 3 survivors (3072K)
 Metaspace       used 41105K, committed 41600K, reserved 491520K
  class space    used 5770K, committed 6016K, reserved 425984K
}
Event: 92.155 GC heap after
{Heap after GC invocations=12 (full 0):
 garbage-first heap   total 86016K, used 36195K [0x0000000080000000, 0x0000000100000000)
  region size 1024K, 4 young (4096K), 4 survivors (4096K)
 Metaspace       used 41105K, committed 41600K, reserved 491520K
  class space    used 5770K, committed 6016K, reserved 425984K
}
Event: 103.758 GC heap before
{Heap before GC invocations=12 (full 0):
 garbage-first heap   total 86016K, used 66915K [0x0000000080000000, 0x0000000100000000)
  region size 1024K, 35 young (35840K), 4 survivors (4096K)
 Metaspace       used 43797K, committed 44288K, reserved 491520K
  class space    used 6218K, committed 6464K, reserved 425984K
}
Event: 103.770 GC heap after
{Heap after GC invocations=13 (full 0):
 garbage-first heap   total 86016K, used 38187K [0x0000000080000000, 0x0000000100000000)
  region size 1024K, 4 young (4096K), 4 survivors (4096K)
 Metaspace       used 43797K, committed 44288K, reserved 491520K
  class space    used 6218K, committed 6464K, reserved 425984K
}
Event: 107.817 GC heap before
{Heap before GC invocations=13 (full 0):
 garbage-first heap   total 86016K, used 70955K [0x0000000080000000, 0x0000000100000000)
  region size 1024K, 34 young (34816K), 4 survivors (4096K)
 Metaspace       used 47684K, committed 48192K, reserved 491520K
  class space    used 6734K, committed 6976K, reserved 425984K
}
Event: 107.826 GC heap after
{Heap after GC invocations=14 (full 0):
 garbage-first heap   total 86016K, used 39900K [0x0000000080000000, 0x0000000100000000)
  region size 1024K, 4 young (4096K), 4 survivors (4096K)
 Metaspace       used 47684K, committed 48192K, reserved 491520K
  class space    used 6734K, committed 6976K, reserved 425984K
}
Event: 118.671 GC heap before
{Heap before GC invocations=14 (full 0):
 garbage-first heap   total 86016K, used 69596K [0x0000000080000000, 0x0000000100000000)
  region size 1024K, 33 young (33792K), 4 survivors (4096K)
 Metaspace       used 49725K, committed 50304K, reserved 491520K
  class space    used 7029K, committed 7296K, reserved 425984K
}
Event: 118.679 GC heap after
{Heap after GC invocations=15 (full 0):
 garbage-first heap   total 86016K, used 41007K [0x0000000080000000, 0x0000000100000000)
  region size 1024K, 3 young (3072K), 3 survivors (3072K)
 Metaspace       used 49725K, committed 50304K, reserved 491520K
  class space    used 7029K, committed 7296K, reserved 425984K
}
Event: 123.024 GC heap before
{Heap before GC invocations=15 (full 0):
 garbage-first heap   total 86016K, used 69679K [0x0000000080000000, 0x0000000100000000)
  region size 1024K, 31 young (31744K), 3 survivors (3072K)
 Metaspace       used 51577K, committed 52160K, reserved 491520K
  class space    used 7351K, committed 7616K, reserved 425984K
}
Event: 123.046 GC heap after
{Heap after GC invocations=16 (full 0):
 garbage-first heap   total 86016K, used 42939K [0x0000000080000000, 0x0000000100000000)
  region size 1024K, 4 young (4096K), 4 survivors (4096K)
 Metaspace       used 51577K, committed 52160K, reserved 491520K
  class space    used 7351K, committed 7616K, reserved 425984K
}

Dll operation events (15 events):
Event: 0.039 Loaded shared library C:\Users\Siddhartha\.gradle\jdks\eclipse_adoptium-17-amd64-windows.2\bin\java.dll
Event: 0.223 Loaded shared library C:\Users\Siddhartha\.gradle\jdks\eclipse_adoptium-17-amd64-windows.2\bin\jsvml.dll
Event: 0.893 Loaded shared library C:\Users\Siddhartha\.gradle\jdks\eclipse_adoptium-17-amd64-windows.2\bin\zip.dll
Event: 0.920 Loaded shared library C:\Users\Siddhartha\.gradle\jdks\eclipse_adoptium-17-amd64-windows.2\bin\instrument.dll
Event: 0.986 Loaded shared library C:\Users\Siddhartha\.gradle\jdks\eclipse_adoptium-17-amd64-windows.2\bin\net.dll
Event: 0.991 Loaded shared library C:\Users\Siddhartha\.gradle\jdks\eclipse_adoptium-17-amd64-windows.2\bin\nio.dll
Event: 1.030 Loaded shared library C:\Users\Siddhartha\.gradle\jdks\eclipse_adoptium-17-amd64-windows.2\bin\zip.dll
Event: 2.781 Loaded shared library C:\Users\Siddhartha\.gradle\jdks\eclipse_adoptium-17-amd64-windows.2\bin\jimage.dll
Event: 3.274 Loaded shared library C:\Users\Siddhartha\.gradle\jdks\eclipse_adoptium-17-amd64-windows.2\bin\verify.dll
Event: 4.070 Loaded shared library C:\Users\Siddhartha\.gradle\native\c067742578af261105cb4f569cf0c3c89f3d7b1fecec35dd04571415982c5e48\windows-amd64\native-platform.dll
Event: 4.078 Loaded shared library C:\Users\Siddhartha\.gradle\native\38dada09dfb8b06ba9b0570ebf7e218e3eb74d4ef43ca46872605cf95ebc2f47\windows-amd64\native-platform-file-events.dll
Event: 18.657 Loaded shared library C:\Users\Siddhartha\.gradle\jdks\eclipse_adoptium-17-amd64-windows.2\bin\management.dll
Event: 18.758 Loaded shared library C:\Users\Siddhartha\.gradle\jdks\eclipse_adoptium-17-amd64-windows.2\bin\management_ext.dll
Event: 22.899 Loaded shared library C:\Users\Siddhartha\.gradle\jdks\eclipse_adoptium-17-amd64-windows.2\bin\extnet.dll
Event: 26.384 Loaded shared library C:\Users\Siddhartha\.gradle\jdks\eclipse_adoptium-17-amd64-windows.2\bin\sunmscapi.dll

Deoptimization events (20 events):
Event: 123.601 Thread 0x000001a5c0aaa710 DEOPT PACKING pc=0x000001a590c41f9c sp=0x00000058712f8470
Event: 123.601 Thread 0x000001a5c0aaa710 DEOPT UNPACKING pc=0x000001a59046a1a3 sp=0x00000058712f8438 mode 2
Event: 123.988 Thread 0x000001a5c0aaa710 DEOPT PACKING pc=0x000001a588fa33d7 sp=0x00000058712f7b00
Event: 123.988 Thread 0x000001a5c0aaa710 DEOPT UNPACKING pc=0x000001a59046ace3 sp=0x00000058712f6f88 mode 0
Event: 125.445 Thread 0x000001a5c0aaa710 Uncommon trap: trap_request=0xffffffde fr.pc=0x000001a590b843fc relative=0x000000000000015c
Event: 125.445 Thread 0x000001a5c0aaa710 Uncommon trap: reason=class_check action=maybe_recompile pc=0x000001a590b843fc method=java.lang.reflect.Array.newInstance(Ljava/lang/Class;I)Ljava/lang/Object; @ 2 c2
Event: 125.445 Thread 0x000001a5c0aaa710 DEOPT PACKING pc=0x000001a590b843fc sp=0x00000058712f5820
Event: 125.445 Thread 0x000001a5c0aaa710 DEOPT UNPACKING pc=0x000001a59046a1a3 sp=0x00000058712f57b8 mode 2
Event: 125.447 Thread 0x000001a5c0aaa710 Uncommon trap: trap_request=0xffffffde fr.pc=0x000001a590b843fc relative=0x000000000000015c
Event: 125.447 Thread 0x000001a5c0aaa710 Uncommon trap: reason=class_check action=maybe_recompile pc=0x000001a590b843fc method=java.lang.reflect.Array.newInstance(Ljava/lang/Class;I)Ljava/lang/Object; @ 2 c2
Event: 125.447 Thread 0x000001a5c0aaa710 DEOPT PACKING pc=0x000001a590b843fc sp=0x00000058712f5820
Event: 125.447 Thread 0x000001a5c0aaa710 DEOPT UNPACKING pc=0x000001a59046a1a3 sp=0x00000058712f57b8 mode 2
Event: 125.447 Thread 0x000001a5c0aaa710 Uncommon trap: trap_request=0xffffffde fr.pc=0x000001a590b843fc relative=0x000000000000015c
Event: 125.447 Thread 0x000001a5c0aaa710 Uncommon trap: reason=class_check action=maybe_recompile pc=0x000001a590b843fc method=java.lang.reflect.Array.newInstance(Ljava/lang/Class;I)Ljava/lang/Object; @ 2 c2
Event: 125.447 Thread 0x000001a5c0aaa710 DEOPT PACKING pc=0x000001a590b843fc sp=0x00000058712f5820
Event: 125.447 Thread 0x000001a5c0aaa710 DEOPT UNPACKING pc=0x000001a59046a1a3 sp=0x00000058712f57b8 mode 2
Event: 125.447 Thread 0x000001a5c0aaa710 Uncommon trap: trap_request=0xffffffde fr.pc=0x000001a590b843fc relative=0x000000000000015c
Event: 125.447 Thread 0x000001a5c0aaa710 Uncommon trap: reason=class_check action=maybe_recompile pc=0x000001a590b843fc method=java.lang.reflect.Array.newInstance(Ljava/lang/Class;I)Ljava/lang/Object; @ 2 c2
Event: 125.447 Thread 0x000001a5c0aaa710 DEOPT PACKING pc=0x000001a590b843fc sp=0x00000058712f5820
Event: 125.447 Thread 0x000001a5c0aaa710 DEOPT UNPACKING pc=0x000001a59046a1a3 sp=0x00000058712f57b8 mode 2

Classes loaded (20 events):
Event: 125.694 Loading class javax/management/ListenerNotFoundException
Event: 125.694 Loading class javax/management/OperationsException
Event: 125.694 Loading class javax/management/JMException
Event: 125.694 Loading class javax/management/JMException done
Event: 125.694 Loading class javax/management/OperationsException done
Event: 125.694 Loading class javax/management/ListenerNotFoundException done
Event: 125.694 Loading class jdk/jfr/Recording
Event: 125.695 Loading class jdk/jfr/Recording done
Event: 125.695 Loading class jdk/management/jfr/FlightRecorderMXBeanImpl$MXBeanListener
Event: 125.695 Loading class jdk/jfr/FlightRecorderListener
Event: 125.695 Loading class jdk/jfr/FlightRecorderListener done
Event: 125.695 Loading class jdk/management/jfr/FlightRecorderMXBeanImpl$MXBeanListener done
Event: 125.695 Loading class jdk/jfr/FlightRecorder
Event: 125.696 Loading class jdk/jfr/FlightRecorder done
Event: 127.227 Loading class java/time/format/DateTimeFormatterBuilder$WeekBasedFieldPrinterParser
Event: 127.228 Loading class java/time/format/DateTimeFormatterBuilder$WeekBasedFieldPrinterParser done
Event: 127.293 Loading class com/sun/jmx/mbeanserver/StandardMBeanSupport
Event: 127.294 Loading class com/sun/jmx/mbeanserver/StandardMBeanSupport done
Event: 127.294 Loading class com/sun/jmx/mbeanserver/StandardMBeanIntrospector
Event: 127.313 Loading class com/sun/jmx/mbeanserver/StandardMBeanIntrospector done

Classes unloaded (0 events):
No events

Classes redefined (0 events):
No events

Internal exceptions (20 events):
Event: 121.943 Thread 0x000001a5c0aaa710 Exception <a 'java/lang/ClassNotFoundException'{0x0000000083dc4f88}: org/gradle/api/internal/DefaultNamedDomainObjectCollectionCustomizer> (0x0000000083dc4f88) 
thrown [s\src\hotspot\share\classfile\systemDictionary.cpp, line 256]
Event: 121.947 Thread 0x000001a5c0aaa710 Exception <a 'java/lang/ClassNotFoundException'{0x0000000083c163c8}: org/gradle/api/internal/DefaultNamedDomainObjectSetCustomizer> (0x0000000083c163c8) 
thrown [s\src\hotspot\share\classfile\systemDictionary.cpp, line 256]
Event: 121.956 Thread 0x000001a5c0aaa710 Exception <a 'java/lang/ClassNotFoundException'{0x0000000083c9cc68}: org/gradle/api/internal/tasks/DefaultTaskCollectionCustomizer> (0x0000000083c9cc68) 
thrown [s\src\hotspot\share\classfile\systemDictionary.cpp, line 256]
Event: 122.022 Thread 0x000001a5c0aaa710 Exception <a 'java/lang/ClassNotFoundException'{0x0000000083b4b5a0}: org/gradle/api/internal/tasks/DefaultTaskContainerCustomizer> (0x0000000083b4b5a0) 
thrown [s\src\hotspot\share\classfile\systemDictionary.cpp, line 256]
Event: 122.072 Thread 0x000001a5c0aaa710 Exception <a 'java/lang/ClassNotFoundException'{0x000000008391f0f0}: org/gradle/api/internal/tasks/DefaultTaskContainer_DecoratedCustomizer> (0x000000008391f0f0) 
thrown [s\src\hotspot\share\classfile\systemDictionary.cpp, line 256]
Event: 123.601 Thread 0x000001a5c0aaa710 Implicit null exception at 0x000001a590c43512 to 0x000001a590c43bec
Event: 123.601 Thread 0x000001a5c0aaa710 Implicit null exception at 0x000001a590c41914 to 0x000001a590c41f84
Event: 125.009 Thread 0x000001a5c0aaa710 Exception <a 'java/lang/NoSuchMethodError'{0x0000000084cf52a8}: static Lorg/jetbrains/kotlin/gradle/plugin/internal/DefaultConfigurationTimePropertiesAccessorVariantFactory;.<clinit>()V> (0x0000000084cf52a8) 
thrown [s\src\hotspot\share\prims\jni.cpp, line 1112]
Event: 125.039 Thread 0x000001a5c0aaa710 Exception <a 'java/lang/NoSuchMethodError'{0x0000000084b163e0}: static Lorg/jetbrains/kotlin/gradle/plugin/internal/DefaultProjectIsolationStartParameterAccessorVariantFactory;.<clinit>()V> (0x0000000084b163e0) 
thrown [s\src\hotspot\share\prims\jni.cpp, line 1112]
Event: 125.069 Thread 0x000001a5c0aaa710 Exception <a 'java/lang/NoSuchMethodError'{0x0000000084b45978}: static Lorg/jetbrains/kotlin/gradle/plugin/internal/DefaultArtifactTypeAttributeAccessorVariantFactory;.<clinit>()V> (0x0000000084b45978) 
thrown [s\src\hotspot\share\prims\jni.cpp, line 1112]
Event: 125.081 Thread 0x000001a5c0aaa710 Exception <a 'java/lang/NoSuchMethodError'{0x0000000084b74e38}: static Lorg/jetbrains/kotlin/gradle/plugin/internal/DefaultCompatibilityConventionRegistrar$Factory;.<clinit>()V> (0x0000000084b74e38) 
thrown [s\src\hotspot\share\prims\jni.cpp, line 1112]
Event: 125.143 Thread 0x000001a5c0aaa710 Exception <a 'java/lang/NoSuchMethodError'{0x0000000084b98240}: static Lorg/jetbrains/kotlin/gradle/plugin/internal/DefaultJavaSourceSetsAccessorVariantFactory;.<clinit>()V> (0x0000000084b98240) 
thrown [s\src\hotspot\share\prims\jni.cpp, line 1112]
Event: 125.156 Thread 0x000001a5c0aaa710 Exception <a 'java/lang/NoSuchMethodError'{0x0000000084bb92d0}: static Lorg/jetbrains/kotlin/gradle/plugin/internal/DefaultIdeaSyncDetectorVariantFactory;.<clinit>()V> (0x0000000084bb92d0) 
thrown [s\src\hotspot\share\prims\jni.cpp, line 1112]
Event: 125.170 Thread 0x000001a5c0aaa710 Exception <a 'java/lang/NoSuchMethodError'{0x0000000084bdb980}: static Lorg/jetbrains/kotlin/gradle/plugin/internal/DefaultKotlinTestReportCompatibilityHelperVariantFactory;.<clinit>()V> (0x0000000084bdb980) 
thrown [s\src\hotspot\share\prims\jni.cpp, line 1112]
Event: 125.193 Thread 0x000001a5c0aaa710 Exception <a 'java/lang/NoSuchMethodError'{0x0000000084a00c50}: static Lorg/jetbrains/kotlin/gradle/plugin/internal/DefaultMppTestReportHelperVariantFactory;.<clinit>()V> (0x0000000084a00c50) 
thrown [s\src\hotspot\share\prims\jni.cpp, line 1112]
Event: 125.219 Thread 0x000001a5c0aaa710 Exception <a 'java/lang/NoSuchMethodError'{0x0000000084a307b8}: static Lorg/jetbrains/kotlin/gradle/plugin/internal/DefaultConfigurationCacheStartParameterAccessorVariantFactory;.<clinit>()V> (0x0000000084a307b8) 
thrown [s\src\hotspot\share\prims\jni.cpp, line 1112]
Event: 125.227 Thread 0x000001a5c0aaa710 Exception <a 'java/lang/NoSuchMethodError'{0x0000000084a533d0}: static Lorg/jetbrains/kotlin/gradle/plugin/internal/MavenPluginConfigurator$DefaultMavenPluginConfiguratorVariantFactory;.<clinit>()V> (0x0000000084a533d0) 
thrown [s\src\hotspot\share\prims\jni.cpp, line 1112]
Event: 125.234 Thread 0x000001a5c0aaa710 Exception <a 'java/lang/NoSuchMethodError'{0x0000000084a744a8}: static Lorg/jetbrains/kotlin/gradle/targets/js/nodejs/DefaultUnameExecutorVariantFactory;.<clinit>()V> (0x0000000084a744a8) 
thrown [s\src\hotspot\share\prims\jni.cpp, line 1112]
Event: 125.255 Thread 0x000001a5c0aaa710 Exception <a 'java/lang/NoSuchMethodError'{0x0000000084a96308}: static Lorg/jetbrains/kotlin/gradle/plugin/internal/DefaultBasePluginConfigurationVariantFactory;.<clinit>()V> (0x0000000084a96308) 
thrown [s\src\hotspot\share\prims\jni.cpp, line 1112]
Event: 125.406 Thread 0x000001a5c0aaa710 Exception <a 'java/lang/IncompatibleClassChangeError'{0x000000008499d558}: Found class java.lang.Object, but interface was expected> (0x000000008499d558) 
thrown [s\src\hotspot\share\interpreter\linkResolver.cpp, line 826]

VM Operations (20 events):
Event: 121.658 Executing VM operation: HandshakeAllThreads
Event: 121.659 Executing VM operation: HandshakeAllThreads done
Event: 122.670 Executing VM operation: Cleanup
Event: 122.670 Executing VM operation: Cleanup done
Event: 123.024 Executing VM operation: G1CollectForAllocation
Event: 123.046 Executing VM operation: G1CollectForAllocation done
Event: 123.148 Executing VM operation: G1PauseRemark
Event: 123.157 Executing VM operation: G1PauseRemark done
Event: 123.179 Executing VM operation: G1PauseCleanup
Event: 123.180 Executing VM operation: G1PauseCleanup done
Event: 124.181 Executing VM operation: Cleanup
Event: 124.182 Executing VM operation: Cleanup done
Event: 124.265 Executing VM operation: HandshakeAllThreads
Event: 124.265 Executing VM operation: HandshakeAllThreads done
Event: 125.269 Executing VM operation: Cleanup
Event: 125.285 Executing VM operation: Cleanup done
Event: 126.297 Executing VM operation: Cleanup
Event: 126.748 Executing VM operation: Cleanup done
Event: 127.756 Executing VM operation: Cleanup
Event: 127.756 Executing VM operation: Cleanup done

Memory protections (0 events):
No events

Nmethod flushes (20 events):
Event: 92.483 Thread 0x000001a59f7d07c0 flushing  nmethod 0x000001a589612b10
Event: 92.483 Thread 0x000001a59f7d07c0 flushing  nmethod 0x000001a589625190
Event: 92.483 Thread 0x000001a59f7d07c0 flushing  nmethod 0x000001a58962e990
Event: 92.483 Thread 0x000001a59f7d07c0 flushing  nmethod 0x000001a589631410
Event: 92.483 Thread 0x000001a59f7d07c0 flushing  nmethod 0x000001a589631c10
Event: 92.483 Thread 0x000001a59f7d07c0 flushing  nmethod 0x000001a589632690
Event: 92.483 Thread 0x000001a59f7d07c0 flushing  nmethod 0x000001a589633b90
Event: 92.483 Thread 0x000001a59f7d07c0 flushing  nmethod 0x000001a58963a090
Event: 92.483 Thread 0x000001a59f7d07c0 flushing  nmethod 0x000001a58963bb10
Event: 92.483 Thread 0x000001a59f7d07c0 flushing  nmethod 0x000001a58963e410
Event: 92.483 Thread 0x000001a59f7d07c0 flushing  nmethod 0x000001a589652210
Event: 92.483 Thread 0x000001a59f7d07c0 flushing  nmethod 0x000001a589684610
Event: 92.484 Thread 0x000001a59f7d07c0 flushing  nmethod 0x000001a5896f5690
Event: 92.484 Thread 0x000001a59f7d07c0 flushing  nmethod 0x000001a589725d90
Event: 92.484 Thread 0x000001a59f7d07c0 flushing  nmethod 0x000001a589754290
Event: 92.484 Thread 0x000001a59f7d07c0 flushing  nmethod 0x000001a589776310
Event: 92.484 Thread 0x000001a59f7d07c0 flushing  nmethod 0x000001a58977e110
Event: 92.484 Thread 0x000001a59f7d07c0 flushing  nmethod 0x000001a5897b7490
Event: 92.484 Thread 0x000001a59f7d07c0 flushing  nmethod 0x000001a5897e6e90
Event: 92.484 Thread 0x000001a59f7d07c0 flushing  nmethod 0x000001a5897e7210

Events (20 events):
Event: 63.938 Thread 0x000001a5c11529c0 Thread added: 0x000001a5c1150140
Event: 63.938 Thread 0x000001a5c11529c0 Thread added: 0x000001a5c1151070
Event: 86.929 Thread 0x000001a5c0aab130 Thread exited: 0x000001a5c0aab130
Event: 89.268 Thread 0x000001a5c0aaa710 Thread added: 0x000001a5c1150650
Event: 89.281 Thread 0x000001a5c0aaa710 Thread added: 0x000001a5c1150b60
Event: 92.473 Thread 0x000001a5c0aaa710 Thread added: 0x000001a5c1151580
Event: 92.474 Thread 0x000001a5c0aaa710 Thread added: 0x000001a5c1151fa0
Event: 107.166 Thread 0x000001a5c0aaa710 Thread added: 0x000001a5c1151a90
Event: 108.789 Thread 0x000001a5c0aad4a0 Thread added: 0x000001a5c114f210
Event: 112.580 Thread 0x000001a5c0aaa710 Thread added: 0x000001a5c114f720
Event: 112.581 Thread 0x000001a5c0aaa710 Thread added: 0x000001a5c11524b0
Event: 112.581 Thread 0x000001a5c0aaa710 Thread added: 0x000001a5c114fc30
Event: 112.581 Thread 0x000001a5c0aaa710 Thread added: 0x000001a5c0aab130
Event: 112.582 Thread 0x000001a5c0aaa710 Thread added: 0x000001a5c1211350
Event: 112.582 Thread 0x000001a5c0aaa710 Thread added: 0x000001a5c1213bd0
Event: 112.582 Thread 0x000001a5c0aaa710 Thread added: 0x000001a5c1211d70
Event: 117.286 Thread 0x000001a59f63d230 Thread added: 0x000001a5c0b39070
Event: 117.720 Thread 0x000001a5c0b39070 Thread exited: 0x000001a5c0b39070
Event: 119.180 Thread 0x000001a5c0aaa710 Thread added: 0x000001a5c12131b0
Event: 127.404 Thread 0x000001a5c0aaa710 Thread added: 0x000001a5c12136c0


Dynamic libraries:
0x00007ff6285e0000 - 0x00007ff6285ee000 	C:\Users\Siddhartha\.gradle\jdks\eclipse_adoptium-17-amd64-windows.2\bin\java.exe
0x00007ffef6d00000 - 0x00007ffef6f66000 	C:\WINDOWS\SYSTEM32\ntdll.dll
0x00007ffef5220000 - 0x00007ffef52e9000 	C:\WINDOWS\System32\KERNEL32.DLL
0x00007ffef42d0000 - 0x00007ffef46cf000 	C:\WINDOWS\System32\KERNELBASE.dll
0x00007ffef48d0000 - 0x00007ffef4a1c000 	C:\WINDOWS\System32\ucrtbase.dll
0x00007ffee9ab0000 - 0x00007ffee9ac8000 	C:\Users\Siddhartha\.gradle\jdks\eclipse_adoptium-17-amd64-windows.2\bin\jli.dll
0x00007ffef4b30000 - 0x00007ffef4cf6000 	C:\WINDOWS\System32\USER32.dll
0x00007ffef3fc0000 - 0x00007ffef3fe7000 	C:\WINDOWS\System32\win32u.dll
0x00007ffef60e0000 - 0x00007ffef610b000 	C:\WINDOWS\System32\GDI32.dll
0x00007ffef47a0000 - 0x00007ffef48c9000 	C:\WINDOWS\System32\gdi32full.dll
0x00007ffef3f10000 - 0x00007ffef3fb3000 	C:\WINDOWS\System32\msvcp_win.dll
0x00007ffee9a90000 - 0x00007ffee9aae000 	C:\Users\Siddhartha\.gradle\jdks\eclipse_adoptium-17-amd64-windows.2\bin\VCRUNTIME140.dll
0x00007ffed5b50000 - 0x00007ffed5de1000 	C:\WINDOWS\WinSxS\amd64_microsoft.windows.common-controls_6595b64144ccf1df_6.0.26100.8972_none_3e0da176e32f9d4b\COMCTL32.dll
0x00007ffef6030000 - 0x00007ffef60d9000 	C:\WINDOWS\System32\msvcrt.dll
0x00007ffef5d70000 - 0x00007ffef5da2000 	C:\WINDOWS\System32\IMM32.DLL
0x00007ffed77e0000 - 0x00007ffed77ec000 	C:\Users\Siddhartha\.gradle\jdks\eclipse_adoptium-17-amd64-windows.2\bin\vcruntime140_1.dll
0x00007ffec9480000 - 0x00007ffec950d000 	C:\Users\Siddhartha\.gradle\jdks\eclipse_adoptium-17-amd64-windows.2\bin\msvcp140.dll
0x00007ffe2f720000 - 0x00007ffe3038c000 	C:\Users\Siddhartha\.gradle\jdks\eclipse_adoptium-17-amd64-windows.2\bin\server\jvm.dll
0x00007ffef5430000 - 0x00007ffef54ec000 	C:\WINDOWS\System32\ADVAPI32.dll
0x00007ffef5cc0000 - 0x00007ffef5d6a000 	C:\WINDOWS\System32\sechost.dll
0x00007ffef52f0000 - 0x00007ffef5408000 	C:\WINDOWS\System32\RPCRT4.dll
0x00007ffef5fa0000 - 0x00007ffef6022000 	C:\WINDOWS\System32\WS2_32.dll
0x00007ffef3d70000 - 0x00007ffef3dce000 	C:\WINDOWS\SYSTEM32\POWRPROF.dll
0x00007ffee9160000 - 0x00007ffee9196000 	C:\WINDOWS\SYSTEM32\WINMM.dll
0x00007ffee5e80000 - 0x00007ffee5e8b000 	C:\WINDOWS\SYSTEM32\VERSION.dll
0x00007ffef3d50000 - 0x00007ffef3d65000 	C:\WINDOWS\SYSTEM32\UMPDC.dll
0x00007ffef2c00000 - 0x00007ffef2c1b000 	C:\WINDOWS\SYSTEM32\kernel.appcore.dll
0x00007ffed77d0000 - 0x00007ffed77da000 	C:\Users\Siddhartha\.gradle\jdks\eclipse_adoptium-17-amd64-windows.2\bin\jimage.dll
0x00007ffef13d0000 - 0x00007ffef1612000 	C:\WINDOWS\SYSTEM32\DBGHELP.DLL
0x00007ffef6710000 - 0x00007ffef6a95000 	C:\WINDOWS\System32\combase.dll
0x00007ffef6150000 - 0x00007ffef6229000 	C:\WINDOWS\System32\OLEAUT32.dll
0x00007ffee9120000 - 0x00007ffee915b000 	C:\WINDOWS\SYSTEM32\dbgcore.DLL
0x00007ffef4210000 - 0x00007ffef42bc000 	C:\WINDOWS\System32\bcryptPrimitives.dll
0x00007ffed6960000 - 0x00007ffed696e000 	C:\Users\Siddhartha\.gradle\jdks\eclipse_adoptium-17-amd64-windows.2\bin\instrument.dll
0x00007ffecb330000 - 0x00007ffecb355000 	C:\Users\Siddhartha\.gradle\jdks\eclipse_adoptium-17-amd64-windows.2\bin\java.dll
0x00007ffeac240000 - 0x00007ffeac317000 	C:\Users\Siddhartha\.gradle\jdks\eclipse_adoptium-17-amd64-windows.2\bin\jsvml.dll
0x00007ffef5530000 - 0x00007ffef5cb8000 	C:\WINDOWS\System32\SHELL32.dll
0x00007ffef1990000 - 0x00007ffef222b000 	C:\WINDOWS\SYSTEM32\windows.storage.dll
0x00007ffef4a30000 - 0x00007ffef4b29000 	C:\WINDOWS\System32\SHCORE.dll
0x00007ffef6230000 - 0x00007ffef6296000 	C:\WINDOWS\System32\shlwapi.dll
0x00007ffef3e30000 - 0x00007ffef3e59000 	C:\WINDOWS\SYSTEM32\profapi.dll
0x00007ffed49f0000 - 0x00007ffed4a08000 	C:\Users\Siddhartha\.gradle\jdks\eclipse_adoptium-17-amd64-windows.2\bin\zip.dll
0x00007ffed3040000 - 0x00007ffed305a000 	C:\Users\Siddhartha\.gradle\jdks\eclipse_adoptium-17-amd64-windows.2\bin\net.dll
0x00007ffeea0f0000 - 0x00007ffeea218000 	C:\WINDOWS\SYSTEM32\WINHTTP.dll
0x00007ffef31b0000 - 0x00007ffef321c000 	C:\WINDOWS\system32\mswsock.dll
0x00007ffecb310000 - 0x00007ffecb326000 	C:\Users\Siddhartha\.gradle\jdks\eclipse_adoptium-17-amd64-windows.2\bin\nio.dll
0x00007ffed6950000 - 0x00007ffed6960000 	C:\Users\Siddhartha\.gradle\jdks\eclipse_adoptium-17-amd64-windows.2\bin\verify.dll
0x00007ffeebe90000 - 0x00007ffeebeb7000 	C:\Users\Siddhartha\.gradle\native\c067742578af261105cb4f569cf0c3c89f3d7b1fecec35dd04571415982c5e48\windows-amd64\native-platform.dll
0x00007ffe81a00000 - 0x00007ffe81b44000 	C:\Users\Siddhartha\.gradle\native\38dada09dfb8b06ba9b0570ebf7e218e3eb74d4ef43ca46872605cf95ebc2f47\windows-amd64\native-platform-file-events.dll
0x00007ffed6e50000 - 0x00007ffed6e5a000 	C:\Users\Siddhartha\.gradle\jdks\eclipse_adoptium-17-amd64-windows.2\bin\management.dll
0x00007ffed6e00000 - 0x00007ffed6e0c000 	C:\Users\Siddhartha\.gradle\jdks\eclipse_adoptium-17-amd64-windows.2\bin\management_ext.dll
0x00007ffef6110000 - 0x00007ffef6118000 	C:\WINDOWS\System32\PSAPI.DLL
0x00007ffef34a0000 - 0x00007ffef34bb000 	C:\WINDOWS\SYSTEM32\CRYPTSP.dll
0x00007ffef2b60000 - 0x00007ffef2b99000 	C:\WINDOWS\system32\rsaenh.dll
0x00007ffef3260000 - 0x00007ffef3292000 	C:\WINDOWS\SYSTEM32\USERENV.dll
0x00007ffef3e00000 - 0x00007ffef3e2a000 	C:\WINDOWS\SYSTEM32\bcrypt.dll
0x00007ffef34c0000 - 0x00007ffef34cc000 	C:\WINDOWS\SYSTEM32\CRYPTBASE.dll
0x00007ffef2580000 - 0x00007ffef25b3000 	C:\WINDOWS\SYSTEM32\IPHLPAPI.DLL
0x00007ffef6140000 - 0x00007ffef614a000 	C:\WINDOWS\System32\NSI.dll
0x00007ffeea2b0000 - 0x00007ffeea2cd000 	C:\WINDOWS\SYSTEM32\dhcpcsvc6.DLL
0x00007ffeea220000 - 0x00007ffeea245000 	C:\WINDOWS\SYSTEM32\dhcpcsvc.DLL
0x00007ffef2680000 - 0x00007ffef27d8000 	C:\WINDOWS\SYSTEM32\DNSAPI.dll
0x00007ffef2fb0000 - 0x00007ffef2fbd000 	C:\WINDOWS\SYSTEM32\DSPARSE.dll
0x00007ffecb300000 - 0x00007ffecb309000 	C:\Users\Siddhartha\.gradle\jdks\eclipse_adoptium-17-amd64-windows.2\bin\extnet.dll
0x00007ffe871e0000 - 0x00007ffe871ee000 	C:\Users\Siddhartha\.gradle\jdks\eclipse_adoptium-17-amd64-windows.2\bin\sunmscapi.dll
0x00007ffef4080000 - 0x00007ffef41fe000 	C:\WINDOWS\System32\CRYPT32.dll
0x00007ffef36e0000 - 0x00007ffef3710000 	C:\WINDOWS\SYSTEM32\ncrypt.dll
0x00007ffef3690000 - 0x00007ffef36cf000 	C:\WINDOWS\SYSTEM32\NTASN1.dll
0x00007ffe862e0000 - 0x00007ffe862e8000 	C:\WINDOWS\system32\wshunix.dll

dbghelp: loaded successfully - version: 4.0.5 - missing functions: none
symbol engine: initialized successfully - sym options: 0x614 - pdb path: .;C:\Users\Siddhartha\.gradle\jdks\eclipse_adoptium-17-amd64-windows.2\bin;C:\WINDOWS\SYSTEM32;C:\WINDOWS\WinSxS\amd64_microsoft.windows.common-controls_6595b64144ccf1df_6.0.26100.8972_none_3e0da176e32f9d4b;C:\Users\Siddhartha\.gradle\jdks\eclipse_adoptium-17-amd64-windows.2\bin\server;C:\Users\Siddhartha\.gradle\native\c067742578af261105cb4f569cf0c3c89f3d7b1fecec35dd04571415982c5e48\windows-amd64;C:\Users\Siddhartha\.gradle\native\38dada09dfb8b06ba9b0570ebf7e218e3eb74d4ef43ca46872605cf95ebc2f47\windows-amd64

VM Arguments:
jvm_args: -XX:MaxMetaspaceSize=512m --add-opens=java.base/java.util=ALL-UNNAMED --add-opens=java.base/java.lang=ALL-UNNAMED --add-opens=java.base/java.lang.invoke=ALL-UNNAMED --add-opens=java.prefs/java.util.prefs=ALL-UNNAMED --add-opens=java.base/java.nio.charset=ALL-UNNAMED --add-opens=java.base/java.net=ALL-UNNAMED --add-opens=java.base/java.util.concurrent.atomic=ALL-UNNAMED -Xmx2048m -Dfile.encoding=utf8 -Duser.country=IN -Duser.language=en -Duser.variant -javaagent:C:\Users\Siddhartha\.gradle\wrapper\dists\gradle-8.6-all\3mbtmo166bl6vumsh5k2lkq5h\gradle-8.6\lib\agents\gradle-instrumentation-agent-8.6.jar 
java_command: org.gradle.launcher.daemon.bootstrap.GradleDaemon 8.6
java_class_path (initial): C:\Users\Siddhartha\.gradle\wrapper\dists\gradle-8.6-all\3mbtmo166bl6vumsh5k2lkq5h\gradle-8.6\lib\gradle-launcher-8.6.jar
Launcher Type: SUN_STANDARD

[Global flags]
     intx CICompilerCount                          = 4                                         {product} {ergonomic}
   size_t CompressedClassSpaceSize                 = 436207616                                 {product} {ergonomic}
     uint ConcGCThreads                            = 2                                         {product} {ergonomic}
     uint G1ConcRefinementThreads                  = 8                                         {product} {ergonomic}
   size_t G1HeapRegionSize                         = 1048576                                   {product} {ergonomic}
    uintx GCDrainStackTargetSize                   = 64                                        {product} {ergonomic}
   size_t InitialHeapSize                          = 130023424                                 {product} {ergonomic}
   size_t MarkStackSize                            = 4194304                                   {product} {ergonomic}
   size_t MaxHeapSize                              = 2147483648                                {product} {command line}
   size_t MaxMetaspaceSize                         = 536870912                                 {product} {command line}
   size_t MaxNewSize                               = 1287651328                                {product} {ergonomic}
   size_t MinHeapDeltaBytes                        = 1048576                                   {product} {ergonomic}
   size_t MinHeapSize                              = 8388608                                   {product} {ergonomic}
    uintx NonNMethodCodeHeapSize                   = 5839372                                {pd product} {ergonomic}
    uintx NonProfiledCodeHeapSize                  = 122909434                              {pd product} {ergonomic}
    uintx ProfiledCodeHeapSize                     = 122909434                              {pd product} {ergonomic}
    uintx ReservedCodeCacheSize                    = 251658240                              {pd product} {ergonomic}
     bool SegmentedCodeCache                       = true                                      {product} {ergonomic}
   size_t SoftMaxHeapSize                          = 2147483648                             {manageable} {ergonomic}
     bool UseCompressedClassPointers               = true                           {product lp64_product} {ergonomic}
     bool UseCompressedOops                        = true                           {product lp64_product} {ergonomic}
     bool UseG1GC                                  = true                                      {product} {ergonomic}
     bool UseLargePagesIndividualAllocation        = false                                  {pd product} {ergonomic}

Logging:
Log output configuration:
 #0: stdout all=warning uptime,level,tags
 #1: stderr all=off uptime,level,tags

Environment Variables:
PATH=C:\Program Files\Common Files\Oracle\Java\javapath;C:\Program Files\Python313\Scripts\;C:\Program Files\Python313\;C:\Windows\system32;C:\Windows;C:\Windows\System32\Wbem;C:\Windows\System32\WindowsPowerShell\v1.0\;C:\Windows\System32\OpenSSH\;C:\Program Files\NVIDIA Corporation\NVIDIA NvDLISR;C:\WINDOWS\system32;C:\WINDOWS;C:\WINDOWS\System32\Wbem;C:\WINDOWS\System32\WindowsPowerShell\v1.0\;C:\WINDOWS\System32\OpenSSH\;C:\Program Files\dotnet\;C:\MinGW\bin;C:\Program Files\Java\jdk-24\bin;C:\ProgramData\chocolatey\bin;D:\Git\cmd;C:\Users\Siddhartha\.local\bin;D:\dev\nvm;D:\dev\nodejs;C:\Program Files\Microsoft SQL Server\170\Tools\Binn\;C:\Program Files\Microsoft SQL Server\Client SDK\ODBC\170\Tools\Binn\;C:\Program Files (x86)\Microsoft SQL Server\170\Tools\Binn\;C:\Program Files\Microsoft SQL Server\Client SDK\ODBC\180\Tools\Binn\;C:\Program Files\Microsoft SQL Server\170\DTS\Binn\;C:\Program Files\nodejs\;C:\Program Files\k6\;C:\Program Files\Go\bin;C:\Program Files\Common Files\Oracle\Java\javapath;C:\Program Files\Python313\Scripts\;C:\Program Files\Python313\;C:\Windows\system32;C:\Windows;C:\Windows\System32\Wbem;C:\Windows\System32\WindowsPowerShell\v1.0\;C:\Windows\System32\OpenSSH\;C:\Program Files\NVIDIA Corporation\NVIDIA NvDLISR;C:\WINDOWS\system32;C:\WINDOWS;C:\WINDOWS\System32\Wbem;C:\WINDOWS\System32\WindowsPowerShell\v1.0\;C:\WINDOWS\System32\OpenSSH\;C:\Program Files\dotnet\;C:\MinGW\bin;C:\Program Files\Java\jdk-24\bin;C:\ProgramData\chocolatey\bin;D:\Git\cmd;C:\Users\Siddhartha\.local\bin;C:\Program Files\k6\;D:\dev\nvm;D:\dev\nodejs;C:\Program Files\Microsoft SQL Server\170\Tools\Binn\;C:\Program Files\Microsoft SQL Server\Client SDK\ODBC\170\Tools\Binn\;C:\Program Files (x86)\Microsoft SQL Server\170\Tools\Binn\;C:\Program Files\Microsoft SQL Server\Client SDK\ODBC\180\Tools\Binn\;C:\Program Files\Microsoft SQL Server\170\DTS\Binn\;C:\Users\Siddhartha\AppData\Local\Microsoft\WindowsApps;C:\Users\Siddhartha\AppData\Local\Programs\Microsoft VS Code\bin;C:\Program Files\MongoDB\Server\8.2\bin;C:\Users\Siddhartha\AppData\Local\Programs\mongosh\;D:\cursor\resources\app\bin;D:\Antigravity\bin;C:\Program Files (x86)\Nmap;C:\Users\Siddhartha\AppData\Local\Programs\Antigravity IDE\bin;C:\Users\Siddhartha\.dotnet\tools;C:\Users\Siddhartha\AppData\Local\Microsoft\WinGet\Packages\lostindark.DriverStoreExplorer_Microsoft.Winget.Source_8wekyb3d8bbwe;D:\dev\nvm;D:\dev\nodejs;C:\Program Files\nodejs\;D:\Android\Sdk\platform-tools;D:\Android\Sdk\emulator;;C:\Users\Siddhartha\AppData\Local\Programs\DockerDesktop\resources\bin;C:\Users\Siddhartha\go\bin
USERNAME=Siddhartha
OS=Windows_NT
PROCESSOR_IDENTIFIER=Intel64 Family 6 Model 140 Stepping 2, GenuineIntel
TMP=C:\Users\SIDDHA~1\AppData\Local\Temp
TEMP=C:\Users\SIDDHA~1\AppData\Local\Temp



Periodic native trim disabled


---------------  S Y S T E M  ---------------

OS:
 Windows 11 , 64 bit Build 26100 (10.0.26100.9168)
OS uptime: 0 days 0:56 hours
Hyper-V role detected

CPU: total 8 (initial active 8) (4 cores per cpu, 2 threads per core) family 6 model 140 stepping 2 microcode 0x3c, cx8, cmov, fxsr, ht, mmx, 3dnowpref, sse, sse2, sse3, ssse3, sse4.1, sse4.2, popcnt, lzcnt, tsc, tscinvbit, avx, avx2, aes, erms, clmul, bmi1, bmi2, adx, avx512f, avx512dq, avx512cd, avx512bw, avx512vl, sha, fma, vzeroupper, avx512_vpopcntdq, avx512_vpclmulqdq, avx512_vaes, avx512_vnni, clflush, clflushopt, clwb, avx512_vbmi2, avx512_vbmi, hv
Processor Information for all 8 processors :
  Max Mhz: 2496, Current Mhz: 2496, Mhz Limit: 2496

Memory: 4k page, system-wide physical 7930M (366M free)
TotalPageFile size 32506M (AvailPageFile size 1M)
current process WorkingSet (physical memory assigned to process): 198M, peak: 203M
current process commit charge ("private bytes"): 297M, peak: 298M

vm_info: OpenJDK 64-Bit Server VM (17.0.19+10) for windows-amd64 JRE (17.0.19+10), built on Apr 25 2026 08:04:44 by "admin" with MS VC++ 17.12 (VS2022)

END.
